******************************************************************************
              TMS320C55x Linker PC v4.4.1                      
******************************************************************************
>> Linked Mon Sep 17 05:59:45 2018

OUTPUT FILE NAME:   <test.out>
ENTRY POINT SYMBOL: "_c_int00"  address: 000449ff


MEMORY CONFIGURATION

         name            origin    length      used     unused   attr    fill
                        (bytes)   (bytes)    (bytes)   (bytes)
----------------------  --------  ---------  --------  --------  ----  --------
PAGE 0:
  MMR                   00000000   000000c0  00000000  000000c0  RWIX
  DARAM0                000000c0   0000ff40  0000c6c4  0000387c  RWIX
  SARAM0                00010000   00010000  00005000  0000b000  RWIX
  SARAM1                00020000   00020000  0001fff4  0000000c  RWIX
  SARAM2                00040000   0000cdda  00004b46  00008294  RWIX
  VECS                  0004ce00   00000200  00000200  00000000  RWIX
  PDROM                 00ff8000   00008000  00000000  00008000  R IX

PAGE 2:
  IOPORT                00000000   00020000  00000000  00020000  RWI 


SECTION ALLOCATION MAP
(Addresses surrounded by []'s are displayed for convenience only!)

output                                                          attributes/
section   page  orgn(bytes) orgn(words) len(bytes) len(words)   input sections
--------  ----  ----------- ----------- ---------- ----------   --------------
.pinit       0   [ 00040000 ]  00020000          *   00000000   UNINITIALIZED

.stack       0   [ 000000c0 ]  00000060          *   00001000   UNINITIALIZED
                 [ 000000c0 ]  00000060          *   00001000   --HOLE--

.data        0   [ 000000c0 ]  00000060          *   00000000   UNINITIALIZED

.sysstack 
*            0   [ 000020c0 ]  00001060          *   00000800   UNINITIALIZED
                 [ 000020c0 ]  00001060          *   00000800   --HOLE--

.bss.1       0   [ 000030c0 ]  00001860          *   00004185   UNINITIALIZED
                 [ 000030c0 ]  00001860          *   00003004   heap_1.obj (.bss)
                 [ 000090c8 ]  00004864          *   0000050d   csl_mmcsd_ataIf.obj (.bss)
                 [ 00009ae2 ]  00004d71          *   00000400   mem_test.obj (.bss)
                 [ 0000a2e2 ]  00005171          *   00000200   spiflash_test.obj (.bss)
                 [ 0000a6e2 ]  00005371          *   00000001   integer.obj (.bss)
                 [ 0000a6e4 ]  00005372          *   000001be   csl_usb.obj (.bss)
                 [ 0000aa60 ]  00005530          *   00000124   dma.obj (.bss)
                 [ 0000aca8 ]  00005654          *   00000119   rts55x.lib : defs.obj (.bss)
                 [ 0000aeda ]  0000576d          *   00000001              : fopen.obj (.bss)
                 [ 0000aedc ]  0000576e          *   00000112   ezdsp5535_spiflash.obj (.bss)
                 [ 0000b100 ]  00005880          *   000000d0   rts55x.lib : trgdrv.obj (.bss)
                 [ 0000b2a0 ]  00005950          *   00000095   ezdsp5535_sdcard.obj (.bss)

.bss.2       0   [ 0000b3cc ]  000059e6          *   00000101   UNINITIALIZED
                 [ 0000b3cc ]  000059e6          *   00000084   csl_intc.obj (.bss)
                 [ 0000b4d4 ]  00005a6a          *   0000007d   tasks_sysStk.obj (.bss)

.bss.3       0   [ 0000b5d0 ]  00005ae8          *   00000125   UNINITIALIZED
                 [ 0000b5d0 ]  00005ae8          *   00000071   rts55x.lib : lowlev.obj (.bss)
                 [ 0000b6b2 ]  00005b59          *   00000061   i2s.obj (.bss)
                 [ 0000b774 ]  00005bba          *   0000002a   csl_i2s.obj (.bss)
                 [ 0000b7c8 ]  00005be4          *   00000029   main.obj (.bss)

.bss.4       0   [ 0000b81c ]  00005c0e          *   000000ad   UNINITIALIZED
                 [ 0000b81c ]  00005c0e          *   00000020   port.obj (.bss)
                 [ 0000b85c ]  00005c2e          *   00000020   queue.obj (.bss)
                 [ 0000b89c ]  00005c4e          *   00000016   ezdsp5535_uart.obj (.bss)
                 [ 0000b8c8 ]  00005c64          *   00000014   rtc.obj (.bss)
                 [ 0000b8f0 ]  00005c78          *   00000012   csl_i2c.obj (.bss)
                 [ 0000b914 ]  00005c8a          *   00000012   dynamic.obj (.bss)
                 [ 0000b938 ]  00005c9c          *   0000000c   QPeek.obj (.bss)
                 [ 0000b950 ]  00005ca8          *   0000000a   blocktim.obj (.bss)
                 [ 0000b964 ]  00005cb2          *   00000009   semtest.obj (.bss)

.bss.5       0   [ 0000b978 ]  00005cbc          *   00000039   UNINITIALIZED
                 [ 0000b978 ]  00005cbc          *   00000008   QueueOverwrite.obj (.bss)
                 [ 0000b988 ]  00005cc4          *   00000008   ezdsp5535_sar.obj (.bss)
                 [ 0000b998 ]  00005ccc          *   00000006   rts55x.lib : memory.obj (.bss)
                 [ 0000b9a4 ]  00005cd2          *   00000004   ParTest.obj (.bss)
                 [ 0000b9ac ]  00005cd6          *   00000004   PollQ.obj (.bss)
                 [ 0000b9b4 ]  00005cda          *   00000004   ezdsp5535_gpio.obj (.bss)
                 [ 0000b9bc ]  00005cde          *   00000004   flash.obj (.bss)
                 [ 0000b9c4 ]  00005ce2          *   00000004   flop.obj (.bss)
                 [ 0000b9cc ]  00005ce6          *   00000004   rts55x.lib : _lock.obj (.bss)
                 [ 0000b9d4 ]  00005cea          *   00000004              : exit.obj (.bss)
                 [ 0000b9dc ]  00005cee          *   00000004   timer.obj (.bss)
                 [ 0000b9e4 ]  00005cf2          *   00000003   csl_spi.obj (.bss)

.bss.6       0   [ 0000b9ec ]  00005cf6          *   00000002   UNINITIALIZED
                 [ 0000b9ec ]  00005cf6          *   00000002   ezdsp5535_i2s.obj (.bss)

.const.1     0   [ 0000b9f0 ]  00005cf8          *   00000447   
                 [ 0000b9f0 ]  00005cf8          *   00000346   ezdsp5535_sdcard.obj (.const:.string)
                 [ 0000c07c ]  0000603e          *   00000101   rts55x.lib : ctype.obj (.const:__ctypes_)

.const.2     0   [ 0000c280 ]  00006140          *   00000081   
                 [ 0000c280 ]  00006140          *   00000081   csl_cdc.obj (.const:.string)

.const.3     0   [ 0000c384 ]  000061c2          *   0000005d   
                 [ 0000c384 ]  000061c2          *   0000005d   spiflash_test.obj (.const:.string)

.const.4     0   [ 0000c440 ]  00006220          *   0000003f   
                 [ 0000c440 ]  00006220          *   0000003f   semtest.obj (.const:.string)

.const.5     0   [ 0000c4c0 ]  00006260          *   00000077   
                 [ 0000c4c0 ]  00006260          *   0000003e   dynamic.obj (.const:.string)
                 [ 0000c53c ]  0000629e          *   00000039   main.obj (.const:.string)

.const.6     0   [ 0000c5b0 ]  000062d8          *   0000002d   
                 [ 0000c5b0 ]  000062d8          *   0000002d   QPeek.obj (.const:.string)

.const.7     0   [ 0000c60c ]  00006306          *   00000045   
                 [ 0000c60c ]  00006306          *   00000024   rts55x.lib : _printfi.obj (.const:.string)
                 [ 0000c654 ]  0000632a          *   00000021   blocktim.obj (.const:.string)

.const.8     0   [ 0000c698 ]  0000634c          *   00000073   
                 [ 0000c698 ]  0000634c          *   00000020   PollQ.obj (.const:.string)
                 [ 0000c6d8 ]  0000636c          *   00000018   flop.obj (.const:.string)
                 [ 0000c708 ]  00006384          *   00000014   flop.obj (.const)
                 [ 0000c730 ]  00006398          *   0000000c   rts55x.lib : _printfi.obj (.const)
                 [ 0000c748 ]  000063a4          *   00000008   integer.obj (.const:.string)
                 [ 0000c758 ]  000063ac          *   00000008   rts55x.lib : divd.obj (.const:_initial_approx$1)
                 [ 0000c768 ]  000063b4          *   00000006   QueueOverwrite.obj (.const:.string)
                 [ 0000c774 ]  000063ba          *   00000005   flash.obj (.const:.string)

.const.9     0   [ 0000c780 ]  000063c0          *   00000009   
                 [ 0000c780 ]  000063c0          *   00000005   tasks_sysStk.obj (.const:.string)
                 [ 0000c78a ]  000063c5          *   00000004   main.obj (.const:_$P$T0$2)

.const.10 
*            0   [ 0000c794 ]  000063ca          *   00000006   
                 [ 0000c794 ]  000063ca          *   00000002   rts55x.lib : fputs.obj (.const:.string)
                 [ 0000c798 ]  000063cc          *   00000002              : fltlid.obj (.const)
                 [ 0000c79c ]  000063ce          *   00000002              : fltuld.obj (.const)

.sysmem      0   [ 00010000 ]  00008000          *   00002800   UNINITIALIZED
                 [ 00010000 ]  00008000          *   00002800   --HOLE--

.text.1      0     00020000  [ 00010000 ] 0000d9aa          *   
                   00020000  [ 00010000 ] 0000444f          *   csl_mmcsd.obj (.text)
                   0002444f  [ 00012227 ] 00000001          *   --HOLE-- [fill = 20]
                   00024450  [ 00012228 ] 00002b4f          *   csl_msc.obj (.text)
                   00026f9f  [ 000137cf ] 00000001          *   --HOLE-- [fill = 20]
                   00026fa0  [ 000137d0 ] 00002a24          *   csl_sdio.obj (.text)
                   000299c4  [ 00014ce2 ] 000021d5          *   csl_usb.obj (.text)
                   0002bb99  [ 00015dcc+] 00000002          *   rts55x.lib : vectors.obj (.text)
                   0002bb9b  [ 00015dcd ] 00000001          *   --HOLE-- [fill = 20]
                   0002bb9c  [ 00015dce ] 00001e0d          *   tasks_sysStk.obj (.text)
                   0002d9a9  [ 00016cd4 ] 00000001          *   --HOLE-- [fill = 20]

.text.2      0     0002d9ac  [ 00016cd6 ] 00006374          *   
                   0002d9ac  [ 00016cd6 ] 000018ac          *   csl_dma.obj (.text)
                   0002f258  [ 0001792c ] 000015a4          *   rts55x.lib : _printfi.obj (.text)
                   000307fc  [ 000183fe ] 00001230          *   queue.obj (.text)
                   00031a2c  [ 00018d16 ] 000011eb          *   csl_nand.obj (.text)
                   00032c17  [ 0001960b ] 00000001          *   --HOLE-- [fill = 20]
                   00032c18  [ 0001960c ] 00001106          *   csl_uart.obj (.text)
                   00033d1e  [ 00019e8f ] 00000002          *   --HOLE-- [fill = 20]

.text.3      0     00033d20  [ 00019e90 ] 00000dc2          *   
                   00033d20  [ 00019e90 ] 00000dc1          *   csl_dat.obj (.text)
                   00034ae1  [ 0001a570 ] 00000001          *   --HOLE-- [fill = 20]

.text.4      0     00034ae4  [ 0001a572 ] 000019da          *   
                   00034ae4  [ 0001a572 ] 00000d74          *   csl_audioClass.obj (.text)
                   00035858  [ 0001ac2c ] 00000c65          *   csl_cdc.obj (.text)
                   000364bd  [ 0001b25e ] 00000001          *   --HOLE-- [fill = 20]

.text.5      0     000364c0  [ 0001b260 ] 0000178c          *   
                   000364c0  [ 0001b260 ] 00000c4c          *   csl_i2c.obj (.text)
                   0003710c  [ 0001b886 ] 00000b3e          *   csl_mmcsd_ataIf.obj (.text)
                   00037c4a  [ 0001be25 ] 00000002          *   --HOLE-- [fill = 20]

.text.6      0     00037c4c  [ 0001be26 ] 00002e1a          *   
                   00037c4c  [ 0001be26 ] 00000b2b          *   csl_sar.obj (.text)
                   00038777  [ 0001c3bb ] 00000001          *   --HOLE-- [fill = 20]
                   00038778  [ 0001c3bc ] 000009e3          *   csl_i2s.obj (.text)
                   0003915b  [ 0001c8ad ] 00000001          *   --HOLE-- [fill = 20]
                   0003915c  [ 0001c8ae ] 000008b4          *   csl_rtc.obj (.text)
                   00039a10  [ 0001cd08 ] 00000838          *   csl_lcdc.obj (.text)
                   0003a248  [ 0001d124 ] 0000081d          *   oled_test.obj (.text)
                   0003aa65  [ 0001d532 ] 00000001          *   --HOLE-- [fill = 20]

.text.7      0     0003aa68  [ 0001d534 ] 00000774          *   
                   0003aa68  [ 0001d534 ] 00000772          *   main.obj (.text)
                   0003b1da  [ 0001d8ed ] 00000002          *   --HOLE-- [fill = 20]

.text.8      0     0003b1dc  [ 0001d8ee ] 00001cc0          *   
                   0003b1dc  [ 0001d8ee ] 00000697          *   csl_gpio.obj (.text)
                   0003b873  [ 0001dc39 ] 00000001          *   --HOLE-- [fill = 20]
                   0003b874  [ 0001dc3a ] 000005bb          *   csl_spi.obj (.text)
                   0003be2f  [ 0001df17 ] 00000001          *   --HOLE-- [fill = 20]
                   0003be30  [ 0001df18 ] 000005b3          *   blocktim.obj (.text)
                   0003c3e3  [ 0001e1f1 ] 00000001          *   --HOLE-- [fill = 20]
                   0003c3e4  [ 0001e1f2 ] 00000573          *   event_groups.obj (.text)
                   0003c957  [ 0001e4ab+] 00000543          *   rts55x.lib : lowlev.obj (.text)
                   0003ce9a  [ 0001e74d ] 00000002          *   --HOLE-- [fill = 20]

.text.9      0     0003ce9c  [ 0001e74e ] 000013ec          *   
                   0003ce9c  [ 0001e74e ] 00000538          *   csl_intc.obj (.text)
                   0003d3d4  [ 0001e9ea ] 00000528          *   rts55x.lib : trgdrv.obj (.text)
                   0003d8fc  [ 0001ec7e ] 000004d5          *   ezdsp5535_sdcard.obj (.text)
                   0003ddd1  [ 0001eee8+] 000004b5          *   rts55x.lib : memory.obj (.text)
                   0003e286  [ 0001f143 ] 00000002          *   --HOLE-- [fill = 20]

.text.10     0     0003e288  [ 0001f144 ] 00000430          *   
                   0003e288  [ 0001f144 ] 0000042e          *   QPeek.obj (.text)
                   0003e6b6  [ 0001f35b ] 00000002          *   --HOLE-- [fill = 20]

.text.11     0     0003e6b8  [ 0001f35c ] 000007a0          *   
                   0003e6b8  [ 0001f35c ] 000003d2          *   flop.obj (.text)
                   0003ea8a  [ 0001f545 ] 000003cc          *   rts55x.lib : divd.obj (.text)
                   0003ee56  [ 0001f72b ] 00000002          *   --HOLE-- [fill = 20]

.text.12     0     0003ee58  [ 0001f72c ] 000003c4          *   
                   0003ee58  [ 0001f72c ] 000003c2          *   ezdsp5535_spiflash.obj (.text)
                   0003f21a  [ 0001f90d ] 00000002          *   --HOLE-- [fill = 20]

.text.13     0     0003f21c  [ 0001f90e ] 00000a72          *   
                   0003f21c  [ 0001f90e ] 000003a7          *   portASM.obj (.text)
                   0003f5c3  [ 0001fae1 ] 00000001          *   --HOLE-- [fill = 20]
                   0003f5c4  [ 0001fae2 ] 00000383          *   dynamic.obj (.text)
                   0003f947  [ 0001fca3 ] 00000001          *   --HOLE-- [fill = 20]
                   0003f948  [ 0001fca4 ] 00000345          *   csl_mem.obj (.text)
                   0003fc8d  [ 0001fe46 ] 00000001          *   --HOLE-- [fill = 20]

.text.14     0     0003fc90  [ 0001fe48 ] 0000036e          *   
                   0003fc90  [ 0001fe48 ] 000002f7          *   csl_gpt.obj (.text)
                   0003ff87  [ 0001ffc3+] 00000076          *   rts55x.lib : frcmpyd.obj (.text)
                   0003fffd  [ 0001fffe ] 00000001          *   --HOLE-- [fill = 20]

.cinit       0   [ 00040000 ]  00020000          *   00000316   
                 [ 00040000 ]  00020000          *   000000dc   dma.obj (.cinit)
                 [ 000401b8 ]  000200dc          *   00000071   port.obj (.cinit)
                 [ 0004029a ]  0002014d          *   00000044   main.obj (.cinit)
                 [ 00040322 ]  00020191          *   0000003d   tasks_sysStk.obj (.cinit)
                 [ 0004039c ]  000201ce          *   0000002d   rts55x.lib : lowlev.obj (.cinit)
                 [ 000403f6 ]  000201fb          *   0000002a              : defs.obj (.cinit)
                 [ 0004044a ]  00020225          *   0000001f   dynamic.obj (.cinit)
                 [ 00040488 ]  00020244          *   00000015   csl_mmcsd_ataIf.obj (.cinit)
                 [ 000404b2 ]  00020259          *   00000014   blocktim.obj (.cinit)
                 [ 000404da ]  0002026d          *   00000013   QueueOverwrite.obj (.cinit)
                 [ 00040500 ]  00020280          *   00000010   timer.obj (.cinit)
                 [ 00040520 ]  00020290          *   0000000e   QPeek.obj (.cinit)
                 [ 0004053c ]  0002029e          *   0000000d   ParTest.obj (.cinit)
                 [ 00040556 ]  000202ab          *   0000000c   ezdsp5535_sar.obj (.cinit)
                 [ 0004056e ]  000202b7          *   0000000c   semtest.obj (.cinit)
                 [ 00040586 ]  000202c3          *   0000000a   rts55x.lib : _lock.obj (.cinit)
                 [ 0004059a ]  000202cd          *   0000000a              : exit.obj (.cinit)
                 [ 000405ae ]  000202d7          *   00000009   flash.obj (.cinit)
                 [ 000405c0 ]  000202e0          *   00000009   heap_1.obj (.cinit)
                 [ 000405d2 ]  000202e9          *   00000008   PollQ.obj (.cinit)
                 [ 000405e2 ]  000202f1          *   00000008   csl_i2s.obj (.cinit)
                 [ 000405f2 ]  000202f9          *   00000008   rtc.obj (.cinit)
                 [ 00040602 ]  00020301          *   00000004   flop.obj (.cinit)
                 [ 0004060a ]  00020305          *   00000004   i2s.obj (.cinit)
                 [ 00040612 ]  00020309          *   00000004   integer.obj (.cinit)
                 [ 0004061a ]  0002030d          *   00000004   rts55x.lib : fopen.obj (.cinit)
                 [ 00040622 ]  00020311          *   00000004              : memory.obj (.cinit)
                 [ 0004062a ]  00020315          *   00000001   --HOLE-- [fill = 0]

.cio         0   [ 00040630 ]  00020318          *   00000120   UNINITIALIZED
                 [ 00040630 ]  00020318          *   00000120   rts55x.lib : trgmsg.obj (.cio)

.switch      0   [ 00040870 ]  00020438          *   000000e0   
                 [ 00040870 ]  00020438          *   00000022   csl_sdio.obj (.switch:_SDIO_eventDisable)
                 [ 000408b4 ]  0002045a          *   00000022   csl_sdio.obj (.switch:_SDIO_eventEnable)
                 [ 000408f8 ]  0002047c          *   00000020   csl_dma.obj (.switch:_DMA_config)
                 [ 00040938 ]  0002049c          *   00000020   csl_dma.obj (.switch:_DMA_getConfig)
                 [ 00040978 ]  000204bc          *   00000020   csl_dma.obj (.switch:_DMA_reset)
                 [ 000409b8 ]  000204dc          *   00000018   csl_usb.obj (.switch:_USB_coreEventProcessEp0)
                 [ 000409e8 ]  000204f4          *   00000014   rtc.obj (.switch:_NtoC)
                 [ 00040a10 ]  00020508          *   00000010   csl_msc.obj (.switch:_MSC_Bulk)

.text.15     0     00040a30  [ 00020518 ] 000014c8          *   
                   00040a30  [ 00020518 ] 000002f4          *   semtest.obj (.text)
                   00040d24  [ 00020692 ] 000002ef          *   aic_test_i2c.obj (.text)
                   00041013  [ 00020809 ] 00000001          *   --HOLE-- [fill = 20]
                   00041014  [ 0002080a ] 000002ac          *   csl_pll.obj (.text)
                   000412c0  [ 00020960 ] 00000298          *   i2s_register.obj (.text)
                   00041558  [ 00020aac ] 0000027f          *   rts55x.lib : fopen.obj (.text)
                   000417d7  [ 00020beb ] 00000001          *   --HOLE-- [fill = 20]
                   000417d8  [ 00020bec ] 00000266          *   csl_wdt.obj (.text)
                   00041a3e  [ 00020d1f ] 0000025e          *   rts55x.lib : llmpy.obj (.text)
                   00041c9c  [ 00020e4e ] 0000025a          *              : addd.obj (.text)
                   00041ef6  [ 00020f7b ] 00000002          *   --HOLE-- [fill = 20]

.text.16     0     00041ef8  [ 00020f7c ] 00000238          *   
                   00041ef8  [ 00020f7c ] 00000236          *   QueueOverwrite.obj (.text)
                   0004212e  [ 00021097 ] 00000002          *   --HOLE-- [fill = 20]

.text.17     0     00042130  [ 00021098 ] 00000220          *   
                   00042130  [ 00021098 ] 0000021e          *   dma.obj (.text)
                   0004234e  [ 000211a7 ] 00000002          *   --HOLE-- [fill = 20]

.text.18     0     00042350  [ 000211a8 ] 000003e2          *   
                   00042350  [ 000211a8 ] 000001f7          *   ezdsp5535_led.obj (.text)
                   00042547  [ 000212a3+] 000001ea          *   rts55x.lib : cmpd.obj (.text)
                   00042731  [ 00021398 ] 00000001          *   --HOLE-- [fill = 20]

.text.19     0     00042734  [ 0002139a ] 000001c4          *   
                   00042734  [ 0002139a ] 000001c2          *   PollQ.obj (.text)
                   000428f6  [ 0002147b ] 00000002          *   --HOLE-- [fill = 20]

.text.20     0     000428f8  [ 0002147c ] 0000036c          *   
                   000428f8  [ 0002147c ] 000001bc          *   port.obj (.text)
                   00042ab4  [ 0002155a ] 000001ae          *   list.obj (.text)
                   00042c62  [ 00021631 ] 00000002          *   --HOLE-- [fill = 20]

.text.21     0     00042c64  [ 00021632 ] 00000196          *   
                   00042c64  [ 00021632 ] 00000195          *   ezdsp5535_lcd.obj (.text)
                   00042df9  [ 000216fc ] 00000001          *   --HOLE-- [fill = 20]

.text.22     0     00042dfc  [ 000216fe ] 000007f8          *   
                   00042dfc  [ 000216fe ] 0000018b          *   spiflash_test.obj (.text)
                   00042f87  [ 000217c3 ] 00000001          *   --HOLE-- [fill = 20]
                   00042f88  [ 000217c4 ] 0000017c          *   ezdsp5535_sar.obj (.text)
                   00043104  [ 00021882 ] 00000163          *   rts55x.lib : fputs.obj (.text)
                   00043267  [ 00021933+] 0000014c          *              : mpyd.obj (.text)
                   000433b3  [ 000219d9 ] 00000001          *   --HOLE-- [fill = 20]
                   000433b4  [ 000219da ] 0000012b          *   timer.obj (.text:retain)
                   000434df  [ 00021a6f ] 00000001          *   --HOLE-- [fill = 20]
                   000434e0  [ 00021a70 ] 00000112          *   ezdsp5535_i2s.obj (.text)
                   000435f2  [ 00021af9 ] 00000002          *   --HOLE-- [fill = 20]

.text.23     0     000435f4  [ 00021afa ] 000002e8          *   
                   000435f4  [ 00021afa ] 00000104          *   integer.obj (.text)
                   000436f8  [ 00021b7c ] 000000fc          *   rtc.obj (.text)
                   000437f4  [ 00021bfa ] 000000e6          *   rts55x.lib : setvbuf.obj (.text)
                   000438da  [ 00021c6d ] 00000002          *   --HOLE-- [fill = 20]

.text.24     0     000438dc  [ 00021c6e ] 00000408          *   
                   000438dc  [ 00021c6e ] 000000de          *   flash.obj (.text)
                   000439ba  [ 00021cdd ] 000000dd          *   rts55x.lib : _io_perm.obj (.text)
                   00043a97  [ 00021d4b ] 00000001          *   --HOLE-- [fill = 20]
                   00043a98  [ 00021d4c ] 000000ce          *   heap_1.obj (.text)
                   00043b66  [ 00021db3 ] 000000c2          *   rts55x.lib : fflush.obj (.text)
                   00043c28  [ 00021e14 ] 000000ba          *              : trgmsg.obj (.text:CIO_breakpoint)
                   00043ce2  [ 00021e71 ] 00000002          *   --HOLE-- [fill = 20]

.text.25     0     00043ce4  [ 00021e72 ] 00000156          *   
                   00043ce4  [ 00021e72 ] 000000af          *   mem_test.obj (.text)
                   00043d93  [ 00021ec9+] 000000a6          *   rts55x.lib : fputc.obj (.text)
                   00043e39  [ 00021f1c ] 00000001          *   --HOLE-- [fill = 20]

.text.26     0     00043e3c  [ 00021f1e ] 000001e0          *   
                   00043e3c  [ 00021f1e ] 000000a2          *   ezdsp5535_uart.obj (.text)
                   00043ede  [ 00021f6f ] 000000a1          *   rts55x.lib : divul.obj (.text)
                   00043f7f  [ 00021fbf ] 00000001          *   --HOLE-- [fill = 20]
                   00043f80  [ 00021fc0 ] 0000009a          *   ParTest.obj (.text)
                   0004401a  [ 0002200d ] 00000002          *   --HOLE-- [fill = 20]

.text.27     0     0004401c  [ 0002200e ] 000007a0          *   
                   0004401c  [ 0002200e ] 00000094          *   ezdsp5535_i2c.obj (.text)
                   000440b0  [ 00022058 ] 0000008c          *   csl_irqplug.obj (.text)
                   0004413c  [ 0002209e ] 0000008c          *   i2s.obj (.text)
                   000441c8  [ 000220e4 ] 0000008a          *   ezdsp5535_gpio.obj (.text)
                   00044252  [ 00022129 ] 0000007f          *   vectors.obj (.text)
                   000442d1  [ 00022168+] 0000007d          *   rts55x.lib : ltoa.obj (.text)
                   0004434e  [ 000221a7 ] 0000007b          *              : fclose.obj (.text)
                   000443c9  [ 000221e4+] 00000073          *              : frcmpyd_div.obj (.text)
                   0004443c  [ 0002221e ] 00000072          *              : remul.obj (.text)
                   000444ae  [ 00022257 ] 0000006f          *              : fixdli.obj (.text)
                   0004451d  [ 0002228e+] 0000006d          *              : trgmsg.obj (.text)
                   0004458a  [ 000222c5 ] 0000006b          *              : fseek.obj (.text)
                   000445f5  [ 000222fa+] 00000067          *              : fltlid.obj (.text)
                   0004465c  [ 0002232e ] 0000005c          *              : atoi.obj (.text)
                   000446b8  [ 0002235c ] 0000005b          *              : fltuld.obj (.text)
                   00044713  [ 00022389 ] 00000001          *   --HOLE-- [fill = 20]
                   00044714  [ 0002238a ] 00000056          *   ezdsp5535.obj (.text)
                   0004476a  [ 000223b5 ] 00000050          *   rts55x.lib : printf.obj (.text)
                   000447ba  [ 000223dd ] 00000002          *   --HOLE-- [fill = 20]

.text.28     0     000447bc  [ 000223de ] 00000394          *   
                   000447bc  [ 000223de ] 0000004e          *   rtc.obj (.text:retain)
                   0004480a  [ 00022405 ] 0000004d          *   rts55x.lib : autoinit.obj (.text)
                   00044857  [ 0002242b ] 00000001          *   --HOLE-- [fill = 20]
                   00044858  [ 0002242c ] 0000004c          *   timer.obj (.text)
                   000448a4  [ 00022452 ] 0000004b          *   rts55x.lib : args_main.obj (.text)
                   000448ef  [ 00022477+] 0000004b          *              : remli.obj (.text)
                   0004493a  [ 0002249d ] 00000048          *              : divli.obj (.text)
                   00044982  [ 000224c1 ] 0000003f          *              : memcpy.obj (.text)
                   000449c1  [ 000224e0+] 0000003e          *              : exit.obj (.text)
                   000449ff  [ 000224ff+] 00000034          *              : boot.obj (.text)
                   00044a33  [ 00022519+] 0000002a          *              : fixdi.obj (.text)
                   00044a5d  [ 0002252e+] 0000002a          *              : udiv.obj (.text)
                   00044a87  [ 00022543+] 00000023          *              : memccpy.obj (.text)
                   00044aaa  [ 00022555 ] 0000001a          *              : isinf.obj (.text)
                   00044ac4  [ 00022562 ] 00000014          *              : subd.obj (.text)
                   00044ad8  [ 0002256c ] 00000013          *              : lmpy.obj (.text)
                   00044aeb  [ 00022575+] 00000012          *              : _lock.obj (.text)
                   00044afd  [ 0002257e+] 00000011          *              : memset.obj (.text)
                   00044b0e  [ 00022587 ] 00000011          *              : strlen.obj (.text)
                   00044b1f  [ 0002258f+] 00000010          *              : negd.obj (.text)
                   00044b2f  [ 00022597+] 0000000e          *              : fltud.obj (.text)
                   00044b3d  [ 0002259e+] 0000000a          *              : remove.obj (.text)
                   00044b47  [ 000225a3+] 00000007          *              : exit.obj (.text:CIO_breakpoint)
                   00044b4e  [ 000225a7 ] 00000002          *   --HOLE-- [fill = 20]

vectors      0     0004ce00  [ 00026700 ] 00000200          *   
                   0004ce00  [ 00026700 ] 00000100          *   rts55x.lib : vectors.obj (vectors)
                   0004cf00  [ 00026780 ] 00000100          *   vectors.obj (vectors)


GLOBAL SYMBOLS: SORTED ALPHABETICALLY BY Name 

abs. value/
byte addr   word addr   name
---------   ---------   ----
00000002                $TI_capability$C5500$CallingConvention
00000002                $TI_capability$C5500$MemoryModel
00000001                $TI_capability_requires_rev3
ffffffff                .bss
ffffffff                .data
ffffffff                .text
00044b48                C$$EXIT
00043cdd                C$$IO$$
00044ad8                I$$LMPY
00044a5d                I$$UDIV
00044a72                I$$UMOD
00034da8                _AC_Close
00034de4                _AC_Ctrl
00035078                _AC_GetactivityFlagStatus
00035094                _AC_GetsuspendFlagStatus
00034fdc                _AC_Iso
00034b60                _AC_Open
000350ac                _AC_initDescriptors
00035610                _AC_reqGetCurrent
0003535c                _AC_reqGetDescriptor
00035718                _AC_reqGetMaximum
000356d4                _AC_reqGetMinimum
0003575c                _AC_reqGetResolution
00035534                _AC_reqSetCurrent
000357a0                _AC_reqSetInterface
00040d24                _AIC3254_init
            00004d70    _ATA_No_Swap
0003ae98                _BlinkLED
            00005bb9    _Buf_Address
            00005c6d    _Buf_day
            00005c6a    _Buf_hour
            00005c67    _Buf_min
            00005c70    _Buf_month
            00005c64    _Buf_sec
            00005c73    _Buf_year
00035ae4                _CDC_Close
00035b20                _CDC_GetactivityFlagStatus
00035b38                _CDC_GetsuspendFlagStatus
000358ec                _CDC_Open
00035910                _CDC_OpenFullspeed
00035f4c                _CDC_bulkInHandler
00035e4c                _CDC_bulkOutHandler
00035b50                _CDC_eventHandler
0003623c                _CDC_getData
000362cc                _CDC_putData
0003ae7c                _ConfigPort
            00005c77    _Conunt_RTC
00033df8                _DAT_close
00033f8c                _DAT_copy
00034488                _DAT_fill
00033d20                _DAT_open
00034998                _DAT_wait
            00005c1e    _DBSTAT_RESTORE
            00005c1d    _DBSTAT_SAVE
            00005650    _DMA_Count
            00005653    _DMA_Done
0002dad0                _DMA_close
0002daf0                _DMA_config
0002e6c4                _DMA_getConfig
0002f1ac                _DMA_getLastTransferType
0002d9ac                _DMA_init
0002d9e4                _DMA_open
0002ee48                _DMA_reset
0002ec34                _DMA_start
0002ed44                _DMA_stop
0002f134                _DMA_swapWords
00043ec4                _EVM5515_UART_getChar
00043eac                _EVM5515_UART_putChar
00044234                _EZDSP5535_GPIO_getInput
000441c8                _EZDSP5535_GPIO_init
000441f4                _EZDSP5535_GPIO_setDirection
00044218                _EZDSP5535_GPIO_setOutput
0004401c                _EZDSP5535_I2C_init
00044088                _EZDSP5535_I2C_read
00044054                _EZDSP5535_I2C_reset
00044060                _EZDSP5535_I2C_write
000435e0                _EZDSP5535_I2S_close
000434e0                _EZDSP5535_I2S_init
0004353c                _EZDSP5535_I2S_readLeft
000435a0                _EZDSP5535_I2S_readRight
00043570                _EZDSP5535_I2S_writeLeft
000435c4                _EZDSP5535_I2S_writeRight
00042388                _EZDSP5535_LED_getall
00042350                _EZDSP5535_LED_init
00042484                _EZDSP5535_LED_off
0004244c                _EZDSP5535_LED_on
000423dc                _EZDSP5535_LED_setall
000424b8                _EZDSP5535_LED_toggle
00042cd8                _EZDSP5535_OSD9616_init
00042c8c                _EZDSP5535_OSD9616_multiSend
00042dbc                _EZDSP5535_OSD9616_printLetter
00042c64                _EZDSP5535_OSD9616_send
00043050                _EZDSP5535_SAR_getKey
00042f88                _EZDSP5535_SAR_init
0003dd0c                _EZDSP5535_SDCARD_close
0003d8fc                _EZDSP5535_SDCARD_init
0003dca4                _EZDSP5535_SDCARD_read
0003dcd8                _EZDSP5535_SDCARD_write
0003ef00                _EZDSP5535_SPIFLASH_erase
0003ee58                _EZDSP5535_SPIFLASH_init
0003f004                _EZDSP5535_SPIFLASH_read
0003eebc                _EZDSP5535_SPIFLASH_status
0003f0b4                _EZDSP5535_SPIFLASH_write
00043e3c                _EZDSP5535_UART_open
00042518                _EZDSP5535_XF_get
0004250c                _EZDSP5535_XF_off
00042500                _EZDSP5535_XF_on
00042528                _EZDSP5535_XF_toggle
0004475c                _EZDSP5535_init
00044714                _EZDSP5535_wait
00044748                _EZDSP5535_waitusec
            00005651    _Error_Count_L
            00005652    _Error_Count_R
            00005c76    _Flag_RTC
0003b6d0                _GPIO_clearInt
0003b220                _GPIO_close
0003b244                _GPIO_config
0003b47c                _GPIO_configBit
0003b5c4                _GPIO_disableInt
0003b644                _GPIO_enableInt
0003b2cc                _GPIO_getConfig
0003b1dc                _GPIO_open
0003b354                _GPIO_read
0003b7e4                _GPIO_reset
0003b75c                _GPIO_statusBit
0003b3d8                _GPIO_write
0003fdd0                _GPT_close
0003fee0                _GPT_config
0003fea4                _GPT_getCnt
0003fc90                _GPT_open
0003fd54                _GPT_reset
0003fe48                _GPT_start
0003fe78                _GPT_stop
0003aed0                _GenerateAudioTone
            00005cda    _GpioObj
0003d89e                _HOSTclock
0003d833                _HOSTclose
0003d77e                _HOSTlseek
0003d6df                _HOSTopen
0003d652                _HOSTread
0003d5a4                _HOSTrename
0003d546                _HOSTtime
0003d4dc                _HOSTunlink
0003d44f                _HOSTwrite
0003656c                _I2C_config
00036f40                _I2C_eventDisable
00036e0c                _I2C_eventEnable
000366d4                _I2C_getConfig
000370f0                _I2C_getEventId
000364c0                _I2C_init
00036bec                _I2C_read
00037060                _I2C_setCallback
000367ac                _I2C_setup
000369a8                _I2C_write
            00005b59    _I2S_RCV_L
            00005b89    _I2S_RCV_R
00038ba4                _I2S_close
00038778                _I2S_open
00038c50                _I2S_read
00039064                _I2S_reset
000388bc                _I2S_setup
00039110                _I2S_transEnable
00038f0c                _I2S_write
0003cf24                _IRQ_clear
0003cf90                _IRQ_clearAll
0003cfa0                _IRQ_config
0003d0b0                _IRQ_disable
0003d130                _IRQ_disableAll
0003d140                _IRQ_enable
0003d23c                _IRQ_getArg
0003d028                _IRQ_getConfig
0003d388                _IRQ_globalDisable
0003d3a4                _IRQ_globalEnable
0003d3c0                _IRQ_globalRestore
0003ce9c                _IRQ_init
0003d2b4                _IRQ_map
000440b0                _IRQ_plug
0003d1cc                _IRQ_restore
0003d280                _IRQ_setArg
0003d2e0                _IRQ_setVecs
0003d314                _IRQ_test
0003ae14                _InitSystem
0003a228                _LCD_close
00039ed8                _LCD_configDMA
00039a10                _LCD_init
00039a38                _LCD_open
00039a7c                _LCD_setup
            00005ce0    _LED_Blink_ctr
0003b000                _LED_TaskBlue
0003b018                _LED_TaskRed
0003fb1c                _MEM_disablePartialRetentionMode
0003f990                _MEM_disableRetentionMode
0003f9d4                _MEM_enablePartialRetentionMode
0003f94c                _MEM_enableRetentionMode
0003fc7c                _MEM_getmSDRAMClock
0003f948                _MEM_init
0003fc40                _MEM_setmSDRAMClock
00037bd4                _MMC_busyStatusCheck
0002438c                _MMC_checkReadDmaDone
00020368                _MMC_clearResponse
00020248                _MMC_close
00037bbc                _MMC_commandReadyStatusCheck
00020aa0                _MMC_config
00037bc8                _MMC_dataReadyStatusCheck
00020df0                _MMC_deselectCard
000208b8                _MMC_drrdy
00020900                _MMC_dxrdy
000206e0                _MMC_eventDisable
000204e4                _MMC_eventEnable
00037bf0                _MMC_file_system_format
00037c18                _MMC_flushFat
00021a8c                _MMC_getCardCsd
00024164                _MMC_getCardStatus
00020b3c                _MMC_getConfig
00020330                _MMC_getNumberOfCards
00037be0                _MMC_getSerialID
00020988                _MMC_getStatus
00037c10                _MMC_get_date
00037c14                _MMC_get_mod_date
00037c0c                _MMC_get_mod_time
00037c08                _MMC_get_time
00020488                _MMC_ierDisable
00020444                _MMC_ierEnable
00020000                _MMC_init
0003710c                _MMC_initState
000204bc                _MMC_intEnable
00037530                _MMC_issueReadCommand
00020038                _MMC_open
000225bc                _MMC_read
00037928                _MMC_readNSectors
000377d0                _MMC_readNextNWords
000376ec                _MMC_readNextWord
0003775c                _MMC_readNextWord1
00037250                _MMC_readWriteControl
00037ad8                _MMC_read_CID
00037b44                _MMC_read_CSD
00037bfc                _MMC_reset
00020948                _MMC_saveStatus
00020ec0                _MMC_selectCard
000216c8                _MMC_sendAllCID
00020bdc                _MMC_sendCmd
00020c90                _MMC_sendGoIdle
00021450                _MMC_sendOpCond
00023e2c                _MMC_setBlockLength
000202f0                _MMC_setCallBack
000202bc                _MMC_setCardPtr
00020288                _MMC_setCardType
00023c74                _MMC_setDataTransferCallback
00023cc4                _MMC_setDmaChanConfig
00023c14                _MMC_setDmaHandle
00023da4                _MMC_setEndianMode
000214f4                _MMC_setRca
00023ec4                _MMC_setWriteBlkEraseCnt
000209ec                _MMC_setupNative
00020d18                _MMC_stop
00022fd8                _MMC_write
00037a00                _MMC_writeNSectors
00037840                _MMC_writeSector
00037bb0                _MMC_writeSectorFlush
000253c4                _MSC_Bulk
00024fa0                _MSC_Close
000251cc                _MSC_Ctrl
00025c58                _MSC_ExecuteRead
0002604c                _MSC_ExecuteWrite
000254c0                _MSC_GetLunLockedStatus
000254f0                _MSC_GetactivityFlagStatus
0002550c                _MSC_GetsuspendFlagStatus
00026824                _MSC_HandlePreventAllowMediaRemoval
000269c8                _MSC_HandleReadCapacity
000259b4                _MSC_HandleStateWaitForCBW
00026600                _MSC_HandleTestUnitReady
00024c30                _MSC_Open
00024c54                _MSC_OpenFullspeed
00024fdc                _MSC_SetLunAttr
00026f24                _MSC_handleDataDirMisMatch
00026e50                _MSC_reqBotMscReset
00026c18                _MSC_reqGetDescriptor
00026ebc                _MSC_sendCswWithPhaseError
000321f0                _NAND_checkCommandStatus
000323c4                _NAND_disableHwECC
0003229c                _NAND_enableHwECC
00031fdc                _NAND_getBankInfo
00032ad0                _NAND_getIntrNum
000329b0                _NAND_hasCacheProg
000329e0                _NAND_hasCopyBack
00032950                _NAND_hasRandomRead
00032980                _NAND_hasRandomWrite
00031a2c                _NAND_init
00032bb8                _NAND_intrClear
00032a70                _NAND_intrDisable
00032a10                _NAND_intrEnable
00032af0                _NAND_intrReadAT
00032b30                _NAND_intrReadLT
00032b74                _NAND_intrReadWR
000320dc                _NAND_isStatusWriteProtected
000324ac                _NAND_readECC
00032660                _NAND_readNBytes
000321c4                _NAND_sendCommand
00032258                _NAND_setAddress
000320a0                _NAND_setLatchEnableOffset
00031ac0                _NAND_setup
00032774                _NAND_writeNBytes
            00005c25    _PC_REG_HIGH_RESTORE
            00005c27    _PC_REG_HIGH_SAVE
            00005c26    _PC_REG_LOW_RESTORE
            00005c28    _PC_REG_LOW_SAVE
00041204                _PLL_bypass
00041078                _PLL_config
0004119c                _PLL_enable
00041040                _PLL_init
00041254                _PLL_reset
0004cf00                _RST
000447bc                _RTC_Isr
000398f4                _RTC_bcdToDec
00039224                _RTC_config
000398b4                _RTC_decToBcd
000397ac                _RTC_eventDisable
000396c0                _RTC_eventEnable
00039310                _RTC_getConfig
000394f8                _RTC_getDate
00039860                _RTC_getEventId
0003943c                _RTC_getTime
000391e8                _RTC_reset
00039538                _RTC_setAlarm
00039934                _RTC_setCallback
000399c4                _RTC_setCompensation
00039488                _RTC_setDate
0003960c                _RTC_setPeriodicInterval
000393c0                _RTC_setTime
000391f8                _RTC_start
0003921c                _RTC_stop
            000055f0    _RcvL_Sine
            00005620    _RcvR_Sine
0004ce00                _Reset
000381e0                _SAR_A2DMeasParamSet
0003865c                _SAR_GPODirSet
00037d4c                _SAR_chanClose
00037dd0                _SAR_chanConfig
000380d0                _SAR_chanCycSet
00037ccc                _SAR_chanInit
00037ce8                _SAR_chanOpen
00037ebc                _SAR_chanSetup
00037cac                _SAR_deInit
00037e48                _SAR_getConfig
00038738                _SAR_getStatus
00037c4c                _SAR_init
0003819c                _SAR_readData
00038120                _SAR_startConversion
00038154                _SAR_stopConversion
00027f38                _SDIO_clearResponse
000270ac                _SDIO_close
000270d4                _SDIO_config
00027b4c                _SDIO_deselectCard
000271ac                _SDIO_detectCard
00028310                _SDIO_eventDisable
000280e8                _SDIO_eventEnable
00027a84                _SDIO_getRca
00027da4                _SDIO_getResponse
0002807c                _SDIO_getSdioStatus
00028014                _SDIO_getStatus
00026fa0                _SDIO_init
00027518                _SDIO_initCard
00026fe0                _SDIO_open
00029028                _SDIO_readBlocks
000287a4                _SDIO_readBytes
00028578                _SDIO_readSingleByte
00028540                _SDIO_readWaitDisable
00028508                _SDIO_readWaitEnable
0002799c                _SDIO_resetCard
00027c0c                _SDIO_selectCard
00027cd0                _SDIO_sendCommand
0002993c                _SDIO_setClock
000298bc                _SDIO_setEndianMode
00029468                _SDIO_writeBlocks
00028be8                _SDIO_writeBytes
000286a4                _SDIO_writeSingleByte
00024260                _SD_configurePullup
00021ee0                _SD_getCardCsd
000218a0                _SD_sendAllCID
000215cc                _SD_sendRca
00023ff4                _SD_setBusWidth
0003b90c                _SPI_close
0003b938                _SPI_config
0003bdbc                _SPI_dataTransaction
0003bbc0                _SPI_deInit
0003b874                _SPI_init
0003b8d8                _SPI_open
0003bbec                _SPI_read
0003bcd0                _SPI_write
            00005c20    _STATUS0_HIGH
            00005c1f    _STATUS0_LOW
            00005c22    _STATUS1_HIGH
            00005c21    _STATUS1_LOW
            00005c24    _STATUS2_HIGH
            00005c23    _STATUS2_LOW
0003ae8c                _SYS_GlobalIntDisable
0003ae84                _SYS_GlobalIntEnable
            00005cc8    _SarHandle
            00005cc4    _SarObj
0004489c                _StartTimer0
00044858                _Timer0Init
            00005cf0    _Timer0_Int_CTR
            00005cf1    _Timer2_Int_CTR
000433b4                _Timer_isr
00033208                _UART_config
00033548                _UART_eventDisable
000334b0                _UART_eventEnable
00033888                _UART_fgetc
000339b0                _UART_fgets
00033928                _UART_fputc
00033ae0                _UART_fputs
00033bf8                _UART_getConfig
00033bd0                _UART_getEventId
00032ca4                _UART_init
000335d8                _UART_read
0003341c                _UART_reset
00033464                _UART_resetOff
00033cb8                _UART_setCallback
00032d60                _UART_setup
00033310                _UART_setupBaudRate
00033704                _UART_write
0002b16c                _USB_abortAllTransaction
0002b00c                _USB_abortTransaction
0002aa68                _USB_bytesRemaining
0002ac70                _USB_clearEndptStall
0002b1c0                _USB_connectDev
0002b6e0                _USB_coreEventProcessEp0
0002b1f4                _USB_disconnectDev
0002aedc                _USB_epNumToHandle
0002b55c                _USB_findFifoSize
0002b504                _USB_getDataCountReadFromFifo
0002ae58                _USB_getEndptStall
0002a694                _USB_getEvents
0002b304                _USB_getFrameNo
0002b4b0                _USB_getMaxPower
0002b254                _USB_getRemoteWakeupStat
0002a77c                _USB_getSetupPacket
00029c58                _USB_init
0002a2ac                _USB_initEndptObj
0002b3d0                _USB_initPLL
0002a9e0                _USB_isTransactionDone
0002b26c                _USB_issueRemoteWakeup
0002a70c                _USB_peekEvents
0002a824                _USB_postTransaction
0002a07c                _USB_resetDev
0002b364                _USB_selfwakeup
0002b2bc                _USB_setDevAddr
0002b4d0                _USB_setFullSpeedMode
0002b454                _USB_setParams
0002b224                _USB_setRemoteWakeup
0002aafc                _USB_stallEndpt
0002b320                _USB_suspendDevice
0004cf00                _VECSTART
00041910                _WDTIM_close
00041988                _WDTIM_config
000418e0                _WDTIM_getCnt
000419f4                _WDTIM_getConfig
000417d8                _WDTIM_open
00041954                _WDTIM_service
00041850                _WDTIM_start
00041898                _WDTIM_stop
            00005530    _XmitL_Sine_1K
            00005560    _XmitL_Sine_2K
            00005590    _XmitR_Sine_1K
            000055c0    _XmitR_Sine_2K
            00020318    __CIOBUF_
            00001060    __STACK_END
00002000                __STACK_SIZE
00005000                __SYSMEM_SIZE
00001000                __SYSSTACK_SIZE
00000001                __TI_args_main
ffffffff                ___binit__
ffffffff                ___bss__
ffffffff                ___c_args__
            00020000    ___cinit__
ffffffff                ___data__
ffffffff                ___edata__
ffffffff                ___end__
ffffffff                ___etext__
00044aaa                ___isinf
ffffffff                ___pinit__
ffffffff                ___text__
00041c9c                __addd
000448a4                __args_main
00041679                __cleanup
            00005cea    __cleanup_ptr
000426d9                __cmpd
            0000603e    __ctypes_
0003ea8a                __divd
0004493a                __divli
00041c67                __divlli
00044a5d                __divu
00043ede                __divul
00041b73                __divull
00043b66                __doflush
            00005cec    __dtors_ptr
000426a5                __eqld
00044a33                __fixdi
000444ae                __fixdli
000445f5                __fltlid
00044b2f                __fltud
000446b8                __fltuld
0003ff87                __frcmpyd
000443c9                __frcmpyd_div
            0000576c    __ft_end
            00005654    __ftable
0004265b                __geqd
00042610                __gtrd
000425c3                __leqd
            00005ce6    __lock
0004257b                __lssd
00043267                __mpyd
00044ad8                __mpyli
00041abb                __mpylli
00044b1f                __negd
00042547                __neqd
00044afb                __nop
000305ba                __printfi
00043a3a                __rd_ok
00044af3                __register_lock
00044aeb                __register_unlock
000448ef                __remli
00041a8c                __remlli
00044a72                __remu
0004443c                __remul
00041a3e                __remull
            00000060    __stack
00044ac4                __subd
            00008000    __sys_memory
            00001060    __sysstack
            000056cc    __tmpnams
            00005ce8    __unlock
000439ba                __wrt_ok
00044b47                _abort
0003cdaa                _add_device
0004465c                _atoi
0004480a                _auto_init
000449ff                _c_int00
            00004d68    _cached_phySector0
            00004d6a    _cached_phySector1
            00004d6c    _cached_phySector2
            00004d6e    _cached_phySector3
0003e260                _calloc
            000059e2    _cardAddr
0003e258                _chkheap
0003cd37                _close
000437c0                _convert_number_to_string
00041520                _disable_i2s0
0004152e                _disable_i2s1
0004153c                _disable_i2s2
0004154a                _disable_i2s3
00042340                _enable_dma_int
000414e8                _enable_i2s0
000414f6                _enable_i2s1
00041504                _enable_i2s2
00041512                _enable_i2s3
000436f8                _enable_rtc_second_int
000449c1                _exit
            00005be5    _f1KToneOn
            00005be6    _f2KToneOn
            00005be4    _fSineWave
            00005cee    _fTimer
            00005cef    _fTimer02
0004434e                _fclose
00043bcf                _fflush
0003cd2e                _find_registered_device
            00005c18    _first_flag
            00005c14    _first_save_xsp
            00005c16    _first_save_xssp
0004179c                _fopen
00043d93                _fputc
00043104                _fputs
0003ddd1                _free
0003e202                _free_memory
000416d3                _freopen
            00005be2    _fsError
0004458a                _fseek
            0000544a    _gBulkInTransfer
            00005458    _gBulkOutTransfer
            0000543c    _gCtrlTransfer
            00005490    _gEpStatus
            00005c78    _gI2cObj
            00005482    _gIntInTransfer
            00005466    _gIsoInTransfer
            00005474    _gIsoOutTransfer
            00004966    _gNextPhySector
            00004864    _gReadBuf
            00005374    _gUsbContext
            00005520    _gUsbEpHandle
            00004964    _gWordCount
            00004968    _gWriteBuf
0003d3d4                _getenv
            00005cdc    _hGpio
            00005cf6    _hI2s
            0000587e    _hSpi
            00005c62    _hUart
            00005c88    _i2cHandle
000412c0                _i2s0_read_CR
00041308                _i2s0_read_INTR
0004130e                _i2s0_read_INT_MASK
0004131a                _i2s0_read_RXL_LSW
00041326                _i2s0_read_RXL_MSW
00041332                _i2s0_read_RXR_LSW
0004133e                _i2s0_read_RXR_MSW
000412cc                _i2s0_read_SRGR
000412d8                _i2s0_read_TXL_LSW
000412e4                _i2s0_read_TXL_MSW
000412f0                _i2s0_read_TXR_LSW
000412fc                _i2s0_read_TXR_MSW
000412c6                _i2s0_write_CR
00041314                _i2s0_write_INT_MASK
00041320                _i2s0_write_RXL_LSW
0004132c                _i2s0_write_RXL_MSW
00041338                _i2s0_write_RXR_LSW
00041344                _i2s0_write_RXR_MSW
000412d2                _i2s0_write_SRGR
000412de                _i2s0_write_TXL_LSW
000412ea                _i2s0_write_TXL_MSW
000412f6                _i2s0_write_TXR_LSW
00041302                _i2s0_write_TXR_MSW
0004134a                _i2s1_read_CR
00041392                _i2s1_read_INTR
00041398                _i2s1_read_INT_MASK
000413a4                _i2s1_read_RXL_LSW
000413b0                _i2s1_read_RXL_MSW
000413bc                _i2s1_read_RXR_LSW
000413c8                _i2s1_read_RXR_MSW
00041356                _i2s1_read_SRGR
00041362                _i2s1_read_TXL_LSW
0004136e                _i2s1_read_TXL_MSW
0004137a                _i2s1_read_TXR_LSW
00041386                _i2s1_read_TXR_MSW
00041350                _i2s1_write_CR
0004139e                _i2s1_write_INT_MASK
000413aa                _i2s1_write_RXL_LSW
000413b6                _i2s1_write_RXL_MSW
000413c2                _i2s1_write_RXR_LSW
000413ce                _i2s1_write_RXR_MSW
0004135c                _i2s1_write_SRGR
00041368                _i2s1_write_TXL_LSW
00041374                _i2s1_write_TXL_MSW
00041380                _i2s1_write_TXR_LSW
0004138c                _i2s1_write_TXR_MSW
000413d4                _i2s2_read_CR
0004141c                _i2s2_read_INTR
00041422                _i2s2_read_INT_MASK
0004142e                _i2s2_read_RXL_LSW
0004143a                _i2s2_read_RXL_MSW
00041446                _i2s2_read_RXR_LSW
00041452                _i2s2_read_RXR_MSW
000413e0                _i2s2_read_SRGR
000413ec                _i2s2_read_TXL_LSW
000413f8                _i2s2_read_TXL_MSW
00041404                _i2s2_read_TXR_LSW
00041410                _i2s2_read_TXR_MSW
000413da                _i2s2_write_CR
00041428                _i2s2_write_INT_MASK
00041434                _i2s2_write_RXL_LSW
00041440                _i2s2_write_RXL_MSW
0004144c                _i2s2_write_RXR_LSW
00041458                _i2s2_write_RXR_MSW
000413e6                _i2s2_write_SRGR
000413f2                _i2s2_write_TXL_LSW
000413fe                _i2s2_write_TXL_MSW
0004140a                _i2s2_write_TXR_LSW
00041416                _i2s2_write_TXR_MSW
0004145e                _i2s3_read_CR
000414a6                _i2s3_read_INTR
000414ac                _i2s3_read_INT_MASK
000414b8                _i2s3_read_RXL_LSW
000414c4                _i2s3_read_RXL_MSW
000414d0                _i2s3_read_RXR_LSW
000414dc                _i2s3_read_RXR_MSW
0004146a                _i2s3_read_SRGR
00041476                _i2s3_read_TXL_LSW
00041482                _i2s3_read_TXL_MSW
0004148e                _i2s3_read_TXR_LSW
0004149a                _i2s3_read_TXR_MSW
00041464                _i2s3_write_CR
000414b2                _i2s3_write_INT_MASK
000414be                _i2s3_write_RXL_LSW
000414ca                _i2s3_write_RXL_MSW
000414d6                _i2s3_write_RXR_LSW
000414e2                _i2s3_write_RXR_MSW
00041470                _i2s3_write_SRGR
0004147c                _i2s3_write_TXL_LSW
00041488                _i2s3_write_TXL_MSW
00041494                _i2s3_write_TXR_LSW
000414a0                _i2s3_write_TXR_MSW
            00005cca    _keyCnt1
            00005ccb    _keyCnt2
            00005cd2    _led_tsk_ctr
            00005be8    _led_tsks_running
0003ccc8                _lseek
000442d1                _ltoa
0003aa68                _main
0003df02                _malloc
0003e1a8                _max_free
            00004d71    _mem
00043ce4                _mem_test
00044a87                _memccpy
00044982                _memcpy
00044afd                _memset
0003de9d                _minit
            00005992    _mmcCardObj
            000059e4    _mmcStatus
            00005990    _mmcsdHandle
            00004965    _nbuf_cached
0003a248                _oled_test
0003cc09                _open
            00005be3    _ouError
            00005950    _pMmcsdContObj
00031970                _pcQueueGetName
0002c7a4                _pcTaskGetName
            00005c0e    _portFLAGS_INT_ENABLED
            00005c0f    _portFLAGS_INT_ENABLED_POPPED
            00005cc7    _preKey
0004476a                _printf
00042aa0                _prvSetupTimerInterrupt
00043d93                _putc
00043e2a                _putchar
00043239                _puts
00043a98                _pvPortMalloc
0002d2a8                _pvTaskIncrementMutexHeldCount
            00005a6e    _pxCurrentTCB
000428f8                _pxPortInitialiseStack
0003cb5b                _read
0004451d                _readmsg
0003dff7                _realloc
00044b3d                _remove
0003cb25                _remove_device
0003cacc                _rename
00043704                _reset_RTC
            00005c19    _save_xar6
            00005c1a    _save_xar7
            00005c10    _save_xsp
            00005c12    _save_xssp
            000059c0    _sdCardCsdObj
            000059b0    _sdCardIdObj
000421fc                _set_dma0_ch0_i2s0_Lout
00042148                _set_dma0_ch0_stop
000422d4                _set_dma0_ch1_i2s0_Rout
00042178                _set_dma0_ch1_stop
00042190                _set_dma1_ch0_i2s2_Lout
00042130                _set_dma1_ch0_stop
00042268                _set_dma1_ch1_i2s2_Rout
00042160                _set_dma1_ch1_stop
00044170                _set_i2s0_master
000441a4                _set_i2s0_slave
0004413c                _set_i2s2_master
000437f4                _setvbuf
00042dfc                _spiflash_test
            00005a6c    _stackStruct
00044b0e                _strlen
            00005373    _sysCtrlRegs
0003af5c                _systemInit
            00005c2a    _tOne
            00005c2c    _tThree
            00005c2b    _tTwo
            00005c29    _tZero
            00005c1c    _tickIRQctr
            00005c4e    _uartObj
0002d2c8                _ulTaskNotifyTake
0003ca99                _unlink
            00005c2d    _usCriticalNesting
            00005372    _usbRegisters
00042c00                _uxListRemove
000314f4                _uxQueueMessagesWaiting
0003158c                _uxQueueMessagesWaitingFromISR
0003153c                _uxQueueSpacesAvailable
0002c79c                _uxTaskGetNumberOfTasks
0002ce8c                _uxTaskGetStackHighWaterMark
0002c0dc                _uxTaskPriorityGet
0002c124                _uxTaskPriorityGetFromISR
0002d278                _uxTaskResetEventItemValue
0003ade4                _vApplicationIdleHook
0003afe8                _vApplicationMallocFailedHook
0003aff0                _vApplicationStackOverflowHook
0003be30                _vCreateBlockTimeTasks
0003c908                _vEventGroupClearBitsCallback
0003c894                _vEventGroupDelete
0003c8f4                _vEventGroupSetBitsCallback
00042ab4                _vListInitialise
00042af8                _vListInitialiseItem
00042b60                _vListInsert
00042b0c                _vListInsertEnd
00043f80                _vParTestInitialise
00043f84                _vParTestSetLED
00043f9c                _vParTestToggleLED
00042a9c                _vPortEndScheduler
00043b34                _vPortFree
00043b50                _vPortInitialiseBlocks
0003f46f                _vPortYield
00031910                _vQueueAddToRegistry
000315ac                _vQueueDelete
00042054                _vQueueOverwritePeriodicISRDemo
000319cc                _vQueueUnregisterQueue
0003f5c4                _vStartDynamicPriorityTasks
000435f4                _vStartIntegerMathTasks
000438dc                _vStartLEDFlashTasks
0003e6b8                _vStartMathTasks
00042734                _vStartPolledQueueTasks
00041ef8                _vStartQueueOverwriteTask
0003e288                _vStartQueuePeekTasks
00040a30                _vStartSemaphoreTasks
0002c09c                _vTaskDelay
0002bfd8                _vTaskDelayUntil
0002bf00                _vTaskDelete
0002c604                _vTaskEndScheduler
0002d218                _vTaskEnterCritical
0002d240                _vTaskExitCritical
0002cc50                _vTaskInternalSetTimeOutState
0002cd38                _vTaskMissedYield
0002d7b8                _vTaskNotifyGiveFromISR
0002ca2c                _vTaskPlaceOnEventList
0002ca5c                _vTaskPlaceOnUnorderedEventList
0002d108                _vTaskPriorityDisinheritAfterTimeout
0002c148                _vTaskPrioritySet
0002cb5c                _vTaskRemoveFromUnorderedEventList
0002c438                _vTaskResume
0002cbfc                _vTaskSetTimeOutState
0002c598                _vTaskStartScheduler
0002c2b8                _vTaskSuspend
0002c618                _vTaskSuspendAll
0002c92c                _vTaskSwitchContext
0003f30b                _vTickISR
            00005a6a    _wall_clk_ctr
0003c957                _write
00043c28                _writemsg
0003c394                _xAreBlockTimeTestTasksStillRunning
0003f8e8                _xAreDynamicPriorityTasksStillRunning
000436c8                _xAreIntegerMathsTaskStillRunning
0003ea50                _xAreMathsTaskStillRunning
000428cc                _xArePollingQueuesStillRunning
0003e680                _xAreQueuePeekTasksStillRunning
00040cd4                _xAreSemaphoreTasksStillRunning
0003c6c4                _xEventGroupClearBits
0003c3e4                _xEventGroupCreate
0003c73c                _xEventGroupGetBitsFromISR
0003c75c                _xEventGroupSetBits
0003c40c                _xEventGroupSync
0003c558                _xEventGroupWaitBits
            00005ca2    _xHighPriorityTask
            00005ca4    _xHighestPriorityTask
00042024                _xIsQueueOverwriteTaskStillRunning
            00005ca0    _xMediumPriorityTask
00043b58                _xPortGetFreeHeapSize
0003f21c                _xPortStartScheduler
00030a70                _xQueueCreateCountingSemaphore
000309a4                _xQueueCreateMutex
000308d0                _xQueueGenericCreate
000307fc                _xQueueGenericReset
00030ab8                _xQueueGenericSend
00030c8c                _xQueueGenericSendFromISR
00030d64                _xQueueGiveFromISR
000309c4                _xQueueGiveMutexRecursive
0003186c                _xQueueIsQueueEmptyFromISR
000318e0                _xQueueIsQueueFullFromISR
0003120c                _xQueuePeek
00031474                _xQueuePeekFromISR
00030e28                _xQueueReceive
000313c0                _xQueueReceiveFromISR
            00005c2e    _xQueueRegistry
00030fd8                _xQueueSemaphoreTake
00030a1c                _xQueueTakeMutexRecursive
            00005c94    _xSuspendedTestQueue
0002cc70                _xTaskCheckForTimeOut
0002bb9c                _xTaskCreate
0002d498                _xTaskGenericNotify
0002d624                _xTaskGenericNotifyFromISR
0002cf24                _xTaskGetCurrentTaskHandle
0002c748                _xTaskGetTickCount
0002c784                _xTaskGetTickCountFromISR
0002c7cc                _xTaskIncrementTick
0002d89c                _xTaskNotifyStateClear
0002d39c                _xTaskNotifyWait
0002d044                _xTaskPriorityDisinherit
0002cf38                _xTaskPriorityInherit
0002cab4                _xTaskRemoveFromEventList
0002c624                _xTaskResumeAll
0002c4f8                _xTaskResumeFromISR
ffffffff                binit
            00020000    cinit
ffffffff                edata
ffffffff                end
ffffffff                etext
ffffffff                pinit
00044252                reset_isr


GLOBAL SYMBOLS: SORTED BY Symbol Address 

abs. value/
byte addr   word addr   name
---------   ---------   ----
00000001                $TI_capability_requires_rev3
00000001                __TI_args_main
00000002                $TI_capability$C5500$CallingConvention
00000002                $TI_capability$C5500$MemoryModel
            00000060    __stack
00001000                __SYSSTACK_SIZE
00002000                __STACK_SIZE
            00001060    __STACK_END
            00001060    __sysstack
00005000                __SYSMEM_SIZE
            00004864    _gReadBuf
            00004964    _gWordCount
            00004965    _nbuf_cached
            00004966    _gNextPhySector
            00004968    _gWriteBuf
            00004d68    _cached_phySector0
            00004d6a    _cached_phySector1
            00004d6c    _cached_phySector2
            00004d6e    _cached_phySector3
            00004d70    _ATA_No_Swap
            00004d71    _mem
            00005372    _usbRegisters
            00005373    _sysCtrlRegs
            00005374    _gUsbContext
            0000543c    _gCtrlTransfer
            0000544a    _gBulkInTransfer
            00005458    _gBulkOutTransfer
            00005466    _gIsoInTransfer
            00005474    _gIsoOutTransfer
            00005482    _gIntInTransfer
            00005490    _gEpStatus
            00005520    _gUsbEpHandle
            00005530    _XmitL_Sine_1K
            00005560    _XmitL_Sine_2K
            00005590    _XmitR_Sine_1K
            000055c0    _XmitR_Sine_2K
            000055f0    _RcvL_Sine
            00005620    _RcvR_Sine
            00005650    _DMA_Count
            00005651    _Error_Count_L
            00005652    _Error_Count_R
            00005653    _DMA_Done
            00005654    __ftable
            000056cc    __tmpnams
            0000576c    __ft_end
            0000587e    _hSpi
            00005950    _pMmcsdContObj
            00005990    _mmcsdHandle
            00005992    _mmcCardObj
            000059b0    _sdCardIdObj
            000059c0    _sdCardCsdObj
            000059e2    _cardAddr
            000059e4    _mmcStatus
            00005a6a    _wall_clk_ctr
            00005a6c    _stackStruct
            00005a6e    _pxCurrentTCB
            00005b59    _I2S_RCV_L
            00005b89    _I2S_RCV_R
            00005bb9    _Buf_Address
            00005be2    _fsError
            00005be3    _ouError
            00005be4    _fSineWave
            00005be5    _f1KToneOn
            00005be6    _f2KToneOn
            00005be8    _led_tsks_running
            00005c0e    _portFLAGS_INT_ENABLED
            00005c0f    _portFLAGS_INT_ENABLED_POPPED
            00005c10    _save_xsp
            00005c12    _save_xssp
            00005c14    _first_save_xsp
            00005c16    _first_save_xssp
            00005c18    _first_flag
            00005c19    _save_xar6
            00005c1a    _save_xar7
            00005c1c    _tickIRQctr
            00005c1d    _DBSTAT_SAVE
            00005c1e    _DBSTAT_RESTORE
            00005c1f    _STATUS0_LOW
            00005c20    _STATUS0_HIGH
            00005c21    _STATUS1_LOW
            00005c22    _STATUS1_HIGH
            00005c23    _STATUS2_LOW
            00005c24    _STATUS2_HIGH
            00005c25    _PC_REG_HIGH_RESTORE
            00005c26    _PC_REG_LOW_RESTORE
            00005c27    _PC_REG_HIGH_SAVE
            00005c28    _PC_REG_LOW_SAVE
            00005c29    _tZero
            00005c2a    _tOne
            00005c2b    _tTwo
            00005c2c    _tThree
            00005c2d    _usCriticalNesting
            00005c2e    _xQueueRegistry
            00005c4e    _uartObj
            00005c62    _hUart
            00005c64    _Buf_sec
            00005c67    _Buf_min
            00005c6a    _Buf_hour
            00005c6d    _Buf_day
            00005c70    _Buf_month
            00005c73    _Buf_year
            00005c76    _Flag_RTC
            00005c77    _Conunt_RTC
            00005c78    _gI2cObj
            00005c88    _i2cHandle
            00005c94    _xSuspendedTestQueue
            00005ca0    _xMediumPriorityTask
            00005ca2    _xHighPriorityTask
            00005ca4    _xHighestPriorityTask
            00005cc4    _SarObj
            00005cc7    _preKey
            00005cc8    _SarHandle
            00005cca    _keyCnt1
            00005ccb    _keyCnt2
            00005cd2    _led_tsk_ctr
            00005cda    _GpioObj
            00005cdc    _hGpio
            00005ce0    _LED_Blink_ctr
            00005ce6    __lock
            00005ce8    __unlock
            00005cea    __cleanup_ptr
            00005cec    __dtors_ptr
            00005cee    _fTimer
            00005cef    _fTimer02
            00005cf0    _Timer0_Int_CTR
            00005cf1    _Timer2_Int_CTR
            00005cf6    _hI2s
            0000603e    __ctypes_
            00008000    __sys_memory
00020000                _MMC_init
00020038                _MMC_open
00020248                _MMC_close
00020288                _MMC_setCardType
000202bc                _MMC_setCardPtr
000202f0                _MMC_setCallBack
00020330                _MMC_getNumberOfCards
00020368                _MMC_clearResponse
00020444                _MMC_ierEnable
00020488                _MMC_ierDisable
000204bc                _MMC_intEnable
000204e4                _MMC_eventEnable
000206e0                _MMC_eventDisable
000208b8                _MMC_drrdy
00020900                _MMC_dxrdy
00020948                _MMC_saveStatus
00020988                _MMC_getStatus
000209ec                _MMC_setupNative
00020aa0                _MMC_config
00020b3c                _MMC_getConfig
00020bdc                _MMC_sendCmd
00020c90                _MMC_sendGoIdle
00020d18                _MMC_stop
00020df0                _MMC_deselectCard
00020ec0                _MMC_selectCard
00021450                _MMC_sendOpCond
000214f4                _MMC_setRca
000215cc                _SD_sendRca
000216c8                _MMC_sendAllCID
000218a0                _SD_sendAllCID
00021a8c                _MMC_getCardCsd
00021ee0                _SD_getCardCsd
000225bc                _MMC_read
00022fd8                _MMC_write
00023c14                _MMC_setDmaHandle
00023c74                _MMC_setDataTransferCallback
00023cc4                _MMC_setDmaChanConfig
00023da4                _MMC_setEndianMode
00023e2c                _MMC_setBlockLength
00023ec4                _MMC_setWriteBlkEraseCnt
00023ff4                _SD_setBusWidth
00024164                _MMC_getCardStatus
00024260                _SD_configurePullup
0002438c                _MMC_checkReadDmaDone
00024c30                _MSC_Open
00024c54                _MSC_OpenFullspeed
00024fa0                _MSC_Close
00024fdc                _MSC_SetLunAttr
000251cc                _MSC_Ctrl
000253c4                _MSC_Bulk
000254c0                _MSC_GetLunLockedStatus
000254f0                _MSC_GetactivityFlagStatus
0002550c                _MSC_GetsuspendFlagStatus
000259b4                _MSC_HandleStateWaitForCBW
00025c58                _MSC_ExecuteRead
0002604c                _MSC_ExecuteWrite
00026600                _MSC_HandleTestUnitReady
00026824                _MSC_HandlePreventAllowMediaRemoval
000269c8                _MSC_HandleReadCapacity
00026c18                _MSC_reqGetDescriptor
00026e50                _MSC_reqBotMscReset
00026ebc                _MSC_sendCswWithPhaseError
00026f24                _MSC_handleDataDirMisMatch
00026fa0                _SDIO_init
00026fe0                _SDIO_open
000270ac                _SDIO_close
000270d4                _SDIO_config
000271ac                _SDIO_detectCard
00027518                _SDIO_initCard
0002799c                _SDIO_resetCard
00027a84                _SDIO_getRca
00027b4c                _SDIO_deselectCard
00027c0c                _SDIO_selectCard
00027cd0                _SDIO_sendCommand
00027da4                _SDIO_getResponse
00027f38                _SDIO_clearResponse
00028014                _SDIO_getStatus
0002807c                _SDIO_getSdioStatus
000280e8                _SDIO_eventEnable
00028310                _SDIO_eventDisable
00028508                _SDIO_readWaitEnable
00028540                _SDIO_readWaitDisable
00028578                _SDIO_readSingleByte
000286a4                _SDIO_writeSingleByte
000287a4                _SDIO_readBytes
00028be8                _SDIO_writeBytes
00029028                _SDIO_readBlocks
00029468                _SDIO_writeBlocks
000298bc                _SDIO_setEndianMode
0002993c                _SDIO_setClock
00029c58                _USB_init
0002a07c                _USB_resetDev
0002a2ac                _USB_initEndptObj
0002a694                _USB_getEvents
0002a70c                _USB_peekEvents
0002a77c                _USB_getSetupPacket
0002a824                _USB_postTransaction
0002a9e0                _USB_isTransactionDone
0002aa68                _USB_bytesRemaining
0002aafc                _USB_stallEndpt
0002ac70                _USB_clearEndptStall
0002ae58                _USB_getEndptStall
0002aedc                _USB_epNumToHandle
0002b00c                _USB_abortTransaction
0002b16c                _USB_abortAllTransaction
0002b1c0                _USB_connectDev
0002b1f4                _USB_disconnectDev
0002b224                _USB_setRemoteWakeup
0002b254                _USB_getRemoteWakeupStat
0002b26c                _USB_issueRemoteWakeup
0002b2bc                _USB_setDevAddr
0002b304                _USB_getFrameNo
0002b320                _USB_suspendDevice
0002b364                _USB_selfwakeup
0002b3d0                _USB_initPLL
0002b454                _USB_setParams
0002b4b0                _USB_getMaxPower
0002b4d0                _USB_setFullSpeedMode
0002b504                _USB_getDataCountReadFromFifo
0002b55c                _USB_findFifoSize
0002b6e0                _USB_coreEventProcessEp0
0002bb9c                _xTaskCreate
0002bf00                _vTaskDelete
0002bfd8                _vTaskDelayUntil
0002c09c                _vTaskDelay
0002c0dc                _uxTaskPriorityGet
0002c124                _uxTaskPriorityGetFromISR
0002c148                _vTaskPrioritySet
0002c2b8                _vTaskSuspend
0002c438                _vTaskResume
0002c4f8                _xTaskResumeFromISR
0002c598                _vTaskStartScheduler
0002c604                _vTaskEndScheduler
0002c618                _vTaskSuspendAll
0002c624                _xTaskResumeAll
0002c748                _xTaskGetTickCount
0002c784                _xTaskGetTickCountFromISR
0002c79c                _uxTaskGetNumberOfTasks
0002c7a4                _pcTaskGetName
0002c7cc                _xTaskIncrementTick
0002c92c                _vTaskSwitchContext
0002ca2c                _vTaskPlaceOnEventList
0002ca5c                _vTaskPlaceOnUnorderedEventList
0002cab4                _xTaskRemoveFromEventList
0002cb5c                _vTaskRemoveFromUnorderedEventList
0002cbfc                _vTaskSetTimeOutState
0002cc50                _vTaskInternalSetTimeOutState
0002cc70                _xTaskCheckForTimeOut
0002cd38                _vTaskMissedYield
0002ce8c                _uxTaskGetStackHighWaterMark
0002cf24                _xTaskGetCurrentTaskHandle
0002cf38                _xTaskPriorityInherit
0002d044                _xTaskPriorityDisinherit
0002d108                _vTaskPriorityDisinheritAfterTimeout
0002d218                _vTaskEnterCritical
0002d240                _vTaskExitCritical
0002d278                _uxTaskResetEventItemValue
0002d2a8                _pvTaskIncrementMutexHeldCount
0002d2c8                _ulTaskNotifyTake
0002d39c                _xTaskNotifyWait
0002d498                _xTaskGenericNotify
0002d624                _xTaskGenericNotifyFromISR
0002d7b8                _vTaskNotifyGiveFromISR
0002d89c                _xTaskNotifyStateClear
0002d9ac                _DMA_init
0002d9e4                _DMA_open
0002dad0                _DMA_close
0002daf0                _DMA_config
0002e6c4                _DMA_getConfig
0002ec34                _DMA_start
0002ed44                _DMA_stop
0002ee48                _DMA_reset
0002f134                _DMA_swapWords
0002f1ac                _DMA_getLastTransferType
000305ba                __printfi
000307fc                _xQueueGenericReset
000308d0                _xQueueGenericCreate
000309a4                _xQueueCreateMutex
000309c4                _xQueueGiveMutexRecursive
00030a1c                _xQueueTakeMutexRecursive
00030a70                _xQueueCreateCountingSemaphore
00030ab8                _xQueueGenericSend
00030c8c                _xQueueGenericSendFromISR
00030d64                _xQueueGiveFromISR
00030e28                _xQueueReceive
00030fd8                _xQueueSemaphoreTake
0003120c                _xQueuePeek
000313c0                _xQueueReceiveFromISR
00031474                _xQueuePeekFromISR
000314f4                _uxQueueMessagesWaiting
0003153c                _uxQueueSpacesAvailable
0003158c                _uxQueueMessagesWaitingFromISR
000315ac                _vQueueDelete
0003186c                _xQueueIsQueueEmptyFromISR
000318e0                _xQueueIsQueueFullFromISR
00031910                _vQueueAddToRegistry
00031970                _pcQueueGetName
000319cc                _vQueueUnregisterQueue
00031a2c                _NAND_init
00031ac0                _NAND_setup
00031fdc                _NAND_getBankInfo
000320a0                _NAND_setLatchEnableOffset
000320dc                _NAND_isStatusWriteProtected
000321c4                _NAND_sendCommand
000321f0                _NAND_checkCommandStatus
00032258                _NAND_setAddress
0003229c                _NAND_enableHwECC
000323c4                _NAND_disableHwECC
000324ac                _NAND_readECC
00032660                _NAND_readNBytes
00032774                _NAND_writeNBytes
00032950                _NAND_hasRandomRead
00032980                _NAND_hasRandomWrite
000329b0                _NAND_hasCacheProg
000329e0                _NAND_hasCopyBack
00032a10                _NAND_intrEnable
00032a70                _NAND_intrDisable
00032ad0                _NAND_getIntrNum
00032af0                _NAND_intrReadAT
00032b30                _NAND_intrReadLT
00032b74                _NAND_intrReadWR
00032bb8                _NAND_intrClear
00032ca4                _UART_init
00032d60                _UART_setup
00033208                _UART_config
00033310                _UART_setupBaudRate
0003341c                _UART_reset
00033464                _UART_resetOff
000334b0                _UART_eventEnable
00033548                _UART_eventDisable
000335d8                _UART_read
00033704                _UART_write
00033888                _UART_fgetc
00033928                _UART_fputc
000339b0                _UART_fgets
00033ae0                _UART_fputs
00033bd0                _UART_getEventId
00033bf8                _UART_getConfig
00033cb8                _UART_setCallback
00033d20                _DAT_open
00033df8                _DAT_close
00033f8c                _DAT_copy
00034488                _DAT_fill
00034998                _DAT_wait
00034b60                _AC_Open
00034da8                _AC_Close
00034de4                _AC_Ctrl
00034fdc                _AC_Iso
[...]
00035718                _AC_reqGetMaximum
0003575c                _AC_reqGetResolution
000357a0                _AC_reqSetInterface
000358ec                _CDC_Open
00035910                _CDC_OpenFullspeed
00035ae4                _CDC_Close
00035b20                _CDC_GetactivityFlagStatus
00035b38                _CDC_GetsuspendFlagStatus
00035b50                _CDC_eventHandler
00035e4c                _CDC_bulkOutHandler
00035f4c                _CDC_bulkInHandler
0003623c                _CDC_getData
000362cc                _CDC_putData
000364c0                _I2C_init
0003656c                _I2C_config
000366d4                _I2C_getConfig
000367ac                _I2C_setup
000369a8                _I2C_write
00036bec                _I2C_read
00036e0c                _I2C_eventEnable
00036f40                _I2C_eventDisable
00037060                _I2C_setCallback
000370f0                _I2C_getEventId
0003710c                _MMC_initState
00037250                _MMC_readWriteControl
00037530                _MMC_issueReadCommand
000376ec                _MMC_readNextWord
0003775c                _MMC_readNextWord1
000377d0                _MMC_readNextNWords
00037840                _MMC_writeSector
00037928                _MMC_readNSectors
00037a00                _MMC_writeNSectors
00037ad8                _MMC_read_CID
00037b44                _MMC_read_CSD
00037bb0                _MMC_writeSectorFlush
00037bbc                _MMC_commandReadyStatusCheck
00037bc8                _MMC_dataReadyStatusCheck
00037bd4                _MMC_busyStatusCheck
00037be0                _MMC_getSerialID
00037bf0                _MMC_file_system_format
00037bfc                _MMC_reset
00037c08                _MMC_get_time
00037c0c                _MMC_get_mod_time
00037c10                _MMC_get_date
00037c14                _MMC_get_mod_date
00037c18                _MMC_flushFat
00037c4c                _SAR_init
00037cac                _SAR_deInit
00037ccc                _SAR_chanInit
00037ce8                _SAR_chanOpen
00037d4c                _SAR_chanClose
00037dd0                _SAR_chanConfig
00037e48                _SAR_getConfig
00037ebc                _SAR_chanSetup
000380d0                _SAR_chanCycSet
00038120                _SAR_startConversion
00038154                _SAR_stopConversion
0003819c                _SAR_readData
000381e0                _SAR_A2DMeasParamSet
0003865c                _SAR_GPODirSet
00038738                _SAR_getStatus
00038778                _I2S_open
000388bc                _I2S_setup
00038ba4                _I2S_close
00038c50                _I2S_read
00038f0c                _I2S_write
00039064                _I2S_reset
00039110                _I2S_transEnable
000391e8                _RTC_reset
000391f8                _RTC_start
0003921c                _RTC_stop
00039224                _RTC_config
00039310                _RTC_getConfig
000393c0                _RTC_setTime
0003943c                _RTC_getTime
00039488                _RTC_setDate
000394f8                _RTC_getDate
00039538                _RTC_setAlarm
0003960c                _RTC_setPeriodicInterval
000396c0                _RTC_eventEnable
000397ac                _RTC_eventDisable
00039860                _RTC_getEventId
000398b4                _RTC_decToBcd
000398f4                _RTC_bcdToDec
00039934                _RTC_setCallback
000399c4                _RTC_setCompensation
00039a10                _LCD_init
00039a38                _LCD_open
00039a7c                _LCD_setup
00039ed8                _LCD_configDMA
0003a228                _LCD_close
0003a248                _oled_test
0003aa68                _main
0003ade4                _vApplicationIdleHook
0003ae14                _InitSystem
0003ae7c                _ConfigPort
0003ae84                _SYS_GlobalIntEnable
0003ae8c                _SYS_GlobalIntDisable
0003ae98                _BlinkLED
0003aed0                _GenerateAudioTone
0003af5c                _systemInit
0003afe8                _vApplicationMallocFailedHook
0003aff0                _vApplicationStackOverflowHook
0003b000                _LED_TaskBlue
0003b018                _LED_TaskRed
0003b1dc                _GPIO_open
0003b220                _GPIO_close
0003b244                _GPIO_config
0003b2cc                _GPIO_getConfig
0003b354                _GPIO_read
0003b3d8                _GPIO_write
0003b47c                _GPIO_configBit
0003b5c4                _GPIO_disableInt
0003b644                _GPIO_enableInt
0003b6d0                _GPIO_clearInt
0003b75c                _GPIO_statusBit
0003b7e4                _GPIO_reset
0003b874                _SPI_init
0003b8d8                _SPI_open
0003b90c                _SPI_close
0003b938                _SPI_config
0003bbc0                _SPI_deInit
0003bbec                _SPI_read
0003bcd0                _SPI_write
0003bdbc                _SPI_dataTransaction
0003be30                _vCreateBlockTimeTasks
0003c394                _xAreBlockTimeTestTasksStillRunning
0003c3e4                _xEventGroupCreate
0003c40c                _xEventGroupSync
0003c558                _xEventGroupWaitBits
0003c6c4                _xEventGroupClearBits
0003c73c                _xEventGroupGetBitsFromISR
0003c75c                _xEventGroupSetBits
0003c894                _vEventGroupDelete
0003c8f4                _vEventGroupSetBitsCallback
0003c908                _vEventGroupClearBitsCallback
0003c957                _write
0003ca99                _unlink
0003cacc                _rename
0003cb25                _remove_device
0003cb5b                _read
0003cc09                _open
0003ccc8                _lseek
0003cd2e                _find_registered_device
0003cd37                _close
0003cdaa                _add_device
0003ce9c                _IRQ_init
0003cf24                _IRQ_clear
0003cf90                _IRQ_clearAll
0003cfa0                _IRQ_config
0003d028                _IRQ_getConfig
0003d0b0                _IRQ_disable
0003d130                _IRQ_disableAll
0003d140                _IRQ_enable
0003d1cc                _IRQ_restore
0003d23c                _IRQ_getArg
0003d280                _IRQ_setArg
0003d2b4                _IRQ_map
0003d2e0                _IRQ_setVecs
0003d314                _IRQ_test
0003d388                _IRQ_globalDisable
0003d3a4                _IRQ_globalEnable
0003d3c0                _IRQ_globalRestore
0003d3d4                _getenv
0003d44f                _HOSTwrite
0003d4dc                _HOSTunlink
0003d546                _HOSTtime
0003d5a4                _HOSTrename
0003d652                _HOSTread
0003d6df                _HOSTopen
0003d77e                _HOSTlseek
0003d833                _HOSTclose
0003d89e                _HOSTclock
0003d8fc                _EZDSP5535_SDCARD_init
0003dca4                _EZDSP5535_SDCARD_read
0003dcd8                _EZDSP5535_SDCARD_write
0003dd0c                _EZDSP5535_SDCARD_close
0003ddd1                _free
0003de9d                _minit
0003df02                _malloc
0003dff7                _realloc
0003e1a8                _max_free
0003e202                _free_memory
0003e258                _chkheap
0003e260                _calloc
0003e288                _vStartQueuePeekTasks
0003e680                _xAreQueuePeekTasksStillRunning
0003e6b8                _vStartMathTasks
0003ea50                _xAreMathsTaskStillRunning
0003ea8a                __divd
0003ee58                _EZDSP5535_SPIFLASH_init
0003eebc                _EZDSP5535_SPIFLASH_status
0003ef00                _EZDSP5535_SPIFLASH_erase
0003f004                _EZDSP5535_SPIFLASH_read
0003f0b4                _EZDSP5535_SPIFLASH_write
0003f21c                _xPortStartScheduler
0003f30b                _vTickISR
0003f46f                _vPortYield
0003f5c4                _vStartDynamicPriorityTasks
0003f8e8                _xAreDynamicPriorityTasksStillRunning
0003f948                _MEM_init
0003f94c                _MEM_enableRetentionMode
0003f990                _MEM_disableRetentionMode
0003f9d4                _MEM_enablePartialRetentionMode
0003fb1c                _MEM_disablePartialRetentionMode
0003fc40                _MEM_setmSDRAMClock
0003fc7c                _MEM_getmSDRAMClock
0003fc90                _GPT_open
0003fd54                _GPT_reset
0003fdd0                _GPT_close
0003fe48                _GPT_start
0003fe78                _GPT_stop
0003fea4                _GPT_getCnt
0003fee0                _GPT_config
0003ff87                __frcmpyd
            00020000    ___cinit__
            00020000    cinit
            00020318    __CIOBUF_
00040a30                _vStartSemaphoreTasks
00040cd4                _xAreSemaphoreTasksStillRunning
00040d24                _AIC3254_init
00041040                _PLL_init
00041078                _PLL_config
0004119c                _PLL_enable
00041204                _PLL_bypass
00041254                _PLL_reset
000412c0                _i2s0_read_CR
000412c6                _i2s0_write_CR
000412cc                _i2s0_read_SRGR
000412d2                _i2s0_write_SRGR
000412d8                _i2s0_read_TXL_LSW
000412de                _i2s0_write_TXL_LSW
000412e4                _i2s0_read_TXL_MSW
000412ea                _i2s0_write_TXL_MSW
000412f0                _i2s0_read_TXR_LSW
000412f6                _i2s0_write_TXR_LSW
000412fc                _i2s0_read_TXR_MSW
00041302                _i2s0_write_TXR_MSW
00041308                _i2s0_read_INTR
0004130e                _i2s0_read_INT_MASK
00041314                _i2s0_write_INT_MASK
0004131a                _i2s0_read_RXL_LSW
00041320                _i2s0_write_RXL_LSW
00041326                _i2s0_read_RXL_MSW
0004132c                _i2s0_write_RXL_MSW
00041332                _i2s0_read_RXR_LSW
00041338                _i2s0_write_RXR_LSW
0004133e                _i2s0_read_RXR_MSW
00041344                _i2s0_write_RXR_MSW
0004134a                _i2s1_read_CR
00041350                _i2s1_write_CR
00041356                _i2s1_read_SRGR
0004135c                _i2s1_write_SRGR
00041362                _i2s1_read_TXL_LSW
00041368                _i2s1_write_TXL_LSW
0004136e                _i2s1_read_TXL_MSW
00041374                _i2s1_write_TXL_MSW
0004137a                _i2s1_read_TXR_LSW
00041380                _i2s1_write_TXR_LSW
00041386                _i2s1_read_TXR_MSW
0004138c                _i2s1_write_TXR_MSW
00041392                _i2s1_read_INTR
00041398                _i2s1_read_INT_MASK
0004139e                _i2s1_write_INT_MASK
000413a4                _i2s1_read_RXL_LSW
000413aa                _i2s1_write_RXL_LSW
000413b0                _i2s1_read_RXL_MSW
000413b6                _i2s1_write_RXL_MSW
000413bc                _i2s1_read_RXR_LSW
000413c2                _i2s1_write_RXR_LSW
000413c8                _i2s1_read_RXR_MSW
000413ce                _i2s1_write_RXR_MSW
000413d4                _i2s2_read_CR
000413da                _i2s2_write_CR
000413e0                _i2s2_read_SRGR
000413e6                _i2s2_write_SRGR
000413ec                _i2s2_read_TXL_LSW
000413f2                _i2s2_write_TXL_LSW
000413f8                _i2s2_read_TXL_MSW
000413fe                _i2s2_write_TXL_MSW
00041404                _i2s2_read_TXR_LSW
0004140a                _i2s2_write_TXR_LSW
00041410                _i2s2_read_TXR_MSW
00041416                _i2s2_write_TXR_MSW
0004141c                _i2s2_read_INTR
00041422                _i2s2_read_INT_MASK
00041428                _i2s2_write_INT_MASK
0004142e                _i2s2_read_RXL_LSW
00041434                _i2s2_write_RXL_LSW
0004143a                _i2s2_read_RXL_MSW
00041440                _i2s2_write_RXL_MSW
00041446                _i2s2_read_RXR_LSW
0004144c                _i2s2_write_RXR_LSW
00041452                _i2s2_read_RXR_MSW
00041458                _i2s2_write_RXR_MSW
0004145e                _i2s3_read_CR
00041464                _i2s3_write_CR
0004146a                _i2s3_read_SRGR
00041470                _i2s3_write_SRGR
00041476                _i2s3_read_TXL_LSW
0004147c                _i2s3_write_TXL_LSW
00041482                _i2s3_read_TXL_MSW
00041488                _i2s3_write_TXL_MSW
0004148e                _i2s3_read_TXR_LSW
00041494                _i2s3_write_TXR_LSW
0004149a                _i2s3_read_TXR_MSW
000414a0                _i2s3_write_TXR_MSW
000414a6                _i2s3_read_INTR
000414ac                _i2s3_read_INT_MASK
000414b2                _i2s3_write_INT_MASK
000414b8                _i2s3_read_RXL_LSW
000414be                _i2s3_write_RXL_LSW
000414c4                _i2s3_read_RXL_MSW
000414ca                _i2s3_write_RXL_MSW
000414d0                _i2s3_read_RXR_LSW
000414d6                _i2s3_write_RXR_LSW
000414dc                _i2s3_read_RXR_MSW
000414e2                _i2s3_write_RXR_MSW
000414e8                _enable_i2s0
000414f6                _enable_i2s1
00041504                _enable_i2s2
00041512                _enable_i2s3
00041520                _disable_i2s0
0004152e                _disable_i2s1
0004153c                _disable_i2s2
0004154a                _disable_i2s3
00041679                __cleanup
000416d3                _freopen
0004179c                _fopen
000417d8                _WDTIM_open
00041850                _WDTIM_start
00041898                _WDTIM_stop
000418e0                _WDTIM_getCnt
00041910                _WDTIM_close
00041954                _WDTIM_service
00041988                _WDTIM_config
000419f4                _WDTIM_getConfig
00041a3e                __remull
00041a8c                __remlli
00041abb                __mpylli
00041b73                __divull
00041c67                __divlli
00041c9c                __addd
00041ef8                _vStartQueueOverwriteTask
00042024                _xIsQueueOverwriteTaskStillRunning
00042054                _vQueueOverwritePeriodicISRDemo
00042130                _set_dma1_ch0_stop
00042148                _set_dma0_ch0_stop
00042160                _set_dma1_ch1_stop
00042178                _set_dma0_ch1_stop
00042190                _set_dma1_ch0_i2s2_Lout
000421fc                _set_dma0_ch0_i2s0_Lout
00042268                _set_dma1_ch1_i2s2_Rout
000422d4                _set_dma0_ch1_i2s0_Rout
00042340                _enable_dma_int
00042350                _EZDSP5535_LED_init
00042388                _EZDSP5535_LED_getall
000423dc                _EZDSP5535_LED_setall
0004244c                _EZDSP5535_LED_on
00042484                _EZDSP5535_LED_off
000424b8                _EZDSP5535_LED_toggle
00042500                _EZDSP5535_XF_on
0004250c                _EZDSP5535_XF_off
00042518                _EZDSP5535_XF_get
00042528                _EZDSP5535_XF_toggle
00042547                __neqd
0004257b                __lssd
000425c3                __leqd
00042610                __gtrd
0004265b                __geqd
000426a5                __eqld
000426d9                __cmpd
00042734                _vStartPolledQueueTasks
000428cc                _xArePollingQueuesStillRunning
000428f8                _pxPortInitialiseStack
00042a9c                _vPortEndScheduler
00042aa0                _prvSetupTimerInterrupt
00042ab4                _vListInitialise
00042af8                _vListInitialiseItem
00042b0c                _vListInsertEnd
00042b60                _vListInsert
00042c00                _uxListRemove
00042c64                _EZDSP5535_OSD9616_send
00042c8c                _EZDSP5535_OSD9616_multiSend
00042cd8                _EZDSP5535_OSD9616_init
00042dbc                _EZDSP5535_OSD9616_printLetter
00042dfc                _spiflash_test
00042f88                _EZDSP5535_SAR_init
00043050                _EZDSP5535_SAR_getKey
00043104                _fputs
00043239                _puts
00043267                __mpyd
000433b4                _Timer_isr
000434e0                _EZDSP5535_I2S_init
0004353c                _EZDSP5535_I2S_readLeft
00043570                _EZDSP5535_I2S_writeLeft
000435a0                _EZDSP5535_I2S_readRight
000435c4                _EZDSP5535_I2S_writeRight
000435e0                _EZDSP5535_I2S_close
000435f4                _vStartIntegerMathTasks
000436c8                _xAreIntegerMathsTaskStillRunning
000436f8                _enable_rtc_second_int
00043704                _reset_RTC
000437c0                _convert_number_to_string
000437f4                _setvbuf
000438dc                _vStartLEDFlashTasks
000439ba                __wrt_ok
00043a3a                __rd_ok
00043a98                _pvPortMalloc
00043b34                _vPortFree
00043b50                _vPortInitialiseBlocks
00043b58                _xPortGetFreeHeapSize
00043b66                __doflush
00043bcf                _fflush
00043c28                _writemsg
00043cdd                C$$IO$$
00043ce4                _mem_test
00043d93                _fputc
00043d93                _putc
00043e2a                _putchar
00043e3c                _EZDSP5535_UART_open
00043eac                _EVM5515_UART_putChar
00043ec4                _EVM5515_UART_getChar
00043ede                __divul
00043f80                _vParTestInitialise
00043f84                _vParTestSetLED
00043f9c                _vParTestToggleLED
0004401c                _EZDSP5535_I2C_init
00044054                _EZDSP5535_I2C_reset
00044060                _EZDSP5535_I2C_write
00044088                _EZDSP5535_I2C_read
000440b0                _IRQ_plug
0004413c                _set_i2s2_master
00044170                _set_i2s0_master
000441a4                _set_i2s0_slave
000441c8                _EZDSP5535_GPIO_init
000441f4                _EZDSP5535_GPIO_setDirection
00044218                _EZDSP5535_GPIO_setOutput
00044234                _EZDSP5535_GPIO_getInput
00044252                reset_isr
000442d1                _ltoa
0004434e                _fclose
000443c9                __frcmpyd_div
0004443c                __remul
000444ae                __fixdli
0004451d                _readmsg
0004458a                _fseek
000445f5                __fltlid
0004465c                _atoi
000446b8                __fltuld
00044714                _EZDSP5535_wait
00044748                _EZDSP5535_waitusec
0004475c                _EZDSP5535_init
0004476a                _printf
000447bc                _RTC_Isr
0004480a                _auto_init
00044858                _Timer0Init
0004489c                _StartTimer0
000448a4                __args_main
000448ef                __remli
0004493a                __divli
00044982                _memcpy
000449c1                _exit
000449ff                _c_int00
00044a33                __fixdi
00044a5d                I$$UDIV
00044a5d                __divu
00044a72                I$$UMOD
00044a72                __remu
00044a87                _memccpy
00044aaa                ___isinf
00044ac4                __subd
00044ad8                I$$LMPY
00044ad8                __mpyli
00044aeb                __register_unlock
00044af3                __register_lock
00044afb                __nop
00044afd                _memset
00044b0e                _strlen
00044b1f                __negd
00044b2f                __fltud
00044b3d                _remove
00044b47                _abort
00044b48                C$$EXIT
0004ce00                _Reset
0004cf00                _RST
0004cf00                _VECSTART
ffffffff                .bss
ffffffff                .data
ffffffff                .text
ffffffff                ___binit__
ffffffff                ___bss__
ffffffff                ___c_args__
ffffffff                ___data__
ffffffff                ___edata__
ffffffff                ___end__
ffffffff                ___etext__
ffffffff                ___pinit__
ffffffff                ___text__
ffffffff                binit
ffffffff                edata
ffffffff                end
ffffffff                etext
ffffffff                pinit

[888 symbols]
