******************************************************************************
              TMS320C55x Linker PC v4.4.1                      
******************************************************************************
>> Linked Tue Sep 18 04:51:16 2018

OUTPUT FILE NAME:   <test.out>
ENTRY POINT SYMBOL: "_c_int00"  address: 00044be7


MEMORY CONFIGURATION

         name            origin    length      used     unused   attr    fill
                        (bytes)   (bytes)    (bytes)   (bytes)
----------------------  --------  ---------  --------  --------  ----  --------
PAGE 0:
  MMR                   00000000   000000c0  00000000  000000c0  RWIX
  DARAM0                000000c0   0000ff40  0000c718  00003828  RWIX
  SARAM0                00010000   00010000  00005000  0000b000  RWIX
  SARAM1                00020000   00020000  0001fff6  0000000a  RWIX
  SARAM2                00040000   0000cdda  00004d16  000080c4  RWIX
  VECS                  0004ce00   00000200  00000200  00000000  RWIX
  PDROM                 00ff8000   00008000  00000000  00008000  R IX

PAGE 2:
  IOPORT                00000000   00020000  00000000  00020000  RWI 


SECTION ALLOCATION MAP
(Addresses surrounded by []'s are displayed for convenience only!)

output                                                          attributes/
section   page  orgn(bytes) orgn(words) len(bytes) len(words)   input sections
--------  ----  ----------- ----------- ---------- ----------   --------------
.pinit       0   [ 00040000 ]  00020000          *   00000000   UNINITIALIZED

.stack       0   [ 000000c0 ]  00000060          *   00001000   UNINITIALIZED
                 [ 000000c0 ]  00000060          *   00001000   --HOLE--

.data        0   [ 000000c0 ]  00000060          *   00000000   UNINITIALIZED

.sysstack 
*            0   [ 000020c0 ]  00001060          *   00000800   UNINITIALIZED
                 [ 000020c0 ]  00001060          *   00000800   --HOLE--

.bss.1       0   [ 000030c0 ]  00001860          *   00004185   UNINITIALIZED
                 [ 000030c0 ]  00001860          *   00003004   heap_1.obj (.bss)
                 [ 000090c8 ]  00004864          *   0000050d   csl_mmcsd_ataIf.obj (.bss)
                 [ 00009ae2 ]  00004d71          *   00000400   mem_test.obj (.bss)
                 [ 0000a2e2 ]  00005171          *   00000200   spiflash_test.obj (.bss)
                 [ 0000a6e2 ]  00005371          *   00000001   integer.obj (.bss)
                 [ 0000a6e4 ]  00005372          *   000001be   csl_usb.obj (.bss)
                 [ 0000aa60 ]  00005530          *   00000124   dma.obj (.bss)
                 [ 0000aca8 ]  00005654          *   00000119   rts55x.lib : defs.obj (.bss)
                 [ 0000aeda ]  0000576d          *   00000001              : fopen.obj (.bss)
                 [ 0000aedc ]  0000576e          *   00000112   ezdsp5535_spiflash.obj (.bss)
                 [ 0000b100 ]  00005880          *   000000d0   rts55x.lib : trgdrv.obj (.bss)
                 [ 0000b2a0 ]  00005950          *   00000095   ezdsp5535_sdcard.obj (.bss)

.bss.2       0   [ 0000b3cc ]  000059e6          *   00000101   UNINITIALIZED
                 [ 0000b3cc ]  000059e6          *   00000084   csl_intc.obj (.bss)
                 [ 0000b4d4 ]  00005a6a          *   0000007d   tasks_sysStk.obj (.bss)

.bss.3       0   [ 0000b5d0 ]  00005ae8          *   0000012f   UNINITIALIZED
                 [ 0000b5d0 ]  00005ae8          *   00000071   rts55x.lib : lowlev.obj (.bss)
                 [ 0000b6b2 ]  00005b59          *   00000061   i2s.obj (.bss)
                 [ 0000b774 ]  00005bba          *   00000033   main.obj (.bss)
                 [ 0000b7da ]  00005bed          *   0000002a   csl_i2s.obj (.bss)

.bss.4       0   [ 0000b830 ]  00005c18          *   000000af   UNINITIALIZED
                 [ 0000b830 ]  00005c18          *   00000022   port.obj (.bss)
                 [ 0000b874 ]  00005c3a          *   00000020   queue.obj (.bss)
                 [ 0000b8b4 ]  00005c5a          *   00000016   ezdsp5535_uart.obj (.bss)
                 [ 0000b8e0 ]  00005c70          *   00000014   rtc.obj (.bss)
                 [ 0000b908 ]  00005c84          *   00000012   csl_i2c.obj (.bss)
                 [ 0000b92c ]  00005c96          *   00000012   dynamic.obj (.bss)
                 [ 0000b950 ]  00005ca8          *   0000000c   QPeek.obj (.bss)
                 [ 0000b968 ]  00005cb4          *   0000000a   blocktim.obj (.bss)
                 [ 0000b97c ]  00005cbe          *   00000009   semtest.obj (.bss)

.bss.5       0   [ 0000b990 ]  00005cc8          *   00000039   UNINITIALIZED
                 [ 0000b990 ]  00005cc8          *   00000008   QueueOverwrite.obj (.bss)
                 [ 0000b9a0 ]  00005cd0          *   00000008   ezdsp5535_sar.obj (.bss)
                 [ 0000b9b0 ]  00005cd8          *   00000006   rts55x.lib : memory.obj (.bss)
                 [ 0000b9bc ]  00005cde          *   00000004   ParTest.obj (.bss)
                 [ 0000b9c4 ]  00005ce2          *   00000004   PollQ.obj (.bss)
                 [ 0000b9cc ]  00005ce6          *   00000004   ezdsp5535_gpio.obj (.bss)
                 [ 0000b9d4 ]  00005cea          *   00000004   flash.obj (.bss)
                 [ 0000b9dc ]  00005cee          *   00000004   flop.obj (.bss)
                 [ 0000b9e4 ]  00005cf2          *   00000004   rts55x.lib : _lock.obj (.bss)
                 [ 0000b9ec ]  00005cf6          *   00000004              : exit.obj (.bss)
                 [ 0000b9f4 ]  00005cfa          *   00000004   timer.obj (.bss)
                 [ 0000b9fc ]  00005cfe          *   00000003   csl_spi.obj (.bss)

.bss.6       0   [ 0000ba04 ]  00005d02          *   00000002   UNINITIALIZED
                 [ 0000ba04 ]  00005d02          *   00000002   ezdsp5535_i2s.obj (.bss)

.const.1     0   [ 0000ba08 ]  00005d04          *   00000447   
                 [ 0000ba08 ]  00005d04          *   00000346   ezdsp5535_sdcard.obj (.const:.string)
                 [ 0000c094 ]  0000604a          *   00000101   rts55x.lib : ctype.obj (.const:__ctypes_)

.const.2     0   [ 0000c298 ]  0000614c          *   00000081   
                 [ 0000c298 ]  0000614c          *   00000081   csl_cdc.obj (.const:.string)

.const.3     0   [ 0000c39c ]  000061ce          *   0000005d   
                 [ 0000c39c ]  000061ce          *   0000005d   spiflash_test.obj (.const:.string)

.const.4     0   [ 0000c458 ]  0000622c          *   00000057   
                 [ 0000c458 ]  0000622c          *   00000057   main.obj (.const:.string)

.const.5     0   [ 0000c508 ]  00006284          *   0000003f   
                 [ 0000c508 ]  00006284          *   0000003f   semtest.obj (.const:.string)

.const.6     0   [ 0000c588 ]  000062c4          *   0000006b   
                 [ 0000c588 ]  000062c4          *   0000003e   dynamic.obj (.const:.string)
                 [ 0000c604 ]  00006302          *   0000002d   QPeek.obj (.const:.string)

.const.7     0   [ 0000c660 ]  00006330          *   00000045   
                 [ 0000c660 ]  00006330          *   00000024   rts55x.lib : _printfi.obj (.const:.string)
                 [ 0000c6a8 ]  00006354          *   00000021   blocktim.obj (.const:.string)

.const.8     0   [ 0000c6ec ]  00006376          *   00000073   
                 [ 0000c6ec ]  00006376          *   00000020   PollQ.obj (.const:.string)
                 [ 0000c72c ]  00006396          *   00000018   flop.obj (.const:.string)
                 [ 0000c75c ]  000063ae          *   00000014   flop.obj (.const)
                 [ 0000c784 ]  000063c2          *   0000000c   rts55x.lib : _printfi.obj (.const)
                 [ 0000c79c ]  000063ce          *   00000008   integer.obj (.const:.string)
                 [ 0000c7ac ]  000063d6          *   00000008   rts55x.lib : divd.obj (.const:_initial_approx$1)
                 [ 0000c7bc ]  000063de          *   00000006   QueueOverwrite.obj (.const:.string)
                 [ 0000c7c8 ]  000063e4          *   00000005   flash.obj (.const:.string)

.const.9     0   [ 0000c7d4 ]  000063ea          *   00000009   
                 [ 0000c7d4 ]  000063ea          *   00000005   tasks_sysStk.obj (.const:.string)
                 [ 0000c7de ]  000063ef          *   00000004   main.obj (.const:_$P$T0$2)

.const.10 
*            0   [ 0000c7e8 ]  000063f4          *   00000006   
                 [ 0000c7e8 ]  000063f4          *   00000002   rts55x.lib : fputs.obj (.const:.string)
                 [ 0000c7ec ]  000063f6          *   00000002              : fltlid.obj (.const)
                 [ 0000c7f0 ]  000063f8          *   00000002              : fltuld.obj (.const)

.sysmem      0   [ 00010000 ]  00008000          *   00002800   UNINITIALIZED
                 [ 00010000 ]  00008000          *   00002800   --HOLE--

.text.1      0     00020000  [ 00010000 ] 0000d9aa          *   
                   00020000  [ 00010000 ] 0000444f          *   csl_mmcsd.obj (.text)
                   0002444f  [ 00012227 ] 00000001          *   --HOLE-- [fill = 20]
                   00024450  [ 00012228 ] 00002b4f          *   csl_msc.obj (.text)
                   00026f9f  [ 000137cf ] 00000001          *   --HOLE-- [fill = 20]
                   00026fa0  [ 000137d0 ] 00002a24          *   csl_sdio.obj (.text)
                   000299c4  [ 00014ce2 ] 000021d5          *   csl_usb.obj (.text)
                   0002bb99  [ 00015dcc+] 00000002          *   rts55x.lib : vectors.obj (.text)
                   0002bb9b  [ 00015dcd ] 00000001          *   --HOLE-- [fill = 20]
                   0002bb9c  [ 00015dce ] 00001e0d          *   tasks_sysStk.obj (.text)
                   0002d9a9  [ 00016cd4 ] 00000001          *   --HOLE-- [fill = 20]

.text.2      0     0002d9ac  [ 00016cd6 ] 00006374          *   
                   0002d9ac  [ 00016cd6 ] 000018ac          *   csl_dma.obj (.text)
                   0002f258  [ 0001792c ] 000015a4          *   rts55x.lib : _printfi.obj (.text)
                   000307fc  [ 000183fe ] 00001230          *   queue.obj (.text)
                   00031a2c  [ 00018d16 ] 000011eb          *   csl_nand.obj (.text)
                   00032c17  [ 0001960b ] 00000001          *   --HOLE-- [fill = 20]
                   00032c18  [ 0001960c ] 00001106          *   csl_uart.obj (.text)
                   00033d1e  [ 00019e8f ] 00000002          *   --HOLE-- [fill = 20]

.text.3      0     00033d20  [ 00019e90 ] 00000dc2          *   
                   00033d20  [ 00019e90 ] 00000dc1          *   csl_dat.obj (.text)
                   00034ae1  [ 0001a570 ] 00000001          *   --HOLE-- [fill = 20]

.text.4      0     00034ae4  [ 0001a572 ] 000019da          *   
                   00034ae4  [ 0001a572 ] 00000d74          *   csl_audioClass.obj (.text)
                   00035858  [ 0001ac2c ] 00000c65          *   csl_cdc.obj (.text)
                   000364bd  [ 0001b25e ] 00000001          *   --HOLE-- [fill = 20]

.text.5      0     000364c0  [ 0001b260 ] 0000178c          *   
                   000364c0  [ 0001b260 ] 00000c4c          *   csl_i2c.obj (.text)
                   0003710c  [ 0001b886 ] 00000b3e          *   csl_mmcsd_ataIf.obj (.text)
                   00037c4a  [ 0001be25 ] 00000002          *   --HOLE-- [fill = 20]

.text.6      0     00037c4c  [ 0001be26 ] 00003726          *   
                   00037c4c  [ 0001be26 ] 00000b2b          *   csl_sar.obj (.text)
                   00038777  [ 0001c3bb ] 00000001          *   --HOLE-- [fill = 20]
                   00038778  [ 0001c3bc ] 000009e3          *   csl_i2s.obj (.text)
                   0003915b  [ 0001c8ad ] 00000001          *   --HOLE-- [fill = 20]
                   0003915c  [ 0001c8ae ] 0000090b          *   main.obj (.text)
                   00039a67  [ 0001cd33 ] 00000001          *   --HOLE-- [fill = 20]
                   00039a68  [ 0001cd34 ] 000008b4          *   csl_rtc.obj (.text)
                   0003a31c  [ 0001d18e ] 00000838          *   csl_lcdc.obj (.text)
                   0003ab54  [ 0001d5aa ] 0000081d          *   oled_test.obj (.text)
                   0003b371  [ 0001d9b8 ] 00000001          *   --HOLE-- [fill = 20]

.text.7      0     0003b374  [ 0001d9ba ] 00001cc0          *   
                   0003b374  [ 0001d9ba ] 00000697          *   csl_gpio.obj (.text)
                   0003ba0b  [ 0001dd05 ] 00000001          *   --HOLE-- [fill = 20]
                   0003ba0c  [ 0001dd06 ] 000005bb          *   csl_spi.obj (.text)
                   0003bfc7  [ 0001dfe3 ] 00000001          *   --HOLE-- [fill = 20]
                   0003bfc8  [ 0001dfe4 ] 000005b3          *   blocktim.obj (.text)
                   0003c57b  [ 0001e2bd ] 00000001          *   --HOLE-- [fill = 20]
                   0003c57c  [ 0001e2be ] 00000573          *   event_groups.obj (.text)
                   0003caef  [ 0001e577+] 00000543          *   rts55x.lib : lowlev.obj (.text)
                   0003d032  [ 0001e819 ] 00000002          *   --HOLE-- [fill = 20]

.text.8      0     0003d034  [ 0001e81a ] 000013ec          *   
                   0003d034  [ 0001e81a ] 00000538          *   csl_intc.obj (.text)
                   0003d56c  [ 0001eab6 ] 00000528          *   rts55x.lib : trgdrv.obj (.text)
                   0003da94  [ 0001ed4a ] 000004d5          *   ezdsp5535_sdcard.obj (.text)
                   0003df69  [ 0001efb4+] 000004b5          *   rts55x.lib : memory.obj (.text)
                   0003e41e  [ 0001f20f ] 00000002          *   --HOLE-- [fill = 20]

.text.9      0     0003e420  [ 0001f210 ] 00000430          *   
                   0003e420  [ 0001f210 ] 0000042e          *   QPeek.obj (.text)
                   0003e84e  [ 0001f427 ] 00000002          *   --HOLE-- [fill = 20]

.text.10     0     0003e850  [ 0001f428 ] 000007a0          *   
                   0003e850  [ 0001f428 ] 000003d2          *   flop.obj (.text)
                   0003ec22  [ 0001f611 ] 000003cc          *   rts55x.lib : divd.obj (.text)
                   0003efee  [ 0001f7f7 ] 00000002          *   --HOLE-- [fill = 20]

.text.11     0     0003eff0  [ 0001f7f8 ] 000003c4          *   
                   0003eff0  [ 0001f7f8 ] 000003c2          *   ezdsp5535_spiflash.obj (.text)
                   0003f3b2  [ 0001f9d9 ] 00000002          *   --HOLE-- [fill = 20]

.text.12     0     0003f3b4  [ 0001f9da ] 00000a72          *   
                   0003f3b4  [ 0001f9da ] 000003a7          *   portASM.obj (.text)
                   0003f75b  [ 0001fbad ] 00000001          *   --HOLE-- [fill = 20]
                   0003f75c  [ 0001fbae ] 00000383          *   dynamic.obj (.text)
                   0003fadf  [ 0001fd6f ] 00000001          *   --HOLE-- [fill = 20]
                   0003fae0  [ 0001fd70 ] 00000345          *   csl_mem.obj (.text)
                   0003fe25  [ 0001ff12 ] 00000001          *   --HOLE-- [fill = 20]

.text.13     0     0003fe28  [ 0001ff14 ] 000001d8          *   
                   0003fe28  [ 0001ff14 ] 000001c2          *   PollQ.obj (.text)
                   0003ffea  [ 0001fff5 ] 00000014          *   rts55x.lib : subd.obj (.text)
                   0003fffe  [ 0001ffff ] 00000002          *   --HOLE-- [fill = 20]

.cinit       0   [ 00040000 ]  00020000          *   0000032e   
                 [ 00040000 ]  00020000          *   000000dc   dma.obj (.cinit)
                 [ 000401b8 ]  000200dc          *   00000079   port.obj (.cinit)
                 [ 000402aa ]  00020155          *   00000054   main.obj (.cinit)
                 [ 00040352 ]  000201a9          *   0000003d   tasks_sysStk.obj (.cinit)
                 [ 000403cc ]  000201e6          *   0000002d   rts55x.lib : lowlev.obj (.cinit)
                 [ 00040426 ]  00020213          *   0000002a              : defs.obj (.cinit)
                 [ 0004047a ]  0002023d          *   0000001f   dynamic.obj (.cinit)
                 [ 000404b8 ]  0002025c          *   00000015   csl_mmcsd_ataIf.obj (.cinit)
                 [ 000404e2 ]  00020271          *   00000014   blocktim.obj (.cinit)
                 [ 0004050a ]  00020285          *   00000013   QueueOverwrite.obj (.cinit)
                 [ 00040530 ]  00020298          *   00000010   timer.obj (.cinit)
                 [ 00040550 ]  000202a8          *   0000000e   QPeek.obj (.cinit)
                 [ 0004056c ]  000202b6          *   0000000d   ParTest.obj (.cinit)
                 [ 00040586 ]  000202c3          *   0000000c   ezdsp5535_sar.obj (.cinit)
                 [ 0004059e ]  000202cf          *   0000000c   semtest.obj (.cinit)
                 [ 000405b6 ]  000202db          *   0000000a   rts55x.lib : _lock.obj (.cinit)
                 [ 000405ca ]  000202e5          *   0000000a              : exit.obj (.cinit)
                 [ 000405de ]  000202ef          *   00000009   flash.obj (.cinit)
                 [ 000405f0 ]  000202f8          *   00000009   heap_1.obj (.cinit)
                 [ 00040602 ]  00020301          *   00000008   PollQ.obj (.cinit)
                 [ 00040612 ]  00020309          *   00000008   csl_i2s.obj (.cinit)
                 [ 00040622 ]  00020311          *   00000008   rtc.obj (.cinit)
                 [ 00040632 ]  00020319          *   00000004   flop.obj (.cinit)
                 [ 0004063a ]  0002031d          *   00000004   i2s.obj (.cinit)
                 [ 00040642 ]  00020321          *   00000004   integer.obj (.cinit)
                 [ 0004064a ]  00020325          *   00000004   rts55x.lib : fopen.obj (.cinit)
                 [ 00040652 ]  00020329          *   00000004              : memory.obj (.cinit)
                 [ 0004065a ]  0002032d          *   00000001   --HOLE-- [fill = 0]

.cio         0   [ 00040660 ]  00020330          *   00000120   UNINITIALIZED
                 [ 00040660 ]  00020330          *   00000120   rts55x.lib : trgmsg.obj (.cio)

.switch      0   [ 000408a0 ]  00020450          *   000000e0   
                 [ 000408a0 ]  00020450          *   00000022   csl_sdio.obj (.switch:_SDIO_eventDisable)
                 [ 000408e4 ]  00020472          *   00000022   csl_sdio.obj (.switch:_SDIO_eventEnable)
                 [ 00040928 ]  00020494          *   00000020   csl_dma.obj (.switch:_DMA_config)
                 [ 00040968 ]  000204b4          *   00000020   csl_dma.obj (.switch:_DMA_getConfig)
                 [ 000409a8 ]  000204d4          *   00000020   csl_dma.obj (.switch:_DMA_reset)
                 [ 000409e8 ]  000204f4          *   00000018   csl_usb.obj (.switch:_USB_coreEventProcessEp0)
                 [ 00040a18 ]  0002050c          *   00000014   rtc.obj (.switch:_NtoC)
                 [ 00040a40 ]  00020520          *   00000010   csl_msc.obj (.switch:_MSC_Bulk)

.text.14     0     00040a60  [ 00020530 ] 000008e0          *   
                   00040a60  [ 00020530 ] 000002f8          *   semtest.obj (.text)
                   00040d58  [ 000206ac ] 000002f7          *   csl_gpt.obj (.text)
                   0004104f  [ 00020827+] 000002ef          *   aic_test_i2c.obj (.text)
                   0004133e  [ 0002099f ] 00000002          *   --HOLE-- [fill = 20]

.text.15     0     00041340  [ 000209a0 ] 00000ee4          *   
                   00041340  [ 000209a0 ] 000002ac          *   csl_pll.obj (.text)
                   000415ec  [ 00020af6 ] 00000298          *   i2s_register.obj (.text)
                   00041884  [ 00020c42 ] 0000027f          *   rts55x.lib : fopen.obj (.text)
                   00041b03  [ 00020d81 ] 00000001          *   --HOLE-- [fill = 20]
                   00041b04  [ 00020d82 ] 00000266          *   csl_wdt.obj (.text)
                   00041d6a  [ 00020eb5 ] 0000025e          *   rts55x.lib : llmpy.obj (.text)
                   00041fc8  [ 00020fe4 ] 0000025a          *              : addd.obj (.text)
                   00042222  [ 00021111 ] 00000002          *   --HOLE-- [fill = 20]

.text.16     0     00042224  [ 00021112 ] 00000238          *   
                   00042224  [ 00021112 ] 00000236          *   QueueOverwrite.obj (.text)
                   0004245a  [ 0002122d ] 00000002          *   --HOLE-- [fill = 20]

.text.17     0     0004245c  [ 0002122e ] 00000220          *   
                   0004245c  [ 0002122e ] 0000021e          *   dma.obj (.text)
                   0004267a  [ 0002133d ] 00000002          *   --HOLE-- [fill = 20]

.text.18     0     0004267c  [ 0002133e ] 000003e2          *   
                   0004267c  [ 0002133e ] 000001f7          *   ezdsp5535_led.obj (.text)
                   00042873  [ 00021439+] 000001ea          *   rts55x.lib : cmpd.obj (.text)
                   00042a5d  [ 0002152e ] 00000001          *   --HOLE-- [fill = 20]

.text.19     0     00042a60  [ 00021530 ] 0000036c          *   
                   00042a60  [ 00021530 ] 000001bc          *   port.obj (.text)
                   00042c1c  [ 0002160e ] 000001ae          *   list.obj (.text)
                   00042dca  [ 000216e5 ] 00000002          *   --HOLE-- [fill = 20]

.text.20     0     00042dcc  [ 000216e6 ] 00000196          *   
                   00042dcc  [ 000216e6 ] 00000195          *   ezdsp5535_lcd.obj (.text)
                   00042f61  [ 000217b0 ] 00000001          *   --HOLE-- [fill = 20]

.text.21     0     00042f64  [ 000217b2 ] 000007f8          *   
                   00042f64  [ 000217b2 ] 0000018b          *   spiflash_test.obj (.text)
                   000430ef  [ 00021877 ] 00000001          *   --HOLE-- [fill = 20]
                   000430f0  [ 00021878 ] 0000017c          *   ezdsp5535_sar.obj (.text)
                   0004326c  [ 00021936 ] 00000163          *   rts55x.lib : fputs.obj (.text)
                   000433cf  [ 000219e7+] 0000014c          *              : mpyd.obj (.text)
                   0004351b  [ 00021a8d ] 00000001          *   --HOLE-- [fill = 20]
                   0004351c  [ 00021a8e ] 0000012b          *   timer.obj (.text:retain)
                   00043647  [ 00021b23 ] 00000001          *   --HOLE-- [fill = 20]
                   00043648  [ 00021b24 ] 00000112          *   ezdsp5535_i2s.obj (.text)
                   0004375a  [ 00021bad ] 00000002          *   --HOLE-- [fill = 20]

.text.22     0     0004375c  [ 00021bae ] 000002e8          *   
                   0004375c  [ 00021bae ] 00000104          *   integer.obj (.text)
                   00043860  [ 00021c30 ] 000000fc          *   rtc.obj (.text)
                   0004395c  [ 00021cae ] 000000e6          *   rts55x.lib : setvbuf.obj (.text)
                   00043a42  [ 00021d21 ] 00000002          *   --HOLE-- [fill = 20]

.text.23     0     00043a44  [ 00021d22 ] 000001c2          *   
                   00043a44  [ 00021d22 ] 000000e4          *   flash.obj (.text)
                   00043b28  [ 00021d94 ] 000000dd          *   rts55x.lib : _io_perm.obj (.text)
                   00043c05  [ 00021e02 ] 00000001          *   --HOLE-- [fill = 20]

.text.24     0     00043c08  [ 00021e04 ] 0000024c          *   
                   00043c08  [ 00021e04 ] 000000ce          *   heap_1.obj (.text)
                   00043cd6  [ 00021e6b ] 000000c2          *   rts55x.lib : fflush.obj (.text)
                   00043d98  [ 00021ecc ] 000000ba          *              : trgmsg.obj (.text:CIO_breakpoint)
                   00043e52  [ 00021f29 ] 00000002          *   --HOLE-- [fill = 20]

.text.25     0     00043e54  [ 00021f2a ] 00000156          *   
                   00043e54  [ 00021f2a ] 000000af          *   mem_test.obj (.text)
                   00043f03  [ 00021f81+] 000000a6          *   rts55x.lib : fputc.obj (.text)
                   00043fa9  [ 00021fd4 ] 00000001          *   --HOLE-- [fill = 20]

.text.26     0     00043fac  [ 00021fd6 ] 000001e0          *   
                   00043fac  [ 00021fd6 ] 000000a2          *   ezdsp5535_uart.obj (.text)
                   0004404e  [ 00022027 ] 000000a1          *   rts55x.lib : divul.obj (.text)
                   000440ef  [ 00022077 ] 00000001          *   --HOLE-- [fill = 20]
                   000440f0  [ 00022078 ] 0000009a          *   ParTest.obj (.text)
                   0004418a  [ 000220c5 ] 00000002          *   --HOLE-- [fill = 20]

.text.27     0     0004418c  [ 000220c6 ] 0000076e          *   
                   0004418c  [ 000220c6 ] 00000094          *   ezdsp5535_i2c.obj (.text)
                   00044220  [ 00022110 ] 0000008c          *   csl_irqplug.obj (.text)
                   000442ac  [ 00022156 ] 0000008c          *   i2s.obj (.text)
                   00044338  [ 0002219c ] 0000008a          *   ezdsp5535_gpio.obj (.text)
                   000443c2  [ 000221e1 ] 0000007f          *   vectors.obj (.text)
                   00044441  [ 00022220+] 0000007d          *   rts55x.lib : ltoa.obj (.text)
                   000444be  [ 0002225f ] 0000007b          *              : fclose.obj (.text)
                   00044539  [ 0002229c+] 00000076          *              : frcmpyd.obj (.text)
                   000445af  [ 000222d7+] 00000073          *              : frcmpyd_div.obj (.text)
                   00044622  [ 00022311 ] 00000072          *              : remul.obj (.text)
                   00044694  [ 0002234a ] 0000006f          *              : fixdli.obj (.text)
                   00044703  [ 00022381+] 0000006d          *              : trgmsg.obj (.text)
                   00044770  [ 000223b8 ] 0000006b          *              : fseek.obj (.text)
                   000447db  [ 000223ed+] 00000067          *              : fltlid.obj (.text)
                   00044842  [ 00022421 ] 0000005c          *              : atoi.obj (.text)
                   0004489e  [ 0002244f ] 0000005b          *              : fltuld.obj (.text)
                   000448f9  [ 0002247c ] 00000001          *   --HOLE-- [fill = 20]

.text.28     0     000448fc  [ 0002247e ] 000000a8          *   
                   000448fc  [ 0002247e ] 00000056          *   ezdsp5535.obj (.text)
                   00044952  [ 000224a9 ] 00000050          *   rts55x.lib : printf.obj (.text)
                   000449a2  [ 000224d1 ] 00000002          *   --HOLE-- [fill = 20]

.text.29     0     000449a4  [ 000224d2 ] 00000380          *   
                   000449a4  [ 000224d2 ] 0000004e          *   rtc.obj (.text:retain)
                   000449f2  [ 000224f9 ] 0000004d          *   rts55x.lib : autoinit.obj (.text)
                   00044a3f  [ 0002251f ] 00000001          *   --HOLE-- [fill = 20]
                   00044a40  [ 00022520 ] 0000004c          *   timer.obj (.text)
                   00044a8c  [ 00022546 ] 0000004b          *   rts55x.lib : args_main.obj (.text)
                   00044ad7  [ 0002256b+] 0000004b          *              : remli.obj (.text)
                   00044b22  [ 00022591 ] 00000048          *              : divli.obj (.text)
                   00044b6a  [ 000225b5 ] 0000003f          *              : memcpy.obj (.text)
                   00044ba9  [ 000225d4+] 0000003e          *              : exit.obj (.text)
                   00044be7  [ 000225f3+] 00000034          *              : boot.obj (.text)
                   00044c1b  [ 0002260d+] 0000002a          *              : fixdi.obj (.text)
                   00044c45  [ 00022622+] 0000002a          *              : udiv.obj (.text)
                   00044c6f  [ 00022637+] 00000023          *              : memccpy.obj (.text)
                   00044c92  [ 00022649 ] 0000001a          *              : isinf.obj (.text)
                   00044cac  [ 00022656 ] 00000013          *              : lmpy.obj (.text)
                   00044cbf  [ 0002265f+] 00000012          *              : _lock.obj (.text)
                   00044cd1  [ 00022668+] 00000011          *              : memset.obj (.text)
                   00044ce2  [ 00022671 ] 00000011          *              : strlen.obj (.text)
                   00044cf3  [ 00022679+] 00000010          *              : negd.obj (.text)
                   00044d03  [ 00022681+] 0000000e          *              : fltud.obj (.text)
                   00044d11  [ 00022688+] 0000000a          *              : remove.obj (.text)
                   00044d1b  [ 0002268d+] 00000007          *              : exit.obj (.text:CIO_breakpoint)
                   00044d22  [ 00022691 ] 00000002          *   --HOLE-- [fill = 20]

vectors      0     0004ce00  [ 00026700 ] 00000200          *   
                   0004ce00  [ 00026700 ] 00000100          *   rts55x.lib : vectors.obj (vectors)
                   0004cf00  [ 00026780 ] 00000100          *   vectors.obj (vectors)


GLOBAL SYMBOLS: SORTED ALPHABETICALLY BY Name 

abs. value/
byte addr   word addr   name
---------   ---------   ----
00000002                $TI_capability$C5500$CallingConvention
00000002                $TI_capability$C5500$MemoryModel
00000001                $TI_capability_requires_rev3
ffffffff                .bss
ffffffff                .data
ffffffff                .text
00044d1c                C$$EXIT
00043e4d                C$$IO$$
00044cac                I$$LMPY
00044c45                I$$UDIV
00044c5a                I$$UMOD
00034da8                _AC_Close
00034de4                _AC_Ctrl
00035078                _AC_GetactivityFlagStatus
00035094                _AC_GetsuspendFlagStatus
00034fdc                _AC_Iso
00034b60                _AC_Open
000350ac                _AC_initDescriptors
00035610                _AC_reqGetCurrent
0003535c                _AC_reqGetDescriptor
00035718                _AC_reqGetMaximum
000356d4                _AC_reqGetMinimum
0003575c                _AC_reqGetResolution
00035534                _AC_reqSetCurrent
000357a0                _AC_reqSetInterface
0004104f                _AIC3254_init
            00004d70    _ATA_No_Swap
00039620                _BlinkLED
            00005bb9    _Buf_Address
            00005c79    _Buf_day
            00005c76    _Buf_hour
            00005c73    _Buf_min
            00005c7c    _Buf_month
            00005c70    _Buf_sec
            00005c7f    _Buf_year
00035ae4                _CDC_Close
00035b20                _CDC_GetactivityFlagStatus
00035b38                _CDC_GetsuspendFlagStatus
000358ec                _CDC_Open
00035910                _CDC_OpenFullspeed
00035f4c                _CDC_bulkInHandler
00035e4c                _CDC_bulkOutHandler
00035b50                _CDC_eventHandler
0003623c                _CDC_getData
000362cc                _CDC_putData
00039604                _ConfigPort
            00005c83    _Conunt_RTC
00033df8                _DAT_close
00033f8c                _DAT_copy
00034488                _DAT_fill
00033d20                _DAT_open
00034998                _DAT_wait
            00005c2a    _DBSTAT_RESTORE
            00005c29    _DBSTAT_SAVE
            00005650    _DMA_Count
            00005653    _DMA_Done
0002dad0                _DMA_close
0002daf0                _DMA_config
0002e6c4                _DMA_getConfig
0002f1ac                _DMA_getLastTransferType
0002d9ac                _DMA_init
0002d9e4                _DMA_open
0002ee48                _DMA_reset
0002ec34                _DMA_start
0002ed44                _DMA_stop
0002f134                _DMA_swapWords
00044034                _EVM5515_UART_getChar
0004401c                _EVM5515_UART_putChar
000443a4                _EZDSP5535_GPIO_getInput
00044338                _EZDSP5535_GPIO_init
00044364                _EZDSP5535_GPIO_setDirection
00044388                _EZDSP5535_GPIO_setOutput
0004418c                _EZDSP5535_I2C_init
000441f8                _EZDSP5535_I2C_read
000441c4                _EZDSP5535_I2C_reset
000441d0                _EZDSP5535_I2C_write
00043748                _EZDSP5535_I2S_close
00043648                _EZDSP5535_I2S_init
000436a4                _EZDSP5535_I2S_readLeft
00043708                _EZDSP5535_I2S_readRight
000436d8                _EZDSP5535_I2S_writeLeft
0004372c                _EZDSP5535_I2S_writeRight
000426b4                _EZDSP5535_LED_getall
0004267c                _EZDSP5535_LED_init
000427b0                _EZDSP5535_LED_off
00042778                _EZDSP5535_LED_on
00042708                _EZDSP5535_LED_setall
000427e4                _EZDSP5535_LED_toggle
00042e40                _EZDSP5535_OSD9616_init
00042df4                _EZDSP5535_OSD9616_multiSend
00042f24                _EZDSP5535_OSD9616_printLetter
00042dcc                _EZDSP5535_OSD9616_send
000431b8                _EZDSP5535_SAR_getKey
000430f0                _EZDSP5535_SAR_init
0003dea4                _EZDSP5535_SDCARD_close
0003da94                _EZDSP5535_SDCARD_init
0003de3c                _EZDSP5535_SDCARD_read
0003de70                _EZDSP5535_SDCARD_write
0003f098                _EZDSP5535_SPIFLASH_erase
0003eff0                _EZDSP5535_SPIFLASH_init
0003f19c                _EZDSP5535_SPIFLASH_read
0003f054                _EZDSP5535_SPIFLASH_status
0003f24c                _EZDSP5535_SPIFLASH_write
00043fac                _EZDSP5535_UART_open
00042844                _EZDSP5535_XF_get
00042838                _EZDSP5535_XF_off
0004282c                _EZDSP5535_XF_on
00042854                _EZDSP5535_XF_toggle
00044944                _EZDSP5535_init
000448fc                _EZDSP5535_wait
00044930                _EZDSP5535_waitusec
            00005651    _Error_Count_L
            00005652    _Error_Count_R
            00005c82    _Flag_RTC
0003b868                _GPIO_clearInt
0003b3b8                _GPIO_close
0003b3dc                _GPIO_config
0003b614                _GPIO_configBit
0003b75c                _GPIO_disableInt
0003b7dc                _GPIO_enableInt
0003b464                _GPIO_getConfig
0003b374                _GPIO_open
0003b4ec                _GPIO_read
0003b97c                _GPIO_reset
0003b8f4                _GPIO_statusBit
0003b570                _GPIO_write
00040e98                _GPT_close
00040fa8                _GPT_config
00040f6c                _GPT_getCnt
00040d58                _GPT_open
00040e1c                _GPT_reset
00040f10                _GPT_start
00040f40                _GPT_stop
00039658                _GenerateAudioTone
            00005ce6    _GpioObj
0003da36                _HOSTclock
0003d9cb                _HOSTclose
0003d916                _HOSTlseek
0003d877                _HOSTopen
0003d7ea                _HOSTread
0003d73c                _HOSTrename
0003d6de                _HOSTtime
0003d674                _HOSTunlink
0003d5e7                _HOSTwrite
0003656c                _I2C_config
00036f40                _I2C_eventDisable
00036e0c                _I2C_eventEnable
000366d4                _I2C_getConfig
000370f0                _I2C_getEventId
000364c0                _I2C_init
00036bec                _I2C_read
00037060                _I2C_setCallback
000367ac                _I2C_setup
000369a8                _I2C_write
            00005b59    _I2S_RCV_L
            00005b89    _I2S_RCV_R
00038ba4                _I2S_close
00038778                _I2S_open
00038c50                _I2S_read
00039064                _I2S_reset
000388bc                _I2S_setup
00039110                _I2S_transEnable
00038f0c                _I2S_write
0003d0bc                _IRQ_clear
0003d128                _IRQ_clearAll
0003d138                _IRQ_config
0003d248                _IRQ_disable
0003d2c8                _IRQ_disableAll
0003d2d8                _IRQ_enable
0003d3d4                _IRQ_getArg
0003d1c0                _IRQ_getConfig
0003d520                _IRQ_globalDisable
0003d53c                _IRQ_globalEnable
0003d558                _IRQ_globalRestore
0003d034                _IRQ_init
0003d44c                _IRQ_map
00044220                _IRQ_plug
0003d364                _IRQ_restore
0003d418                _IRQ_setArg
0003d478                _IRQ_setVecs
0003d4ac                _IRQ_test
0003959c                _InitSystem
0003ab34                _LCD_close
0003a7e4                _LCD_configDMA
0003a31c                _LCD_init
0003a344                _LCD_open
0003a388                _LCD_setup
            00005cec    _LED_Blink_ctr
00039788                _LED_TaskBlue
000397b8                _LED_TaskRed
0003fcb4                _MEM_disablePartialRetentionMode
0003fb28                _MEM_disableRetentionMode
0003fb6c                _MEM_enablePartialRetentionMode
0003fae4                _MEM_enableRetentionMode
0003fe14                _MEM_getmSDRAMClock
0003fae0                _MEM_init
0003fdd8                _MEM_setmSDRAMClock
00037bd4                _MMC_busyStatusCheck
0002438c                _MMC_checkReadDmaDone
00020368                _MMC_clearResponse
00020248                _MMC_close
00037bbc                _MMC_commandReadyStatusCheck
00020aa0                _MMC_config
00037bc8                _MMC_dataReadyStatusCheck
00020df0                _MMC_deselectCard
000208b8                _MMC_drrdy
00020900                _MMC_dxrdy
000206e0                _MMC_eventDisable
000204e4                _MMC_eventEnable
00037bf0                _MMC_file_system_format
00037c18                _MMC_flushFat
00021a8c                _MMC_getCardCsd
00024164                _MMC_getCardStatus
00020b3c                _MMC_getConfig
00020330                _MMC_getNumberOfCards
00037be0                _MMC_getSerialID
00020988                _MMC_getStatus
00037c10                _MMC_get_date
00037c14                _MMC_get_mod_date
00037c0c                _MMC_get_mod_time
00037c08                _MMC_get_time
00020488                _MMC_ierDisable
00020444                _MMC_ierEnable
00020000                _MMC_init
0003710c                _MMC_initState
000204bc                _MMC_intEnable
00037530                _MMC_issueReadCommand
00020038                _MMC_open
000225bc                _MMC_read
00037928                _MMC_readNSectors
000377d0                _MMC_readNextNWords
000376ec                _MMC_readNextWord
0003775c                _MMC_readNextWord1
00037250                _MMC_readWriteControl
00037ad8                _MMC_read_CID
00037b44                _MMC_read_CSD
00037bfc                _MMC_reset
00020948                _MMC_saveStatus
00020ec0                _MMC_selectCard
000216c8                _MMC_sendAllCID
00020bdc                _MMC_sendCmd
00020c90                _MMC_sendGoIdle
00021450                _MMC_sendOpCond
00023e2c                _MMC_setBlockLength
000202f0                _MMC_setCallBack
000202bc                _MMC_setCardPtr
00020288                _MMC_setCardType
00023c74                _MMC_setDataTransferCallback
00023cc4                _MMC_setDmaChanConfig
00023c14                _MMC_setDmaHandle
00023da4                _MMC_setEndianMode
000214f4                _MMC_setRca
00023ec4                _MMC_setWriteBlkEraseCnt
000209ec                _MMC_setupNative
00020d18                _MMC_stop
00022fd8                _MMC_write
00037a00                _MMC_writeNSectors
00037840                _MMC_writeSector
00037bb0                _MMC_writeSectorFlush
000253c4                _MSC_Bulk
00024fa0                _MSC_Close
000251cc                _MSC_Ctrl
00025c58                _MSC_ExecuteRead
0002604c                _MSC_ExecuteWrite
000254c0                _MSC_GetLunLockedStatus
000254f0                _MSC_GetactivityFlagStatus
0002550c                _MSC_GetsuspendFlagStatus
00026824                _MSC_HandlePreventAllowMediaRemoval
000269c8                _MSC_HandleReadCapacity
000259b4                _MSC_HandleStateWaitForCBW
00026600                _MSC_HandleTestUnitReady
00024c30                _MSC_Open
00024c54                _MSC_OpenFullspeed
00024fdc                _MSC_SetLunAttr
00026f24                _MSC_handleDataDirMisMatch
00026e50                _MSC_reqBotMscReset
00026c18                _MSC_reqGetDescriptor
00026ebc                _MSC_sendCswWithPhaseError
000321f0                _NAND_checkCommandStatus
000323c4                _NAND_disableHwECC
0003229c                _NAND_enableHwECC
00031fdc                _NAND_getBankInfo
00032ad0                _NAND_getIntrNum
000329b0                _NAND_hasCacheProg
000329e0                _NAND_hasCopyBack
00032950                _NAND_hasRandomRead
00032980                _NAND_hasRandomWrite
00031a2c                _NAND_init
00032bb8                _NAND_intrClear
00032a70                _NAND_intrDisable
00032a10                _NAND_intrEnable
00032af0                _NAND_intrReadAT
00032b30                _NAND_intrReadLT
00032b74                _NAND_intrReadWR
000320dc                _NAND_isStatusWriteProtected
000324ac                _NAND_readECC
00032660                _NAND_readNBytes
000321c4                _NAND_sendCommand
00032258                _NAND_setAddress
000320a0                _NAND_setLatchEnableOffset
00031ac0                _NAND_setup
00032774                _NAND_writeNBytes
            00005c31    _PC_REG_HIGH_RESTORE
            00005c33    _PC_REG_HIGH_SAVE
            00005c32    _PC_REG_LOW_RESTORE
            00005c34    _PC_REG_LOW_SAVE
00041530                _PLL_bypass
000413a4                _PLL_config
000414c8                _PLL_enable
0004136c                _PLL_init
00041580                _PLL_reset
0004cf00                _RST
000449a4                _RTC_Isr
0003a200                _RTC_bcdToDec
00039b30                _RTC_config
0003a1c0                _RTC_decToBcd
0003a0b8                _RTC_eventDisable
00039fcc                _RTC_eventEnable
00039c1c                _RTC_getConfig
00039e04                _RTC_getDate
0003a16c                _RTC_getEventId
00039d48                _RTC_getTime
00039af4                _RTC_reset
00039e44                _RTC_setAlarm
0003a240                _RTC_setCallback
0003a2d0                _RTC_setCompensation
00039d94                _RTC_setDate
00039f18                _RTC_setPeriodicInterval
00039ccc                _RTC_setTime
00039b04                _RTC_start
00039b28                _RTC_stop
            000055f0    _RcvL_Sine
            00005620    _RcvR_Sine
0004ce00                _Reset
000381e0                _SAR_A2DMeasParamSet
0003865c                _SAR_GPODirSet
00037d4c                _SAR_chanClose
00037dd0                _SAR_chanConfig
000380d0                _SAR_chanCycSet
00037ccc                _SAR_chanInit
00037ce8                _SAR_chanOpen
00037ebc                _SAR_chanSetup
00037cac                _SAR_deInit
00037e48                _SAR_getConfig
00038738                _SAR_getStatus
00037c4c                _SAR_init
0003819c                _SAR_readData
00038120                _SAR_startConversion
00038154                _SAR_stopConversion
00027f38                _SDIO_clearResponse
000270ac                _SDIO_close
000270d4                _SDIO_config
00027b4c                _SDIO_deselectCard
000271ac                _SDIO_detectCard
00028310                _SDIO_eventDisable
000280e8                _SDIO_eventEnable
00027a84                _SDIO_getRca
00027da4                _SDIO_getResponse
0002807c                _SDIO_getSdioStatus
00028014                _SDIO_getStatus
00026fa0                _SDIO_init
00027518                _SDIO_initCard
00026fe0                _SDIO_open
00029028                _SDIO_readBlocks
000287a4                _SDIO_readBytes
00028578                _SDIO_readSingleByte
00028540                _SDIO_readWaitDisable
00028508                _SDIO_readWaitEnable
0002799c                _SDIO_resetCard
00027c0c                _SDIO_selectCard
00027cd0                _SDIO_sendCommand
0002993c                _SDIO_setClock
000298bc                _SDIO_setEndianMode
00029468                _SDIO_writeBlocks
00028be8                _SDIO_writeBytes
000286a4                _SDIO_writeSingleByte
00024260                _SD_configurePullup
00021ee0                _SD_getCardCsd
000218a0                _SD_sendAllCID
000215cc                _SD_sendRca
00023ff4                _SD_setBusWidth
0003baa4                _SPI_close
0003bad0                _SPI_config
0003bf54                _SPI_dataTransaction
0003bd58                _SPI_deInit
0003ba0c                _SPI_init
0003ba70                _SPI_open
0003bd84                _SPI_read
0003be68                _SPI_write
            00005c2c    _STATUS0_HIGH
            00005c2b    _STATUS0_LOW
            00005c2e    _STATUS1_HIGH
            00005c2d    _STATUS1_LOW
            00005c30    _STATUS2_HIGH
            00005c2f    _STATUS2_LOW
00039614                _SYS_GlobalIntDisable
0003960c                _SYS_GlobalIntEnable
            00005cd4    _SarHandle
            00005cd0    _SarObj
00044a84                _StartTimer0
00044a40                _Timer0Init
            00005cfc    _Timer0_Int_CTR
            00005cfd    _Timer2_Int_CTR
0004351c                _Timer_isr
00033208                _UART_config
00033548                _UART_eventDisable
000334b0                _UART_eventEnable
00033888                _UART_fgetc
000339b0                _UART_fgets
00033928                _UART_fputc
00033ae0                _UART_fputs
00033bf8                _UART_getConfig
00033bd0                _UART_getEventId
00032ca4                _UART_init
000335d8                _UART_read
0003341c                _UART_reset
00033464                _UART_resetOff
00033cb8                _UART_setCallback
00032d60                _UART_setup
00033310                _UART_setupBaudRate
00033704                _UART_write
0002b16c                _USB_abortAllTransaction
0002b00c                _USB_abortTransaction
0002aa68                _USB_bytesRemaining
0002ac70                _USB_clearEndptStall
0002b1c0                _USB_connectDev
0002b6e0                _USB_coreEventProcessEp0
0002b1f4                _USB_disconnectDev
0002aedc                _USB_epNumToHandle
0002b55c                _USB_findFifoSize
0002b504                _USB_getDataCountReadFromFifo
0002ae58                _USB_getEndptStall
0002a694                _USB_getEvents
0002b304                _USB_getFrameNo
0002b4b0                _USB_getMaxPower
0002b254                _USB_getRemoteWakeupStat
0002a77c                _USB_getSetupPacket
00029c58                _USB_init
0002a2ac                _USB_initEndptObj
0002b3d0                _USB_initPLL
0002a9e0                _USB_isTransactionDone
0002b26c                _USB_issueRemoteWakeup
0002a70c                _USB_peekEvents
0002a824                _USB_postTransaction
0002a07c                _USB_resetDev
0002b364                _USB_selfwakeup
0002b2bc                _USB_setDevAddr
0002b4d0                _USB_setFullSpeedMode
0002b454                _USB_setParams
0002b224                _USB_setRemoteWakeup
0002aafc                _USB_stallEndpt
0002b320                _USB_suspendDevice
0004cf00                _VECSTART
00041c3c                _WDTIM_close
00041cb4                _WDTIM_config
00041c0c                _WDTIM_getCnt
00041d20                _WDTIM_getConfig
00041b04                _WDTIM_open
00041c80                _WDTIM_service
00041b7c                _WDTIM_start
00041bc4                _WDTIM_stop
            00005530    _XmitL_Sine_1K
            00005560    _XmitL_Sine_2K
            00005590    _XmitR_Sine_1K
            000055c0    _XmitR_Sine_2K
            00020330    __CIOBUF_
            00001060    __STACK_END
00002000                __STACK_SIZE
00005000                __SYSMEM_SIZE
00001000                __SYSSTACK_SIZE
00000001                __TI_args_main
ffffffff                ___binit__
ffffffff                ___bss__
ffffffff                ___c_args__
            00020000    ___cinit__
ffffffff                ___data__
ffffffff                ___edata__
ffffffff                ___end__
ffffffff                ___etext__
00044c92                ___isinf
ffffffff                ___pinit__
ffffffff                ___text__
00041fc8                __addd
00044a8c                __args_main
000419a5                __cleanup
            00005cf6    __cleanup_ptr
00042a05                __cmpd
            0000604a    __ctypes_
0003ec22                __divd
00044b22                __divli
00041f93                __divlli
00044c45                __divu
0004404e                __divul
00041e9f                __divull
00043cd6                __doflush
            00005cf8    __dtors_ptr
000429d1                __eqld
00044c1b                __fixdi
00044694                __fixdli
000447db                __fltlid
00044d03                __fltud
0004489e                __fltuld
00044539                __frcmpyd
000445af                __frcmpyd_div
            0000576c    __ft_end
            00005654    __ftable
00042987                __geqd
0004293c                __gtrd
000428ef                __leqd
            00005cf2    __lock
000428a7                __lssd
000433cf                __mpyd
00044cac                __mpyli
00041de7                __mpylli
00044cf3                __negd
00042873                __neqd
00044ccf                __nop
000305ba                __printfi
00043ba8                __rd_ok
00044cc7                __register_lock
00044cbf                __register_unlock
00044ad7                __remli
00041db8                __remlli
00044c5a                __remu
00044622                __remul
00041d6a                __remull
            00000060    __stack
0003ffea                __subd
            00008000    __sys_memory
            00001060    __sysstack
            000056cc    __tmpnams
            00005cf4    __unlock
00043b28                __wrt_ok
00044d1b                _abort
0003cf42                _add_device
00044842                _atoi
000449f2                _auto_init
00044be7                _c_int00
            00004d68    _cached_phySector0
            00004d6a    _cached_phySector1
            00004d6c    _cached_phySector2
            00004d6e    _cached_phySector3
0003e3f8                _calloc
            000059e2    _cardAddr
0003e3f0                _chkheap
0003cecf                _close
00043928                _convert_number_to_string
0004184c                _disable_i2s0
0004185a                _disable_i2s1
00041868                _disable_i2s2
00041876                _disable_i2s3
0004266c                _enable_dma_int
00041814                _enable_i2s0
00041822                _enable_i2s1
00041830                _enable_i2s2
0004183e                _enable_i2s3
00043860                _enable_rtc_second_int
00044ba9                _exit
            00005bbb    _f1KToneOn
            00005bbc    _f2KToneOn
            00005bba    _fSineWave
            00005cfa    _fTimer
            00005cfb    _fTimer02
000444be                _fclose
00043d3f                _fflush
0003cec6                _find_registered_device
            00005c22    _first_flag
            00005c1e    _first_save_xsp
            00005c20    _first_save_xssp
00041ac8                _fopen
00043f03                _fputc
0004326c                _fputs
0003df69                _free
0003e39a                _free_memory
000419ff                _freopen
            00005c15    _fsError
00044770                _fseek
            0000544a    _gBulkInTransfer
            00005458    _gBulkOutTransfer
            0000543c    _gCtrlTransfer
            00005490    _gEpStatus
            00005c84    _gI2cObj
            00005482    _gIntInTransfer
            00005466    _gIsoInTransfer
            00005474    _gIsoOutTransfer
            00004966    _gNextPhySector
            00004864    _gReadBuf
            00005374    _gUsbContext
            00005520    _gUsbEpHandle
            00004964    _gWordCount
            00004968    _gWriteBuf
0003d56c                _getenv
            00005ce8    _hGpio
            00005d02    _hI2s
            0000587e    _hSpi
            00005c6e    _hUart
            00005c94    _i2cHandle
000415ec                _i2s0_read_CR
00041634                _i2s0_read_INTR
0004163a                _i2s0_read_INT_MASK
00041646                _i2s0_read_RXL_LSW
00041652                _i2s0_read_RXL_MSW
0004165e                _i2s0_read_RXR_LSW
0004166a                _i2s0_read_RXR_MSW
000415f8                _i2s0_read_SRGR
00041604                _i2s0_read_TXL_LSW
00041610                _i2s0_read_TXL_MSW
0004161c                _i2s0_read_TXR_LSW
00041628                _i2s0_read_TXR_MSW
000415f2                _i2s0_write_CR
00041640                _i2s0_write_INT_MASK
0004164c                _i2s0_write_RXL_LSW
00041658                _i2s0_write_RXL_MSW
00041664                _i2s0_write_RXR_LSW
00041670                _i2s0_write_RXR_MSW
000415fe                _i2s0_write_SRGR
0004160a                _i2s0_write_TXL_LSW
00041616                _i2s0_write_TXL_MSW
00041622                _i2s0_write_TXR_LSW
0004162e                _i2s0_write_TXR_MSW
00041676                _i2s1_read_CR
000416be                _i2s1_read_INTR
000416c4                _i2s1_read_INT_MASK
000416d0                _i2s1_read_RXL_LSW
000416dc                _i2s1_read_RXL_MSW
000416e8                _i2s1_read_RXR_LSW
000416f4                _i2s1_read_RXR_MSW
00041682                _i2s1_read_SRGR
0004168e                _i2s1_read_TXL_LSW
0004169a                _i2s1_read_TXL_MSW
000416a6                _i2s1_read_TXR_LSW
000416b2                _i2s1_read_TXR_MSW
0004167c                _i2s1_write_CR
000416ca                _i2s1_write_INT_MASK
000416d6                _i2s1_write_RXL_LSW
000416e2                _i2s1_write_RXL_MSW
000416ee                _i2s1_write_RXR_LSW
000416fa                _i2s1_write_RXR_MSW
00041688                _i2s1_write_SRGR
00041694                _i2s1_write_TXL_LSW
000416a0                _i2s1_write_TXL_MSW
000416ac                _i2s1_write_TXR_LSW
000416b8                _i2s1_write_TXR_MSW
00041700                _i2s2_read_CR
00041748                _i2s2_read_INTR
0004174e                _i2s2_read_INT_MASK
0004175a                _i2s2_read_RXL_LSW
00041766                _i2s2_read_RXL_MSW
00041772                _i2s2_read_RXR_LSW
0004177e                _i2s2_read_RXR_MSW
0004170c                _i2s2_read_SRGR
00041718                _i2s2_read_TXL_LSW
00041724                _i2s2_read_TXL_MSW
00041730                _i2s2_read_TXR_LSW
0004173c                _i2s2_read_TXR_MSW
00041706                _i2s2_write_CR
00041754                _i2s2_write_INT_MASK
00041760                _i2s2_write_RXL_LSW
0004176c                _i2s2_write_RXL_MSW
00041778                _i2s2_write_RXR_LSW
00041784                _i2s2_write_RXR_MSW
00041712                _i2s2_write_SRGR
0004171e                _i2s2_write_TXL_LSW
0004172a                _i2s2_write_TXL_MSW
00041736                _i2s2_write_TXR_LSW
00041742                _i2s2_write_TXR_MSW
0004178a                _i2s3_read_CR
000417d2                _i2s3_read_INTR
000417d8                _i2s3_read_INT_MASK
000417e4                _i2s3_read_RXL_LSW
000417f0                _i2s3_read_RXL_MSW
000417fc                _i2s3_read_RXR_LSW
00041808                _i2s3_read_RXR_MSW
00041796                _i2s3_read_SRGR
000417a2                _i2s3_read_TXL_LSW
000417ae                _i2s3_read_TXL_MSW
000417ba                _i2s3_read_TXR_LSW
000417c6                _i2s3_read_TXR_MSW
00041790                _i2s3_write_CR
000417de                _i2s3_write_INT_MASK
000417ea                _i2s3_write_RXL_LSW
000417f6                _i2s3_write_RXL_MSW
00041802                _i2s3_write_RXR_LSW
0004180e                _i2s3_write_RXR_MSW
0004179c                _i2s3_write_SRGR
000417a8                _i2s3_write_TXL_LSW
000417b4                _i2s3_write_TXL_MSW
000417c0                _i2s3_write_TXR_LSW
000417cc                _i2s3_write_TXR_MSW
            00005cd6    _keyCnt1
            00005cd7    _keyCnt2
            00005cde    _led_tsk_ctr
            00005bbe    _led_tsks_running
0003ce60                _lseek
00044441                _ltoa
0003915c                _main
0003e09a                _malloc
0003e340                _max_free
            00004d71    _mem
00043e54                _mem_test
00044c6f                _memccpy
00044b6a                _memcpy
00044cd1                _memset
0003e035                _minit
            00005992    _mmcCardObj
            000059e4    _mmcStatus
            00005990    _mmcsdHandle
            00004965    _nbuf_cached
0003ab54                _oled_test
0003cda1                _open
            00005c16    _ouError
            00005950    _pMmcsdContObj
00031970                _pcQueueGetName
0002c7a4                _pcTaskGetName
            00005c18    _portFLAGS_INT_ENABLED
            00005c19    _portFLAGS_INT_ENABLED_POPPED
            00005cd3    _preKey
00044952                _printf
00042c08                _prvSetupTimerInterrupt
00043f03                _putc
00043f9a                _putchar
000433a1                _puts
00043c08                _pvPortMalloc
0002d2a8                _pvTaskIncrementMutexHeldCount
            00005a6e    _pxCurrentTCB
00042a60                _pxPortInitialiseStack
0003ccf3                _read
00044703                _readmsg
0003e18f                _realloc
00044d11                _remove
0003ccbd                _remove_device
0003cc64                _rename
0004386c                _reset_RTC
            00005c26    _save_new_pxcode
            00005c27    _save_new_pxlcode
            00005c23    _save_xar6
            00005c24    _save_xar7
            00005c1a    _save_xsp
            00005c1c    _save_xssp
            000059c0    _sdCardCsdObj
            000059b0    _sdCardIdObj
00042528                _set_dma0_ch0_i2s0_Lout
00042474                _set_dma0_ch0_stop
00042600                _set_dma0_ch1_i2s0_Rout
000424a4                _set_dma0_ch1_stop
000424bc                _set_dma1_ch0_i2s2_Lout
0004245c                _set_dma1_ch0_stop
00042594                _set_dma1_ch1_i2s2_Rout
0004248c                _set_dma1_ch1_stop
000442e0                _set_i2s0_master
00044314                _set_i2s0_slave
000442ac                _set_i2s2_master
0004395c                _setvbuf
00042f64                _spiflash_test
            00005a6c    _stackStruct
00044ce2                _strlen
            00005373    _sysCtrlRegs
000396e4                _systemInit
            00005c36    _tOne
            00005c38    _tThree
            00005c37    _tTwo
            00005c35    _tZero
            00005c28    _tickIRQctr
            00005c5a    _uartObj
0002d2c8                _ulTaskNotifyTake
0003cc31                _unlink
            00005c39    _usCriticalNesting
            00005372    _usbRegisters
00042d68                _uxListRemove
000314f4                _uxQueueMessagesWaiting
0003158c                _uxQueueMessagesWaitingFromISR
0003153c                _uxQueueSpacesAvailable
0002c79c                _uxTaskGetNumberOfTasks
0002ce8c                _uxTaskGetStackHighWaterMark
0002c0dc                _uxTaskPriorityGet
0002c124                _uxTaskPriorityGetFromISR
0002d278                _uxTaskResetEventItemValue
0003956c                _vApplicationIdleHook
00039770                _vApplicationMallocFailedHook
00039778                _vApplicationStackOverflowHook
0003bfc8                _vCreateBlockTimeTasks
0003caa0                _vEventGroupClearBitsCallback
0003ca2c                _vEventGroupDelete
0003ca8c                _vEventGroupSetBitsCallback
00042c1c                _vListInitialise
00042c60                _vListInitialiseItem
00042cc8                _vListInsert
00042c74                _vListInsertEnd
000440f0                _vParTestInitialise
000440f4                _vParTestSetLED
0004410c                _vParTestToggleLED
00042c04                _vPortEndScheduler
00043ca4                _vPortFree
00043cc0                _vPortInitialiseBlocks
0003f607                _vPortYield
00031910                _vQueueAddToRegistry
000315ac                _vQueueDelete
00042380                _vQueueOverwritePeriodicISRDemo
000319cc                _vQueueUnregisterQueue
0003f75c                _vStartDynamicPriorityTasks
0004375c                _vStartIntegerMathTasks
00043a44                _vStartLEDFlashTasks
0003e850                _vStartMathTasks
0003fe28                _vStartPolledQueueTasks
00042224                _vStartQueueOverwriteTask
0003e420                _vStartQueuePeekTasks
00040a60                _vStartSemaphoreTasks
0002c09c                _vTaskDelay
0002bfd8                _vTaskDelayUntil
0002bf00                _vTaskDelete
0002c604                _vTaskEndScheduler
0002d218                _vTaskEnterCritical
0002d240                _vTaskExitCritical
0002cc50                _vTaskInternalSetTimeOutState
0002cd38                _vTaskMissedYield
0002d7b8                _vTaskNotifyGiveFromISR
0002ca2c                _vTaskPlaceOnEventList
0002ca5c                _vTaskPlaceOnUnorderedEventList
0002d108                _vTaskPriorityDisinheritAfterTimeout
0002c148                _vTaskPrioritySet
0002cb5c                _vTaskRemoveFromUnorderedEventList
0002c438                _vTaskResume
0002cbfc                _vTaskSetTimeOutState
0002c598                _vTaskStartScheduler
0002c2b8                _vTaskSuspend
0002c618                _vTaskSuspendAll
0002c92c                _vTaskSwitchContext
0003f4a3                _vTickISR
            00005a6a    _wall_clk_ctr
0003caef                _write
00043d98                _writemsg
0003c52c                _xAreBlockTimeTestTasksStillRunning
0003fa80                _xAreDynamicPriorityTasksStillRunning
00043830                _xAreIntegerMathsTaskStillRunning
0003ebe8                _xAreMathsTaskStillRunning
0003ffc0                _xArePollingQueuesStillRunning
0003e818                _xAreQueuePeekTasksStillRunning
00040d08                _xAreSemaphoreTasksStillRunning
0003c85c                _xEventGroupClearBits
0003c57c                _xEventGroupCreate
0003c8d4                _xEventGroupGetBitsFromISR
0003c8f4                _xEventGroupSetBits
0003c5a4                _xEventGroupSync
0003c6f0                _xEventGroupWaitBits
            00005cae    _xHighPriorityTask
            00005cb0    _xHighestPriorityTask
00042350                _xIsQueueOverwriteTaskStillRunning
            00005cac    _xMediumPriorityTask
00043cc8                _xPortGetFreeHeapSize
0003f3b4                _xPortStartScheduler
00030a70                _xQueueCreateCountingSemaphore
000309a4                _xQueueCreateMutex
000308d0                _xQueueGenericCreate
000307fc                _xQueueGenericReset
00030ab8                _xQueueGenericSend
00030c8c                _xQueueGenericSendFromISR
00030d64                _xQueueGiveFromISR
000309c4                _xQueueGiveMutexRecursive
0003186c                _xQueueIsQueueEmptyFromISR
000318e0                _xQueueIsQueueFullFromISR
0003120c                _xQueuePeek
00031474                _xQueuePeekFromISR
00030e28                _xQueueReceive
000313c0                _xQueueReceiveFromISR
            00005c3a    _xQueueRegistry
00030fd8                _xQueueSemaphoreTake
00030a1c                _xQueueTakeMutexRecursive
            00005ca0    _xSuspendedTestQueue
0002cc70                _xTaskCheckForTimeOut
0002bb9c                _xTaskCreate
0002d498                _xTaskGenericNotify
0002d624                _xTaskGenericNotifyFromISR
0002cf24                _xTaskGetCurrentTaskHandle
0002c748                _xTaskGetTickCount
0002c784                _xTaskGetTickCountFromISR
0002c7cc                _xTaskIncrementTick
0002d89c                _xTaskNotifyStateClear
0002d39c                _xTaskNotifyWait
0002d044                _xTaskPriorityDisinherit
0002cf38                _xTaskPriorityInherit
0002cab4                _xTaskRemoveFromEventList
0002c624                _xTaskResumeAll
0002c4f8                _xTaskResumeFromISR
ffffffff                binit
            00020000    cinit
ffffffff                edata
ffffffff                end
ffffffff                etext
ffffffff                pinit
000443c2                reset_isr


GLOBAL SYMBOLS: SORTED BY Symbol Address 

abs. value/
byte addr   word addr   name
---------   ---------   ----
00000001                $TI_capability_requires_rev3
00000001                __TI_args_main
00000002                $TI_capability$C5500$CallingConvention
00000002                $TI_capability$C5500$MemoryModel
            00000060    __stack
00001000                __SYSSTACK_SIZE
00002000                __STACK_SIZE
            00001060    __STACK_END
            00001060    __sysstack
00005000                __SYSMEM_SIZE
            00004864    _gReadBuf
            00004964    _gWordCount
            00004965    _nbuf_cached
            00004966    _gNextPhySector
            00004968    _gWriteBuf
            00004d68    _cached_phySector0
            00004d6a    _cached_phySector1
            00004d6c    _cached_phySector2
            00004d6e    _cached_phySector3
            00004d70    _ATA_No_Swap
            00004d71    _mem
            00005372    _usbRegisters
            00005373    _sysCtrlRegs
            00005374    _gUsbContext
            0000543c    _gCtrlTransfer
            0000544a    _gBulkInTransfer
            00005458    _gBulkOutTransfer
            00005466    _gIsoInTransfer
            00005474    _gIsoOutTransfer
            00005482    _gIntInTransfer
            00005490    _gEpStatus
            00005520    _gUsbEpHandle
            00005530    _XmitL_Sine_1K
            00005560    _XmitL_Sine_2K
            00005590    _XmitR_Sine_1K
            000055c0    _XmitR_Sine_2K
            000055f0    _RcvL_Sine
            00005620    _RcvR_Sine
            00005650    _DMA_Count
            00005651    _Error_Count_L
            00005652    _Error_Count_R
            00005653    _DMA_Done
            00005654    __ftable
            000056cc    __tmpnams
            0000576c    __ft_end
            0000587e    _hSpi
            00005950    _pMmcsdContObj
            00005990    _mmcsdHandle
            00005992    _mmcCardObj
            000059b0    _sdCardIdObj
            000059c0    _sdCardCsdObj
            000059e2    _cardAddr
            000059e4    _mmcStatus
            00005a6a    _wall_clk_ctr
            00005a6c    _stackStruct
            00005a6e    _pxCurrentTCB
            00005b59    _I2S_RCV_L
            00005b89    _I2S_RCV_R
            00005bb9    _Buf_Address
            00005bba    _fSineWave
            00005bbb    _f1KToneOn
            00005bbc    _f2KToneOn
            00005bbe    _led_tsks_running
            00005c15    _fsError
            00005c16    _ouError
            00005c18    _portFLAGS_INT_ENABLED
            00005c19    _portFLAGS_INT_ENABLED_POPPED
            00005c1a    _save_xsp
            00005c1c    _save_xssp
            00005c1e    _first_save_xsp
            00005c20    _first_save_xssp
            00005c22    _first_flag
            00005c23    _save_xar6
            00005c24    _save_xar7
            00005c26    _save_new_pxcode
            00005c27    _save_new_pxlcode
            00005c28    _tickIRQctr
            00005c29    _DBSTAT_SAVE
            00005c2a    _DBSTAT_RESTORE
            00005c2b    _STATUS0_LOW
            00005c2c    _STATUS0_HIGH
            00005c2d    _STATUS1_LOW
            00005c2e    _STATUS1_HIGH
            00005c2f    _STATUS2_LOW
            00005c30    _STATUS2_HIGH
            00005c31    _PC_REG_HIGH_RESTORE
            00005c32    _PC_REG_LOW_RESTORE
            00005c33    _PC_REG_HIGH_SAVE
            00005c34    _PC_REG_LOW_SAVE
            00005c35    _tZero
            00005c36    _tOne
            00005c37    _tTwo
            00005c38    _tThree
            00005c39    _usCriticalNesting
            00005c3a    _xQueueRegistry
            00005c5a    _uartObj
            00005c6e    _hUart
            00005c70    _Buf_sec
            00005c73    _Buf_min
            00005c76    _Buf_hour
            00005c79    _Buf_day
            00005c7c    _Buf_month
            00005c7f    _Buf_year
            00005c82    _Flag_RTC
            00005c83    _Conunt_RTC
            00005c84    _gI2cObj
            00005c94    _i2cHandle
            00005ca0    _xSuspendedTestQueue
            00005cac    _xMediumPriorityTask
            00005cae    _xHighPriorityTask
            00005cb0    _xHighestPriorityTask
            00005cd0    _SarObj
            00005cd3    _preKey
            00005cd4    _SarHandle
            00005cd6    _keyCnt1
            00005cd7    _keyCnt2
            00005cde    _led_tsk_ctr
            00005ce6    _GpioObj
            00005ce8    _hGpio
            00005cec    _LED_Blink_ctr
            00005cf2    __lock
            00005cf4    __unlock
            00005cf6    __cleanup_ptr
            00005cf8    __dtors_ptr
            00005cfa    _fTimer
            00005cfb    _fTimer02
            00005cfc    _Timer0_Int_CTR
            00005cfd    _Timer2_Int_CTR
            00005d02    _hI2s
            0000604a    __ctypes_
            00008000    __sys_memory
00020000                _MMC_init
00020038                _MMC_open
00020248                _MMC_close
00020288                _MMC_setCardType
000202bc                _MMC_setCardPtr
000202f0                _MMC_setCallBack
00020330                _MMC_getNumberOfCards
00020368                _MMC_clearResponse
00020444                _MMC_ierEnable
00020488                _MMC_ierDisable
000204bc                _MMC_intEnable
000204e4                _MMC_eventEnable
000206e0                _MMC_eventDisable
000208b8                _MMC_drrdy
00020900                _MMC_dxrdy
00020948                _MMC_saveStatus
00020988                _MMC_getStatus
000209ec                _MMC_setupNative
00020aa0                _MMC_config
00020b3c                _MMC_getConfig
00020bdc                _MMC_sendCmd
00020c90                _MMC_sendGoIdle
00020d18                _MMC_stop
00020df0                _MMC_deselectCard
00020ec0                _MMC_selectCard
00021450                _MMC_sendOpCond
000214f4                _MMC_setRca
000215cc                _SD_sendRca
000216c8                _MMC_sendAllCID
000218a0                _SD_sendAllCID
00021a8c                _MMC_getCardCsd
00021ee0                _SD_getCardCsd
000225bc                _MMC_read
00022fd8                _MMC_write
00023c14                _MMC_setDmaHandle
00023c74                _MMC_setDataTransferCallback
00023cc4                _MMC_setDmaChanConfig
00023da4                _MMC_setEndianMode
00023e2c                _MMC_setBlockLength
00023ec4                _MMC_setWriteBlkEraseCnt
00023ff4                _SD_setBusWidth
00024164                _MMC_getCardStatus
00024260                _SD_configurePullup
0002438c                _MMC_checkReadDmaDone
00024c30                _MSC_Open
00024c54                _MSC_OpenFullspeed
00024fa0                _MSC_Close
00024fdc                _MSC_SetLunAttr
000251cc                _MSC_Ctrl
000253c4                _MSC_Bulk
000254c0                _MSC_GetLunLockedStatus
000254f0                _MSC_GetactivityFlagStatus
0002550c                _MSC_GetsuspendFlagStatus
000259b4                _MSC_HandleStateWaitForCBW
00025c58                _MSC_ExecuteRead
0002604c                _MSC_ExecuteWrite
00026600                _MSC_HandleTestUnitReady
00026824                _MSC_HandlePreventAllowMediaRemoval
000269c8                _MSC_HandleReadCapacity
00026c18                _MSC_reqGetDescriptor
00026e50                _MSC_reqBotMscReset
00026ebc                _MSC_sendCswWithPhaseError
00026f24                _MSC_handleDataDirMisMatch
00026fa0                _SDIO_init
00026fe0                _SDIO_open
000270ac                _SDIO_close
000270d4                _SDIO_config
000271ac                _SDIO_detectCard
00027518                _SDIO_initCard
0002799c                _SDIO_resetCard
00027a84                _SDIO_getRca
00027b4c                _SDIO_deselectCard
00027c0c                _SDIO_selectCard
00027cd0                _SDIO_sendCommand
00027da4                _SDIO_getResponse
00027f38                _SDIO_clearResponse
00028014                _SDIO_getStatus
0002807c                _SDIO_getSdioStatus
000280e8                _SDIO_eventEnable
00028310                _SDIO_eventDisable
00028508                _SDIO_readWaitEnable
00028540                _SDIO_readWaitDisable
00028578                _SDIO_readSingleByte
000286a4                _SDIO_writeSingleByte
000287a4                _SDIO_readBytes
00028be8                _SDIO_writeBytes
00029028                _SDIO_readBlocks
00029468                _SDIO_writeBlocks
000298bc                _SDIO_setEndianMode
0002993c                _SDIO_setClock
00029c58                _USB_init
0002a07c                _USB_resetDev
0002a2ac                _USB_initEndptObj
0002a694                _USB_getEvents
0002a70c                _USB_peekEvents
0002a77c                _USB_getSetupPacket
0002a824                _USB_postTransaction
0002a9e0                _USB_isTransactionDone
0002aa68                _USB_bytesRemaining
0002aafc                _USB_stallEndpt
0002ac70                _USB_clearEndptStall
0002ae58                _USB_getEndptStall
0002aedc                _USB_epNumToHandle
0002b00c                _USB_abortTransaction
0002b16c                _USB_abortAllTransaction
0002b1c0                _USB_connectDev
0002b1f4                _USB_disconnectDev
0002b224                _USB_setRemoteWakeup
0002b254                _USB_getRemoteWakeupStat
0002b26c                _USB_issueRemoteWakeup
0002b2bc                _USB_setDevAddr
0002b304                _USB_getFrameNo
0002b320                _USB_suspendDevice
0002b364                _USB_selfwakeup
0002b3d0                _USB_initPLL
0002b454                _USB_setParams
0002b4b0                _USB_getMaxPower
0002b4d0                _USB_setFullSpeedMode
0002b504                _USB_getDataCountReadFromFifo
0002b55c                _USB_findFifoSize
0002b6e0                _USB_coreEventProcessEp0
0002bb9c                _xTaskCreate
0002bf00                _vTaskDelete
0002bfd8                _vTaskDelayUntil
0002c09c                _vTaskDelay
0002c0dc                _uxTaskPriorityGet
0002c124                _uxTaskPriorityGetFromISR
0002c148                _vTaskPrioritySet
0002c2b8                _vTaskSuspend
0002c438                _vTaskResume
0002c4f8                _xTaskResumeFromISR
0002c598                _vTaskStartScheduler
0002c604                _vTaskEndScheduler
0002c618                _vTaskSuspendAll
0002c624                _xTaskResumeAll
0002c748                _xTaskGetTickCount
0002c784                _xTaskGetTickCountFromISR
0002c79c                _uxTaskGetNumberOfTasks
0002c7a4                _pcTaskGetName
0002c7cc                _xTaskIncrementTick
0002c92c                _vTaskSwitchContext
0002ca2c                _vTaskPlaceOnEventList
0002ca5c                _vTaskPlaceOnUnorderedEventList
0002cab4                _xTaskRemoveFromEventList
0002cb5c                _vTaskRemoveFromUnorderedEventList
0002cbfc                _vTaskSetTimeOutState
0002cc50                _vTaskInternalSetTimeOutState
0002cc70                _xTaskCheckForTimeOut
0002cd38                _vTaskMissedYield
0002ce8c                _uxTaskGetStackHighWaterMark
0002cf24                _xTaskGetCurrentTaskHandle
0002cf38                _xTaskPriorityInherit
0002d044                _xTaskPriorityDisinherit
0002d108                _vTaskPriorityDisinheritAfterTimeout
0002d218                _vTaskEnterCritical
0002d240                _vTaskExitCritical
0002d278                _uxTaskResetEventItemValue
0002d2a8                _pvTaskIncrementMutexHeldCount
0002d2c8                _ulTaskNotifyTake
0002d39c                _xTaskNotifyWait
0002d498                _xTaskGenericNotify
0002d624                _xTaskGenericNotifyFromISR
0002d7b8                _vTaskNotifyGiveFromISR
0002d89c                _xTaskNotifyStateClear
0002d9ac                _DMA_init
0002d9e4                _DMA_open
0002dad0                _DMA_close
0002daf0                _DMA_config
0002e6c4                _DMA_getConfig
0002ec34                _DMA_start
0002ed44                _DMA_stop
0002ee48                _DMA_reset
0002f134                _DMA_swapWords
0002f1ac                _DMA_getLastTransferType
000305ba                __printfi
000307fc                _xQueueGenericReset
000308d0                _xQueueGenericCreate
000309a4                _xQueueCreateMutex
000309c4                _xQueueGiveMutexRecursive
00030a1c                _xQueueTakeMutexRecursive
00030a70                _xQueueCreateCountingSemaphore
00030ab8                _xQueueGenericSend
00030c8c                _xQueueGenericSendFromISR
00030d64                _xQueueGiveFromISR
00030e28                _xQueueReceive
00030fd8                _xQueueSemaphoreTake
0003120c                _xQueuePeek
000313c0                _xQueueReceiveFromISR
00031474                _xQueuePeekFromISR
000314f4                _uxQueueMessagesWaiting
0003153c                _uxQueueSpacesAvailable
0003158c                _uxQueueMessagesWaitingFromISR
000315ac                _vQueueDelete
0003186c                _xQueueIsQueueEmptyFromISR
000318e0                _xQueueIsQueueFullFromISR
00031910                _vQueueAddToRegistry
00031970                _pcQueueGetName
000319cc                _vQueueUnregisterQueue
00031a2c                _NAND_init
00031ac0                _NAND_setup
00031fdc                _NAND_getBankInfo
000320a0                _NAND_setLatchEnableOffset
000320dc                _NAND_isStatusWriteProtected
000321c4                _NAND_sendCommand
000321f0                _NAND_checkCommandStatus
00032258                _NAND_setAddress
0003229c                _NAND_enableHwECC
000323c4                _NAND_disableHwECC
000324ac                _NAND_readECC
00032660                _NAND_readNBytes
00032774                _NAND_writeNBytes
00032950                _NAND_hasRandomRead
00032980                _NAND_hasRandomWrite
000329b0                _NAND_hasCacheProg
000329e0                _NAND_hasCopyBack
00032a10                _NAND_intrEnable
00032a70                _NAND_intrDisable
00032ad0                _NAND_getIntrNum
00032af0                _NAND_intrReadAT
00032b30                _NAND_intrReadLT
00032b74                _NAND_intrReadWR
00032bb8                _NAND_intrClear
00032ca4                _UART_init
00032d60                _UART_setup
00033208                _UART_config
00033310                _UART_setupBaudRate
0003341c                _UART_reset
00033464                _UART_resetOff
000334b0                _UART_eventEnable
00033548                _UART_eventDisable
000335d8                _UART_read
00033704                _UART_write
00033888                _UART_fgetc
00033928                _UART_fputc
000339b0                _UART_fgets
00033ae0                _UART_fputs
00033bd0                _UART_getEventId
00033bf8                _UART_getConfig
00033cb8                _UART_setCallback
00033d20                _DAT_open
00033df8                _DAT_close
00033f8c                _DAT_copy
00034488                _DAT_fill
[...]
00035718                _AC_reqGetMaximum
0003575c                _AC_reqGetResolution
000357a0                _AC_reqSetInterface
000358ec                _CDC_Open
00035910                _CDC_OpenFullspeed
00035ae4                _CDC_Close
00035b20                _CDC_GetactivityFlagStatus
00035b38                _CDC_GetsuspendFlagStatus
00035b50                _CDC_eventHandler
00035e4c                _CDC_bulkOutHandler
00035f4c                _CDC_bulkInHandler
0003623c                _CDC_getData
000362cc                _CDC_putData
000364c0                _I2C_init
0003656c                _I2C_config
000366d4                _I2C_getConfig
000367ac                _I2C_setup
000369a8                _I2C_write
00036bec                _I2C_read
00036e0c                _I2C_eventEnable
00036f40                _I2C_eventDisable
00037060                _I2C_setCallback
000370f0                _I2C_getEventId
0003710c                _MMC_initState
00037250                _MMC_readWriteControl
00037530                _MMC_issueReadCommand
000376ec                _MMC_readNextWord
0003775c                _MMC_readNextWord1
000377d0                _MMC_readNextNWords
00037840                _MMC_writeSector
00037928                _MMC_readNSectors
00037a00                _MMC_writeNSectors
00037ad8                _MMC_read_CID
00037b44                _MMC_read_CSD
00037bb0                _MMC_writeSectorFlush
00037bbc                _MMC_commandReadyStatusCheck
00037bc8                _MMC_dataReadyStatusCheck
00037bd4                _MMC_busyStatusCheck
00037be0                _MMC_getSerialID
00037bf0                _MMC_file_system_format
00037bfc                _MMC_reset
00037c08                _MMC_get_time
00037c0c                _MMC_get_mod_time
00037c10                _MMC_get_date
00037c14                _MMC_get_mod_date
00037c18                _MMC_flushFat
00037c4c                _SAR_init
00037cac                _SAR_deInit
00037ccc                _SAR_chanInit
00037ce8                _SAR_chanOpen
00037d4c                _SAR_chanClose
00037dd0                _SAR_chanConfig
00037e48                _SAR_getConfig
00037ebc                _SAR_chanSetup
000380d0                _SAR_chanCycSet
00038120                _SAR_startConversion
00038154                _SAR_stopConversion
0003819c                _SAR_readData
000381e0                _SAR_A2DMeasParamSet
0003865c                _SAR_GPODirSet
00038738                _SAR_getStatus
00038778                _I2S_open
000388bc                _I2S_setup
00038ba4                _I2S_close
00038c50                _I2S_read
00038f0c                _I2S_write
00039064                _I2S_reset
00039110                _I2S_transEnable
0003915c                _main
0003956c                _vApplicationIdleHook
0003959c                _InitSystem
00039604                _ConfigPort
0003960c                _SYS_GlobalIntEnable
00039614                _SYS_GlobalIntDisable
00039620                _BlinkLED
00039658                _GenerateAudioTone
000396e4                _systemInit
00039770                _vApplicationMallocFailedHook
00039778                _vApplicationStackOverflowHook
00039788                _LED_TaskBlue
000397b8                _LED_TaskRed
00039af4                _RTC_reset
00039b04                _RTC_start
00039b28                _RTC_stop
00039b30                _RTC_config
00039c1c                _RTC_getConfig
00039ccc                _RTC_setTime
00039d48                _RTC_getTime
00039d94                _RTC_setDate
00039e04                _RTC_getDate
00039e44                _RTC_setAlarm
00039f18                _RTC_setPeriodicInterval
00039fcc                _RTC_eventEnable
0003a0b8                _RTC_eventDisable
0003a16c                _RTC_getEventId
0003a1c0                _RTC_decToBcd
0003a200                _RTC_bcdToDec
0003a240                _RTC_setCallback
0003a2d0                _RTC_setCompensation
0003a31c                _LCD_init
0003a344                _LCD_open
0003a388                _LCD_setup
0003a7e4                _LCD_configDMA
0003ab34                _LCD_close
0003ab54                _oled_test
0003b374                _GPIO_open
0003b3b8                _GPIO_close
0003b3dc                _GPIO_config
0003b464                _GPIO_getConfig
0003b4ec                _GPIO_read
0003b570                _GPIO_write
0003b614                _GPIO_configBit
0003b75c                _GPIO_disableInt
0003b7dc                _GPIO_enableInt
0003b868                _GPIO_clearInt
0003b8f4                _GPIO_statusBit
0003b97c                _GPIO_reset
0003ba0c                _SPI_init
0003ba70                _SPI_open
0003baa4                _SPI_close
0003bad0                _SPI_config
0003bd58                _SPI_deInit
0003bd84                _SPI_read
0003be68                _SPI_write
0003bf54                _SPI_dataTransaction
0003bfc8                _vCreateBlockTimeTasks
0003c52c                _xAreBlockTimeTestTasksStillRunning
0003c57c                _xEventGroupCreate
0003c5a4                _xEventGroupSync
0003c6f0                _xEventGroupWaitBits
0003c85c                _xEventGroupClearBits
0003c8d4                _xEventGroupGetBitsFromISR
0003c8f4                _xEventGroupSetBits
0003ca2c                _vEventGroupDelete
0003ca8c                _vEventGroupSetBitsCallback
0003caa0                _vEventGroupClearBitsCallback
0003caef                _write
0003cc31                _unlink
0003cc64                _rename
0003ccbd                _remove_device
0003ccf3                _read
0003cda1                _open
0003ce60                _lseek
0003cec6                _find_registered_device
0003cecf                _close
0003cf42                _add_device
0003d034                _IRQ_init
0003d0bc                _IRQ_clear
0003d128                _IRQ_clearAll
0003d138                _IRQ_config
0003d1c0                _IRQ_getConfig
0003d248                _IRQ_disable
0003d2c8                _IRQ_disableAll
0003d2d8                _IRQ_enable
0003d364                _IRQ_restore
0003d3d4                _IRQ_getArg
0003d418                _IRQ_setArg
0003d44c                _IRQ_map
0003d478                _IRQ_setVecs
0003d4ac                _IRQ_test
0003d520                _IRQ_globalDisable
0003d53c                _IRQ_globalEnable
0003d558                _IRQ_globalRestore
0003d56c                _getenv
0003d5e7                _HOSTwrite
0003d674                _HOSTunlink
0003d6de                _HOSTtime
0003d73c                _HOSTrename
0003d7ea                _HOSTread
0003d877                _HOSTopen
0003d916                _HOSTlseek
0003d9cb                _HOSTclose
0003da36                _HOSTclock
0003da94                _EZDSP5535_SDCARD_init
0003de3c                _EZDSP5535_SDCARD_read
0003de70                _EZDSP5535_SDCARD_write
0003dea4                _EZDSP5535_SDCARD_close
0003df69                _free
0003e035                _minit
0003e09a                _malloc
0003e18f                _realloc
0003e340                _max_free
0003e39a                _free_memory
0003e3f0                _chkheap
0003e3f8                _calloc
0003e420                _vStartQueuePeekTasks
0003e818                _xAreQueuePeekTasksStillRunning
0003e850                _vStartMathTasks
0003ebe8                _xAreMathsTaskStillRunning
0003ec22                __divd
0003eff0                _EZDSP5535_SPIFLASH_init
0003f054                _EZDSP5535_SPIFLASH_status
0003f098                _EZDSP5535_SPIFLASH_erase
0003f19c                _EZDSP5535_SPIFLASH_read
0003f24c                _EZDSP5535_SPIFLASH_write
0003f3b4                _xPortStartScheduler
0003f4a3                _vTickISR
0003f607                _vPortYield
0003f75c                _vStartDynamicPriorityTasks
0003fa80                _xAreDynamicPriorityTasksStillRunning
0003fae0                _MEM_init
0003fae4                _MEM_enableRetentionMode
0003fb28                _MEM_disableRetentionMode
0003fb6c                _MEM_enablePartialRetentionMode
0003fcb4                _MEM_disablePartialRetentionMode
0003fdd8                _MEM_setmSDRAMClock
0003fe14                _MEM_getmSDRAMClock
0003fe28                _vStartPolledQueueTasks
0003ffc0                _xArePollingQueuesStillRunning
0003ffea                __subd
            00020000    ___cinit__
            00020000    cinit
            00020330    __CIOBUF_
00040a60                _vStartSemaphoreTasks
00040d08                _xAreSemaphoreTasksStillRunning
00040d58                _GPT_open
00040e1c                _GPT_reset
00040e98                _GPT_close
00040f10                _GPT_start
00040f40                _GPT_stop
00040f6c                _GPT_getCnt
00040fa8                _GPT_config
0004104f                _AIC3254_init
0004136c                _PLL_init
000413a4                _PLL_config
000414c8                _PLL_enable
00041530                _PLL_bypass
00041580                _PLL_reset
000415ec                _i2s0_read_CR
000415f2                _i2s0_write_CR
000415f8                _i2s0_read_SRGR
000415fe                _i2s0_write_SRGR
00041604                _i2s0_read_TXL_LSW
0004160a                _i2s0_write_TXL_LSW
00041610                _i2s0_read_TXL_MSW
00041616                _i2s0_write_TXL_MSW
0004161c                _i2s0_read_TXR_LSW
00041622                _i2s0_write_TXR_LSW
00041628                _i2s0_read_TXR_MSW
0004162e                _i2s0_write_TXR_MSW
00041634                _i2s0_read_INTR
0004163a                _i2s0_read_INT_MASK
00041640                _i2s0_write_INT_MASK
00041646                _i2s0_read_RXL_LSW
0004164c                _i2s0_write_RXL_LSW
00041652                _i2s0_read_RXL_MSW
00041658                _i2s0_write_RXL_MSW
0004165e                _i2s0_read_RXR_LSW
00041664                _i2s0_write_RXR_LSW
0004166a                _i2s0_read_RXR_MSW
00041670                _i2s0_write_RXR_MSW
00041676                _i2s1_read_CR
0004167c                _i2s1_write_CR
00041682                _i2s1_read_SRGR
00041688                _i2s1_write_SRGR
0004168e                _i2s1_read_TXL_LSW
00041694                _i2s1_write_TXL_LSW
0004169a                _i2s1_read_TXL_MSW
000416a0                _i2s1_write_TXL_MSW
000416a6                _i2s1_read_TXR_LSW
000416ac                _i2s1_write_TXR_LSW
000416b2                _i2s1_read_TXR_MSW
000416b8                _i2s1_write_TXR_MSW
000416be                _i2s1_read_INTR
000416c4                _i2s1_read_INT_MASK
000416ca                _i2s1_write_INT_MASK
000416d0                _i2s1_read_RXL_LSW
000416d6                _i2s1_write_RXL_LSW
000416dc                _i2s1_read_RXL_MSW
000416e2                _i2s1_write_RXL_MSW
000416e8                _i2s1_read_RXR_LSW
000416ee                _i2s1_write_RXR_LSW
000416f4                _i2s1_read_RXR_MSW
000416fa                _i2s1_write_RXR_MSW
00041700                _i2s2_read_CR
00041706                _i2s2_write_CR
0004170c                _i2s2_read_SRGR
00041712                _i2s2_write_SRGR
00041718                _i2s2_read_TXL_LSW
0004171e                _i2s2_write_TXL_LSW
00041724                _i2s2_read_TXL_MSW
0004172a                _i2s2_write_TXL_MSW
00041730                _i2s2_read_TXR_LSW
00041736                _i2s2_write_TXR_LSW
0004173c                _i2s2_read_TXR_MSW
00041742                _i2s2_write_TXR_MSW
00041748                _i2s2_read_INTR
0004174e                _i2s2_read_INT_MASK
00041754                _i2s2_write_INT_MASK
0004175a                _i2s2_read_RXL_LSW
00041760                _i2s2_write_RXL_LSW
00041766                _i2s2_read_RXL_MSW
0004176c                _i2s2_write_RXL_MSW
00041772                _i2s2_read_RXR_LSW
00041778                _i2s2_write_RXR_LSW
0004177e                _i2s2_read_RXR_MSW
00041784                _i2s2_write_RXR_MSW
0004178a                _i2s3_read_CR
00041790                _i2s3_write_CR
00041796                _i2s3_read_SRGR
0004179c                _i2s3_write_SRGR
000417a2                _i2s3_read_TXL_LSW
000417a8                _i2s3_write_TXL_LSW
000417ae                _i2s3_read_TXL_MSW
000417b4                _i2s3_write_TXL_MSW
000417ba                _i2s3_read_TXR_LSW
000417c0                _i2s3_write_TXR_LSW
000417c6                _i2s3_read_TXR_MSW
000417cc                _i2s3_write_TXR_MSW
000417d2                _i2s3_read_INTR
000417d8                _i2s3_read_INT_MASK
000417de                _i2s3_write_INT_MASK
000417e4                _i2s3_read_RXL_LSW
000417ea                _i2s3_write_RXL_LSW
000417f0                _i2s3_read_RXL_MSW
000417f6                _i2s3_write_RXL_MSW
000417fc                _i2s3_read_RXR_LSW
00041802                _i2s3_write_RXR_LSW
00041808                _i2s3_read_RXR_MSW
0004180e                _i2s3_write_RXR_MSW
00041814                _enable_i2s0
00041822                _enable_i2s1
00041830                _enable_i2s2
0004183e                _enable_i2s3
0004184c                _disable_i2s0
0004185a                _disable_i2s1
00041868                _disable_i2s2
00041876                _disable_i2s3
000419a5                __cleanup
000419ff                _freopen
00041ac8                _fopen
00041b04                _WDTIM_open
00041b7c                _WDTIM_start
00041bc4                _WDTIM_stop
00041c0c                _WDTIM_getCnt
00041c3c                _WDTIM_close
00041c80                _WDTIM_service
00041cb4                _WDTIM_config
00041d20                _WDTIM_getConfig
00041d6a                __remull
00041db8                __remlli
00041de7                __mpylli
00041e9f                __divull
00041f93                __divlli
00041fc8                __addd
00042224                _vStartQueueOverwriteTask
00042350                _xIsQueueOverwriteTaskStillRunning
00042380                _vQueueOverwritePeriodicISRDemo
0004245c                _set_dma1_ch0_stop
00042474                _set_dma0_ch0_stop
0004248c                _set_dma1_ch1_stop
000424a4                _set_dma0_ch1_stop
000424bc                _set_dma1_ch0_i2s2_Lout
00042528                _set_dma0_ch0_i2s0_Lout
00042594                _set_dma1_ch1_i2s2_Rout
00042600                _set_dma0_ch1_i2s0_Rout
0004266c                _enable_dma_int
0004267c                _EZDSP5535_LED_init
000426b4                _EZDSP5535_LED_getall
00042708                _EZDSP5535_LED_setall
00042778                _EZDSP5535_LED_on
000427b0                _EZDSP5535_LED_off
000427e4                _EZDSP5535_LED_toggle
0004282c                _EZDSP5535_XF_on
00042838                _EZDSP5535_XF_off
00042844                _EZDSP5535_XF_get
00042854                _EZDSP5535_XF_toggle
00042873                __neqd
000428a7                __lssd
000428ef                __leqd
0004293c                __gtrd
00042987                __geqd
000429d1                __eqld
00042a05                __cmpd
00042a60                _pxPortInitialiseStack
00042c04                _vPortEndScheduler
00042c08                _prvSetupTimerInterrupt
00042c1c                _vListInitialise
00042c60                _vListInitialiseItem
00042c74                _vListInsertEnd
00042cc8                _vListInsert
00042d68                _uxListRemove
00042dcc                _EZDSP5535_OSD9616_send
00042df4                _EZDSP5535_OSD9616_multiSend
00042e40                _EZDSP5535_OSD9616_init
00042f24                _EZDSP5535_OSD9616_printLetter
00042f64                _spiflash_test
000430f0                _EZDSP5535_SAR_init
000431b8                _EZDSP5535_SAR_getKey
0004326c                _fputs
000433a1                _puts
000433cf                __mpyd
0004351c                _Timer_isr
00043648                _EZDSP5535_I2S_init
000436a4                _EZDSP5535_I2S_readLeft
000436d8                _EZDSP5535_I2S_writeLeft
00043708                _EZDSP5535_I2S_readRight
0004372c                _EZDSP5535_I2S_writeRight
00043748                _EZDSP5535_I2S_close
0004375c                _vStartIntegerMathTasks
00043830                _xAreIntegerMathsTaskStillRunning
00043860                _enable_rtc_second_int
0004386c                _reset_RTC
00043928                _convert_number_to_string
0004395c                _setvbuf
00043a44                _vStartLEDFlashTasks
00043b28                __wrt_ok
00043ba8                __rd_ok
00043c08                _pvPortMalloc
00043ca4                _vPortFree
00043cc0                _vPortInitialiseBlocks
00043cc8                _xPortGetFreeHeapSize
00043cd6                __doflush
00043d3f                _fflush
00043d98                _writemsg
00043e4d                C$$IO$$
00043e54                _mem_test
00043f03                _fputc
00043f03                _putc
00043f9a                _putchar
00043fac                _EZDSP5535_UART_open
0004401c                _EVM5515_UART_putChar
00044034                _EVM5515_UART_getChar
0004404e                __divul
000440f0                _vParTestInitialise
000440f4                _vParTestSetLED
0004410c                _vParTestToggleLED
0004418c                _EZDSP5535_I2C_init
000441c4                _EZDSP5535_I2C_reset
000441d0                _EZDSP5535_I2C_write
000441f8                _EZDSP5535_I2C_read
00044220                _IRQ_plug
000442ac                _set_i2s2_master
000442e0                _set_i2s0_master
00044314                _set_i2s0_slave
00044338                _EZDSP5535_GPIO_init
00044364                _EZDSP5535_GPIO_setDirection
00044388                _EZDSP5535_GPIO_setOutput
000443a4                _EZDSP5535_GPIO_getInput
000443c2                reset_isr
00044441                _ltoa
000444be                _fclose
00044539                __frcmpyd
000445af                __frcmpyd_div
00044622                __remul
00044694                __fixdli
00044703                _readmsg
00044770                _fseek
000447db                __fltlid
00044842                _atoi
0004489e                __fltuld
000448fc                _EZDSP5535_wait
00044930                _EZDSP5535_waitusec
00044944                _EZDSP5535_init
00044952                _printf
000449a4                _RTC_Isr
000449f2                _auto_init
00044a40                _Timer0Init
00044a84                _StartTimer0
00044a8c                __args_main
00044ad7                __remli
00044b22                __divli
00044b6a                _memcpy
00044ba9                _exit
00044be7                _c_int00
00044c1b                __fixdi
00044c45                I$$UDIV
00044c45                __divu
00044c5a                I$$UMOD
00044c5a                __remu
00044c6f                _memccpy
00044c92                ___isinf
00044cac                I$$LMPY
00044cac                __mpyli
00044cbf                __register_unlock
00044cc7                __register_lock
00044ccf                __nop
00044cd1                _memset
00044ce2                _strlen
00044cf3                __negd
00044d03                __fltud
00044d11                _remove
00044d1b                _abort
00044d1c                C$$EXIT
0004ce00                _Reset
0004cf00                _RST
0004cf00                _VECSTART
ffffffff                .bss
ffffffff                .data
ffffffff                .text
ffffffff                ___binit__
ffffffff                ___bss__
ffffffff                ___c_args__
ffffffff                ___data__
ffffffff                ___edata__
ffffffff                ___end__
ffffffff                ___etext__
ffffffff                ___pinit__
ffffffff                ___text__
ffffffff                binit
ffffffff                edata
ffffffff                end
ffffffff                etext
ffffffff                pinit

[890 symbols]
