******************************************************************************
              TMS320C55x Linker PC v4.4.1                      
******************************************************************************
>> Linked Sat Sep 15 01:54:48 2018

OUTPUT FILE NAME:   <test.out>
ENTRY POINT SYMBOL: "_c_int00"  address: 000351ef


MEMORY CONFIGURATION

         name            origin    length      used     unused   attr    fill
                        (bytes)   (bytes)    (bytes)   (bytes)
----------------------  --------  ---------  --------  --------  ----  --------
PAGE 0:
  MMR                   00000000   000000c0  00000000  000000c0  RWIX
  DARAM0                000000c0   0000ff40  0000ddfe  00002142  RWIX
  SARAM0                00010000   00010000  00000000  00010000  RWIX
  SARAM1                00020000   00020000  00015324  0000acdc  RWIX
  SARAM2                00040000   0000fe00  0000fdfa  00000006  RWIX
  VECS                  0004fe00   00000200  00000200  00000000  RWIX
  PDROM                 00ff8000   00008000  00000000  00008000  R IX

PAGE 2:
  IOPORT                00000000   00020000  00000000  00020000  RWI 


SECTION ALLOCATION MAP
(Addresses surrounded by []'s are displayed for convenience only!)

output                                                          attributes/
section   page  orgn(bytes) orgn(words) len(bytes) len(words)   input sections
--------  ----  ----------- ----------- ---------- ----------   --------------
.pinit       0   [ 00040000 ]  00020000          *   00000000   UNINITIALIZED

.stack       0   [ 000000c0 ]  00000060          *   00001000   UNINITIALIZED
                 [ 000000c0 ]  00000060          *   00001000   --HOLE--

.data        0   [ 000000c0 ]  00000060          *   00000000   UNINITIALIZED

.sysstack 
*            0   [ 000020c0 ]  00001060          *   00000800   UNINITIALIZED
                 [ 000020c0 ]  00001060          *   00000800   --HOLE--

.bss.1       0   [ 000030c0 ]  00001860          *   0000250d   UNINITIALIZED
                 [ 000030c0 ]  00001860          *   0000138c   heap_1.obj (.bss)
                 [ 000057d8 ]  00002bec          *   0000050d   csl_mmcsd_ataIf.obj (.bss)
                 [ 000061f2 ]  000030f9          *   00000400   mem_test.obj (.bss)
                 [ 000069f2 ]  000034f9          *   00000200   spiflash_test.obj (.bss)
                 [ 00006df2 ]  000036f9          *   00000001   integer.obj (.bss)
                 [ 00006df4 ]  000036fa          *   000001be   csl_usb.obj (.bss)
                 [ 00007170 ]  000038b8          *   00000124   dma.obj (.bss)
                 [ 000073b8 ]  000039dc          *   00000119   rts55x.lib : defs.obj (.bss)
                 [ 000075ea ]  00003af5          *   00000001              : fopen.obj (.bss)
                 [ 000075ec ]  00003af6          *   00000112   ezdsp5535_spiflash.obj (.bss)
                 [ 00007810 ]  00003c08          *   000000d0   rts55x.lib : trgdrv.obj (.bss)
                 [ 000079b0 ]  00003cd8          *   00000095   ezdsp5535_sdcard.obj (.bss)

.bss.2       0   [ 00007adc ]  00003d6e          *   00000101   UNINITIALIZED
                 [ 00007adc ]  00003d6e          *   00000084   csl_intc.obj (.bss)
                 [ 00007be4 ]  00003df2          *   0000007d   tasks_sysStk.obj (.bss)

.bss.3       0   [ 00007ce0 ]  00003e70          *   000001ff   UNINITIALIZED
                 [ 00007ce0 ]  00003e70          *   00000071   rts55x.lib : lowlev.obj (.bss)
                 [ 00007dc2 ]  00003ee1          *   00000061   i2s.obj (.bss)
                 [ 00007e84 ]  00003f42          *   00000040   croutine.obj (.bss)
                 [ 00007f04 ]  00003f82          *   0000002a   csl_i2s.obj (.bss)
                 [ 00007f58 ]  00003fac          *   00000020   queue.obj (.bss)
                 [ 00007f98 ]  00003fcc          *   0000001c   port.obj (.bss)
                 [ 00007fd0 ]  00003fe8          *   0000001a   main.obj (.bss)
                 [ 00008004 ]  00004002          *   00000016   ezdsp5535_uart.obj (.bss)
                 [ 00008030 ]  00004018          *   00000014   rtc.obj (.bss)
                 [ 00008058 ]  0000402c          *   00000012   csl_i2c.obj (.bss)
                 [ 0000807c ]  0000403e          *   00000012   dynamic.obj (.bss)
                 [ 000080a0 ]  00004050          *   0000000c   QPeek.obj (.bss)
                 [ 000080b8 ]  0000405c          *   0000000a   blocktim.obj (.bss)
                 [ 000080cc ]  00004066          *   00000009   semtest.obj (.bss)

.bss.4       0   [ 000080e0 ]  00004070          *   00000039   UNINITIALIZED
                 [ 000080e0 ]  00004070          *   00000008   QueueOverwrite.obj (.bss)
                 [ 000080f0 ]  00004078          *   00000008   ezdsp5535_sar.obj (.bss)
                 [ 00008100 ]  00004080          *   00000006   rts55x.lib : memory.obj (.bss)
                 [ 0000810c ]  00004086          *   00000004   ParTest.obj (.bss)
                 [ 00008114 ]  0000408a          *   00000004   PollQ.obj (.bss)
                 [ 0000811c ]  0000408e          *   00000004   ezdsp5535_gpio.obj (.bss)
                 [ 00008124 ]  00004092          *   00000004   flash.obj (.bss)
                 [ 0000812c ]  00004096          *   00000004   flop.obj (.bss)
                 [ 00008134 ]  0000409a          *   00000004   rts55x.lib : _lock.obj (.bss)
                 [ 0000813c ]  0000409e          *   00000004              : exit.obj (.bss)
                 [ 00008144 ]  000040a2          *   00000004   timer.obj (.bss)
                 [ 0000814c ]  000040a6          *   00000003   csl_spi.obj (.bss)

.bss.5       0   [ 00008154 ]  000040aa          *   00000002   UNINITIALIZED
                 [ 00008154 ]  000040aa          *   00000002   ezdsp5535_i2s.obj (.bss)

.sysmem      0   [ 00008158 ]  000040ac          *   00002800   UNINITIALIZED
                 [ 00008158 ]  000040ac          *   00002800   --HOLE--

.const.1     0   [ 0000d158 ]  000068ac          *   00000447   
                 [ 0000d158 ]  000068ac          *   00000346   ezdsp5535_sdcard.obj (.const:.string)
                 [ 0000d7e4 ]  00006bf2          *   00000101   rts55x.lib : ctype.obj (.const:__ctypes_)

.const.2     0   [ 0000d9e8 ]  00006cf4          *   00000081   
                 [ 0000d9e8 ]  00006cf4          *   00000081   csl_cdc.obj (.const:.string)

.const.3     0   [ 0000daec ]  00006d76          *   0000005d   
                 [ 0000daec ]  00006d76          *   0000005d   spiflash_test.obj (.const:.string)

.const.4     0   [ 0000dba8 ]  00006dd4          *   0000003f   
                 [ 0000dba8 ]  00006dd4          *   0000003f   semtest.obj (.const:.string)

.const.5     0   [ 0000dc28 ]  00006e14          *   0000006b   
                 [ 0000dc28 ]  00006e14          *   0000003e   dynamic.obj (.const:.string)
                 [ 0000dca4 ]  00006e52          *   0000002d   QPeek.obj (.const:.string)

.const.6     0   [ 0000dd00 ]  00006e80          *   00000045   
                 [ 0000dd00 ]  00006e80          *   00000024   rts55x.lib : _printfi.obj (.const:.string)
                 [ 0000dd48 ]  00006ea4          *   00000021   blocktim.obj (.const:.string)

.const.7     0   [ 0000dd8c ]  00006ec6          *   00000021   
                 [ 0000dd8c ]  00006ec6          *   00000021   main.obj (.const:.string)

.const.8     0   [ 0000ddd0 ]  00006ee8          *   00000073   
                 [ 0000ddd0 ]  00006ee8          *   00000020   PollQ.obj (.const:.string)
                 [ 0000de10 ]  00006f08          *   00000018   flop.obj (.const:.string)
                 [ 0000de40 ]  00006f20          *   00000014   flop.obj (.const)
                 [ 0000de68 ]  00006f34          *   0000000c   rts55x.lib : _printfi.obj (.const)
                 [ 0000de80 ]  00006f40          *   00000008   integer.obj (.const:.string)
                 [ 0000de90 ]  00006f48          *   00000008   rts55x.lib : divd.obj (.const:_initial_approx$1)
                 [ 0000dea0 ]  00006f50          *   00000006   QueueOverwrite.obj (.const:.string)
                 [ 0000deac ]  00006f56          *   00000005   flash.obj (.const:.string)

.const.9     0   [ 0000deb8 ]  00006f5c          *   00000009   
                 [ 0000deb8 ]  00006f5c          *   00000005   tasks_sysStk.obj (.const:.string)
                 [ 0000dec2 ]  00006f61          *   00000004   main.obj (.const:_$P$T0$2)

.const.10 
*            0   [ 0000decc ]  00006f66          *   00000006   
                 [ 0000decc ]  00006f66          *   00000002   rts55x.lib : fputs.obj (.const:.string)
                 [ 0000ded0 ]  00006f68          *   00000002              : fltlid.obj (.const)
                 [ 0000ded4 ]  00006f6a          *   00000002              : fltuld.obj (.const)

.text.1      0     00020000  [ 00010000 ] 00004da0          *   
                   00020000  [ 00010000 ] 000015a4          *   rts55x.lib : _printfi.obj (.text)
                   000215a4  [ 00010ad2 ] 00001508          *   queue.obj (.text)
                   00022aac  [ 00011556 ] 000011eb          *   csl_nand.obj (.text)
                   00023c97  [ 00011e4b ] 00000001          *   --HOLE-- [fill = 20]
                   00023c98  [ 00011e4c ] 00001106          *   csl_uart.obj (.text)
                   00024d9e  [ 000126cf ] 00000002          *   --HOLE-- [fill = 20]

.text.2      0     00024da0  [ 000126d0 ] 00000dc2          *   
                   00024da0  [ 000126d0 ] 00000dc1          *   csl_dat.obj (.text)
                   00025b61  [ 00012db0 ] 00000001          *   --HOLE-- [fill = 20]

.text.3      0     00025b64  [ 00012db2 ] 000019da          *   
                   00025b64  [ 00012db2 ] 00000d74          *   csl_audioClass.obj (.text)
                   000268d8  [ 0001346c ] 00000c65          *   csl_cdc.obj (.text)
                   0002753d  [ 00013a9e ] 00000001          *   --HOLE-- [fill = 20]

.text.4      0     00027540  [ 00013aa0 ] 0000178c          *   
                   00027540  [ 00013aa0 ] 00000c4c          *   csl_i2c.obj (.text)
                   0002818c  [ 000140c6 ] 00000b3e          *   csl_mmcsd_ataIf.obj (.text)
                   00028cca  [ 00014665 ] 00000002          *   --HOLE-- [fill = 20]

.text.5      0     00028ccc  [ 00014666 ] 00002e1a          *   
                   00028ccc  [ 00014666 ] 00000b2b          *   csl_sar.obj (.text)
                   000297f7  [ 00014bfb ] 00000001          *   --HOLE-- [fill = 20]
                   000297f8  [ 00014bfc ] 000009e3          *   csl_i2s.obj (.text)
                   0002a1db  [ 000150ed ] 00000001          *   --HOLE-- [fill = 20]
                   0002a1dc  [ 000150ee ] 000008b4          *   csl_rtc.obj (.text)
                   0002aa90  [ 00015548 ] 00000838          *   csl_lcdc.obj (.text)
                   0002b2c8  [ 00015964 ] 0000081d          *   oled_test.obj (.text)
                   0002bae5  [ 00015d72 ] 00000001          *   --HOLE-- [fill = 20]

.text.6      0     0002bae8  [ 00015d74 ] 00002380          *   
                   0002bae8  [ 00015d74 ] 00000697          *   csl_gpio.obj (.text)
                   0002c17f  [ 000160bf ] 00000001          *   --HOLE-- [fill = 20]
                   0002c180  [ 000160c0 ] 00000678          *   main.obj (.text)
                   0002c7f8  [ 000163fc ] 000005bb          *   csl_spi.obj (.text)
                   0002cdb3  [ 000166d9 ] 00000001          *   --HOLE-- [fill = 20]
                   0002cdb4  [ 000166da ] 000005bb          *   event_groups.obj (.text)
                   0002d36f  [ 000169b7 ] 00000001          *   --HOLE-- [fill = 20]
                   0002d370  [ 000169b8 ] 000005b3          *   blocktim.obj (.text)
                   0002d923  [ 00016c91+] 00000543          *   rts55x.lib : lowlev.obj (.text)
                   0002de66  [ 00016f33 ] 00000002          *   --HOLE-- [fill = 20]

.text.7      0     0002de68  [ 00016f34 ] 000013ec          *   
                   0002de68  [ 00016f34 ] 00000538          *   csl_intc.obj (.text)
                   0002e3a0  [ 000171d0 ] 00000528          *   rts55x.lib : trgdrv.obj (.text)
                   0002e8c8  [ 00017464 ] 000004d5          *   ezdsp5535_sdcard.obj (.text)
                   0002ed9d  [ 000176ce+] 000004b5          *   rts55x.lib : memory.obj (.text)
                   0002f252  [ 00017929 ] 00000002          *   --HOLE-- [fill = 20]

.text.8      0     0002f254  [ 0001792a ] 00000430          *   
                   0002f254  [ 0001792a ] 0000042e          *   QPeek.obj (.text)
                   0002f682  [ 00017b41 ] 00000002          *   --HOLE-- [fill = 20]

.text.9      0     0002f684  [ 00017b42 ] 00000816          *   
                   0002f684  [ 00017b42 ] 00000427          *   croutine.obj (.text)
                   0002faab  [ 00017d55 ] 00000001          *   --HOLE-- [fill = 20]
                   0002faac  [ 00017d56 ] 000003ed          *   portASM.obj (.text)
                   0002fe99  [ 00017f4c ] 00000001          *   --HOLE-- [fill = 20]

.text.10     0     0002fe9c  [ 00017f4e ] 000007a0          *   
                   0002fe9c  [ 00017f4e ] 000003d2          *   flop.obj (.text)
                   0003026e  [ 00018137 ] 000003cc          *   rts55x.lib : divd.obj (.text)
                   0003063a  [ 0001831d ] 00000002          *   --HOLE-- [fill = 20]

.text.11     0     0003063c  [ 0001831e ] 000003c4          *   
                   0003063c  [ 0001831e ] 000003c2          *   ezdsp5535_spiflash.obj (.text)
                   000309fe  [ 000184ff ] 00000002          *   --HOLE-- [fill = 20]

.text.12     0     00030a00  [ 00018500 ] 000006ca          *   
                   00030a00  [ 00018500 ] 00000383          *   dynamic.obj (.text)
                   00030d83  [ 000186c1 ] 00000001          *   --HOLE-- [fill = 20]
                   00030d84  [ 000186c2 ] 00000345          *   csl_mem.obj (.text)
                   000310c9  [ 00018864 ] 00000001          *   --HOLE-- [fill = 20]

.text.13     0     000310cc  [ 00018866 ] 000017c0          *   
                   000310cc  [ 00018866 ] 000002f7          *   csl_gpt.obj (.text)
                   000313c3  [ 000189e1 ] 00000001          *   --HOLE-- [fill = 20]
                   000313c4  [ 000189e2 ] 000002f4          *   semtest.obj (.text)
                   000316b8  [ 00018b5c ] 000002ef          *   aic_test_i2c.obj (.text)
                   000319a7  [ 00018cd3 ] 00000001          *   --HOLE-- [fill = 20]
                   000319a8  [ 00018cd4 ] 000002ac          *   csl_pll.obj (.text)
                   00031c54  [ 00018e2a ] 00000298          *   i2s_register.obj (.text)
                   00031eec  [ 00018f76 ] 0000027f          *   rts55x.lib : fopen.obj (.text)
                   0003216b  [ 000190b5 ] 00000001          *   --HOLE-- [fill = 20]
                   0003216c  [ 000190b6 ] 00000266          *   csl_wdt.obj (.text)
                   000323d2  [ 000191e9 ] 0000025e          *   rts55x.lib : llmpy.obj (.text)
                   00032630  [ 00019318 ] 0000025a          *              : addd.obj (.text)
                   0003288a  [ 00019445 ] 00000002          *   --HOLE-- [fill = 20]

.text.14     0     0003288c  [ 00019446 ] 00000238          *   
                   0003288c  [ 00019446 ] 00000236          *   QueueOverwrite.obj (.text)
                   00032ac2  [ 00019561 ] 00000002          *   --HOLE-- [fill = 20]

.text.15     0     00032ac4  [ 00019562 ] 000003e2          *   
                   00032ac4  [ 00019562 ] 000001f7          *   ezdsp5535_led.obj (.text)
                   00032cbb  [ 0001965d+] 000001ea          *   rts55x.lib : cmpd.obj (.text)
                   00032ea5  [ 00019752 ] 00000001          *   --HOLE-- [fill = 20]

.text.16     0     00032ea8  [ 00019754 ] 000001c4          *   
                   00032ea8  [ 00019754 ] 000001c2          *   PollQ.obj (.text)
                   0003306a  [ 00019835 ] 00000002          *   --HOLE-- [fill = 20]

.text.17     0     0003306c  [ 00019836 ] 00000370          *   
                   0003306c  [ 00019836 ] 000001c0          *   port.obj (.text)
                   0003322c  [ 00019916 ] 000001ae          *   list.obj (.text)
                   000333da  [ 000199ed ] 00000002          *   --HOLE-- [fill = 20]

.text.18     0     000333dc  [ 000199ee ] 00000196          *   
                   000333dc  [ 000199ee ] 00000195          *   ezdsp5535_lcd.obj (.text)
                   00033571  [ 00019ab8 ] 00000001          *   --HOLE-- [fill = 20]

.text.19     0     00033574  [ 00019aba ] 000007f8          *   
                   00033574  [ 00019aba ] 0000018b          *   spiflash_test.obj (.text)
                   000336ff  [ 00019b7f ] 00000001          *   --HOLE-- [fill = 20]
                   00033700  [ 00019b80 ] 0000017c          *   ezdsp5535_sar.obj (.text)
                   0003387c  [ 00019c3e ] 00000163          *   rts55x.lib : fputs.obj (.text)
                   000339df  [ 00019cef+] 0000014c          *              : mpyd.obj (.text)
                   00033b2b  [ 00019d95 ] 00000001          *   --HOLE-- [fill = 20]
                   00033b2c  [ 00019d96 ] 0000012b          *   timer.obj (.text:retain)
                   00033c57  [ 00019e2b ] 00000001          *   --HOLE-- [fill = 20]
                   00033c58  [ 00019e2c ] 00000112          *   ezdsp5535_i2s.obj (.text)
                   00033d6a  [ 00019eb5 ] 00000002          *   --HOLE-- [fill = 20]

.text.20     0     00033d6c  [ 00019eb6 ] 000002e8          *   
                   00033d6c  [ 00019eb6 ] 00000104          *   integer.obj (.text)
                   00033e70  [ 00019f38 ] 000000fc          *   rtc.obj (.text)
                   00033f6c  [ 00019fb6 ] 000000e6          *   rts55x.lib : setvbuf.obj (.text)
                   00034052  [ 0001a029 ] 00000002          *   --HOLE-- [fill = 20]

.text.21     0     00034054  [ 0001a02a ] 00000408          *   
                   00034054  [ 0001a02a ] 000000de          *   flash.obj (.text)
                   00034132  [ 0001a099 ] 000000dd          *   rts55x.lib : _io_perm.obj (.text)
                   0003420f  [ 0001a107 ] 00000001          *   --HOLE-- [fill = 20]
                   00034210  [ 0001a108 ] 000000ce          *   heap_1.obj (.text)
                   000342de  [ 0001a16f ] 000000c2          *   rts55x.lib : fflush.obj (.text)
                   000343a0  [ 0001a1d0 ] 000000ba          *              : trgmsg.obj (.text:CIO_breakpoint)
                   0003445a  [ 0001a22d ] 00000002          *   --HOLE-- [fill = 20]

.text.22     0     0003445c  [ 0001a22e ] 00000156          *   
                   0003445c  [ 0001a22e ] 000000af          *   mem_test.obj (.text)
                   0003450b  [ 0001a285+] 000000a6          *   rts55x.lib : fputc.obj (.text)
                   000345b1  [ 0001a2d8 ] 00000001          *   --HOLE-- [fill = 20]

.text.23     0     000345b4  [ 0001a2da ] 000001e0          *   
                   000345b4  [ 0001a2da ] 000000a2          *   ezdsp5535_uart.obj (.text)
                   00034656  [ 0001a32b ] 000000a1          *   rts55x.lib : divul.obj (.text)
                   000346f7  [ 0001a37b ] 00000001          *   --HOLE-- [fill = 20]
                   000346f8  [ 0001a37c ] 0000009a          *   ParTest.obj (.text)
                   00034792  [ 0001a3c9 ] 00000002          *   --HOLE-- [fill = 20]

.text.24     0     00034794  [ 0001a3ca ] 0000076e          *   
                   00034794  [ 0001a3ca ] 00000094          *   ezdsp5535_i2c.obj (.text)
                   00034828  [ 0001a414 ] 0000008c          *   csl_irqplug.obj (.text)
                   000348b4  [ 0001a45a ] 0000008c          *   i2s.obj (.text)
                   00034940  [ 0001a4a0 ] 0000008a          *   ezdsp5535_gpio.obj (.text)
                   000349ca  [ 0001a4e5 ] 0000007f          *   vectors.obj (.text)
                   00034a49  [ 0001a524+] 0000007d          *   rts55x.lib : ltoa.obj (.text)
                   00034ac6  [ 0001a563 ] 0000007b          *              : fclose.obj (.text)
                   00034b41  [ 0001a5a0+] 00000076          *              : frcmpyd.obj (.text)
                   00034bb7  [ 0001a5db+] 00000073          *              : frcmpyd_div.obj (.text)
                   00034c2a  [ 0001a615 ] 00000072          *              : remul.obj (.text)
                   00034c9c  [ 0001a64e ] 0000006f          *              : fixdli.obj (.text)
                   00034d0b  [ 0001a685+] 0000006d          *              : trgmsg.obj (.text)
                   00034d78  [ 0001a6bc ] 0000006b          *              : fseek.obj (.text)
                   00034de3  [ 0001a6f1+] 00000067          *              : fltlid.obj (.text)
                   00034e4a  [ 0001a725 ] 0000005c          *              : atoi.obj (.text)
                   00034ea6  [ 0001a753 ] 0000005b          *              : fltuld.obj (.text)
                   00034f01  [ 0001a780 ] 00000001          *   --HOLE-- [fill = 20]

.text.25     0     00034f04  [ 0001a782 ] 000000a8          *   
                   00034f04  [ 0001a782 ] 00000056          *   ezdsp5535.obj (.text)
                   00034f5a  [ 0001a7ad ] 00000050          *   rts55x.lib : printf.obj (.text)
                   00034faa  [ 0001a7d5 ] 00000002          *   --HOLE-- [fill = 20]

.text.26     0     00034fac  [ 0001a7d6 ] 0000038a          *   
                   00034fac  [ 0001a7d6 ] 0000004e          *   rtc.obj (.text:retain)
                   00034ffa  [ 0001a7fd ] 0000004d          *   rts55x.lib : autoinit.obj (.text)
                   00035047  [ 0001a823 ] 00000001          *   --HOLE-- [fill = 20]
                   00035048  [ 0001a824 ] 0000004c          *   timer.obj (.text)
                   00035094  [ 0001a84a ] 0000004b          *   rts55x.lib : args_main.obj (.text)
                   000350df  [ 0001a86f+] 0000004b          *              : remli.obj (.text)
                   0003512a  [ 0001a895 ] 00000048          *              : divli.obj (.text)
                   00035172  [ 0001a8b9 ] 0000003f          *              : memcpy.obj (.text)
                   000351b1  [ 0001a8d8+] 0000003e          *              : exit.obj (.text)
                   000351ef  [ 0001a8f7+] 00000034          *              : boot.obj (.text)
                   00035223  [ 0001a911+] 0000002a          *              : fixdi.obj (.text)
                   0003524d  [ 0001a926+] 0000002a          *              : udiv.obj (.text)
                   00035277  [ 0001a93b+] 00000023          *              : memccpy.obj (.text)
                   0003529a  [ 0001a94d ] 0000001a          *              : isinf.obj (.text)
                   000352b4  [ 0001a95a ] 00000014          *              : subd.obj (.text)
                   000352c8  [ 0001a964 ] 00000013          *              : lmpy.obj (.text)
                   000352db  [ 0001a96d+] 00000012          *              : _lock.obj (.text)
                   000352ed  [ 0001a976+] 00000011          *              : memset.obj (.text)
                   000352fe  [ 0001a97f ] 00000011          *              : strlen.obj (.text)
                   0003530f  [ 0001a987+] 00000010          *              : negd.obj (.text)
                   0003531f  [ 0001a98f+] 0000000e          *              : fltud.obj (.text)
                   0003532d  [ 0001a996+] 00000007          *              : exit.obj (.text:CIO_breakpoint)
                   00035334  [ 0001a99a ] 00000002          *   --HOLE-- [fill = 20]

.cinit       0   [ 00040000 ]  00020000          *   00000313   
                 [ 00040000 ]  00020000          *   000000dc   dma.obj (.cinit)
                 [ 000401b8 ]  000200dc          *   00000061   port.obj (.cinit)
                 [ 0004027a ]  0002013d          *   0000003d   tasks_sysStk.obj (.cinit)
                 [ 000402f4 ]  0002017a          *   00000039   main.obj (.cinit)
                 [ 00040366 ]  000201b3          *   0000002d   rts55x.lib : lowlev.obj (.cinit)
                 [ 000403c0 ]  000201e0          *   0000002a              : defs.obj (.cinit)
                 [ 00040414 ]  0002020a          *   0000001f   dynamic.obj (.cinit)
                 [ 00040452 ]  00020229          *   00000018   croutine.obj (.cinit)
                 [ 00040482 ]  00020241          *   00000015   csl_mmcsd_ataIf.obj (.cinit)
                 [ 000404ac ]  00020256          *   00000014   blocktim.obj (.cinit)
                 [ 000404d4 ]  0002026a          *   00000013   QueueOverwrite.obj (.cinit)
                 [ 000404fa ]  0002027d          *   00000010   timer.obj (.cinit)
                 [ 0004051a ]  0002028d          *   0000000e   QPeek.obj (.cinit)
                 [ 00040536 ]  0002029b          *   0000000d   ParTest.obj (.cinit)
                 [ 00040550 ]  000202a8          *   0000000c   ezdsp5535_sar.obj (.cinit)
                 [ 00040568 ]  000202b4          *   0000000c   semtest.obj (.cinit)
                 [ 00040580 ]  000202c0          *   0000000a   rts55x.lib : _lock.obj (.cinit)
                 [ 00040594 ]  000202ca          *   0000000a              : exit.obj (.cinit)
                 [ 000405a8 ]  000202d4          *   00000009   flash.obj (.cinit)
                 [ 000405ba ]  000202dd          *   00000009   heap_1.obj (.cinit)
                 [ 000405cc ]  000202e6          *   00000008   PollQ.obj (.cinit)
                 [ 000405dc ]  000202ee          *   00000008   csl_i2s.obj (.cinit)
                 [ 000405ec ]  000202f6          *   00000008   rtc.obj (.cinit)
                 [ 000405fc ]  000202fe          *   00000004   flop.obj (.cinit)
                 [ 00040604 ]  00020302          *   00000004   i2s.obj (.cinit)
                 [ 0004060c ]  00020306          *   00000004   integer.obj (.cinit)
                 [ 00040614 ]  0002030a          *   00000004   rts55x.lib : fopen.obj (.cinit)
                 [ 0004061c ]  0002030e          *   00000004              : memory.obj (.cinit)
                 [ 00040624 ]  00020312          *   00000001   --HOLE-- [fill = 0]

.cio         0   [ 00040628 ]  00020314          *   00000120   UNINITIALIZED
                 [ 00040628 ]  00020314          *   00000120   rts55x.lib : trgmsg.obj (.cio)

.switch      0   [ 00040868 ]  00020434          *   000000e0   
                 [ 00040868 ]  00020434          *   00000022   csl_sdio.obj (.switch:_SDIO_eventDisable)
                 [ 000408ac ]  00020456          *   00000022   csl_sdio.obj (.switch:_SDIO_eventEnable)
                 [ 000408f0 ]  00020478          *   00000020   csl_dma.obj (.switch:_DMA_config)
                 [ 00040930 ]  00020498          *   00000020   csl_dma.obj (.switch:_DMA_getConfig)
                 [ 00040970 ]  000204b8          *   00000020   csl_dma.obj (.switch:_DMA_reset)
                 [ 000409b0 ]  000204d8          *   00000018   csl_usb.obj (.switch:_USB_coreEventProcessEp0)
                 [ 000409e0 ]  000204f0          *   00000014   rtc.obj (.switch:_NtoC)
                 [ 00040a08 ]  00020504          *   00000010   csl_msc.obj (.switch:_MSC_Bulk)

.text.27     0     00040a28  [ 00020514 ] 0000d8fe          *   
                   00040a28  [ 00020514 ] 0000444f          *   csl_mmcsd.obj (.text)
                   00044e77  [ 0002273b ] 00000001          *   --HOLE-- [fill = 20]
                   00044e78  [ 0002273c ] 00002b4f          *   csl_msc.obj (.text)
                   000479c7  [ 00023ce3 ] 00000001          *   --HOLE-- [fill = 20]
                   000479c8  [ 00023ce4 ] 00002a24          *   csl_sdio.obj (.text)
                   0004a3ec  [ 000251f6 ] 000021d5          *   csl_usb.obj (.text)
                   0004c5c1  [ 000262e0+] 00000002          *   rts55x.lib : vectors.obj (.text)
                   0004c5c3  [ 000262e1 ] 00000001          *   --HOLE-- [fill = 20]
                   0004c5c4  [ 000262e2 ] 00001d61          *   tasks_sysStk.obj (.text)
                   0004e325  [ 00027192 ] 00000001          *   --HOLE-- [fill = 20]

.text.28     0     0004e328  [ 00027194 ] 00001ad6          *   
                   0004e328  [ 00027194 ] 000018ac          *   csl_dma.obj (.text)
                   0004fbd4  [ 00027dea ] 0000021e          *   dma.obj (.text)
                   0004fdf2  [ 00027ef9 ] 0000000a          *   rts55x.lib : remove.obj (.text)
                   0004fdfc  [ 00027efe ] 00000002          *   --HOLE-- [fill = 20]

vectors      0     0004fe00  [ 00027f00 ] 00000200          *   
                   0004fe00  [ 00027f00 ] 00000100          *   rts55x.lib : vectors.obj (vectors)
                   0004ff00  [ 00027f80 ] 00000100          *   vectors.obj (vectors)


GLOBAL SYMBOLS: SORTED ALPHABETICALLY BY Name 

abs. value/
byte addr   word addr   name
---------   ---------   ----
00000002                $TI_capability$C5500$CallingConvention
00000002                $TI_capability$C5500$MemoryModel
00000001                $TI_capability_requires_rev3
ffffffff                .bss
ffffffff                .data
ffffffff                .text
0003532e                C$$EXIT
00034455                C$$IO$$
000352c8                I$$LMPY
0003524d                I$$UDIV
00035262                I$$UMOD
00025e28                _AC_Close
00025e64                _AC_Ctrl
000260f8                _AC_GetactivityFlagStatus
00026114                _AC_GetsuspendFlagStatus
0002605c                _AC_Iso
00025be0                _AC_Open
0002612c                _AC_initDescriptors
00026690                _AC_reqGetCurrent
000263dc                _AC_reqGetDescriptor
00026798                _AC_reqGetMaximum
00026754                _AC_reqGetMinimum
000267dc                _AC_reqGetResolution
000265b4                _AC_reqSetCurrent
00026820                _AC_reqSetInterface
000316b8                _AIC3254_init
            000030f8    _ATA_No_Swap
0002c574                _BlinkLED
            00003f41    _Buf_Address
            00004021    _Buf_day
            0000401e    _Buf_hour
            0000401b    _Buf_min
            00004024    _Buf_month
            00004018    _Buf_sec
            00004027    _Buf_year
00026b64                _CDC_Close
00026ba0                _CDC_GetactivityFlagStatus
00026bb8                _CDC_GetsuspendFlagStatus
0002696c                _CDC_Open
00026990                _CDC_OpenFullspeed
00026fcc                _CDC_bulkInHandler
00026ecc                _CDC_bulkOutHandler
00026bd0                _CDC_eventHandler
000272bc                _CDC_getData
0002734c                _CDC_putData
0002c558                _ConfigPort
            0000402b    _Conunt_RTC
00024e78                _DAT_close
0002500c                _DAT_copy
00025508                _DAT_fill
00024da0                _DAT_open
00025a18                _DAT_wait
            00003fdc    _DBSTAT_HIGH
            00003fdb    _DBSTAT_LOW
            000039d8    _DMA_Count
            000039db    _DMA_Done
0004e44c                _DMA_close
0004e46c                _DMA_config
0004f040                _DMA_getConfig
0004fb28                _DMA_getLastTransferType
0004e328                _DMA_init
0004e360                _DMA_open
0004f7c4                _DMA_reset
0004f5b0                _DMA_start
0004f6c0                _DMA_stop
0004fab0                _DMA_swapWords
0003463c                _EVM5515_UART_getChar
00034624                _EVM5515_UART_putChar
000349ac                _EZDSP5535_GPIO_getInput
00034940                _EZDSP5535_GPIO_init
0003496c                _EZDSP5535_GPIO_setDirection
00034990                _EZDSP5535_GPIO_setOutput
00034794                _EZDSP5535_I2C_init
00034800                _EZDSP5535_I2C_read
000347cc                _EZDSP5535_I2C_reset
000347d8                _EZDSP5535_I2C_write
00033d58                _EZDSP5535_I2S_close
00033c58                _EZDSP5535_I2S_init
00033cb4                _EZDSP5535_I2S_readLeft
00033d18                _EZDSP5535_I2S_readRight
00033ce8                _EZDSP5535_I2S_writeLeft
00033d3c                _EZDSP5535_I2S_writeRight
00032afc                _EZDSP5535_LED_getall
00032ac4                _EZDSP5535_LED_init
00032bf8                _EZDSP5535_LED_off
00032bc0                _EZDSP5535_LED_on
00032b50                _EZDSP5535_LED_setall
00032c2c                _EZDSP5535_LED_toggle
00033450                _EZDSP5535_OSD9616_init
00033404                _EZDSP5535_OSD9616_multiSend
00033534                _EZDSP5535_OSD9616_printLetter
000333dc                _EZDSP5535_OSD9616_send
000337c8                _EZDSP5535_SAR_getKey
00033700                _EZDSP5535_SAR_init
0002ecd8                _EZDSP5535_SDCARD_close
0002e8c8                _EZDSP5535_SDCARD_init
0002ec70                _EZDSP5535_SDCARD_read
0002eca4                _EZDSP5535_SDCARD_write
000306e4                _EZDSP5535_SPIFLASH_erase
0003063c                _EZDSP5535_SPIFLASH_init
000307e8                _EZDSP5535_SPIFLASH_read
000306a0                _EZDSP5535_SPIFLASH_status
00030898                _EZDSP5535_SPIFLASH_write
000345b4                _EZDSP5535_UART_open
00032c8c                _EZDSP5535_XF_get
00032c80                _EZDSP5535_XF_off
00032c74                _EZDSP5535_XF_on
00032c9c                _EZDSP5535_XF_toggle
00034f4c                _EZDSP5535_init
00034f04                _EZDSP5535_wait
00034f38                _EZDSP5535_waitusec
            000039d9    _Error_Count_L
            000039da    _Error_Count_R
            0000402a    _Flag_RTC
0002bfdc                _GPIO_clearInt
0002bb2c                _GPIO_close
0002bb50                _GPIO_config
0002bd88                _GPIO_configBit
0002bed0                _GPIO_disableInt
0002bf50                _GPIO_enableInt
0002bbd8                _GPIO_getConfig
0002bae8                _GPIO_open
0002bc60                _GPIO_read
0002c0f0                _GPIO_reset
0002c068                _GPIO_statusBit
0002bce4                _GPIO_write
0003120c                _GPT_close
0003131c                _GPT_config
000312e0                _GPT_getCnt
000310cc                _GPT_open
00031190                _GPT_reset
00031284                _GPT_start
000312b4                _GPT_stop
0002c5ac                _GenerateAudioTone
            0000408e    _GpioObj
0002e86a                _HOSTclock
0002e7ff                _HOSTclose
0002e74a                _HOSTlseek
0002e6ab                _HOSTopen
0002e61e                _HOSTread
0002e570                _HOSTrename
0002e512                _HOSTtime
0002e4a8                _HOSTunlink
0002e41b                _HOSTwrite
000275ec                _I2C_config
00027fc0                _I2C_eventDisable
00027e8c                _I2C_eventEnable
00027754                _I2C_getConfig
00028170                _I2C_getEventId
00027540                _I2C_init
00027c6c                _I2C_read
000280e0                _I2C_setCallback
0002782c                _I2C_setup
00027a28                _I2C_write
            00003ee1    _I2S_RCV_L
            00003f11    _I2S_RCV_R
00029c24                _I2S_close
000297f8                _I2S_open
00029cd0                _I2S_read
0002a0e4                _I2S_reset
0002993c                _I2S_setup
0002a190                _I2S_transEnable
00029f8c                _I2S_write
0002def0                _IRQ_clear
0002df5c                _IRQ_clearAll
0002df6c                _IRQ_config
0002e07c                _IRQ_disable
0002e0fc                _IRQ_disableAll
0002e10c                _IRQ_enable
0002e208                _IRQ_getArg
0002dff4                _IRQ_getConfig
0002e354                _IRQ_globalDisable
0002e370                _IRQ_globalEnable
0002e38c                _IRQ_globalRestore
0002de68                _IRQ_init
0002e280                _IRQ_map
00034828                _IRQ_plug
0002e198                _IRQ_restore
0002e24c                _IRQ_setArg
0002e2ac                _IRQ_setVecs
0002e2e0                _IRQ_test
0002c4f0                _InitSystem
0002b2a8                _LCD_close
0002af58                _LCD_configDMA
0002aa90                _LCD_init
0002aab8                _LCD_open
0002aafc                _LCD_setup
            00004094    _LED_Blink_ctr
0002c6c8                _LED_TaskBlue
0002c6f0                _LED_TaskRed
00030f58                _MEM_disablePartialRetentionMode
00030dcc                _MEM_disableRetentionMode
00030e10                _MEM_enablePartialRetentionMode
00030d88                _MEM_enableRetentionMode
000310b8                _MEM_getmSDRAMClock
00030d84                _MEM_init
0003107c                _MEM_setmSDRAMClock
00028c54                _MMC_busyStatusCheck
00044db4                _MMC_checkReadDmaDone
00040d90                _MMC_clearResponse
00040c70                _MMC_close
00028c3c                _MMC_commandReadyStatusCheck
000414c8                _MMC_config
00028c48                _MMC_dataReadyStatusCheck
00041818                _MMC_deselectCard
000412e0                _MMC_drrdy
00041328                _MMC_dxrdy
00041108                _MMC_eventDisable
00040f0c                _MMC_eventEnable
00028c70                _MMC_file_system_format
00028c98                _MMC_flushFat
000424b4                _MMC_getCardCsd
00044b8c                _MMC_getCardStatus
00041564                _MMC_getConfig
00040d58                _MMC_getNumberOfCards
00028c60                _MMC_getSerialID
000413b0                _MMC_getStatus
00028c90                _MMC_get_date
00028c94                _MMC_get_mod_date
00028c8c                _MMC_get_mod_time
00028c88                _MMC_get_time
00040eb0                _MMC_ierDisable
00040e6c                _MMC_ierEnable
00040a28                _MMC_init
0002818c                _MMC_initState
00040ee4                _MMC_intEnable
000285b0                _MMC_issueReadCommand
00040a60                _MMC_open
00042fe4                _MMC_read
000289a8                _MMC_readNSectors
00028850                _MMC_readNextNWords
0002876c                _MMC_readNextWord
000287dc                _MMC_readNextWord1
000282d0                _MMC_readWriteControl
00028b58                _MMC_read_CID
00028bc4                _MMC_read_CSD
00028c7c                _MMC_reset
00041370                _MMC_saveStatus
000418e8                _MMC_selectCard
000420f0                _MMC_sendAllCID
00041604                _MMC_sendCmd
000416b8                _MMC_sendGoIdle
00041e78                _MMC_sendOpCond
00044854                _MMC_setBlockLength
00040d18                _MMC_setCallBack
00040ce4                _MMC_setCardPtr
00040cb0                _MMC_setCardType
0004469c                _MMC_setDataTransferCallback
000446ec                _MMC_setDmaChanConfig
0004463c                _MMC_setDmaHandle
000447cc                _MMC_setEndianMode
00041f1c                _MMC_setRca
000448ec                _MMC_setWriteBlkEraseCnt
00041414                _MMC_setupNative
00041740                _MMC_stop
00043a00                _MMC_write
00028a80                _MMC_writeNSectors
000288c0                _MMC_writeSector
00028c30                _MMC_writeSectorFlush
00045dec                _MSC_Bulk
000459c8                _MSC_Close
00045bf4                _MSC_Ctrl
00046680                _MSC_ExecuteRead
00046a74                _MSC_ExecuteWrite
00045ee8                _MSC_GetLunLockedStatus
00045f18                _MSC_GetactivityFlagStatus
00045f34                _MSC_GetsuspendFlagStatus
0004724c                _MSC_HandlePreventAllowMediaRemoval
000473f0                _MSC_HandleReadCapacity
000463dc                _MSC_HandleStateWaitForCBW
00047028                _MSC_HandleTestUnitReady
00045658                _MSC_Open
0004567c                _MSC_OpenFullspeed
00045a04                _MSC_SetLunAttr
0004794c                _MSC_handleDataDirMisMatch
00047878                _MSC_reqBotMscReset
00047640                _MSC_reqGetDescriptor
000478e4                _MSC_sendCswWithPhaseError
00023270                _NAND_checkCommandStatus
00023444                _NAND_disableHwECC
0002331c                _NAND_enableHwECC
0002305c                _NAND_getBankInfo
00023b50                _NAND_getIntrNum
00023a30                _NAND_hasCacheProg
00023a60                _NAND_hasCopyBack
000239d0                _NAND_hasRandomRead
00023a00                _NAND_hasRandomWrite
00022aac                _NAND_init
00023c38                _NAND_intrClear
00023af0                _NAND_intrDisable
00023a90                _NAND_intrEnable
00023b70                _NAND_intrReadAT
00023bb0                _NAND_intrReadLT
00023bf4                _NAND_intrReadWR
0002315c                _NAND_isStatusWriteProtected
0002352c                _NAND_readECC
000236e0                _NAND_readNBytes
00023244                _NAND_sendCommand
000232d8                _NAND_setAddress
00023120                _NAND_setLatchEnableOffset
00022b40                _NAND_setup
000237f4                _NAND_writeNBytes
00031b98                _PLL_bypass
00031a0c                _PLL_config
00031b30                _PLL_enable
000319d4                _PLL_init
00031be8                _PLL_reset
0004ff00                _RST
00034fac                _RTC_Isr
0002a974                _RTC_bcdToDec
0002a2a4                _RTC_config
0002a934                _RTC_decToBcd
0002a82c                _RTC_eventDisable
0002a740                _RTC_eventEnable
0002a390                _RTC_getConfig
0002a578                _RTC_getDate
0002a8e0                _RTC_getEventId
0002a4bc                _RTC_getTime
0002a268                _RTC_reset
0002a5b8                _RTC_setAlarm
0002a9b4                _RTC_setCallback
0002aa44                _RTC_setCompensation
0002a508                _RTC_setDate
0002a68c                _RTC_setPeriodicInterval
0002a440                _RTC_setTime
0002a278                _RTC_start
0002a29c                _RTC_stop
            00003978    _RcvL_Sine
            000039a8    _RcvR_Sine
0004fe00                _Reset
00029260                _SAR_A2DMeasParamSet
000296dc                _SAR_GPODirSet
00028dcc                _SAR_chanClose
00028e50                _SAR_chanConfig
00029150                _SAR_chanCycSet
00028d4c                _SAR_chanInit
00028d68                _SAR_chanOpen
00028f3c                _SAR_chanSetup
00028d2c                _SAR_deInit
00028ec8                _SAR_getConfig
000297b8                _SAR_getStatus
00028ccc                _SAR_init
0002921c                _SAR_readData
000291a0                _SAR_startConversion
000291d4                _SAR_stopConversion
00048960                _SDIO_clearResponse
00047ad4                _SDIO_close
00047afc                _SDIO_config
00048574                _SDIO_deselectCard
00047bd4                _SDIO_detectCard
00048d38                _SDIO_eventDisable
00048b10                _SDIO_eventEnable
000484ac                _SDIO_getRca
000487cc                _SDIO_getResponse
00048aa4                _SDIO_getSdioStatus
00048a3c                _SDIO_getStatus
000479c8                _SDIO_init
00047f40                _SDIO_initCard
00047a08                _SDIO_open
00049a50                _SDIO_readBlocks
000491cc                _SDIO_readBytes
00048fa0                _SDIO_readSingleByte
00048f68                _SDIO_readWaitDisable
00048f30                _SDIO_readWaitEnable
000483c4                _SDIO_resetCard
00048634                _SDIO_selectCard
000486f8                _SDIO_sendCommand
0004a364                _SDIO_setClock
0004a2e4                _SDIO_setEndianMode
00049e90                _SDIO_writeBlocks
00049610                _SDIO_writeBytes
000490cc                _SDIO_writeSingleByte
00044c88                _SD_configurePullup
00042908                _SD_getCardCsd
000422c8                _SD_sendAllCID
00041ff4                _SD_sendRca
00044a1c                _SD_setBusWidth
0002c890                _SPI_close
0002c8bc                _SPI_config
0002cd40                _SPI_dataTransaction
0002cb44                _SPI_deInit
0002c7f8                _SPI_init
0002c85c                _SPI_open
0002cb70                _SPI_read
0002cc54                _SPI_write
            00003fde    _STATUS0_HIGH
            00003fdd    _STATUS0_LOW
            00003fe0    _STATUS1_HIGH
            00003fdf    _STATUS1_LOW
            00003fe2    _STATUS2_HIGH
            00003fe1    _STATUS2_LOW
0002c568                _SYS_GlobalIntDisable
0002c560                _SYS_GlobalIntEnable
            0000407c    _SarHandle
            00004078    _SarObj
0003508c                _StartTimer0
00035048                _Timer0Init
            000040a4    _Timer0_Int_CTR
            000040a5    _Timer2_Int_CTR
00033b2c                _Timer_isr
00024288                _UART_config
000245c8                _UART_eventDisable
00024530                _UART_eventEnable
00024908                _UART_fgetc
00024a30                _UART_fgets
000249a8                _UART_fputc
00024b60                _UART_fputs
00024c78                _UART_getConfig
00024c50                _UART_getEventId
00023d24                _UART_init
00024658                _UART_read
0002449c                _UART_reset
000244e4                _UART_resetOff
00024d38                _UART_setCallback
00023de0                _UART_setup
00024390                _UART_setupBaudRate
00024784                _UART_write
0004bb94                _USB_abortAllTransaction
0004ba34                _USB_abortTransaction
0004b490                _USB_bytesRemaining
0004b698                _USB_clearEndptStall
0004bbe8                _USB_connectDev
0004c108                _USB_coreEventProcessEp0
0004bc1c                _USB_disconnectDev
0004b904                _USB_epNumToHandle
0004bf84                _USB_findFifoSize
0004bf2c                _USB_getDataCountReadFromFifo
0004b880                _USB_getEndptStall
0004b0bc                _USB_getEvents
0004bd2c                _USB_getFrameNo
0004bed8                _USB_getMaxPower
0004bc7c                _USB_getRemoteWakeupStat
0004b1a4                _USB_getSetupPacket
0004a680                _USB_init
0004acd4                _USB_initEndptObj
0004bdf8                _USB_initPLL
0004b408                _USB_isTransactionDone
0004bc94                _USB_issueRemoteWakeup
0004b134                _USB_peekEvents
0004b24c                _USB_postTransaction
0004aaa4                _USB_resetDev
0004bd8c                _USB_selfwakeup
0004bce4                _USB_setDevAddr
0004bef8                _USB_setFullSpeedMode
0004be7c                _USB_setParams
0004bc4c                _USB_setRemoteWakeup
0004b524                _USB_stallEndpt
0004bd48                _USB_suspendDevice
0004ff00                _VECSTART
000322a4                _WDTIM_close
0003231c                _WDTIM_config
00032274                _WDTIM_getCnt
00032388                _WDTIM_getConfig
0003216c                _WDTIM_open
000322e8                _WDTIM_service
000321e4                _WDTIM_start
0003222c                _WDTIM_stop
            000038b8    _XmitL_Sine_1K
            000038e8    _XmitL_Sine_2K
            00003918    _XmitR_Sine_1K
            00003948    _XmitR_Sine_2K
            00020314    __CIOBUF_
            00001060    __STACK_END
00002000                __STACK_SIZE
00005000                __SYSMEM_SIZE
00001000                __SYSSTACK_SIZE
00000001                __TI_args_main
ffffffff                ___binit__
ffffffff                ___bss__
ffffffff                ___c_args__
            00020000    ___cinit__
ffffffff                ___data__
ffffffff                ___edata__
ffffffff                ___end__
ffffffff                ___etext__
0003529a                ___isinf
ffffffff                ___pinit__
ffffffff                ___text__
00032630                __addd
00035094                __args_main
0003200d                __cleanup
            0000409e    __cleanup_ptr
00032e4d                __cmpd
            00006bf2    __ctypes_
0003026e                __divd
0003512a                __divli
000325fb                __divlli
0003524d                __divu
00034656                __divul
00032507                __divull
000342de                __doflush
            000040a0    __dtors_ptr
00032e19                __eqld
00035223                __fixdi
00034c9c                __fixdli
00034de3                __fltlid
0003531f                __fltud
00034ea6                __fltuld
00034b41                __frcmpyd
00034bb7                __frcmpyd_div
            00003af4    __ft_end
            000039dc    __ftable
00032dcf                __geqd
00032d84                __gtrd
00032d37                __leqd
            0000409a    __lock
00032cef                __lssd
000339df                __mpyd
000352c8                __mpyli
0003244f                __mpylli
0003530f                __negd
00032cbb                __neqd
000352eb                __nop
00021362                __printfi
000341b2                __rd_ok
000352e3                __register_lock
000352db                __register_unlock
000350df                __remli
00032420                __remlli
00035262                __remu
00034c2a                __remul
000323d2                __remull
            00000060    __stack
000352b4                __subd
            000040ac    __sys_memory
            00001060    __sysstack
            00003a54    __tmpnams
            0000409c    __unlock
00034132                __wrt_ok
0003532d                _abort
0002dd76                _add_device
00034e4a                _atoi
00034ffa                _auto_init
000351ef                _c_int00
            000030f0    _cached_phySector0
            000030f2    _cached_phySector1
            000030f4    _cached_phySector2
            000030f6    _cached_phySector3
0002f22c                _calloc
            00003d6a    _cardAddr
0002f224                _chkheap
0002dd03                _close
00033f38                _convert_number_to_string
00031eb4                _disable_i2s0
00031ec2                _disable_i2s1
00031ed0                _disable_i2s2
00031ede                _disable_i2s3
0004fde4                _enable_dma_int
00031e7c                _enable_i2s0
00031e8a                _enable_i2s1
00031e98                _enable_i2s2
00031ea6                _enable_i2s3
00033e70                _enable_rtc_second_int
000351b1                _exit
            00003fe9    _f1KToneOn
            00003fea    _f2KToneOn
            00003fe8    _fSineWave
            000040a2    _fTimer
            000040a3    _fTimer02
00034ac6                _fclose
00034347                _fflush
0002dcfa                _find_registered_device
            00003fd6    _first_flag
            00003fd2    _first_save_xsp
            00003fd4    _first_save_xssp
00032130                _fopen
0003450b                _fputc
0003387c                _fputs
0002ed9d                _free
0002f1ce                _free_memory
00032067                _freopen
            00003faa    _fsError
00034d78                _fseek
            000037d2    _gBulkInTransfer
            000037e0    _gBulkOutTransfer
            000037c4    _gCtrlTransfer
            00003818    _gEpStatus
            0000402c    _gI2cObj
            0000380a    _gIntInTransfer
            000037ee    _gIsoInTransfer
            000037fc    _gIsoOutTransfer
            00002cee    _gNextPhySector
            00002bec    _gReadBuf
            000036fc    _gUsbContext
            000038a8    _gUsbEpHandle
            00002cec    _gWordCount
            00002cf0    _gWriteBuf
0002e3a0                _getenv
            00004090    _hGpio
            000040aa    _hI2s
            00003c06    _hSpi
            00004016    _hUart
            0000403c    _i2cHandle
00031c54                _i2s0_read_CR
00031c9c                _i2s0_read_INTR
00031ca2                _i2s0_read_INT_MASK
00031cae                _i2s0_read_RXL_LSW
00031cba                _i2s0_read_RXL_MSW
00031cc6                _i2s0_read_RXR_LSW
00031cd2                _i2s0_read_RXR_MSW
00031c60                _i2s0_read_SRGR
00031c6c                _i2s0_read_TXL_LSW
00031c78                _i2s0_read_TXL_MSW
00031c84                _i2s0_read_TXR_LSW
00031c90                _i2s0_read_TXR_MSW
00031c5a                _i2s0_write_CR
00031ca8                _i2s0_write_INT_MASK
00031cb4                _i2s0_write_RXL_LSW
00031cc0                _i2s0_write_RXL_MSW
00031ccc                _i2s0_write_RXR_LSW
00031cd8                _i2s0_write_RXR_MSW
00031c66                _i2s0_write_SRGR
00031c72                _i2s0_write_TXL_LSW
00031c7e                _i2s0_write_TXL_MSW
00031c8a                _i2s0_write_TXR_LSW
00031c96                _i2s0_write_TXR_MSW
00031cde                _i2s1_read_CR
00031d26                _i2s1_read_INTR
00031d2c                _i2s1_read_INT_MASK
00031d38                _i2s1_read_RXL_LSW
00031d44                _i2s1_read_RXL_MSW
00031d50                _i2s1_read_RXR_LSW
00031d5c                _i2s1_read_RXR_MSW
00031cea                _i2s1_read_SRGR
00031cf6                _i2s1_read_TXL_LSW
00031d02                _i2s1_read_TXL_MSW
00031d0e                _i2s1_read_TXR_LSW
00031d1a                _i2s1_read_TXR_MSW
00031ce4                _i2s1_write_CR
00031d32                _i2s1_write_INT_MASK
00031d3e                _i2s1_write_RXL_LSW
00031d4a                _i2s1_write_RXL_MSW
00031d56                _i2s1_write_RXR_LSW
00031d62                _i2s1_write_RXR_MSW
00031cf0                _i2s1_write_SRGR
00031cfc                _i2s1_write_TXL_LSW
00031d08                _i2s1_write_TXL_MSW
00031d14                _i2s1_write_TXR_LSW
00031d20                _i2s1_write_TXR_MSW
00031d68                _i2s2_read_CR
00031db0                _i2s2_read_INTR
00031db6                _i2s2_read_INT_MASK
00031dc2                _i2s2_read_RXL_LSW
00031dce                _i2s2_read_RXL_MSW
00031dda                _i2s2_read_RXR_LSW
00031de6                _i2s2_read_RXR_MSW
00031d74                _i2s2_read_SRGR
00031d80                _i2s2_read_TXL_LSW
00031d8c                _i2s2_read_TXL_MSW
00031d98                _i2s2_read_TXR_LSW
00031da4                _i2s2_read_TXR_MSW
00031d6e                _i2s2_write_CR
00031dbc                _i2s2_write_INT_MASK
00031dc8                _i2s2_write_RXL_LSW
00031dd4                _i2s2_write_RXL_MSW
00031de0                _i2s2_write_RXR_LSW
00031dec                _i2s2_write_RXR_MSW
00031d7a                _i2s2_write_SRGR
00031d86                _i2s2_write_TXL_LSW
00031d92                _i2s2_write_TXL_MSW
00031d9e                _i2s2_write_TXR_LSW
00031daa                _i2s2_write_TXR_MSW
00031df2                _i2s3_read_CR
00031e3a                _i2s3_read_INTR
00031e40                _i2s3_read_INT_MASK
00031e4c                _i2s3_read_RXL_LSW
00031e58                _i2s3_read_RXL_MSW
00031e64                _i2s3_read_RXR_LSW
00031e70                _i2s3_read_RXR_MSW
00031dfe                _i2s3_read_SRGR
00031e0a                _i2s3_read_TXL_LSW
00031e16                _i2s3_read_TXL_MSW
00031e22                _i2s3_read_TXR_LSW
00031e2e                _i2s3_read_TXR_MSW
00031df8                _i2s3_write_CR
00031e46                _i2s3_write_INT_MASK
00031e52                _i2s3_write_RXL_LSW
00031e5e                _i2s3_write_RXL_MSW
00031e6a                _i2s3_write_RXR_LSW
00031e76                _i2s3_write_RXR_MSW
00031e04                _i2s3_write_SRGR
00031e10                _i2s3_write_TXL_LSW
00031e1c                _i2s3_write_TXL_MSW
00031e28                _i2s3_write_TXR_LSW
00031e34                _i2s3_write_TXR_MSW
            0000407e    _keyCnt1
            0000407f    _keyCnt2
            00004086    _led_tsk_ctr
0002dc94                _lseek
00034a49                _ltoa
0002c180                _main
0002eece                _malloc
0002f174                _max_free
            000030f9    _mem
0003445c                _mem_test
00035277                _memccpy
00035172                _memcpy
000352ed                _memset
0002ee69                _minit
            00003d1a    _mmcCardObj
            00003d6c    _mmcStatus
            00003d18    _mmcsdHandle
            00002ced    _nbuf_cached
0002b2c8                _oled_test
0002dbd5                _open
            00003fab    _ouError
            00003cd8    _pMmcsdContObj
000229f0                _pcQueueGetName
0004d1c4                _pcTaskGetName
            00003fcc    _portFLAGS_INT_ENABLED
            00003fcd    _portFLAGS_INT_ENABLED_POPPED
            0000407b    _preKey
00034f5a                _printf
00033218                _prvSetupTimerInterrupt
0003450b                _putc
000345a2                _putchar
000339b1                _puts
00034210                _pvPortMalloc
0004dc24                _pvTaskIncrementMutexHeldCount
            00003f78    _pxCurrentCoRoutine
            00003df6    _pxCurrentTCB
0003306c                _pxPortInitialiseStack
0002db27                _read
00034d0b                _readmsg
0002efc3                _realloc
0004fdf2                _remove
0002daf1                _remove_device
0002da98                _rename
00033e7c                _reset_RTC
            00003fd7    _save_xar6
            00003fd8    _save_xar7
            00003fce    _save_xsp
            00003fd0    _save_xssp
            00003d48    _sdCardCsdObj
            00003d38    _sdCardIdObj
0004fca0                _set_dma0_ch0_i2s0_Lout
0004fbec                _set_dma0_ch0_stop
0004fd78                _set_dma0_ch1_i2s0_Rout
0004fc1c                _set_dma0_ch1_stop
0004fc34                _set_dma1_ch0_i2s2_Lout
0004fbd4                _set_dma1_ch0_stop
0004fd0c                _set_dma1_ch1_i2s2_Rout
0004fc04                _set_dma1_ch1_stop
000348e8                _set_i2s0_master
0003491c                _set_i2s0_slave
000348b4                _set_i2s2_master
00033f6c                _setvbuf
00033574                _spiflash_test
            00003df4    _stackStruct
000352fe                _strlen
            000036fb    _sysCtrlRegs
0002c638                _systemInit
            00003fe4    _tOne
            00003fe6    _tThree
            00003fe5    _tTwo
            00003fe3    _tZero
            00003fda    _tickIRQctr
            00004002    _uartObj
0004dc44                _ulTaskNotifyTake
0002da65                _unlink
            00003fe7    _usCriticalNesting
            000036fa    _usbRegisters
00033378                _uxListRemove
0002232c                _uxQueueMessagesWaiting
000223c4                _uxQueueMessagesWaitingFromISR
00022374                _uxQueueSpacesAvailable
0004d1bc                _uxTaskGetNumberOfTasks
0004d844                _uxTaskGetStackHighWaterMark
0004cafc                _uxTaskPriorityGet
0004cb44                _uxTaskPriorityGetFromISR
0004dbf4                _uxTaskResetEventItemValue
0002c424                _vApplicationIdleHook
0002c6b0                _vApplicationMallocFailedHook
0002c6b8                _vApplicationStackOverflowHook
0002f760                _vCoRoutineAddToDelayedList
0002f958                _vCoRoutineSchedule
0002d370                _vCreateBlockTimeTasks
0002d320                _vEventGroupClearBitsCallback
0002d2ac                _vEventGroupDelete
0002d30c                _vEventGroupSetBitsCallback
0003322c                _vListInitialise
00033270                _vListInitialiseItem
000332d8                _vListInsert
00033284                _vListInsertEnd
000346f8                _vParTestInitialise
000346fc                _vParTestSetLED
00034714                _vParTestToggleLED
00033214                _vPortEndScheduler
000342ac                _vPortFree
000342c8                _vPortInitialiseBlocks
0002fd31                _vPortYield
00022990                _vQueueAddToRegistry
000223e4                _vQueueDelete
000329e8                _vQueueOverwritePeriodicISRDemo
00022a4c                _vQueueUnregisterQueue
00030a00                _vStartDynamicPriorityTasks
00033d6c                _vStartIntegerMathTasks
00034054                _vStartLEDFlashTasks
0002fe9c                _vStartMathTasks
00032ea8                _vStartPolledQueueTasks
0003288c                _vStartQueueOverwriteTask
0002f254                _vStartQueuePeekTasks
000313c4                _vStartSemaphoreTasks
0004cabc                _vTaskDelay
0004c9f8                _vTaskDelayUntil
0004c920                _vTaskDelete
0004d024                _vTaskEndScheduler
0004d610                _vTaskInternalSetTimeOutState
0004d6f8                _vTaskMissedYield
0004e134                _vTaskNotifyGiveFromISR
0004d3ec                _vTaskPlaceOnEventList
0004d41c                _vTaskPlaceOnUnorderedEventList
0004dae4                _vTaskPriorityDisinheritAfterTimeout
0004cb68                _vTaskPrioritySet
0004d51c                _vTaskRemoveFromUnorderedEventList
0004ce58                _vTaskResume
0004d5bc                _vTaskSetTimeOutState
0004cfb8                _vTaskStartScheduler
0004ccd8                _vTaskSuspend
0004d038                _vTaskSuspendAll
0004d34c                _vTaskSwitchContext
0002fba9                _vTickISR
            00003df2    _wall_clk_ctr
0002d923                _write
000343a0                _writemsg
0002d8d4                _xAreBlockTimeTestTasksStillRunning
00030d24                _xAreDynamicPriorityTasksStillRunning
00033e40                _xAreIntegerMathsTaskStillRunning
00030234                _xAreMathsTaskStillRunning
00033040                _xArePollingQueuesStillRunning
0002f64c                _xAreQueuePeekTasksStillRunning
00031668                _xAreSemaphoreTasksStillRunning
0002f684                _xCoRoutineCreate
0002fa5c                _xCoRoutineRemoveFromEventList
0002d0dc                _xEventGroupClearBits
0002cdb4                _xEventGroupCreate
0002d154                _xEventGroupGetBitsFromISR
0002d174                _xEventGroupSetBits
0002cddc                _xEventGroupSync
0002cf4c                _xEventGroupWaitBits
            00004056    _xHighPriorityTask
            00004058    _xHighestPriorityTask
000329b8                _xIsQueueOverwriteTaskStillRunning
            00004054    _xMediumPriorityTask
000342d0                _xPortGetFreeHeapSize
0002faac                _xPortStartScheduler
000227dc                _xQueueCRReceive
000228f4                _xQueueCRReceiveFromISR
00022748                _xQueueCRSend
000228a0                _xQueueCRSendFromISR
00021818                _xQueueCreateCountingSemaphore
0002174c                _xQueueCreateMutex
00021678                _xQueueGenericCreate
000215a4                _xQueueGenericReset
00021860                _xQueueGenericSend
00021a58                _xQueueGenericSendFromISR
00021b30                _xQueueGiveFromISR
0002176c                _xQueueGiveMutexRecursive
000226a4                _xQueueIsQueueEmptyFromISR
00022718                _xQueueIsQueueFullFromISR
00022020                _xQueuePeek
000222ac                _xQueuePeekFromISR
00021bf4                _xQueueReceive
000221f8                _xQueueReceiveFromISR
            00003fac    _xQueueRegistry
00021dc8                _xQueueSemaphoreTake
000217c4                _xQueueTakeMutexRecursive
            00004048    _xSuspendedTestQueue
0004d630                _xTaskCheckForTimeOut
0004c5c4                _xTaskCreate
0004de14                _xTaskGenericNotify
0004dfa0                _xTaskGenericNotifyFromISR
0004d8dc                _xTaskGetCurrentTaskHandle
0004d8f0                _xTaskGetSchedulerState
0004d168                _xTaskGetTickCount
0004d1a4                _xTaskGetTickCountFromISR
0004d1ec                _xTaskIncrementTick
0004e218                _xTaskNotifyStateClear
0004dd18                _xTaskNotifyWait
0004da20                _xTaskPriorityDisinherit
0004d914                _xTaskPriorityInherit
0004d474                _xTaskRemoveFromEventList
0004d044                _xTaskResumeAll
0004cf18                _xTaskResumeFromISR
ffffffff                binit
            00020000    cinit
ffffffff                edata
ffffffff                end
ffffffff                etext
ffffffff                pinit
000349ca                reset_isr


GLOBAL SYMBOLS: SORTED BY Symbol Address 

abs. value/
byte addr   word addr   name
---------   ---------   ----
00000001                $TI_capability_requires_rev3
00000001                __TI_args_main
00000002                $TI_capability$C5500$CallingConvention
00000002                $TI_capability$C5500$MemoryModel
            00000060    __stack
00001000                __SYSSTACK_SIZE
00002000                __STACK_SIZE
            00001060    __STACK_END
            00001060    __sysstack
00005000                __SYSMEM_SIZE
            00002bec    _gReadBuf
            00002cec    _gWordCount
            00002ced    _nbuf_cached
            00002cee    _gNextPhySector
            00002cf0    _gWriteBuf
            000030f0    _cached_phySector0
            000030f2    _cached_phySector1
            000030f4    _cached_phySector2
            000030f6    _cached_phySector3
            000030f8    _ATA_No_Swap
            000030f9    _mem
            000036fa    _usbRegisters
            000036fb    _sysCtrlRegs
            000036fc    _gUsbContext
            000037c4    _gCtrlTransfer
            000037d2    _gBulkInTransfer
            000037e0    _gBulkOutTransfer
            000037ee    _gIsoInTransfer
            000037fc    _gIsoOutTransfer
            0000380a    _gIntInTransfer
            00003818    _gEpStatus
            000038a8    _gUsbEpHandle
            000038b8    _XmitL_Sine_1K
            000038e8    _XmitL_Sine_2K
            00003918    _XmitR_Sine_1K
            00003948    _XmitR_Sine_2K
            00003978    _RcvL_Sine
            000039a8    _RcvR_Sine
            000039d8    _DMA_Count
            000039d9    _Error_Count_L
            000039da    _Error_Count_R
            000039db    _DMA_Done
            000039dc    __ftable
            00003a54    __tmpnams
            00003af4    __ft_end
            00003c06    _hSpi
            00003cd8    _pMmcsdContObj
            00003d18    _mmcsdHandle
            00003d1a    _mmcCardObj
            00003d38    _sdCardIdObj
            00003d48    _sdCardCsdObj
            00003d6a    _cardAddr
            00003d6c    _mmcStatus
            00003df2    _wall_clk_ctr
            00003df4    _stackStruct
            00003df6    _pxCurrentTCB
            00003ee1    _I2S_RCV_L
            00003f11    _I2S_RCV_R
            00003f41    _Buf_Address
            00003f78    _pxCurrentCoRoutine
            00003faa    _fsError
            00003fab    _ouError
            00003fac    _xQueueRegistry
            00003fcc    _portFLAGS_INT_ENABLED
            00003fcd    _portFLAGS_INT_ENABLED_POPPED
            00003fce    _save_xsp
            00003fd0    _save_xssp
            00003fd2    _first_save_xsp
            00003fd4    _first_save_xssp
            00003fd6    _first_flag
            00003fd7    _save_xar6
            00003fd8    _save_xar7
            00003fda    _tickIRQctr
            00003fdb    _DBSTAT_LOW
            00003fdc    _DBSTAT_HIGH
            00003fdd    _STATUS0_LOW
            00003fde    _STATUS0_HIGH
            00003fdf    _STATUS1_LOW
            00003fe0    _STATUS1_HIGH
            00003fe1    _STATUS2_LOW
            00003fe2    _STATUS2_HIGH
            00003fe3    _tZero
            00003fe4    _tOne
            00003fe5    _tTwo
            00003fe6    _tThree
            00003fe7    _usCriticalNesting
            00003fe8    _fSineWave
            00003fe9    _f1KToneOn
            00003fea    _f2KToneOn
            00004002    _uartObj
            00004016    _hUart
            00004018    _Buf_sec
            0000401b    _Buf_min
            0000401e    _Buf_hour
            00004021    _Buf_day
            00004024    _Buf_month
            00004027    _Buf_year
            0000402a    _Flag_RTC
            0000402b    _Conunt_RTC
            0000402c    _gI2cObj
            0000403c    _i2cHandle
            00004048    _xSuspendedTestQueue
            00004054    _xMediumPriorityTask
            00004056    _xHighPriorityTask
            00004058    _xHighestPriorityTask
            00004078    _SarObj
            0000407b    _preKey
            0000407c    _SarHandle
            0000407e    _keyCnt1
            0000407f    _keyCnt2
            00004086    _led_tsk_ctr
            0000408e    _GpioObj
            00004090    _hGpio
            00004094    _LED_Blink_ctr
            0000409a    __lock
            0000409c    __unlock
            0000409e    __cleanup_ptr
            000040a0    __dtors_ptr
            000040a2    _fTimer
            000040a3    _fTimer02
            000040a4    _Timer0_Int_CTR
            000040a5    _Timer2_Int_CTR
            000040aa    _hI2s
            000040ac    __sys_memory
            00006bf2    __ctypes_
00021362                __printfi
000215a4                _xQueueGenericReset
00021678                _xQueueGenericCreate
0002174c                _xQueueCreateMutex
0002176c                _xQueueGiveMutexRecursive
000217c4                _xQueueTakeMutexRecursive
00021818                _xQueueCreateCountingSemaphore
00021860                _xQueueGenericSend
00021a58                _xQueueGenericSendFromISR
00021b30                _xQueueGiveFromISR
00021bf4                _xQueueReceive
00021dc8                _xQueueSemaphoreTake
00022020                _xQueuePeek
000221f8                _xQueueReceiveFromISR
000222ac                _xQueuePeekFromISR
0002232c                _uxQueueMessagesWaiting
00022374                _uxQueueSpacesAvailable
000223c4                _uxQueueMessagesWaitingFromISR
000223e4                _vQueueDelete
000226a4                _xQueueIsQueueEmptyFromISR
00022718                _xQueueIsQueueFullFromISR
00022748                _xQueueCRSend
000227dc                _xQueueCRReceive
000228a0                _xQueueCRSendFromISR
000228f4                _xQueueCRReceiveFromISR
00022990                _vQueueAddToRegistry
000229f0                _pcQueueGetName
00022a4c                _vQueueUnregisterQueue
00022aac                _NAND_init
00022b40                _NAND_setup
0002305c                _NAND_getBankInfo
00023120                _NAND_setLatchEnableOffset
0002315c                _NAND_isStatusWriteProtected
00023244                _NAND_sendCommand
00023270                _NAND_checkCommandStatus
000232d8                _NAND_setAddress
0002331c                _NAND_enableHwECC
00023444                _NAND_disableHwECC
0002352c                _NAND_readECC
000236e0                _NAND_readNBytes
000237f4                _NAND_writeNBytes
000239d0                _NAND_hasRandomRead
00023a00                _NAND_hasRandomWrite
00023a30                _NAND_hasCacheProg
00023a60                _NAND_hasCopyBack
00023a90                _NAND_intrEnable
00023af0                _NAND_intrDisable
00023b50                _NAND_getIntrNum
00023b70                _NAND_intrReadAT
00023bb0                _NAND_intrReadLT
00023bf4                _NAND_intrReadWR
00023c38                _NAND_intrClear
00023d24                _UART_init
00023de0                _UART_setup
00024288                _UART_config
00024390                _UART_setupBaudRate
0002449c                _UART_reset
000244e4                _UART_resetOff
00024530                _UART_eventEnable
000245c8                _UART_eventDisable
00024658                _UART_read
00024784                _UART_write
00024908                _UART_fgetc
000249a8                _UART_fputc
00024a30                _UART_fgets
00024b60                _UART_fputs
00024c50                _UART_getEventId
00024c78                _UART_getConfig
00024d38                _UART_setCallback
00024da0                _DAT_open
00024e78                _DAT_close
0002500c                _DAT_copy
00025508                _DAT_fill
00025a18                _DAT_wait
00025be0                _AC_Open
00025e28                _AC_Close
00025e64                _AC_Ctrl
0002605c                _AC_Iso
000260f8                _AC_GetactivityFlagStatus
00026114                _AC_GetsuspendFlagStatus
0002612c                _AC_initDescriptors
000263dc                _AC_reqGetDescriptor
000265b4                _AC_reqSetCurrent
00026690                _AC_reqGetCurrent
00026754                _AC_reqGetMinimum
00026798                _AC_reqGetMaximum
000267dc                _AC_reqGetResolution
00026820                _AC_reqSetInterface
0002696c                _CDC_Open
00026990                _CDC_OpenFullspeed
00026b64                _CDC_Close
00026ba0                _CDC_GetactivityFlagStatus
00026bb8                _CDC_GetsuspendFlagStatus
00026bd0                _CDC_eventHandler
00026ecc                _CDC_bulkOutHandler
00026fcc                _CDC_bulkInHandler
000272bc                _CDC_getData
0002734c                _CDC_putData
00027540                _I2C_init
000275ec                _I2C_config
00027754                _I2C_getConfig
0002782c                _I2C_setup
00027a28                _I2C_write
00027c6c                _I2C_read
00027e8c                _I2C_eventEnable
00027fc0                _I2C_eventDisable
000280e0                _I2C_setCallback
00028170                _I2C_getEventId
0002818c                _MMC_initState
000282d0                _MMC_readWriteControl
000285b0                _MMC_issueReadCommand
0002876c                _MMC_readNextWord
000287dc                _MMC_readNextWord1
00028850                _MMC_readNextNWords
000288c0                _MMC_writeSector
000289a8                _MMC_readNSectors
00028a80                _MMC_writeNSectors
00028b58                _MMC_read_CID
00028bc4                _MMC_read_CSD
00028c30                _MMC_writeSectorFlush
00028c3c                _MMC_commandReadyStatusCheck
00028c48                _MMC_dataReadyStatusCheck
00028c54                _MMC_busyStatusCheck
00028c60                _MMC_getSerialID
00028c70                _MMC_file_system_format
00028c7c                _MMC_reset
00028c88                _MMC_get_time
00028c8c                _MMC_get_mod_time
00028c90                _MMC_get_date
00028c94                _MMC_get_mod_date
00028c98                _MMC_flushFat
00028ccc                _SAR_init
00028d2c                _SAR_deInit
00028d4c                _SAR_chanInit
00028d68                _SAR_chanOpen
00028dcc                _SAR_chanClose
00028e50                _SAR_chanConfig
00028ec8                _SAR_getConfig
00028f3c                _SAR_chanSetup
00029150                _SAR_chanCycSet
000291a0                _SAR_startConversion
000291d4                _SAR_stopConversion
0002921c                _SAR_readData
00029260                _SAR_A2DMeasParamSet
000296dc                _SAR_GPODirSet
000297b8                _SAR_getStatus
000297f8                _I2S_open
0002993c                _I2S_setup
00029c24                _I2S_close
00029cd0                _I2S_read
00029f8c                _I2S_write
0002a0e4                _I2S_reset
0002a190                _I2S_transEnable
0002a268                _RTC_reset
0002a278                _RTC_start
0002a29c                _RTC_stop
0002a2a4                _RTC_config
0002a390                _RTC_getConfig
0002a440                _RTC_setTime
0002a4bc                _RTC_getTime
0002a508                _RTC_setDate
0002a578                _RTC_getDate
0002a5b8                _RTC_setAlarm
0002a68c                _RTC_setPeriodicInterval
0002a740                _RTC_eventEnable
0002a82c                _RTC_eventDisable
0002a8e0                _RTC_getEventId
0002a934                _RTC_decToBcd
0002a974                _RTC_bcdToDec
0002a9b4                _RTC_setCallback
0002aa44                _RTC_setCompensation
0002aa90                _LCD_init
0002aab8                _LCD_open
0002aafc                _LCD_setup
0002af58                _LCD_configDMA
0002b2a8                _LCD_close
0002b2c8                _oled_test
0002bae8                _GPIO_open
0002bb2c                _GPIO_close
0002bb50                _GPIO_config
0002bbd8                _GPIO_getConfig
0002bc60                _GPIO_read
0002bce4                _GPIO_write
0002bd88                _GPIO_configBit
0002bed0                _GPIO_disableInt
0002bf50                _GPIO_enableInt
0002bfdc                _GPIO_clearInt
0002c068                _GPIO_statusBit
0002c0f0                _GPIO_reset
0002c180                _main
0002c424                _vApplicationIdleHook
0002c4f0                _InitSystem
0002c558                _ConfigPort
0002c560                _SYS_GlobalIntEnable
0002c568                _SYS_GlobalIntDisable
0002c574                _BlinkLED
0002c5ac                _GenerateAudioTone
0002c638                _systemInit
0002c6b0                _vApplicationMallocFailedHook
0002c6b8                _vApplicationStackOverflowHook
0002c6c8                _LED_TaskBlue
0002c6f0                _LED_TaskRed
0002c7f8                _SPI_init
0002c85c                _SPI_open
0002c890                _SPI_close
0002c8bc                _SPI_config
0002cb44                _SPI_deInit
0002cb70                _SPI_read
0002cc54                _SPI_write
0002cd40                _SPI_dataTransaction
0002cdb4                _xEventGroupCreate
0002cddc                _xEventGroupSync
0002cf4c                _xEventGroupWaitBits
0002d0dc                _xEventGroupClearBits
0002d154                _xEventGroupGetBitsFromISR
0002d174                _xEventGroupSetBits
0002d2ac                _vEventGroupDelete
0002d30c                _vEventGroupSetBitsCallback
0002d320                _vEventGroupClearBitsCallback
0002d370                _vCreateBlockTimeTasks
0002d8d4                _xAreBlockTimeTestTasksStillRunning
0002d923                _write
0002da65                _unlink
0002da98                _rename
0002daf1                _remove_device
0002db27                _read
0002dbd5                _open
0002dc94                _lseek
0002dcfa                _find_registered_device
0002dd03                _close
0002dd76                _add_device
0002de68                _IRQ_init
0002def0                _IRQ_clear
0002df5c                _IRQ_clearAll
0002df6c                _IRQ_config
0002dff4                _IRQ_getConfig
0002e07c                _IRQ_disable
0002e0fc                _IRQ_disableAll
0002e10c                _IRQ_enable
0002e198                _IRQ_restore
0002e208                _IRQ_getArg
0002e24c                _IRQ_setArg
0002e280                _IRQ_map
0002e2ac                _IRQ_setVecs
0002e2e0                _IRQ_test
0002e354                _IRQ_globalDisable
0002e370                _IRQ_globalEnable
0002e38c                _IRQ_globalRestore
0002e3a0                _getenv
0002e41b                _HOSTwrite
0002e4a8                _HOSTunlink
0002e512                _HOSTtime
0002e570                _HOSTrename
0002e61e                _HOSTread
0002e6ab                _HOSTopen
0002e74a                _HOSTlseek
0002e7ff                _HOSTclose
[...]
0002fba9                _vTickISR
0002fd31                _vPortYield
0002fe9c                _vStartMathTasks
00030234                _xAreMathsTaskStillRunning
0003026e                __divd
0003063c                _EZDSP5535_SPIFLASH_init
000306a0                _EZDSP5535_SPIFLASH_status
000306e4                _EZDSP5535_SPIFLASH_erase
000307e8                _EZDSP5535_SPIFLASH_read
00030898                _EZDSP5535_SPIFLASH_write
00030a00                _vStartDynamicPriorityTasks
00030d24                _xAreDynamicPriorityTasksStillRunning
00030d84                _MEM_init
00030d88                _MEM_enableRetentionMode
00030dcc                _MEM_disableRetentionMode
00030e10                _MEM_enablePartialRetentionMode
00030f58                _MEM_disablePartialRetentionMode
0003107c                _MEM_setmSDRAMClock
000310b8                _MEM_getmSDRAMClock
000310cc                _GPT_open
00031190                _GPT_reset
0003120c                _GPT_close
00031284                _GPT_start
000312b4                _GPT_stop
000312e0                _GPT_getCnt
0003131c                _GPT_config
000313c4                _vStartSemaphoreTasks
00031668                _xAreSemaphoreTasksStillRunning
000316b8                _AIC3254_init
000319d4                _PLL_init
00031a0c                _PLL_config
00031b30                _PLL_enable
00031b98                _PLL_bypass
00031be8                _PLL_reset
00031c54                _i2s0_read_CR
00031c5a                _i2s0_write_CR
00031c60                _i2s0_read_SRGR
00031c66                _i2s0_write_SRGR
00031c6c                _i2s0_read_TXL_LSW
00031c72                _i2s0_write_TXL_LSW
00031c78                _i2s0_read_TXL_MSW
00031c7e                _i2s0_write_TXL_MSW
00031c84                _i2s0_read_TXR_LSW
00031c8a                _i2s0_write_TXR_LSW
00031c90                _i2s0_read_TXR_MSW
00031c96                _i2s0_write_TXR_MSW
00031c9c                _i2s0_read_INTR
00031ca2                _i2s0_read_INT_MASK
00031ca8                _i2s0_write_INT_MASK
00031cae                _i2s0_read_RXL_LSW
00031cb4                _i2s0_write_RXL_LSW
00031cba                _i2s0_read_RXL_MSW
00031cc0                _i2s0_write_RXL_MSW
00031cc6                _i2s0_read_RXR_LSW
00031ccc                _i2s0_write_RXR_LSW
00031cd2                _i2s0_read_RXR_MSW
00031cd8                _i2s0_write_RXR_MSW
00031cde                _i2s1_read_CR
00031ce4                _i2s1_write_CR
00031cea                _i2s1_read_SRGR
00031cf0                _i2s1_write_SRGR
00031cf6                _i2s1_read_TXL_LSW
00031cfc                _i2s1_write_TXL_LSW
00031d02                _i2s1_read_TXL_MSW
00031d08                _i2s1_write_TXL_MSW
00031d0e                _i2s1_read_TXR_LSW
00031d14                _i2s1_write_TXR_LSW
00031d1a                _i2s1_read_TXR_MSW
00031d20                _i2s1_write_TXR_MSW
00031d26                _i2s1_read_INTR
00031d2c                _i2s1_read_INT_MASK
00031d32                _i2s1_write_INT_MASK
00031d38                _i2s1_read_RXL_LSW
00031d3e                _i2s1_write_RXL_LSW
00031d44                _i2s1_read_RXL_MSW
00031d4a                _i2s1_write_RXL_MSW
00031d50                _i2s1_read_RXR_LSW
00031d56                _i2s1_write_RXR_LSW
00031d5c                _i2s1_read_RXR_MSW
00031d62                _i2s1_write_RXR_MSW
00031d68                _i2s2_read_CR
00031d6e                _i2s2_write_CR
00031d74                _i2s2_read_SRGR
00031d7a                _i2s2_write_SRGR
00031d80                _i2s2_read_TXL_LSW
00031d86                _i2s2_write_TXL_LSW
00031d8c                _i2s2_read_TXL_MSW
00031d92                _i2s2_write_TXL_MSW
00031d98                _i2s2_read_TXR_LSW
00031d9e                _i2s2_write_TXR_LSW
00031da4                _i2s2_read_TXR_MSW
00031daa                _i2s2_write_TXR_MSW
00031db0                _i2s2_read_INTR
00031db6                _i2s2_read_INT_MASK
00031dbc                _i2s2_write_INT_MASK
00031dc2                _i2s2_read_RXL_LSW
00031dc8                _i2s2_write_RXL_LSW
00031dce                _i2s2_read_RXL_MSW
00031dd4                _i2s2_write_RXL_MSW
00031dda                _i2s2_read_RXR_LSW
00031de0                _i2s2_write_RXR_LSW
00031de6                _i2s2_read_RXR_MSW
00031dec                _i2s2_write_RXR_MSW
00031df2                _i2s3_read_CR
00031df8                _i2s3_write_CR
00031dfe                _i2s3_read_SRGR
00031e04                _i2s3_write_SRGR
00031e0a                _i2s3_read_TXL_LSW
00031e10                _i2s3_write_TXL_LSW
00031e16                _i2s3_read_TXL_MSW
00031e1c                _i2s3_write_TXL_MSW
00031e22                _i2s3_read_TXR_LSW
00031e28                _i2s3_write_TXR_LSW
00031e2e                _i2s3_read_TXR_MSW
00031e34                _i2s3_write_TXR_MSW
00031e3a                _i2s3_read_INTR
00031e40                _i2s3_read_INT_MASK
00031e46                _i2s3_write_INT_MASK
00031e4c                _i2s3_read_RXL_LSW
00031e52                _i2s3_write_RXL_LSW
00031e58                _i2s3_read_RXL_MSW
00031e5e                _i2s3_write_RXL_MSW
00031e64                _i2s3_read_RXR_LSW
00031e6a                _i2s3_write_RXR_LSW
00031e70                _i2s3_read_RXR_MSW
00031e76                _i2s3_write_RXR_MSW
00031e7c                _enable_i2s0
00031e8a                _enable_i2s1
00031e98                _enable_i2s2
00031ea6                _enable_i2s3
00031eb4                _disable_i2s0
00031ec2                _disable_i2s1
00031ed0                _disable_i2s2
00031ede                _disable_i2s3
0003200d                __cleanup
00032067                _freopen
00032130                _fopen
0003216c                _WDTIM_open
000321e4                _WDTIM_start
0003222c                _WDTIM_stop
00032274                _WDTIM_getCnt
000322a4                _WDTIM_close
000322e8                _WDTIM_service
0003231c                _WDTIM_config
00032388                _WDTIM_getConfig
000323d2                __remull
00032420                __remlli
0003244f                __mpylli
00032507                __divull
000325fb                __divlli
00032630                __addd
0003288c                _vStartQueueOverwriteTask
000329b8                _xIsQueueOverwriteTaskStillRunning
000329e8                _vQueueOverwritePeriodicISRDemo
00032ac4                _EZDSP5535_LED_init
00032afc                _EZDSP5535_LED_getall
00032b50                _EZDSP5535_LED_setall
00032bc0                _EZDSP5535_LED_on
00032bf8                _EZDSP5535_LED_off
00032c2c                _EZDSP5535_LED_toggle
00032c74                _EZDSP5535_XF_on
00032c80                _EZDSP5535_XF_off
00032c8c                _EZDSP5535_XF_get
00032c9c                _EZDSP5535_XF_toggle
00032cbb                __neqd
00032cef                __lssd
00032d37                __leqd
00032d84                __gtrd
00032dcf                __geqd
00032e19                __eqld
00032e4d                __cmpd
00032ea8                _vStartPolledQueueTasks
00033040                _xArePollingQueuesStillRunning
0003306c                _pxPortInitialiseStack
00033214                _vPortEndScheduler
00033218                _prvSetupTimerInterrupt
0003322c                _vListInitialise
00033270                _vListInitialiseItem
00033284                _vListInsertEnd
000332d8                _vListInsert
00033378                _uxListRemove
000333dc                _EZDSP5535_OSD9616_send
00033404                _EZDSP5535_OSD9616_multiSend
00033450                _EZDSP5535_OSD9616_init
00033534                _EZDSP5535_OSD9616_printLetter
00033574                _spiflash_test
00033700                _EZDSP5535_SAR_init
000337c8                _EZDSP5535_SAR_getKey
0003387c                _fputs
000339b1                _puts
000339df                __mpyd
00033b2c                _Timer_isr
00033c58                _EZDSP5535_I2S_init
00033cb4                _EZDSP5535_I2S_readLeft
00033ce8                _EZDSP5535_I2S_writeLeft
00033d18                _EZDSP5535_I2S_readRight
00033d3c                _EZDSP5535_I2S_writeRight
00033d58                _EZDSP5535_I2S_close
00033d6c                _vStartIntegerMathTasks
00033e40                _xAreIntegerMathsTaskStillRunning
00033e70                _enable_rtc_second_int
00033e7c                _reset_RTC
00033f38                _convert_number_to_string
00033f6c                _setvbuf
00034054                _vStartLEDFlashTasks
00034132                __wrt_ok
000341b2                __rd_ok
00034210                _pvPortMalloc
000342ac                _vPortFree
000342c8                _vPortInitialiseBlocks
000342d0                _xPortGetFreeHeapSize
000342de                __doflush
00034347                _fflush
000343a0                _writemsg
00034455                C$$IO$$
0003445c                _mem_test
0003450b                _fputc
0003450b                _putc
000345a2                _putchar
000345b4                _EZDSP5535_UART_open
00034624                _EVM5515_UART_putChar
0003463c                _EVM5515_UART_getChar
00034656                __divul
000346f8                _vParTestInitialise
000346fc                _vParTestSetLED
00034714                _vParTestToggleLED
00034794                _EZDSP5535_I2C_init
000347cc                _EZDSP5535_I2C_reset
000347d8                _EZDSP5535_I2C_write
00034800                _EZDSP5535_I2C_read
00034828                _IRQ_plug
000348b4                _set_i2s2_master
000348e8                _set_i2s0_master
0003491c                _set_i2s0_slave
00034940                _EZDSP5535_GPIO_init
0003496c                _EZDSP5535_GPIO_setDirection
00034990                _EZDSP5535_GPIO_setOutput
000349ac                _EZDSP5535_GPIO_getInput
000349ca                reset_isr
00034a49                _ltoa
00034ac6                _fclose
00034b41                __frcmpyd
00034bb7                __frcmpyd_div
00034c2a                __remul
00034c9c                __fixdli
00034d0b                _readmsg
00034d78                _fseek
00034de3                __fltlid
00034e4a                _atoi
00034ea6                __fltuld
00034f04                _EZDSP5535_wait
00034f38                _EZDSP5535_waitusec
00034f4c                _EZDSP5535_init
00034f5a                _printf
00034fac                _RTC_Isr
00034ffa                _auto_init
00035048                _Timer0Init
0003508c                _StartTimer0
00035094                __args_main
000350df                __remli
0003512a                __divli
00035172                _memcpy
000351b1                _exit
000351ef                _c_int00
00035223                __fixdi
0003524d                I$$UDIV
0003524d                __divu
00035262                I$$UMOD
00035262                __remu
00035277                _memccpy
0003529a                ___isinf
000352b4                __subd
000352c8                I$$LMPY
000352c8                __mpyli
000352db                __register_unlock
000352e3                __register_lock
000352eb                __nop
000352ed                _memset
000352fe                _strlen
0003530f                __negd
0003531f                __fltud
0003532d                _abort
0003532e                C$$EXIT
            00020000    ___cinit__
            00020000    cinit
            00020314    __CIOBUF_
00040a28                _MMC_init
00040a60                _MMC_open
00040c70                _MMC_close
00040cb0                _MMC_setCardType
00040ce4                _MMC_setCardPtr
00040d18                _MMC_setCallBack
00040d58                _MMC_getNumberOfCards
00040d90                _MMC_clearResponse
00040e6c                _MMC_ierEnable
00040eb0                _MMC_ierDisable
00040ee4                _MMC_intEnable
00040f0c                _MMC_eventEnable
00041108                _MMC_eventDisable
000412e0                _MMC_drrdy
00041328                _MMC_dxrdy
00041370                _MMC_saveStatus
000413b0                _MMC_getStatus
00041414                _MMC_setupNative
000414c8                _MMC_config
00041564                _MMC_getConfig
00041604                _MMC_sendCmd
000416b8                _MMC_sendGoIdle
00041740                _MMC_stop
00041818                _MMC_deselectCard
000418e8                _MMC_selectCard
00041e78                _MMC_sendOpCond
00041f1c                _MMC_setRca
00041ff4                _SD_sendRca
000420f0                _MMC_sendAllCID
000422c8                _SD_sendAllCID
000424b4                _MMC_getCardCsd
00042908                _SD_getCardCsd
00042fe4                _MMC_read
00043a00                _MMC_write
0004463c                _MMC_setDmaHandle
0004469c                _MMC_setDataTransferCallback
000446ec                _MMC_setDmaChanConfig
000447cc                _MMC_setEndianMode
00044854                _MMC_setBlockLength
000448ec                _MMC_setWriteBlkEraseCnt
00044a1c                _SD_setBusWidth
00044b8c                _MMC_getCardStatus
00044c88                _SD_configurePullup
00044db4                _MMC_checkReadDmaDone
00045658                _MSC_Open
0004567c                _MSC_OpenFullspeed
000459c8                _MSC_Close
00045a04                _MSC_SetLunAttr
00045bf4                _MSC_Ctrl
00045dec                _MSC_Bulk
00045ee8                _MSC_GetLunLockedStatus
00045f18                _MSC_GetactivityFlagStatus
00045f34                _MSC_GetsuspendFlagStatus
000463dc                _MSC_HandleStateWaitForCBW
00046680                _MSC_ExecuteRead
00046a74                _MSC_ExecuteWrite
00047028                _MSC_HandleTestUnitReady
0004724c                _MSC_HandlePreventAllowMediaRemoval
000473f0                _MSC_HandleReadCapacity
00047640                _MSC_reqGetDescriptor
00047878                _MSC_reqBotMscReset
000478e4                _MSC_sendCswWithPhaseError
0004794c                _MSC_handleDataDirMisMatch
000479c8                _SDIO_init
00047a08                _SDIO_open
00047ad4                _SDIO_close
00047afc                _SDIO_config
00047bd4                _SDIO_detectCard
00047f40                _SDIO_initCard
000483c4                _SDIO_resetCard
000484ac                _SDIO_getRca
00048574                _SDIO_deselectCard
00048634                _SDIO_selectCard
000486f8                _SDIO_sendCommand
000487cc                _SDIO_getResponse
00048960                _SDIO_clearResponse
00048a3c                _SDIO_getStatus
00048aa4                _SDIO_getSdioStatus
00048b10                _SDIO_eventEnable
00048d38                _SDIO_eventDisable
00048f30                _SDIO_readWaitEnable
00048f68                _SDIO_readWaitDisable
00048fa0                _SDIO_readSingleByte
000490cc                _SDIO_writeSingleByte
000491cc                _SDIO_readBytes
00049610                _SDIO_writeBytes
00049a50                _SDIO_readBlocks
00049e90                _SDIO_writeBlocks
0004a2e4                _SDIO_setEndianMode
0004a364                _SDIO_setClock
0004a680                _USB_init
0004aaa4                _USB_resetDev
0004acd4                _USB_initEndptObj
0004b0bc                _USB_getEvents
0004b134                _USB_peekEvents
0004b1a4                _USB_getSetupPacket
0004b24c                _USB_postTransaction
0004b408                _USB_isTransactionDone
0004b490                _USB_bytesRemaining
0004b524                _USB_stallEndpt
0004b698                _USB_clearEndptStall
0004b880                _USB_getEndptStall
0004b904                _USB_epNumToHandle
0004ba34                _USB_abortTransaction
0004bb94                _USB_abortAllTransaction
0004bbe8                _USB_connectDev
0004bc1c                _USB_disconnectDev
0004bc4c                _USB_setRemoteWakeup
0004bc7c                _USB_getRemoteWakeupStat
0004bc94                _USB_issueRemoteWakeup
0004bce4                _USB_setDevAddr
0004bd2c                _USB_getFrameNo
0004bd48                _USB_suspendDevice
0004bd8c                _USB_selfwakeup
0004bdf8                _USB_initPLL
0004be7c                _USB_setParams
0004bed8                _USB_getMaxPower
0004bef8                _USB_setFullSpeedMode
0004bf2c                _USB_getDataCountReadFromFifo
0004bf84                _USB_findFifoSize
0004c108                _USB_coreEventProcessEp0
0004c5c4                _xTaskCreate
0004c920                _vTaskDelete
0004c9f8                _vTaskDelayUntil
0004cabc                _vTaskDelay
0004cafc                _uxTaskPriorityGet
0004cb44                _uxTaskPriorityGetFromISR
0004cb68                _vTaskPrioritySet
0004ccd8                _vTaskSuspend
0004ce58                _vTaskResume
0004cf18                _xTaskResumeFromISR
0004cfb8                _vTaskStartScheduler
0004d024                _vTaskEndScheduler
0004d038                _vTaskSuspendAll
0004d044                _xTaskResumeAll
0004d168                _xTaskGetTickCount
0004d1a4                _xTaskGetTickCountFromISR
0004d1bc                _uxTaskGetNumberOfTasks
0004d1c4                _pcTaskGetName
0004d1ec                _xTaskIncrementTick
0004d34c                _vTaskSwitchContext
0004d3ec                _vTaskPlaceOnEventList
0004d41c                _vTaskPlaceOnUnorderedEventList
0004d474                _xTaskRemoveFromEventList
0004d51c                _vTaskRemoveFromUnorderedEventList
0004d5bc                _vTaskSetTimeOutState
0004d610                _vTaskInternalSetTimeOutState
0004d630                _xTaskCheckForTimeOut
0004d6f8                _vTaskMissedYield
0004d844                _uxTaskGetStackHighWaterMark
0004d8dc                _xTaskGetCurrentTaskHandle
0004d8f0                _xTaskGetSchedulerState
0004d914                _xTaskPriorityInherit
0004da20                _xTaskPriorityDisinherit
0004dae4                _vTaskPriorityDisinheritAfterTimeout
0004dbf4                _uxTaskResetEventItemValue
0004dc24                _pvTaskIncrementMutexHeldCount
0004dc44                _ulTaskNotifyTake
0004dd18                _xTaskNotifyWait
0004de14                _xTaskGenericNotify
0004dfa0                _xTaskGenericNotifyFromISR
0004e134                _vTaskNotifyGiveFromISR
0004e218                _xTaskNotifyStateClear
0004e328                _DMA_init
0004e360                _DMA_open
0004e44c                _DMA_close
0004e46c                _DMA_config
0004f040                _DMA_getConfig
0004f5b0                _DMA_start
0004f6c0                _DMA_stop
0004f7c4                _DMA_reset
0004fab0                _DMA_swapWords
0004fb28                _DMA_getLastTransferType
0004fbd4                _set_dma1_ch0_stop
0004fbec                _set_dma0_ch0_stop
0004fc04                _set_dma1_ch1_stop
0004fc1c                _set_dma0_ch1_stop
0004fc34                _set_dma1_ch0_i2s2_Lout
0004fca0                _set_dma0_ch0_i2s0_Lout
0004fd0c                _set_dma1_ch1_i2s2_Rout
0004fd78                _set_dma0_ch1_i2s0_Rout
0004fde4                _enable_dma_int
0004fdf2                _remove
0004fe00                _Reset
0004ff00                _RST
0004ff00                _VECSTART
ffffffff                .bss
ffffffff                .data
ffffffff                .text
ffffffff                ___binit__
ffffffff                ___bss__
ffffffff                ___c_args__
ffffffff                ___data__
ffffffff                ___edata__
ffffffff                ___end__
ffffffff                ___etext__
ffffffff                ___pinit__
ffffffff                ___text__
ffffffff                binit
ffffffff                edata
ffffffff                end
ffffffff                etext
ffffffff                pinit

[891 symbols]
