<?xml version="1.0"?>
<link_info>
   <banner>TMS320C55x Linker PC v4.4.1</banner>
   <copyright>Copyright (c) 1996-2012 Texas Instruments Incorporated</copyright>
   <link_time>0x5b9cfa05</link_time>
   <output_file>test.out</output_file>
   <entry_point>
      <name>_c_int00</name>
      <address>0x350ff</address>
   </entry_point>
   <input_file_list>
      <input_file id="fl-2">
         <path>.\</path>
         <kind>object</kind>
         <file>aic_test_i2c.obj</file>
         <name>aic_test_i2c.obj</name>
      </input_file>
      <input_file id="fl-3">
         <path>.\</path>
         <kind>object</kind>
         <file>dma.obj</file>
         <name>dma.obj</name>
      </input_file>
      <input_file id="fl-4">
         <path>.\</path>
         <kind>object</kind>
         <file>i2s.obj</file>
         <name>i2s.obj</name>
      </input_file>
      <input_file id="fl-5">
         <path>.\</path>
         <kind>object</kind>
         <file>i2s_register.obj</file>
         <name>i2s_register.obj</name>
      </input_file>
      <input_file id="fl-6">
         <path>.\</path>
         <kind>object</kind>
         <file>rtc.obj</file>
         <name>rtc.obj</name>
      </input_file>
      <input_file id="fl-7">
         <path>.\</path>
         <kind>object</kind>
         <file>timer.obj</file>
         <name>timer.obj</name>
      </input_file>
      <input_file id="fl-8">
         <path>.\FreeRTOS\Demo\Common\Minimal\</path>
         <kind>object</kind>
         <file>AbortDelay.obj</file>
         <name>AbortDelay.obj</name>
      </input_file>
      <input_file id="fl-9">
         <path>.\FreeRTOS\Demo\Common\Minimal\</path>
         <kind>object</kind>
         <file>PollQ.obj</file>
         <name>PollQ.obj</name>
      </input_file>
      <input_file id="fl-a">
         <path>.\FreeRTOS\Demo\Common\Minimal\</path>
         <kind>object</kind>
         <file>QPeek.obj</file>
         <name>QPeek.obj</name>
      </input_file>
      <input_file id="fl-b">
         <path>.\FreeRTOS\Demo\Common\Minimal\</path>
         <kind>object</kind>
         <file>QueueOverwrite.obj</file>
         <name>QueueOverwrite.obj</name>
      </input_file>
      <input_file id="fl-c">
         <path>.\FreeRTOS\Demo\Common\Minimal\</path>
         <kind>object</kind>
         <file>blocktim.obj</file>
         <name>blocktim.obj</name>
      </input_file>
      <input_file id="fl-d">
         <path>.\FreeRTOS\Demo\Common\Minimal\</path>
         <kind>object</kind>
         <file>dynamic.obj</file>
         <name>dynamic.obj</name>
      </input_file>
      <input_file id="fl-e">
         <path>.\FreeRTOS\Demo\Common\Minimal\</path>
         <kind>object</kind>
         <file>flash.obj</file>
         <name>flash.obj</name>
      </input_file>
      <input_file id="fl-f">
         <path>.\FreeRTOS\Demo\Common\Minimal\</path>
         <kind>object</kind>
         <file>flop.obj</file>
         <name>flop.obj</name>
      </input_file>
      <input_file id="fl-10">
         <path>.\FreeRTOS\Demo\Common\Minimal\</path>
         <kind>object</kind>
         <file>integer.obj</file>
         <name>integer.obj</name>
      </input_file>
      <input_file id="fl-11">
         <path>.\FreeRTOS\Demo\Common\Minimal\</path>
         <kind>object</kind>
         <file>semtest.obj</file>
         <name>semtest.obj</name>
      </input_file>
      <input_file id="fl-12">
         <path>.\FreeRTOS\Demo\c5515_CCS\ParTest\</path>
         <kind>object</kind>
         <file>ParTest.obj</file>
         <name>ParTest.obj</name>
      </input_file>
      <input_file id="fl-13">
         <path>.\FreeRTOS\Demo\c5515_CCS\</path>
         <kind>object</kind>
         <file>main.obj</file>
         <name>main.obj</name>
      </input_file>
      <input_file id="fl-14">
         <path>.\FreeRTOS\Source\</path>
         <kind>object</kind>
         <file>croutine.obj</file>
         <name>croutine.obj</name>
      </input_file>
      <input_file id="fl-15">
         <path>.\FreeRTOS\Source\</path>
         <kind>object</kind>
         <file>event_groups.obj</file>
         <name>event_groups.obj</name>
      </input_file>
      <input_file id="fl-16">
         <path>.\FreeRTOS\Source\</path>
         <kind>object</kind>
         <file>list.obj</file>
         <name>list.obj</name>
      </input_file>
      <input_file id="fl-17">
         <path>.\FreeRTOS\Source\</path>
         <kind>object</kind>
         <file>queue.obj</file>
         <name>queue.obj</name>
      </input_file>
      <input_file id="fl-18">
         <path>.\FreeRTOS\Source\</path>
         <kind>object</kind>
         <file>tasks_sysStk.obj</file>
         <name>tasks_sysStk.obj</name>
      </input_file>
      <input_file id="fl-19">
         <path>.\FreeRTOS\Source\portable\CCS\c55x\</path>
         <kind>object</kind>
         <file>port.obj</file>
         <name>port.obj</name>
      </input_file>
      <input_file id="fl-1a">
         <path>.\FreeRTOS\Source\portable\CCS\c55x\</path>
         <kind>object</kind>
         <file>portASM.obj</file>
         <name>portASM.obj</name>
      </input_file>
      <input_file id="fl-1b">
         <path>.\FreeRTOS\Source\portable\MemMang\</path>
         <kind>object</kind>
         <file>heap_1.obj</file>
         <name>heap_1.obj</name>
      </input_file>
      <input_file id="fl-1c">
         <path>.\c5535_bsl_revc\ezdsp5535_v1\boot_post_SDcard\boot_post\</path>
         <kind>object</kind>
         <file>mem_test.obj</file>
         <name>mem_test.obj</name>
      </input_file>
      <input_file id="fl-1d">
         <path>.\c5535_bsl_revc\ezdsp5535_v1\boot_post_SDcard\boot_post\</path>
         <kind>object</kind>
         <file>oled_test.obj</file>
         <name>oled_test.obj</name>
      </input_file>
      <input_file id="fl-1e">
         <path>.\c5535_bsl_revc\ezdsp5535_v1\boot_post_SDcard\boot_post\</path>
         <kind>object</kind>
         <file>spiflash_test.obj</file>
         <name>spiflash_test.obj</name>
      </input_file>
      <input_file id="fl-1f">
         <path>.\c5535_bsl_revc\ezdsp5535_v1\c55xx_csl\src\</path>
         <kind>object</kind>
         <file>csl_audioClass.obj</file>
         <name>csl_audioClass.obj</name>
      </input_file>
      <input_file id="fl-20">
         <path>.\c5535_bsl_revc\ezdsp5535_v1\c55xx_csl\src\</path>
         <kind>object</kind>
         <file>csl_cdc.obj</file>
         <name>csl_cdc.obj</name>
      </input_file>
      <input_file id="fl-21">
         <path>.\c5535_bsl_revc\ezdsp5535_v1\c55xx_csl\src\</path>
         <kind>object</kind>
         <file>csl_dat.obj</file>
         <name>csl_dat.obj</name>
      </input_file>
      <input_file id="fl-22">
         <path>.\c5535_bsl_revc\ezdsp5535_v1\c55xx_csl\src\</path>
         <kind>object</kind>
         <file>csl_dma.obj</file>
         <name>csl_dma.obj</name>
      </input_file>
      <input_file id="fl-23">
         <path>.\c5535_bsl_revc\ezdsp5535_v1\c55xx_csl\src\</path>
         <kind>object</kind>
         <file>csl_gpio.obj</file>
         <name>csl_gpio.obj</name>
      </input_file>
      <input_file id="fl-24">
         <path>.\c5535_bsl_revc\ezdsp5535_v1\c55xx_csl\src\</path>
         <kind>object</kind>
         <file>csl_gpt.obj</file>
         <name>csl_gpt.obj</name>
      </input_file>
      <input_file id="fl-25">
         <path>.\c5535_bsl_revc\ezdsp5535_v1\c55xx_csl\src\</path>
         <kind>object</kind>
         <file>csl_i2c.obj</file>
         <name>csl_i2c.obj</name>
      </input_file>
      <input_file id="fl-26">
         <path>.\c5535_bsl_revc\ezdsp5535_v1\c55xx_csl\src\</path>
         <kind>object</kind>
         <file>csl_i2s.obj</file>
         <name>csl_i2s.obj</name>
      </input_file>
      <input_file id="fl-27">
         <path>.\c5535_bsl_revc\ezdsp5535_v1\c55xx_csl\src\</path>
         <kind>object</kind>
         <file>csl_intc.obj</file>
         <name>csl_intc.obj</name>
      </input_file>
      <input_file id="fl-28">
         <path>.\c5535_bsl_revc\ezdsp5535_v1\c55xx_csl\src\</path>
         <kind>object</kind>
         <file>csl_irqplug.obj</file>
         <name>csl_irqplug.obj</name>
      </input_file>
      <input_file id="fl-29">
         <path>.\c5535_bsl_revc\ezdsp5535_v1\c55xx_csl\src\</path>
         <kind>object</kind>
         <file>csl_lcdc.obj</file>
         <name>csl_lcdc.obj</name>
      </input_file>
      <input_file id="fl-2a">
         <path>.\c5535_bsl_revc\ezdsp5535_v1\c55xx_csl\src\</path>
         <kind>object</kind>
         <file>csl_mem.obj</file>
         <name>csl_mem.obj</name>
      </input_file>
      <input_file id="fl-2b">
         <path>.\c5535_bsl_revc\ezdsp5535_v1\c55xx_csl\src\</path>
         <kind>object</kind>
         <file>csl_mmcsd.obj</file>
         <name>csl_mmcsd.obj</name>
      </input_file>
      <input_file id="fl-2c">
         <path>.\c5535_bsl_revc\ezdsp5535_v1\c55xx_csl\src\</path>
         <kind>object</kind>
         <file>csl_mmcsd_ataIf.obj</file>
         <name>csl_mmcsd_ataIf.obj</name>
      </input_file>
      <input_file id="fl-2d">
         <path>.\c5535_bsl_revc\ezdsp5535_v1\c55xx_csl\src\</path>
         <kind>object</kind>
         <file>csl_msc.obj</file>
         <name>csl_msc.obj</name>
      </input_file>
      <input_file id="fl-2e">
         <path>.\c5535_bsl_revc\ezdsp5535_v1\c55xx_csl\src\</path>
         <kind>object</kind>
         <file>csl_nand.obj</file>
         <name>csl_nand.obj</name>
      </input_file>
      <input_file id="fl-2f">
         <path>.\c5535_bsl_revc\ezdsp5535_v1\c55xx_csl\src\</path>
         <kind>object</kind>
         <file>csl_pll.obj</file>
         <name>csl_pll.obj</name>
      </input_file>
      <input_file id="fl-30">
         <path>.\c5535_bsl_revc\ezdsp5535_v1\c55xx_csl\src\</path>
         <kind>object</kind>
         <file>csl_rtc.obj</file>
         <name>csl_rtc.obj</name>
      </input_file>
      <input_file id="fl-31">
         <path>.\c5535_bsl_revc\ezdsp5535_v1\c55xx_csl\src\</path>
         <kind>object</kind>
         <file>csl_sar.obj</file>
         <name>csl_sar.obj</name>
      </input_file>
      <input_file id="fl-32">
         <path>.\c5535_bsl_revc\ezdsp5535_v1\c55xx_csl\src\</path>
         <kind>object</kind>
         <file>csl_sdio.obj</file>
         <name>csl_sdio.obj</name>
      </input_file>
      <input_file id="fl-33">
         <path>.\c5535_bsl_revc\ezdsp5535_v1\c55xx_csl\src\</path>
         <kind>object</kind>
         <file>csl_spi.obj</file>
         <name>csl_spi.obj</name>
      </input_file>
      <input_file id="fl-34">
         <path>.\c5535_bsl_revc\ezdsp5535_v1\c55xx_csl\src\</path>
         <kind>object</kind>
         <file>csl_uart.obj</file>
         <name>csl_uart.obj</name>
      </input_file>
      <input_file id="fl-35">
         <path>.\c5535_bsl_revc\ezdsp5535_v1\c55xx_csl\src\</path>
         <kind>object</kind>
         <file>csl_usb.obj</file>
         <name>csl_usb.obj</name>
      </input_file>
      <input_file id="fl-36">
         <path>.\c5535_bsl_revc\ezdsp5535_v1\c55xx_csl\src\</path>
         <kind>object</kind>
         <file>csl_wdt.obj</file>
         <name>csl_wdt.obj</name>
      </input_file>
      <input_file id="fl-37">
         <path>.\c5535_bsl_revc\ezdsp5535_v1\c55xx_csl\src\</path>
         <kind>object</kind>
         <file>vectors.obj</file>
         <name>vectors.obj</name>
      </input_file>
      <input_file id="fl-38">
         <path>.\c5535_bsl_revc\ezdsp5535_v1\lib\bsl\</path>
         <kind>object</kind>
         <file>ezdsp5535.obj</file>
         <name>ezdsp5535.obj</name>
      </input_file>
      <input_file id="fl-39">
         <path>.\c5535_bsl_revc\ezdsp5535_v1\lib\bsl\</path>
         <kind>object</kind>
         <file>ezdsp5535_gpio.obj</file>
         <name>ezdsp5535_gpio.obj</name>
      </input_file>
      <input_file id="fl-3a">
         <path>.\c5535_bsl_revc\ezdsp5535_v1\lib\bsl\</path>
         <kind>object</kind>
         <file>ezdsp5535_i2c.obj</file>
         <name>ezdsp5535_i2c.obj</name>
      </input_file>
      <input_file id="fl-3b">
         <path>.\c5535_bsl_revc\ezdsp5535_v1\lib\bsl\</path>
         <kind>object</kind>
         <file>ezdsp5535_i2s.obj</file>
         <name>ezdsp5535_i2s.obj</name>
      </input_file>
      <input_file id="fl-3c">
         <path>.\c5535_bsl_revc\ezdsp5535_v1\lib\bsl\</path>
         <kind>object</kind>
         <file>ezdsp5535_lcd.obj</file>
         <name>ezdsp5535_lcd.obj</name>
      </input_file>
      <input_file id="fl-3d">
         <path>.\c5535_bsl_revc\ezdsp5535_v1\lib\bsl\</path>
         <kind>object</kind>
         <file>ezdsp5535_led.obj</file>
         <name>ezdsp5535_led.obj</name>
      </input_file>
      <input_file id="fl-3e">
         <path>.\c5535_bsl_revc\ezdsp5535_v1\lib\bsl\</path>
         <kind>object</kind>
         <file>ezdsp5535_sar.obj</file>
         <name>ezdsp5535_sar.obj</name>
      </input_file>
      <input_file id="fl-3f">
         <path>.\c5535_bsl_revc\ezdsp5535_v1\lib\bsl\</path>
         <kind>object</kind>
         <file>ezdsp5535_sdcard.obj</file>
         <name>ezdsp5535_sdcard.obj</name>
      </input_file>
      <input_file id="fl-40">
         <path>.\c5535_bsl_revc\ezdsp5535_v1\lib\bsl\</path>
         <kind>object</kind>
         <file>ezdsp5535_spiflash.obj</file>
         <name>ezdsp5535_spiflash.obj</name>
      </input_file>
      <input_file id="fl-41">
         <path>.\c5535_bsl_revc\ezdsp5535_v1\lib\bsl\</path>
         <kind>object</kind>
         <file>ezdsp5535_uart.obj</file>
         <name>ezdsp5535_uart.obj</name>
      </input_file>
      <input_file id="fl-59">
         <path>F:\ti\ccs8p1\ccsv8\tools\compiler\alt-install-ti-cgt-c55x_4.4.1\lib\</path>
         <kind>archive</kind>
         <file>rts55x.lib</file>
         <name>addd.obj</name>
      </input_file>
      <input_file id="fl-5a">
         <path>F:\ti\ccs8p1\ccsv8\tools\compiler\alt-install-ti-cgt-c55x_4.4.1\lib\</path>
         <kind>archive</kind>
         <file>rts55x.lib</file>
         <name>boot.obj</name>
      </input_file>
      <input_file id="fl-5b">
         <path>F:\ti\ccs8p1\ccsv8\tools\compiler\alt-install-ti-cgt-c55x_4.4.1\lib\</path>
         <kind>archive</kind>
         <file>rts55x.lib</file>
         <name>cmpd.obj</name>
      </input_file>
      <input_file id="fl-5c">
         <path>F:\ti\ccs8p1\ccsv8\tools\compiler\alt-install-ti-cgt-c55x_4.4.1\lib\</path>
         <kind>archive</kind>
         <file>rts55x.lib</file>
         <name>divd.obj</name>
      </input_file>
      <input_file id="fl-5d">
         <path>F:\ti\ccs8p1\ccsv8\tools\compiler\alt-install-ti-cgt-c55x_4.4.1\lib\</path>
         <kind>archive</kind>
         <file>rts55x.lib</file>
         <name>divli.obj</name>
      </input_file>
      <input_file id="fl-5e">
         <path>F:\ti\ccs8p1\ccsv8\tools\compiler\alt-install-ti-cgt-c55x_4.4.1\lib\</path>
         <kind>archive</kind>
         <file>rts55x.lib</file>
         <name>divul.obj</name>
      </input_file>
      <input_file id="fl-5f">
         <path>F:\ti\ccs8p1\ccsv8\tools\compiler\alt-install-ti-cgt-c55x_4.4.1\lib\</path>
         <kind>archive</kind>
         <file>rts55x.lib</file>
         <name>exit.obj</name>
      </input_file>
      <input_file id="fl-60">
         <path>F:\ti\ccs8p1\ccsv8\tools\compiler\alt-install-ti-cgt-c55x_4.4.1\lib\</path>
         <kind>archive</kind>
         <file>rts55x.lib</file>
         <name>fltud.obj</name>
      </input_file>
      <input_file id="fl-61">
         <path>F:\ti\ccs8p1\ccsv8\tools\compiler\alt-install-ti-cgt-c55x_4.4.1\lib\</path>
         <kind>archive</kind>
         <file>rts55x.lib</file>
         <name>fltuld.obj</name>
      </input_file>
      <input_file id="fl-62">
         <path>F:\ti\ccs8p1\ccsv8\tools\compiler\alt-install-ti-cgt-c55x_4.4.1\lib\</path>
         <kind>archive</kind>
         <file>rts55x.lib</file>
         <name>frcmpyd_div.obj</name>
      </input_file>
      <input_file id="fl-63">
         <path>F:\ti\ccs8p1\ccsv8\tools\compiler\alt-install-ti-cgt-c55x_4.4.1\lib\</path>
         <kind>archive</kind>
         <file>rts55x.lib</file>
         <name>lmpy.obj</name>
      </input_file>
      <input_file id="fl-64">
         <path>F:\ti\ccs8p1\ccsv8\tools\compiler\alt-install-ti-cgt-c55x_4.4.1\lib\</path>
         <kind>archive</kind>
         <file>rts55x.lib</file>
         <name>memcpy.obj</name>
      </input_file>
      <input_file id="fl-65">
         <path>F:\ti\ccs8p1\ccsv8\tools\compiler\alt-install-ti-cgt-c55x_4.4.1\lib\</path>
         <kind>archive</kind>
         <file>rts55x.lib</file>
         <name>memset.obj</name>
      </input_file>
      <input_file id="fl-66">
         <path>F:\ti\ccs8p1\ccsv8\tools\compiler\alt-install-ti-cgt-c55x_4.4.1\lib\</path>
         <kind>archive</kind>
         <file>rts55x.lib</file>
         <name>mpyd.obj</name>
      </input_file>
      <input_file id="fl-67">
         <path>F:\ti\ccs8p1\ccsv8\tools\compiler\alt-install-ti-cgt-c55x_4.4.1\lib\</path>
         <kind>archive</kind>
         <file>rts55x.lib</file>
         <name>printf.obj</name>
      </input_file>
      <input_file id="fl-68">
         <path>F:\ti\ccs8p1\ccsv8\tools\compiler\alt-install-ti-cgt-c55x_4.4.1\lib\</path>
         <kind>archive</kind>
         <file>rts55x.lib</file>
         <name>remul.obj</name>
      </input_file>
      <input_file id="fl-69">
         <path>F:\ti\ccs8p1\ccsv8\tools\compiler\alt-install-ti-cgt-c55x_4.4.1\lib\</path>
         <kind>archive</kind>
         <file>rts55x.lib</file>
         <name>strlen.obj</name>
      </input_file>
      <input_file id="fl-6a">
         <path>F:\ti\ccs8p1\ccsv8\tools\compiler\alt-install-ti-cgt-c55x_4.4.1\lib\</path>
         <kind>archive</kind>
         <file>rts55x.lib</file>
         <name>subd.obj</name>
      </input_file>
      <input_file id="fl-6b">
         <path>F:\ti\ccs8p1\ccsv8\tools\compiler\alt-install-ti-cgt-c55x_4.4.1\lib\</path>
         <kind>archive</kind>
         <file>rts55x.lib</file>
         <name>udiv.obj</name>
      </input_file>
      <input_file id="fl-6c">
         <path>F:\ti\ccs8p1\ccsv8\tools\compiler\alt-install-ti-cgt-c55x_4.4.1\lib\</path>
         <kind>archive</kind>
         <file>rts55x.lib</file>
         <name>vectors.obj</name>
      </input_file>
      <input_file id="fl-6d">
         <path>F:\ti\ccs8p1\ccsv8\tools\compiler\alt-install-ti-cgt-c55x_4.4.1\lib\</path>
         <kind>archive</kind>
         <file>rts55x.lib</file>
         <name>_lock.obj</name>
      </input_file>
      <input_file id="fl-6e">
         <path>F:\ti\ccs8p1\ccsv8\tools\compiler\alt-install-ti-cgt-c55x_4.4.1\lib\</path>
         <kind>archive</kind>
         <file>rts55x.lib</file>
         <name>_printfi.obj</name>
      </input_file>
      <input_file id="fl-6f">
         <path>F:\ti\ccs8p1\ccsv8\tools\compiler\alt-install-ti-cgt-c55x_4.4.1\lib\</path>
         <kind>archive</kind>
         <file>rts55x.lib</file>
         <name>args_main.obj</name>
      </input_file>
      <input_file id="fl-70">
         <path>F:\ti\ccs8p1\ccsv8\tools\compiler\alt-install-ti-cgt-c55x_4.4.1\lib\</path>
         <kind>archive</kind>
         <file>rts55x.lib</file>
         <name>atoi.obj</name>
      </input_file>
      <input_file id="fl-71">
         <path>F:\ti\ccs8p1\ccsv8\tools\compiler\alt-install-ti-cgt-c55x_4.4.1\lib\</path>
         <kind>archive</kind>
         <file>rts55x.lib</file>
         <name>autoinit.obj</name>
      </input_file>
      <input_file id="fl-72">
         <path>F:\ti\ccs8p1\ccsv8\tools\compiler\alt-install-ti-cgt-c55x_4.4.1\lib\</path>
         <kind>archive</kind>
         <file>rts55x.lib</file>
         <name>ctype.obj</name>
      </input_file>
      <input_file id="fl-73">
         <path>F:\ti\ccs8p1\ccsv8\tools\compiler\alt-install-ti-cgt-c55x_4.4.1\lib\</path>
         <kind>archive</kind>
         <file>rts55x.lib</file>
         <name>defs.obj</name>
      </input_file>
      <input_file id="fl-74">
         <path>F:\ti\ccs8p1\ccsv8\tools\compiler\alt-install-ti-cgt-c55x_4.4.1\lib\</path>
         <kind>archive</kind>
         <file>rts55x.lib</file>
         <name>fixdi.obj</name>
      </input_file>
      <input_file id="fl-75">
         <path>F:\ti\ccs8p1\ccsv8\tools\compiler\alt-install-ti-cgt-c55x_4.4.1\lib\</path>
         <kind>archive</kind>
         <file>rts55x.lib</file>
         <name>fixdli.obj</name>
      </input_file>
      <input_file id="fl-76">
         <path>F:\ti\ccs8p1\ccsv8\tools\compiler\alt-install-ti-cgt-c55x_4.4.1\lib\</path>
         <kind>archive</kind>
         <file>rts55x.lib</file>
         <name>fltlid.obj</name>
      </input_file>
      <input_file id="fl-77">
         <path>F:\ti\ccs8p1\ccsv8\tools\compiler\alt-install-ti-cgt-c55x_4.4.1\lib\</path>
         <kind>archive</kind>
         <file>rts55x.lib</file>
         <name>fputc.obj</name>
      </input_file>
      <input_file id="fl-78">
         <path>F:\ti\ccs8p1\ccsv8\tools\compiler\alt-install-ti-cgt-c55x_4.4.1\lib\</path>
         <kind>archive</kind>
         <file>rts55x.lib</file>
         <name>fputs.obj</name>
      </input_file>
      <input_file id="fl-79">
         <path>F:\ti\ccs8p1\ccsv8\tools\compiler\alt-install-ti-cgt-c55x_4.4.1\lib\</path>
         <kind>archive</kind>
         <file>rts55x.lib</file>
         <name>frcmpyd.obj</name>
      </input_file>
      <input_file id="fl-7a">
         <path>F:\ti\ccs8p1\ccsv8\tools\compiler\alt-install-ti-cgt-c55x_4.4.1\lib\</path>
         <kind>archive</kind>
         <file>rts55x.lib</file>
         <name>isinf.obj</name>
      </input_file>
      <input_file id="fl-7b">
         <path>F:\ti\ccs8p1\ccsv8\tools\compiler\alt-install-ti-cgt-c55x_4.4.1\lib\</path>
         <kind>archive</kind>
         <file>rts55x.lib</file>
         <name>llmpy.obj</name>
      </input_file>
      <input_file id="fl-7c">
         <path>F:\ti\ccs8p1\ccsv8\tools\compiler\alt-install-ti-cgt-c55x_4.4.1\lib\</path>
         <kind>archive</kind>
         <file>rts55x.lib</file>
         <name>lowlev.obj</name>
      </input_file>
      <input_file id="fl-7d">
         <path>F:\ti\ccs8p1\ccsv8\tools\compiler\alt-install-ti-cgt-c55x_4.4.1\lib\</path>
         <kind>archive</kind>
         <file>rts55x.lib</file>
         <name>ltoa.obj</name>
      </input_file>
      <input_file id="fl-7e">
         <path>F:\ti\ccs8p1\ccsv8\tools\compiler\alt-install-ti-cgt-c55x_4.4.1\lib\</path>
         <kind>archive</kind>
         <file>rts55x.lib</file>
         <name>memccpy.obj</name>
      </input_file>
      <input_file id="fl-7f">
         <path>F:\ti\ccs8p1\ccsv8\tools\compiler\alt-install-ti-cgt-c55x_4.4.1\lib\</path>
         <kind>archive</kind>
         <file>rts55x.lib</file>
         <name>negd.obj</name>
      </input_file>
      <input_file id="fl-80">
         <path>F:\ti\ccs8p1\ccsv8\tools\compiler\alt-install-ti-cgt-c55x_4.4.1\lib\</path>
         <kind>archive</kind>
         <file>rts55x.lib</file>
         <name>remli.obj</name>
      </input_file>
      <input_file id="fl-81">
         <path>F:\ti\ccs8p1\ccsv8\tools\compiler\alt-install-ti-cgt-c55x_4.4.1\lib\</path>
         <kind>archive</kind>
         <file>rts55x.lib</file>
         <name>trgdrv.obj</name>
      </input_file>
      <input_file id="fl-82">
         <path>F:\ti\ccs8p1\ccsv8\tools\compiler\alt-install-ti-cgt-c55x_4.4.1\lib\</path>
         <kind>archive</kind>
         <file>rts55x.lib</file>
         <name>trgmsg.obj</name>
      </input_file>
      <input_file id="fl-83">
         <path>F:\ti\ccs8p1\ccsv8\tools\compiler\alt-install-ti-cgt-c55x_4.4.1\lib\</path>
         <kind>archive</kind>
         <file>rts55x.lib</file>
         <name>_io_perm.obj</name>
      </input_file>
      <input_file id="fl-84">
         <path>F:\ti\ccs8p1\ccsv8\tools\compiler\alt-install-ti-cgt-c55x_4.4.1\lib\</path>
         <kind>archive</kind>
         <file>rts55x.lib</file>
         <name>fflush.obj</name>
      </input_file>
      <input_file id="fl-85">
         <path>F:\ti\ccs8p1\ccsv8\tools\compiler\alt-install-ti-cgt-c55x_4.4.1\lib\</path>
         <kind>archive</kind>
         <file>rts55x.lib</file>
         <name>fseek.obj</name>
      </input_file>
      <input_file id="fl-86">
         <path>F:\ti\ccs8p1\ccsv8\tools\compiler\alt-install-ti-cgt-c55x_4.4.1\lib\</path>
         <kind>archive</kind>
         <file>rts55x.lib</file>
         <name>setvbuf.obj</name>
      </input_file>
      <input_file id="fl-87">
         <path>F:\ti\ccs8p1\ccsv8\tools\compiler\alt-install-ti-cgt-c55x_4.4.1\lib\</path>
         <kind>archive</kind>
         <file>rts55x.lib</file>
         <name>fopen.obj</name>
      </input_file>
      <input_file id="fl-88">
         <path>F:\ti\ccs8p1\ccsv8\tools\compiler\alt-install-ti-cgt-c55x_4.4.1\lib\</path>
         <kind>archive</kind>
         <file>rts55x.lib</file>
         <name>memory.obj</name>
      </input_file>
      <input_file id="fl-89">
         <path>F:\ti\ccs8p1\ccsv8\tools\compiler\alt-install-ti-cgt-c55x_4.4.1\lib\</path>
         <kind>archive</kind>
         <file>rts55x.lib</file>
         <name>fclose.obj</name>
      </input_file>
      <input_file id="fl-8a">
         <path>F:\ti\ccs8p1\ccsv8\tools\compiler\alt-install-ti-cgt-c55x_4.4.1\lib\</path>
         <kind>archive</kind>
         <file>rts55x.lib</file>
         <name>remove.obj</name>
      </input_file>
   </input_file_list>
   <object_component_list>
      <object_component id="oc-1ee">
         <name>.text</name>
         <load_address>0x20000</load_address>
         <run_address>0x20000</run_address>
         <size>0x15a4</size>
         <input_file_ref idref="fl-6e"/>
      </object_component>
      <object_component id="oc-a3">
         <name>.text</name>
         <load_address>0x215a4</load_address>
         <run_address>0x215a4</run_address>
         <size>0x1478</size>
         <input_file_ref idref="fl-17"/>
      </object_component>
      <object_component id="oc-126">
         <name>.text</name>
         <load_address>0x22a1c</load_address>
         <run_address>0x22a1c</run_address>
         <size>0x11eb</size>
         <input_file_ref idref="fl-2e"/>
      </object_component>
      <object_component id="oc-145">
         <name>.text</name>
         <load_address>0x23c08</load_address>
         <run_address>0x23c08</run_address>
         <size>0x1106</size>
         <input_file_ref idref="fl-34"/>
      </object_component>
      <object_component id="oc-e0">
         <name>.text</name>
         <load_address>0x24d10</load_address>
         <run_address>0x24d10</run_address>
         <size>0xdc1</size>
         <input_file_ref idref="fl-21"/>
      </object_component>
      <object_component id="oc-d5">
         <name>.text</name>
         <load_address>0x25ad4</load_address>
         <run_address>0x25ad4</run_address>
         <size>0xd74</size>
         <input_file_ref idref="fl-1f"/>
      </object_component>
      <object_component id="oc-da">
         <name>.text</name>
         <load_address>0x26848</load_address>
         <run_address>0x26848</run_address>
         <size>0xc65</size>
         <input_file_ref idref="fl-20"/>
      </object_component>
      <object_component id="oc-f4">
         <name>.text</name>
         <load_address>0x274b0</load_address>
         <run_address>0x274b0</run_address>
         <size>0xc4c</size>
         <input_file_ref idref="fl-25"/>
      </object_component>
      <object_component id="oc-11a">
         <name>.text</name>
         <load_address>0x280fc</load_address>
         <run_address>0x280fc</run_address>
         <size>0xb3e</size>
         <input_file_ref idref="fl-2c"/>
      </object_component>
      <object_component id="oc-135">
         <name>.text</name>
         <load_address>0x28c3c</load_address>
         <run_address>0x28c3c</run_address>
         <size>0xb2b</size>
         <input_file_ref idref="fl-31"/>
      </object_component>
      <object_component id="oc-fa">
         <name>.text</name>
         <load_address>0x29768</load_address>
         <run_address>0x29768</run_address>
         <size>0x9e3</size>
         <input_file_ref idref="fl-26"/>
      </object_component>
      <object_component id="oc-130">
         <name>.text</name>
         <load_address>0x2a14c</load_address>
         <run_address>0x2a14c</run_address>
         <size>0x8b4</size>
         <input_file_ref idref="fl-30"/>
      </object_component>
      <object_component id="oc-10b">
         <name>.text</name>
         <load_address>0x2aa00</load_address>
         <run_address>0x2aa00</run_address>
         <size>0x838</size>
         <input_file_ref idref="fl-29"/>
      </object_component>
      <object_component id="oc-c9">
         <name>.text</name>
         <load_address>0x2b238</load_address>
         <run_address>0x2b238</run_address>
         <size>0x81d</size>
         <input_file_ref idref="fl-1d"/>
      </object_component>
      <object_component id="oc-ea">
         <name>.text</name>
         <load_address>0x2ba58</load_address>
         <run_address>0x2ba58</run_address>
         <size>0x697</size>
         <input_file_ref idref="fl-23"/>
      </object_component>
      <object_component id="oc-8a">
         <name>.text</name>
         <load_address>0x2c0f0</load_address>
         <run_address>0x2c0f0</run_address>
         <size>0x67c</size>
         <input_file_ref idref="fl-13"/>
      </object_component>
      <object_component id="oc-13f">
         <name>.text</name>
         <load_address>0x2c76c</load_address>
         <run_address>0x2c76c</run_address>
         <size>0x5bb</size>
         <input_file_ref idref="fl-33"/>
      </object_component>
      <object_component id="oc-52">
         <name>.text</name>
         <load_address>0x2cd28</load_address>
         <run_address>0x2cd28</run_address>
         <size>0x5b3</size>
         <input_file_ref idref="fl-c"/>
      </object_component>
      <object_component id="oc-99">
         <name>.text</name>
         <load_address>0x2d2dc</load_address>
         <run_address>0x2d2dc</run_address>
         <size>0x573</size>
         <input_file_ref idref="fl-15"/>
      </object_component>
      <object_component id="oc-228">
         <name>.text</name>
         <load_address>0x2d84f</load_address>
         <run_address>0x2d84f</run_address>
         <size>0x543</size>
         <input_file_ref idref="fl-7c"/>
      </object_component>
      <object_component id="oc-101">
         <name>.text</name>
         <load_address>0x2dd94</load_address>
         <run_address>0x2dd94</run_address>
         <size>0x538</size>
         <input_file_ref idref="fl-27"/>
      </object_component>
      <object_component id="oc-23e">
         <name>.text</name>
         <load_address>0x2e2cc</load_address>
         <run_address>0x2e2cc</run_address>
         <size>0x528</size>
         <input_file_ref idref="fl-81"/>
      </object_component>
      <object_component id="oc-181">
         <name>.text</name>
         <load_address>0x2e7f4</load_address>
         <run_address>0x2e7f4</run_address>
         <size>0x4d5</size>
         <input_file_ref idref="fl-3f"/>
      </object_component>
      <object_component id="oc-25f">
         <name>.text</name>
         <load_address>0x2ecc9</load_address>
         <run_address>0x2ecc9</run_address>
         <size>0x4b5</size>
         <input_file_ref idref="fl-88"/>
      </object_component>
      <object_component id="oc-42">
         <name>.text</name>
         <load_address>0x2f180</load_address>
         <run_address>0x2f180</run_address>
         <size>0x42e</size>
         <input_file_ref idref="fl-a"/>
      </object_component>
      <object_component id="oc-92">
         <name>.text</name>
         <load_address>0x2f5b0</load_address>
         <run_address>0x2f5b0</run_address>
         <size>0x427</size>
         <input_file_ref idref="fl-14"/>
      </object_component>
      <object_component id="oc-b8">
         <name>.text</name>
         <load_address>0x2f9d8</load_address>
         <run_address>0x2f9d8</run_address>
         <size>0x3e9</size>
         <input_file_ref idref="fl-1a"/>
      </object_component>
      <object_component id="oc-6a">
         <name>.text</name>
         <load_address>0x2fdc4</load_address>
         <run_address>0x2fdc4</run_address>
         <size>0x3d2</size>
         <input_file_ref idref="fl-f"/>
      </object_component>
      <object_component id="oc-1a0">
         <name>.text</name>
         <load_address>0x30196</load_address>
         <run_address>0x30196</run_address>
         <size>0x3cc</size>
         <input_file_ref idref="fl-5c"/>
      </object_component>
      <object_component id="oc-188">
         <name>.text</name>
         <load_address>0x30564</load_address>
         <run_address>0x30564</run_address>
         <size>0x3c2</size>
         <input_file_ref idref="fl-40"/>
      </object_component>
      <object_component id="oc-5a">
         <name>.text</name>
         <load_address>0x30928</load_address>
         <run_address>0x30928</run_address>
         <size>0x383</size>
         <input_file_ref idref="fl-d"/>
      </object_component>
      <object_component id="oc-110">
         <name>.text</name>
         <load_address>0x30cac</load_address>
         <run_address>0x30cac</run_address>
         <size>0x345</size>
         <input_file_ref idref="fl-2a"/>
      </object_component>
      <object_component id="oc-ef">
         <name>.text</name>
         <load_address>0x30ff4</load_address>
         <run_address>0x30ff4</run_address>
         <size>0x2f7</size>
         <input_file_ref idref="fl-24"/>
      </object_component>
      <object_component id="oc-7b">
         <name>.text</name>
         <load_address>0x312ec</load_address>
         <run_address>0x312ec</run_address>
         <size>0x2f4</size>
         <input_file_ref idref="fl-11"/>
      </object_component>
      <object_component id="oc-12">
         <name>.text</name>
         <load_address>0x315e0</load_address>
         <run_address>0x315e0</run_address>
         <size>0x2ef</size>
         <input_file_ref idref="fl-2"/>
      </object_component>
      <object_component id="oc-12b">
         <name>.text</name>
         <load_address>0x318d0</load_address>
         <run_address>0x318d0</run_address>
         <size>0x2ac</size>
         <input_file_ref idref="fl-2f"/>
      </object_component>
      <object_component id="oc-24">
         <name>.text</name>
         <load_address>0x31b7c</load_address>
         <run_address>0x31b7c</run_address>
         <size>0x298</size>
         <input_file_ref idref="fl-5"/>
      </object_component>
      <object_component id="oc-259">
         <name>.text</name>
         <load_address>0x31e14</load_address>
         <run_address>0x31e14</run_address>
         <size>0x27f</size>
         <input_file_ref idref="fl-87"/>
      </object_component>
      <object_component id="oc-150">
         <name>.text</name>
         <load_address>0x32094</load_address>
         <run_address>0x32094</run_address>
         <size>0x266</size>
         <input_file_ref idref="fl-36"/>
      </object_component>
      <object_component id="oc-224">
         <name>.text</name>
         <load_address>0x322fa</load_address>
         <run_address>0x322fa</run_address>
         <size>0x25e</size>
         <input_file_ref idref="fl-7b"/>
      </object_component>
      <object_component id="oc-194">
         <name>.text</name>
         <load_address>0x32558</load_address>
         <run_address>0x32558</run_address>
         <size>0x25a</size>
         <input_file_ref idref="fl-59"/>
      </object_component>
      <object_component id="oc-16">
         <name>.text</name>
         <load_address>0x327b4</load_address>
         <run_address>0x327b4</run_address>
         <size>0x21e</size>
         <input_file_ref idref="fl-3"/>
      </object_component>
      <object_component id="oc-175">
         <name>.text</name>
         <load_address>0x329d4</load_address>
         <run_address>0x329d4</run_address>
         <size>0x1f7</size>
         <input_file_ref idref="fl-3d"/>
      </object_component>
      <object_component id="oc-19c">
         <name>.text</name>
         <load_address>0x32bcb</load_address>
         <run_address>0x32bcb</run_address>
         <size>0x1ea</size>
         <input_file_ref idref="fl-5b"/>
      </object_component>
      <object_component id="oc-3a">
         <name>.text</name>
         <load_address>0x32db8</load_address>
         <run_address>0x32db8</run_address>
         <size>0x1c2</size>
         <input_file_ref idref="fl-9"/>
      </object_component>
      <object_component id="oc-b1">
         <name>.text</name>
         <load_address>0x32f7c</load_address>
         <run_address>0x32f7c</run_address>
         <size>0x1c0</size>
         <input_file_ref idref="fl-19"/>
      </object_component>
      <object_component id="oc-9e">
         <name>.text</name>
         <load_address>0x3313c</load_address>
         <run_address>0x3313c</run_address>
         <size>0x1ae</size>
         <input_file_ref idref="fl-16"/>
      </object_component>
      <object_component id="oc-170">
         <name>.text</name>
         <load_address>0x332ec</load_address>
         <run_address>0x332ec</run_address>
         <size>0x195</size>
         <input_file_ref idref="fl-3c"/>
      </object_component>
      <object_component id="oc-ce">
         <name>.text</name>
         <load_address>0x33484</load_address>
         <run_address>0x33484</run_address>
         <size>0x18b</size>
         <input_file_ref idref="fl-1e"/>
      </object_component>
      <object_component id="oc-17a">
         <name>.text</name>
         <load_address>0x33610</load_address>
         <run_address>0x33610</run_address>
         <size>0x17c</size>
         <input_file_ref idref="fl-3e"/>
      </object_component>
      <object_component id="oc-217">
         <name>.text</name>
         <load_address>0x3378c</load_address>
         <run_address>0x3378c</run_address>
         <size>0x163</size>
         <input_file_ref idref="fl-78"/>
      </object_component>
      <object_component id="oc-1cc">
         <name>.text</name>
         <load_address>0x338ef</load_address>
         <run_address>0x338ef</run_address>
         <size>0x14c</size>
         <input_file_ref idref="fl-66"/>
      </object_component>
      <object_component id="oc-34">
         <name>.text:retain</name>
         <load_address>0x33a3c</load_address>
         <run_address>0x33a3c</run_address>
         <size>0x12b</size>
         <input_file_ref idref="fl-7"/>
      </object_component>
      <object_component id="oc-16a">
         <name>.text</name>
         <load_address>0x33b68</load_address>
         <run_address>0x33b68</run_address>
         <size>0x112</size>
         <input_file_ref idref="fl-3b"/>
      </object_component>
      <object_component id="oc-73">
         <name>.text</name>
         <load_address>0x33c7c</load_address>
         <run_address>0x33c7c</run_address>
         <size>0x104</size>
         <input_file_ref idref="fl-10"/>
      </object_component>
      <object_component id="oc-28">
         <name>.text</name>
         <load_address>0x33d80</load_address>
         <run_address>0x33d80</run_address>
         <size>0xfc</size>
         <input_file_ref idref="fl-6"/>
      </object_component>
      <object_component id="oc-255">
         <name>.text</name>
         <load_address>0x33e7c</load_address>
         <run_address>0x33e7c</run_address>
         <size>0xe6</size>
         <input_file_ref idref="fl-86"/>
      </object_component>
      <object_component id="oc-62">
         <name>.text</name>
         <load_address>0x33f64</load_address>
         <run_address>0x33f64</run_address>
         <size>0xde</size>
         <input_file_ref idref="fl-e"/>
      </object_component>
      <object_component id="oc-249">
         <name>.text</name>
         <load_address>0x34042</load_address>
         <run_address>0x34042</run_address>
         <size>0xdd</size>
         <input_file_ref idref="fl-83"/>
      </object_component>
      <object_component id="oc-bc">
         <name>.text</name>
         <load_address>0x34120</load_address>
         <run_address>0x34120</run_address>
         <size>0xce</size>
         <input_file_ref idref="fl-1b"/>
      </object_component>
      <object_component id="oc-24d">
         <name>.text</name>
         <load_address>0x341ee</load_address>
         <run_address>0x341ee</run_address>
         <size>0xc2</size>
         <input_file_ref idref="fl-84"/>
      </object_component>
      <object_component id="oc-246">
         <name>.text:CIO_breakpoint</name>
         <load_address>0x342b0</load_address>
         <run_address>0x342b0</run_address>
         <size>0xba</size>
         <input_file_ref idref="fl-82"/>
      </object_component>
      <object_component id="oc-c3">
         <name>.text</name>
         <load_address>0x3436c</load_address>
         <run_address>0x3436c</run_address>
         <size>0xaf</size>
         <input_file_ref idref="fl-1c"/>
      </object_component>
      <object_component id="oc-213">
         <name>.text</name>
         <load_address>0x3441b</load_address>
         <run_address>0x3441b</run_address>
         <size>0xa6</size>
         <input_file_ref idref="fl-77"/>
      </object_component>
      <object_component id="oc-18e">
         <name>.text</name>
         <load_address>0x344c4</load_address>
         <run_address>0x344c4</run_address>
         <size>0xa2</size>
         <input_file_ref idref="fl-41"/>
      </object_component>
      <object_component id="oc-1a8">
         <name>.text</name>
         <load_address>0x34566</load_address>
         <run_address>0x34566</run_address>
         <size>0xa1</size>
         <input_file_ref idref="fl-5e"/>
      </object_component>
      <object_component id="oc-83">
         <name>.text</name>
         <load_address>0x34608</load_address>
         <run_address>0x34608</run_address>
         <size>0x9a</size>
         <input_file_ref idref="fl-12"/>
      </object_component>
      <object_component id="oc-165">
         <name>.text</name>
         <load_address>0x346a4</load_address>
         <run_address>0x346a4</run_address>
         <size>0x94</size>
         <input_file_ref idref="fl-3a"/>
      </object_component>
      <object_component id="oc-107">
         <name>.text</name>
         <load_address>0x34738</load_address>
         <run_address>0x34738</run_address>
         <size>0x8c</size>
         <input_file_ref idref="fl-28"/>
      </object_component>
      <object_component id="oc-1d">
         <name>.text</name>
         <load_address>0x347c4</load_address>
         <run_address>0x347c4</run_address>
         <size>0x8c</size>
         <input_file_ref idref="fl-4"/>
      </object_component>
      <object_component id="oc-15f">
         <name>.text</name>
         <load_address>0x34850</load_address>
         <run_address>0x34850</run_address>
         <size>0x8a</size>
         <input_file_ref idref="fl-39"/>
      </object_component>
      <object_component id="oc-155">
         <name>.text</name>
         <load_address>0x348da</load_address>
         <run_address>0x348da</run_address>
         <size>0x7f</size>
         <input_file_ref idref="fl-37"/>
      </object_component>
      <object_component id="oc-22e">
         <name>.text</name>
         <load_address>0x34959</load_address>
         <run_address>0x34959</run_address>
         <size>0x7d</size>
         <input_file_ref idref="fl-7d"/>
      </object_component>
      <object_component id="oc-266">
         <name>.text</name>
         <load_address>0x349d6</load_address>
         <run_address>0x349d6</run_address>
         <size>0x7b</size>
         <input_file_ref idref="fl-89"/>
      </object_component>
      <object_component id="oc-21c">
         <name>.text</name>
         <load_address>0x34a51</load_address>
         <run_address>0x34a51</run_address>
         <size>0x76</size>
         <input_file_ref idref="fl-79"/>
      </object_component>
      <object_component id="oc-1bc">
         <name>.text</name>
         <load_address>0x34ac7</load_address>
         <run_address>0x34ac7</run_address>
         <size>0x73</size>
         <input_file_ref idref="fl-62"/>
      </object_component>
      <object_component id="oc-1d4">
         <name>.text</name>
         <load_address>0x34b3a</load_address>
         <run_address>0x34b3a</run_address>
         <size>0x72</size>
         <input_file_ref idref="fl-68"/>
      </object_component>
      <object_component id="oc-20a">
         <name>.text</name>
         <load_address>0x34bac</load_address>
         <run_address>0x34bac</run_address>
         <size>0x6f</size>
         <input_file_ref idref="fl-75"/>
      </object_component>
      <object_component id="oc-243">
         <name>.text</name>
         <load_address>0x34c1b</load_address>
         <run_address>0x34c1b</run_address>
         <size>0x6d</size>
         <input_file_ref idref="fl-82"/>
      </object_component>
      <object_component id="oc-251">
         <name>.text</name>
         <load_address>0x34c88</load_address>
         <run_address>0x34c88</run_address>
         <size>0x6b</size>
         <input_file_ref idref="fl-85"/>
      </object_component>
      <object_component id="oc-20e">
         <name>.text</name>
         <load_address>0x34cf3</load_address>
         <run_address>0x34cf3</run_address>
         <size>0x67</size>
         <input_file_ref idref="fl-76"/>
      </object_component>
      <object_component id="oc-1f8">
         <name>.text</name>
         <load_address>0x34d5a</load_address>
         <run_address>0x34d5a</run_address>
         <size>0x5c</size>
         <input_file_ref idref="fl-70"/>
      </object_component>
      <object_component id="oc-1b7">
         <name>.text</name>
         <load_address>0x34db6</load_address>
         <run_address>0x34db6</run_address>
         <size>0x5b</size>
         <input_file_ref idref="fl-61"/>
      </object_component>
      <object_component id="oc-15a">
         <name>.text</name>
         <load_address>0x34e14</load_address>
         <run_address>0x34e14</run_address>
         <size>0x56</size>
         <input_file_ref idref="fl-38"/>
      </object_component>
      <object_component id="oc-1d0">
         <name>.text</name>
         <load_address>0x34e6a</load_address>
         <run_address>0x34e6a</run_address>
         <size>0x50</size>
         <input_file_ref idref="fl-67"/>
      </object_component>
      <object_component id="oc-2c">
         <name>.text:retain</name>
         <load_address>0x34ebc</load_address>
         <run_address>0x34ebc</run_address>
         <size>0x4e</size>
         <input_file_ref idref="fl-6"/>
      </object_component>
      <object_component id="oc-1fc">
         <name>.text</name>
         <load_address>0x34f0a</load_address>
         <run_address>0x34f0a</run_address>
         <size>0x4d</size>
         <input_file_ref idref="fl-71"/>
      </object_component>
      <object_component id="oc-30">
         <name>.text</name>
         <load_address>0x34f58</load_address>
         <run_address>0x34f58</run_address>
         <size>0x4c</size>
         <input_file_ref idref="fl-7"/>
      </object_component>
      <object_component id="oc-1f4">
         <name>.text</name>
         <load_address>0x34fa4</load_address>
         <run_address>0x34fa4</run_address>
         <size>0x4b</size>
         <input_file_ref idref="fl-6f"/>
      </object_component>
      <object_component id="oc-23a">
         <name>.text</name>
         <load_address>0x34fef</load_address>
         <run_address>0x34fef</run_address>
         <size>0x4b</size>
         <input_file_ref idref="fl-80"/>
      </object_component>
      <object_component id="oc-1a4">
         <name>.text</name>
         <load_address>0x3503a</load_address>
         <run_address>0x3503a</run_address>
         <size>0x48</size>
         <input_file_ref idref="fl-5d"/>
      </object_component>
      <object_component id="oc-1c4">
         <name>.text</name>
         <load_address>0x35082</load_address>
         <run_address>0x35082</run_address>
         <size>0x3f</size>
         <input_file_ref idref="fl-64"/>
      </object_component>
      <object_component id="oc-1ac">
         <name>.text</name>
         <load_address>0x350c1</load_address>
         <run_address>0x350c1</run_address>
         <size>0x3e</size>
         <input_file_ref idref="fl-5f"/>
      </object_component>
      <object_component id="oc-10">
         <name>.text</name>
         <load_address>0x350ff</load_address>
         <run_address>0x350ff</run_address>
         <size>0x34</size>
         <input_file_ref idref="fl-5a"/>
      </object_component>
      <object_component id="oc-206">
         <name>.text</name>
         <load_address>0x35133</load_address>
         <run_address>0x35133</run_address>
         <size>0x2a</size>
         <input_file_ref idref="fl-74"/>
      </object_component>
      <object_component id="oc-1e0">
         <name>.text</name>
         <load_address>0x3515d</load_address>
         <run_address>0x3515d</run_address>
         <size>0x2a</size>
         <input_file_ref idref="fl-6b"/>
      </object_component>
      <object_component id="oc-232">
         <name>.text</name>
         <load_address>0x35187</load_address>
         <run_address>0x35187</run_address>
         <size>0x23</size>
         <input_file_ref idref="fl-7e"/>
      </object_component>
      <object_component id="oc-220">
         <name>.text</name>
         <load_address>0x351aa</load_address>
         <run_address>0x351aa</run_address>
         <size>0x1a</size>
         <input_file_ref idref="fl-7a"/>
      </object_component>
      <object_component id="oc-1c0">
         <name>.text</name>
         <load_address>0x351c4</load_address>
         <run_address>0x351c4</run_address>
         <size>0x13</size>
         <input_file_ref idref="fl-63"/>
      </object_component>
      <object_component id="oc-1e8">
         <name>.text</name>
         <load_address>0x351d7</load_address>
         <run_address>0x351d7</run_address>
         <size>0x12</size>
         <input_file_ref idref="fl-6d"/>
      </object_component>
      <object_component id="oc-1c8">
         <name>.text</name>
         <load_address>0x351e9</load_address>
         <run_address>0x351e9</run_address>
         <size>0x11</size>
         <input_file_ref idref="fl-65"/>
      </object_component>
      <object_component id="oc-1d8">
         <name>.text</name>
         <load_address>0x351fa</load_address>
         <run_address>0x351fa</run_address>
         <size>0x11</size>
         <input_file_ref idref="fl-69"/>
      </object_component>
      <object_component id="oc-236">
         <name>.text</name>
         <load_address>0x3520b</load_address>
         <run_address>0x3520b</run_address>
         <size>0x10</size>
         <input_file_ref idref="fl-7f"/>
      </object_component>
      <object_component id="oc-1b3">
         <name>.text</name>
         <load_address>0x3521b</load_address>
         <run_address>0x3521b</run_address>
         <size>0xe</size>
         <input_file_ref idref="fl-60"/>
      </object_component>
      <object_component id="oc-26a">
         <name>.text</name>
         <load_address>0x35229</load_address>
         <run_address>0x35229</run_address>
         <size>0xa</size>
         <input_file_ref idref="fl-8a"/>
      </object_component>
      <object_component id="oc-1b0">
         <name>.text:CIO_breakpoint</name>
         <load_address>0x35233</load_address>
         <run_address>0x35233</run_address>
         <size>0x7</size>
         <input_file_ref idref="fl-5f"/>
      </object_component>
      <object_component id="oc-115">
         <name>.text</name>
         <load_address>0x40a28</load_address>
         <run_address>0x40a28</run_address>
         <size>0x444f</size>
         <input_file_ref idref="fl-2b"/>
      </object_component>
      <object_component id="oc-121">
         <name>.text</name>
         <load_address>0x44e78</load_address>
         <run_address>0x44e78</run_address>
         <size>0x2b4f</size>
         <input_file_ref idref="fl-2d"/>
      </object_component>
      <object_component id="oc-13a">
         <name>.text</name>
         <load_address>0x479c8</load_address>
         <run_address>0x479c8</run_address>
         <size>0x2a24</size>
         <input_file_ref idref="fl-32"/>
      </object_component>
      <object_component id="oc-14a">
         <name>.text</name>
         <load_address>0x4a3ec</load_address>
         <run_address>0x4a3ec</run_address>
         <size>0x21d5</size>
         <input_file_ref idref="fl-35"/>
      </object_component>
      <object_component id="oc-1e4">
         <name>.text</name>
         <load_address>0x4c5c1</load_address>
         <run_address>0x4c5c1</run_address>
         <size>0x2</size>
         <input_file_ref idref="fl-6c"/>
      </object_component>
      <object_component id="oc-a9">
         <name>.text</name>
         <load_address>0x4c5c4</load_address>
         <run_address>0x4c5c4</run_address>
         <size>0x1d3d</size>
         <input_file_ref idref="fl-18"/>
      </object_component>
      <object_component id="oc-e5">
         <name>.text</name>
         <load_address>0x4e304</load_address>
         <run_address>0x4e304</run_address>
         <size>0x18ac</size>
         <input_file_ref idref="fl-22"/>
      </object_component>
      <object_component id="oc-4a">
         <name>.text</name>
         <load_address>0x4fbb0</load_address>
         <run_address>0x4fbb0</run_address>
         <size>0x236</size>
         <input_file_ref idref="fl-b"/>
      </object_component>
      <object_component id="oc-1dc">
         <name>.text</name>
         <load_address>0x4fde6</load_address>
         <run_address>0x4fde6</run_address>
         <size>0x14</size>
         <input_file_ref idref="fl-6a"/>
      </object_component>
      <object_component id="oc-198">
         <name>.stack</name>
         <uninitialized>true</uninitialized>
         <run_address>0xc0</run_address>
         <size>0x0</size>
         <input_file_ref idref="fl-5a"/>
      </object_component>
      <object_component id="oc-291">
         <name>.stack</name>
         <uninitialized>true</uninitialized>
         <run_address>0xc0</run_address>
         <size>0x0</size>
      </object_component>
      <object_component id="oc-26e">
         <name>.sysstack</name>
         <uninitialized>true</uninitialized>
         <run_address>0x20c0</run_address>
         <size>0x0</size>
         <input_file_ref idref="fl-5a"/>
      </object_component>
      <object_component id="oc-293">
         <name>.sysstack</name>
         <uninitialized>true</uninitialized>
         <run_address>0x20c0</run_address>
         <size>0x0</size>
      </object_component>
      <object_component id="oc-bd">
         <name>.bss</name>
         <uninitialized>true</uninitialized>
         <run_address>0x30c0</run_address>
         <size>0x2718</size>
         <input_file_ref idref="fl-1b"/>
      </object_component>
      <object_component id="oc-11b">
         <name>.bss</name>
         <uninitialized>true</uninitialized>
         <run_address>0x57d8</run_address>
         <size>0xa1a</size>
         <input_file_ref idref="fl-2c"/>
      </object_component>
      <object_component id="oc-c4">
         <name>.bss</name>
         <uninitialized>true</uninitialized>
         <run_address>0x61f2</run_address>
         <size>0x800</size>
         <input_file_ref idref="fl-1c"/>
      </object_component>
      <object_component id="oc-cf">
         <name>.bss</name>
         <uninitialized>true</uninitialized>
         <run_address>0x69f2</run_address>
         <size>0x400</size>
         <input_file_ref idref="fl-1e"/>
      </object_component>
      <object_component id="oc-74">
         <name>.bss</name>
         <uninitialized>true</uninitialized>
         <run_address>0x6df2</run_address>
         <size>0x2</size>
         <input_file_ref idref="fl-10"/>
      </object_component>
      <object_component id="oc-14b">
         <name>.bss</name>
         <uninitialized>true</uninitialized>
         <run_address>0x6df4</run_address>
         <size>0x37c</size>
         <input_file_ref idref="fl-35"/>
      </object_component>
      <object_component id="oc-17">
         <name>.bss</name>
         <uninitialized>true</uninitialized>
         <run_address>0x7170</run_address>
         <size>0x248</size>
         <input_file_ref idref="fl-3"/>
      </object_component>
      <object_component id="oc-202">
         <name>.bss</name>
         <uninitialized>true</uninitialized>
         <run_address>0x73b8</run_address>
         <size>0x232</size>
         <input_file_ref idref="fl-73"/>
      </object_component>
      <object_component id="oc-25a">
         <name>.bss</name>
         <uninitialized>true</uninitialized>
         <run_address>0x75ea</run_address>
         <size>0x2</size>
         <input_file_ref idref="fl-87"/>
      </object_component>
      <object_component id="oc-189">
         <name>.bss</name>
         <uninitialized>true</uninitialized>
         <run_address>0x75ec</run_address>
         <size>0x224</size>
         <input_file_ref idref="fl-40"/>
      </object_component>
      <object_component id="oc-23f">
         <name>.bss</name>
         <uninitialized>true</uninitialized>
         <run_address>0x7810</run_address>
         <size>0x1a0</size>
         <input_file_ref idref="fl-81"/>
      </object_component>
      <object_component id="oc-182">
         <name>.bss</name>
         <uninitialized>true</uninitialized>
         <run_address>0x79b0</run_address>
         <size>0x12a</size>
         <input_file_ref idref="fl-3f"/>
      </object_component>
      <object_component id="oc-102">
         <name>.bss</name>
         <uninitialized>true</uninitialized>
         <run_address>0x7adc</run_address>
         <size>0x108</size>
         <input_file_ref idref="fl-27"/>
      </object_component>
      <object_component id="oc-aa">
         <name>.bss</name>
         <uninitialized>true</uninitialized>
         <run_address>0x7be4</run_address>
         <size>0xfa</size>
         <input_file_ref idref="fl-18"/>
      </object_component>
      <object_component id="oc-229">
         <name>.bss</name>
         <uninitialized>true</uninitialized>
         <run_address>0x7ce0</run_address>
         <size>0xe2</size>
         <input_file_ref idref="fl-7c"/>
      </object_component>
      <object_component id="oc-1e">
         <name>.bss</name>
         <uninitialized>true</uninitialized>
         <run_address>0x7dc2</run_address>
         <size>0xc2</size>
         <input_file_ref idref="fl-4"/>
      </object_component>
      <object_component id="oc-93">
         <name>.bss</name>
         <uninitialized>true</uninitialized>
         <run_address>0x7e84</run_address>
         <size>0x80</size>
         <input_file_ref idref="fl-14"/>
      </object_component>
      <object_component id="oc-fb">
         <name>.bss</name>
         <uninitialized>true</uninitialized>
         <run_address>0x7f04</run_address>
         <size>0x54</size>
         <input_file_ref idref="fl-26"/>
      </object_component>
      <object_component id="oc-a4">
         <name>.bss</name>
         <uninitialized>true</uninitialized>
         <run_address>0x7f58</run_address>
         <size>0x40</size>
         <input_file_ref idref="fl-17"/>
      </object_component>
      <object_component id="oc-b2">
         <name>.bss</name>
         <uninitialized>true</uninitialized>
         <run_address>0x7f98</run_address>
         <size>0x38</size>
         <input_file_ref idref="fl-19"/>
      </object_component>
      <object_component id="oc-8b">
         <name>.bss</name>
         <uninitialized>true</uninitialized>
         <run_address>0x7fd0</run_address>
         <size>0x34</size>
         <input_file_ref idref="fl-13"/>
      </object_component>
      <object_component id="oc-18f">
         <name>.bss</name>
         <uninitialized>true</uninitialized>
         <run_address>0x8004</run_address>
         <size>0x2c</size>
         <input_file_ref idref="fl-41"/>
      </object_component>
      <object_component id="oc-29">
         <name>.bss</name>
         <uninitialized>true</uninitialized>
         <run_address>0x8030</run_address>
         <size>0x28</size>
         <input_file_ref idref="fl-6"/>
      </object_component>
      <object_component id="oc-f5">
         <name>.bss</name>
         <uninitialized>true</uninitialized>
         <run_address>0x8058</run_address>
         <size>0x24</size>
         <input_file_ref idref="fl-25"/>
      </object_component>
      <object_component id="oc-5b">
         <name>.bss</name>
         <uninitialized>true</uninitialized>
         <run_address>0x807c</run_address>
         <size>0x24</size>
         <input_file_ref idref="fl-d"/>
      </object_component>
      <object_component id="oc-43">
         <name>.bss</name>
         <uninitialized>true</uninitialized>
         <run_address>0x80a0</run_address>
         <size>0x18</size>
         <input_file_ref idref="fl-a"/>
      </object_component>
      <object_component id="oc-53">
         <name>.bss</name>
         <uninitialized>true</uninitialized>
         <run_address>0x80b8</run_address>
         <size>0x14</size>
         <input_file_ref idref="fl-c"/>
      </object_component>
      <object_component id="oc-7c">
         <name>.bss</name>
         <uninitialized>true</uninitialized>
         <run_address>0x80cc</run_address>
         <size>0x12</size>
         <input_file_ref idref="fl-11"/>
      </object_component>
      <object_component id="oc-4b">
         <name>.bss</name>
         <uninitialized>true</uninitialized>
         <run_address>0x80e0</run_address>
         <size>0x10</size>
         <input_file_ref idref="fl-b"/>
      </object_component>
      <object_component id="oc-17b">
         <name>.bss</name>
         <uninitialized>true</uninitialized>
         <run_address>0x80f0</run_address>
         <size>0x10</size>
         <input_file_ref idref="fl-3e"/>
      </object_component>
      <object_component id="oc-260">
         <name>.bss</name>
         <uninitialized>true</uninitialized>
         <run_address>0x8100</run_address>
         <size>0xc</size>
         <input_file_ref idref="fl-88"/>
      </object_component>
      <object_component id="oc-84">
         <name>.bss</name>
         <uninitialized>true</uninitialized>
         <run_address>0x810c</run_address>
         <size>0x8</size>
         <input_file_ref idref="fl-12"/>
      </object_component>
      <object_component id="oc-3b">
         <name>.bss</name>
         <uninitialized>true</uninitialized>
         <run_address>0x8114</run_address>
         <size>0x8</size>
         <input_file_ref idref="fl-9"/>
      </object_component>
      <object_component id="oc-160">
         <name>.bss</name>
         <uninitialized>true</uninitialized>
         <run_address>0x811c</run_address>
         <size>0x8</size>
         <input_file_ref idref="fl-39"/>
      </object_component>
      <object_component id="oc-63">
         <name>.bss</name>
         <uninitialized>true</uninitialized>
         <run_address>0x8124</run_address>
         <size>0x8</size>
         <input_file_ref idref="fl-e"/>
      </object_component>
      <object_component id="oc-6b">
         <name>.bss</name>
         <uninitialized>true</uninitialized>
         <run_address>0x812c</run_address>
         <size>0x8</size>
         <input_file_ref idref="fl-f"/>
      </object_component>
      <object_component id="oc-1e9">
         <name>.bss</name>
         <uninitialized>true</uninitialized>
         <run_address>0x8134</run_address>
         <size>0x8</size>
         <input_file_ref idref="fl-6d"/>
      </object_component>
      <object_component id="oc-1ad">
         <name>.bss</name>
         <uninitialized>true</uninitialized>
         <run_address>0x813c</run_address>
         <size>0x8</size>
         <input_file_ref idref="fl-5f"/>
      </object_component>
      <object_component id="oc-31">
         <name>.bss</name>
         <uninitialized>true</uninitialized>
         <run_address>0x8144</run_address>
         <size>0x8</size>
         <input_file_ref idref="fl-7"/>
      </object_component>
      <object_component id="oc-140">
         <name>.bss</name>
         <uninitialized>true</uninitialized>
         <run_address>0x814c</run_address>
         <size>0x6</size>
         <input_file_ref idref="fl-33"/>
      </object_component>
      <object_component id="oc-16b">
         <name>.bss</name>
         <uninitialized>true</uninitialized>
         <run_address>0x8154</run_address>
         <size>0x4</size>
         <input_file_ref idref="fl-3b"/>
      </object_component>
      <object_component id="oc-184">
         <name>.const:.string</name>
         <load_address>0xd158</load_address>
         <run_address>0xd158</run_address>
         <size>0x68c</size>
         <input_file_ref idref="fl-3f"/>
      </object_component>
      <object_component id="oc-279">
         <name>.const:__ctypes_</name>
         <load_address>0xd7e4</load_address>
         <run_address>0xd7e4</run_address>
         <size>0x202</size>
         <input_file_ref idref="fl-72"/>
      </object_component>
      <object_component id="oc-dc">
         <name>.const:.string</name>
         <load_address>0xd9e8</load_address>
         <run_address>0xd9e8</run_address>
         <size>0x102</size>
         <input_file_ref idref="fl-20"/>
      </object_component>
      <object_component id="oc-d1">
         <name>.const:.string</name>
         <load_address>0xdaec</load_address>
         <run_address>0xdaec</run_address>
         <size>0xba</size>
         <input_file_ref idref="fl-1e"/>
      </object_component>
      <object_component id="oc-7f">
         <name>.const:.string</name>
         <load_address>0xdba8</load_address>
         <run_address>0xdba8</run_address>
         <size>0x7e</size>
         <input_file_ref idref="fl-11"/>
      </object_component>
      <object_component id="oc-5e">
         <name>.const:.string</name>
         <load_address>0xdc28</load_address>
         <run_address>0xdc28</run_address>
         <size>0x7c</size>
         <input_file_ref idref="fl-d"/>
      </object_component>
      <object_component id="oc-46">
         <name>.const:.string</name>
         <load_address>0xdca4</load_address>
         <run_address>0xdca4</run_address>
         <size>0x5a</size>
         <input_file_ref idref="fl-a"/>
      </object_component>
      <object_component id="oc-1f1">
         <name>.const:.string</name>
         <load_address>0xdd00</load_address>
         <run_address>0xdd00</run_address>
         <size>0x48</size>
         <input_file_ref idref="fl-6e"/>
      </object_component>
      <object_component id="oc-56">
         <name>.const:.string</name>
         <load_address>0xdd48</load_address>
         <run_address>0xdd48</run_address>
         <size>0x42</size>
         <input_file_ref idref="fl-c"/>
      </object_component>
      <object_component id="oc-8e">
         <name>.const:.string</name>
         <load_address>0xdd8c</load_address>
         <run_address>0xdd8c</run_address>
         <size>0x42</size>
         <input_file_ref idref="fl-13"/>
      </object_component>
      <object_component id="oc-3e">
         <name>.const:.string</name>
         <load_address>0xddd0</load_address>
         <run_address>0xddd0</run_address>
         <size>0x40</size>
         <input_file_ref idref="fl-9"/>
      </object_component>
      <object_component id="oc-6f">
         <name>.const:.string</name>
         <load_address>0xde10</load_address>
         <run_address>0xde10</run_address>
         <size>0x30</size>
         <input_file_ref idref="fl-f"/>
      </object_component>
      <object_component id="oc-6e">
         <name>.const</name>
         <load_address>0xde40</load_address>
         <run_address>0xde40</run_address>
         <size>0x28</size>
         <input_file_ref idref="fl-f"/>
      </object_component>
      <object_component id="oc-1f0">
         <name>.const</name>
         <load_address>0xde68</load_address>
         <run_address>0xde68</run_address>
         <size>0x18</size>
         <input_file_ref idref="fl-6e"/>
      </object_component>
      <object_component id="oc-77">
         <name>.const:.string</name>
         <load_address>0xde80</load_address>
         <run_address>0xde80</run_address>
         <size>0x10</size>
         <input_file_ref idref="fl-10"/>
      </object_component>
      <object_component id="oc-278">
         <name>.const:_initial_approx$1</name>
         <load_address>0xde90</load_address>
         <run_address>0xde90</run_address>
         <size>0x10</size>
         <input_file_ref idref="fl-5c"/>
      </object_component>
      <object_component id="oc-4e">
         <name>.const:.string</name>
         <load_address>0xdea0</load_address>
         <run_address>0xdea0</run_address>
         <size>0xc</size>
         <input_file_ref idref="fl-b"/>
      </object_component>
      <object_component id="oc-66">
         <name>.const:.string</name>
         <load_address>0xdeac</load_address>
         <run_address>0xdeac</run_address>
         <size>0xa</size>
         <input_file_ref idref="fl-e"/>
      </object_component>
      <object_component id="oc-ad">
         <name>.const:.string</name>
         <load_address>0xdeb8</load_address>
         <run_address>0xdeb8</run_address>
         <size>0xa</size>
         <input_file_ref idref="fl-18"/>
      </object_component>
      <object_component id="oc-270">
         <name>.const:_$P$T0$2</name>
         <load_address>0xdec2</load_address>
         <run_address>0xdec2</run_address>
         <size>0x8</size>
         <input_file_ref idref="fl-13"/>
      </object_component>
      <object_component id="oc-219">
         <name>.const:.string</name>
         <load_address>0xdecc</load_address>
         <run_address>0xdecc</run_address>
         <size>0x4</size>
         <input_file_ref idref="fl-78"/>
      </object_component>
      <object_component id="oc-210">
         <name>.const</name>
         <load_address>0xded0</load_address>
         <run_address>0xded0</run_address>
         <size>0x4</size>
         <input_file_ref idref="fl-76"/>
      </object_component>
      <object_component id="oc-1b9">
         <name>.const</name>
         <load_address>0xded4</load_address>
         <run_address>0xded4</run_address>
         <size>0x4</size>
         <input_file_ref idref="fl-61"/>
      </object_component>
      <object_component id="oc-263">
         <name>.sysmem</name>
         <uninitialized>true</uninitialized>
         <run_address>0x8158</run_address>
         <size>0x0</size>
         <input_file_ref idref="fl-88"/>
      </object_component>
      <object_component id="oc-292">
         <name>.sysmem</name>
         <uninitialized>true</uninitialized>
         <run_address>0x8158</run_address>
         <size>0x0</size>
      </object_component>
      <object_component id="oc-276">
         <name>.switch:_SDIO_eventDisable</name>
         <load_address>0x40868</load_address>
         <run_address>0x40868</run_address>
         <size>0x44</size>
         <input_file_ref idref="fl-32"/>
      </object_component>
      <object_component id="oc-275">
         <name>.switch:_SDIO_eventEnable</name>
         <load_address>0x408ac</load_address>
         <run_address>0x408ac</run_address>
         <size>0x44</size>
         <input_file_ref idref="fl-32"/>
      </object_component>
      <object_component id="oc-271">
         <name>.switch:_DMA_config</name>
         <load_address>0x408f0</load_address>
         <run_address>0x408f0</run_address>
         <size>0x40</size>
         <input_file_ref idref="fl-22"/>
      </object_component>
      <object_component id="oc-272">
         <name>.switch:_DMA_getConfig</name>
         <load_address>0x40930</load_address>
         <run_address>0x40930</run_address>
         <size>0x40</size>
         <input_file_ref idref="fl-22"/>
      </object_component>
      <object_component id="oc-273">
         <name>.switch:_DMA_reset</name>
         <load_address>0x40970</load_address>
         <run_address>0x40970</run_address>
         <size>0x40</size>
         <input_file_ref idref="fl-22"/>
      </object_component>
      <object_component id="oc-277">
         <name>.switch:_USB_coreEventProcessEp0</name>
         <load_address>0x409b0</load_address>
         <run_address>0x409b0</run_address>
         <size>0x30</size>
         <input_file_ref idref="fl-35"/>
      </object_component>
      <object_component id="oc-26f">
         <name>.switch:_NtoC</name>
         <load_address>0x409e0</load_address>
         <run_address>0x409e0</run_address>
         <size>0x28</size>
         <input_file_ref idref="fl-6"/>
      </object_component>
      <object_component id="oc-274">
         <name>.switch:_MSC_Bulk</name>
         <load_address>0x40a08</load_address>
         <run_address>0x40a08</run_address>
         <size>0x20</size>
         <input_file_ref idref="fl-2d"/>
      </object_component>
      <object_component id="oc-19">
         <name>.cinit</name>
         <load_address>0x40000</load_address>
         <run_address>0x40000</run_address>
         <size>0x1b8</size>
         <input_file_ref idref="fl-3"/>
      </object_component>
      <object_component id="oc-b4">
         <name>.cinit</name>
         <load_address>0x401b8</load_address>
         <run_address>0x401b8</run_address>
         <size>0xc2</size>
         <input_file_ref idref="fl-19"/>
      </object_component>
      <object_component id="oc-ac">
         <name>.cinit</name>
         <load_address>0x4027a</load_address>
         <run_address>0x4027a</run_address>
         <size>0x7a</size>
         <input_file_ref idref="fl-18"/>
      </object_component>
      <object_component id="oc-8d">
         <name>.cinit</name>
         <load_address>0x402f4</load_address>
         <run_address>0x402f4</run_address>
         <size>0x72</size>
         <input_file_ref idref="fl-13"/>
      </object_component>
      <object_component id="oc-22b">
         <name>.cinit</name>
         <load_address>0x40366</load_address>
         <run_address>0x40366</run_address>
         <size>0x5a</size>
         <input_file_ref idref="fl-7c"/>
      </object_component>
      <object_component id="oc-204">
         <name>.cinit</name>
         <load_address>0x403c0</load_address>
         <run_address>0x403c0</run_address>
         <size>0x54</size>
         <input_file_ref idref="fl-73"/>
      </object_component>
      <object_component id="oc-5d">
         <name>.cinit</name>
         <load_address>0x40414</load_address>
         <run_address>0x40414</run_address>
         <size>0x3e</size>
         <input_file_ref idref="fl-d"/>
      </object_component>
      <object_component id="oc-95">
         <name>.cinit</name>
         <load_address>0x40452</load_address>
         <run_address>0x40452</run_address>
         <size>0x30</size>
         <input_file_ref idref="fl-14"/>
      </object_component>
      <object_component id="oc-11d">
         <name>.cinit</name>
         <load_address>0x40482</load_address>
         <run_address>0x40482</run_address>
         <size>0x2a</size>
         <input_file_ref idref="fl-2c"/>
      </object_component>
      <object_component id="oc-55">
         <name>.cinit</name>
         <load_address>0x404ac</load_address>
         <run_address>0x404ac</run_address>
         <size>0x28</size>
         <input_file_ref idref="fl-c"/>
      </object_component>
      <object_component id="oc-4d">
         <name>.cinit</name>
         <load_address>0x404d4</load_address>
         <run_address>0x404d4</run_address>
         <size>0x26</size>
         <input_file_ref idref="fl-b"/>
      </object_component>
      <object_component id="oc-33">
         <name>.cinit</name>
         <load_address>0x404fa</load_address>
         <run_address>0x404fa</run_address>
         <size>0x20</size>
         <input_file_ref idref="fl-7"/>
      </object_component>
      <object_component id="oc-45">
         <name>.cinit</name>
         <load_address>0x4051a</load_address>
         <run_address>0x4051a</run_address>
         <size>0x1c</size>
         <input_file_ref idref="fl-a"/>
      </object_component>
      <object_component id="oc-86">
         <name>.cinit</name>
         <load_address>0x40536</load_address>
         <run_address>0x40536</run_address>
         <size>0x1a</size>
         <input_file_ref idref="fl-12"/>
      </object_component>
      <object_component id="oc-17d">
         <name>.cinit</name>
         <load_address>0x40550</load_address>
         <run_address>0x40550</run_address>
         <size>0x18</size>
         <input_file_ref idref="fl-3e"/>
      </object_component>
      <object_component id="oc-7e">
         <name>.cinit</name>
         <load_address>0x40568</load_address>
         <run_address>0x40568</run_address>
         <size>0x18</size>
         <input_file_ref idref="fl-11"/>
      </object_component>
      <object_component id="oc-1eb">
         <name>.cinit</name>
         <load_address>0x40580</load_address>
         <run_address>0x40580</run_address>
         <size>0x14</size>
         <input_file_ref idref="fl-6d"/>
      </object_component>
      <object_component id="oc-1af">
         <name>.cinit</name>
         <load_address>0x40594</load_address>
         <run_address>0x40594</run_address>
         <size>0x14</size>
         <input_file_ref idref="fl-5f"/>
      </object_component>
      <object_component id="oc-65">
         <name>.cinit</name>
         <load_address>0x405a8</load_address>
         <run_address>0x405a8</run_address>
         <size>0x12</size>
         <input_file_ref idref="fl-e"/>
      </object_component>
      <object_component id="oc-bf">
         <name>.cinit</name>
         <load_address>0x405ba</load_address>
         <run_address>0x405ba</run_address>
         <size>0x12</size>
         <input_file_ref idref="fl-1b"/>
      </object_component>
      <object_component id="oc-3d">
         <name>.cinit</name>
         <load_address>0x405cc</load_address>
         <run_address>0x405cc</run_address>
         <size>0x10</size>
         <input_file_ref idref="fl-9"/>
      </object_component>
      <object_component id="oc-fd">
         <name>.cinit</name>
         <load_address>0x405dc</load_address>
         <run_address>0x405dc</run_address>
         <size>0x10</size>
         <input_file_ref idref="fl-26"/>
      </object_component>
      <object_component id="oc-2b">
         <name>.cinit</name>
         <load_address>0x405ec</load_address>
         <run_address>0x405ec</run_address>
         <size>0x10</size>
         <input_file_ref idref="fl-6"/>
      </object_component>
      <object_component id="oc-6d">
         <name>.cinit</name>
         <load_address>0x405fc</load_address>
         <run_address>0x405fc</run_address>
         <size>0x8</size>
         <input_file_ref idref="fl-f"/>
      </object_component>
      <object_component id="oc-20">
         <name>.cinit</name>
         <load_address>0x40604</load_address>
         <run_address>0x40604</run_address>
         <size>0x8</size>
         <input_file_ref idref="fl-4"/>
      </object_component>
      <object_component id="oc-76">
         <name>.cinit</name>
         <load_address>0x4060c</load_address>
         <run_address>0x4060c</run_address>
         <size>0x8</size>
[...]
         <object_component_ref idref="oc-181"/>
      </symbol>
      <symbol id="sm-1f69">
         <name>_mmcsdHandle</name>
         <value>0x7a30</value>
         <object_component_ref idref="oc-182"/>
      </symbol>
      <symbol id="sm-1f6a">
         <name>_mmcCardObj</name>
         <value>0x7a34</value>
         <object_component_ref idref="oc-182"/>
      </symbol>
      <symbol id="sm-1f6b">
         <name>_mmcStatus</name>
         <value>0x7ad8</value>
         <object_component_ref idref="oc-182"/>
      </symbol>
      <symbol id="sm-1f6c">
         <name>_cardAddr</name>
         <value>0x7ad4</value>
         <object_component_ref idref="oc-182"/>
      </symbol>
      <symbol id="sm-1fb2">
         <name>_EZDSP5535_SPIFLASH_init</name>
         <value>0x30564</value>
         <object_component_ref idref="oc-188"/>
      </symbol>
      <symbol id="sm-1fb3">
         <name>_EZDSP5535_SPIFLASH_write</name>
         <value>0x307c0</value>
         <object_component_ref idref="oc-188"/>
      </symbol>
      <symbol id="sm-1fb4">
         <name>_hSpi</name>
         <value>0x780c</value>
         <object_component_ref idref="oc-189"/>
      </symbol>
      <symbol id="sm-1fb5">
         <name>_EZDSP5535_SPIFLASH_read</name>
         <value>0x30710</value>
         <object_component_ref idref="oc-188"/>
      </symbol>
      <symbol id="sm-1fb6">
         <name>_EZDSP5535_SPIFLASH_status</name>
         <value>0x305c8</value>
         <object_component_ref idref="oc-188"/>
      </symbol>
      <symbol id="sm-1fb7">
         <name>_EZDSP5535_SPIFLASH_erase</name>
         <value>0x3060c</value>
         <object_component_ref idref="oc-188"/>
      </symbol>
      <symbol id="sm-1fc3">
         <name>_uartObj</name>
         <value>0x8004</value>
         <object_component_ref idref="oc-18f"/>
      </symbol>
      <symbol id="sm-1fc4">
         <name>_hUart</name>
         <value>0x802c</value>
         <object_component_ref idref="oc-18f"/>
      </symbol>
      <symbol id="sm-1fc5">
         <name>_EZDSP5535_UART_open</name>
         <value>0x344c4</value>
         <object_component_ref idref="oc-18e"/>
      </symbol>
      <symbol id="sm-1fc6">
         <name>_EVM5515_UART_putChar</name>
         <value>0x34534</value>
         <object_component_ref idref="oc-18e"/>
      </symbol>
      <symbol id="sm-1fc7">
         <name>_EVM5515_UART_getChar</name>
         <value>0x3454c</value>
         <object_component_ref idref="oc-18e"/>
      </symbol>
      <symbol id="sm-1fd1">
         <name>__addd</name>
         <value>0x32558</value>
         <object_component_ref idref="oc-194"/>
      </symbol>
      <symbol id="sm-1fdd">
         <name>__sysstack</name>
         <value>0x20c0</value>
         <object_component_ref idref="oc-26e"/>
      </symbol>
      <symbol id="sm-1fde">
         <name>_c_int00</name>
         <value>0x350ff</value>
         <object_component_ref idref="oc-10"/>
      </symbol>
      <symbol id="sm-1fdf">
         <name>__stack</name>
         <value>0xc0</value>
         <object_component_ref idref="oc-198"/>
      </symbol>
      <symbol id="sm-1fe9">
         <name>__eqld</name>
         <value>0x32d29</value>
         <object_component_ref idref="oc-19c"/>
      </symbol>
      <symbol id="sm-1fea">
         <name>__cmpd</name>
         <value>0x32d5d</value>
         <object_component_ref idref="oc-19c"/>
      </symbol>
      <symbol id="sm-1feb">
         <name>__neqd</name>
         <value>0x32bcb</value>
         <object_component_ref idref="oc-19c"/>
      </symbol>
      <symbol id="sm-1fec">
         <name>__gtrd</name>
         <value>0x32c94</value>
         <object_component_ref idref="oc-19c"/>
      </symbol>
      <symbol id="sm-1fed">
         <name>__geqd</name>
         <value>0x32cdf</value>
         <object_component_ref idref="oc-19c"/>
      </symbol>
      <symbol id="sm-1fee">
         <name>__leqd</name>
         <value>0x32c47</value>
         <object_component_ref idref="oc-19c"/>
      </symbol>
      <symbol id="sm-1fef">
         <name>__lssd</name>
         <value>0x32bff</value>
         <object_component_ref idref="oc-19c"/>
      </symbol>
      <symbol id="sm-1ffb">
         <name>__divd</name>
         <value>0x30196</value>
         <object_component_ref idref="oc-1a0"/>
      </symbol>
      <symbol id="sm-2005">
         <name>__divli</name>
         <value>0x3503a</value>
         <object_component_ref idref="oc-1a4"/>
      </symbol>
      <symbol id="sm-2010">
         <name>__divul</name>
         <value>0x34566</value>
         <object_component_ref idref="oc-1a8"/>
      </symbol>
      <symbol id="sm-2020">
         <name>C$$EXIT</name>
         <value>0x35234</value>
         <object_component_ref idref="oc-1b0"/>
      </symbol>
      <symbol id="sm-2021">
         <name>_exit</name>
         <value>0x350c1</value>
         <object_component_ref idref="oc-1ac"/>
      </symbol>
      <symbol id="sm-2022">
         <name>_abort</name>
         <value>0x35233</value>
         <object_component_ref idref="oc-1b0"/>
      </symbol>
      <symbol id="sm-2023">
         <name>__cleanup_ptr</name>
         <value>0x813c</value>
         <object_component_ref idref="oc-1ad"/>
      </symbol>
      <symbol id="sm-2024">
         <name>__dtors_ptr</name>
         <value>0x8140</value>
         <object_component_ref idref="oc-1ad"/>
      </symbol>
      <symbol id="sm-202e">
         <name>__fltud</name>
         <value>0x3521b</value>
         <object_component_ref idref="oc-1b3"/>
      </symbol>
      <symbol id="sm-203a">
         <name>__fltuld</name>
         <value>0x34db6</value>
         <object_component_ref idref="oc-1b7"/>
      </symbol>
      <symbol id="sm-2044">
         <name>__frcmpyd_div</name>
         <value>0x34ac7</value>
         <object_component_ref idref="oc-1bc"/>
      </symbol>
      <symbol id="sm-204c">
         <name>__mpyli</name>
         <value>0x351c4</value>
         <object_component_ref idref="oc-1c0"/>
      </symbol>
      <symbol id="sm-204d">
         <name>I$$LMPY</name>
         <value>0x351c4</value>
         <object_component_ref idref="oc-1c0"/>
      </symbol>
      <symbol id="sm-2055">
         <name>_memcpy</name>
         <value>0x35082</value>
         <object_component_ref idref="oc-1c4"/>
      </symbol>
      <symbol id="sm-205f">
         <name>_memset</name>
         <value>0x351e9</value>
         <object_component_ref idref="oc-1c8"/>
      </symbol>
      <symbol id="sm-2069">
         <name>__mpyd</name>
         <value>0x338ef</value>
         <object_component_ref idref="oc-1cc"/>
      </symbol>
      <symbol id="sm-2073">
         <name>_printf</name>
         <value>0x34e6a</value>
         <object_component_ref idref="oc-1d0"/>
      </symbol>
      <symbol id="sm-207e">
         <name>__remul</name>
         <value>0x34b3a</value>
         <object_component_ref idref="oc-1d4"/>
      </symbol>
      <symbol id="sm-2088">
         <name>_strlen</name>
         <value>0x351fa</value>
         <object_component_ref idref="oc-1d8"/>
      </symbol>
      <symbol id="sm-2092">
         <name>__subd</name>
         <value>0x4fde6</value>
         <object_component_ref idref="oc-1dc"/>
      </symbol>
      <symbol id="sm-209a">
         <name>__remu</name>
         <value>0x35172</value>
         <object_component_ref idref="oc-1e0"/>
      </symbol>
      <symbol id="sm-209b">
         <name>__divu</name>
         <value>0x3515d</value>
         <object_component_ref idref="oc-1e0"/>
      </symbol>
      <symbol id="sm-209c">
         <name>I$$UMOD</name>
         <value>0x35172</value>
         <object_component_ref idref="oc-1e0"/>
      </symbol>
      <symbol id="sm-209d">
         <name>I$$UDIV</name>
         <value>0x3515d</value>
         <object_component_ref idref="oc-1e0"/>
      </symbol>
      <symbol id="sm-20a7">
         <name>_Reset</name>
         <value>0x4fe00</value>
         <object_component_ref idref="oc-11"/>
      </symbol>
      <symbol id="sm-20b5">
         <name>__unlock</name>
         <value>0x8138</value>
         <object_component_ref idref="oc-1e9"/>
      </symbol>
      <symbol id="sm-20b6">
         <name>__lock</name>
         <value>0x8134</value>
         <object_component_ref idref="oc-1e9"/>
      </symbol>
      <symbol id="sm-20b7">
         <name>__register_lock</name>
         <value>0x351df</value>
         <object_component_ref idref="oc-1e8"/>
      </symbol>
      <symbol id="sm-20b8">
         <name>__nop</name>
         <value>0x351e7</value>
         <object_component_ref idref="oc-1e8"/>
      </symbol>
      <symbol id="sm-20b9">
         <name>__register_unlock</name>
         <value>0x351d7</value>
         <object_component_ref idref="oc-1e8"/>
      </symbol>
      <symbol id="sm-20cb">
         <name>__printfi</name>
         <value>0x21362</value>
         <object_component_ref idref="oc-1ee"/>
      </symbol>
      <symbol id="sm-20d5">
         <name>__args_main</name>
         <value>0x34fa4</value>
         <object_component_ref idref="oc-1f4"/>
      </symbol>
      <symbol id="sm-20d6">
         <name>__TI_args_main</name>
         <value>0x1</value>
      </symbol>
      <symbol id="sm-20e0">
         <name>_atoi</name>
         <value>0x34d5a</value>
         <object_component_ref idref="oc-1f8"/>
      </symbol>
      <symbol id="sm-20e8">
         <name>_auto_init</name>
         <value>0x34f0a</value>
         <object_component_ref idref="oc-1fc"/>
      </symbol>
      <symbol id="sm-20f0">
         <name>__ctypes_</name>
         <value>0xd7e4</value>
         <object_component_ref idref="oc-279"/>
      </symbol>
      <symbol id="sm-20fa">
         <name>__tmpnams</name>
         <value>0x74a8</value>
         <object_component_ref idref="oc-202"/>
      </symbol>
      <symbol id="sm-20fb">
         <name>__ft_end</name>
         <value>0x75e8</value>
         <object_component_ref idref="oc-202"/>
      </symbol>
      <symbol id="sm-20fc">
         <name>__ftable</name>
         <value>0x73b8</value>
         <object_component_ref idref="oc-202"/>
      </symbol>
      <symbol id="sm-2106">
         <name>__fixdi</name>
         <value>0x35133</value>
         <object_component_ref idref="oc-206"/>
      </symbol>
      <symbol id="sm-2110">
         <name>__fixdli</name>
         <value>0x34bac</value>
         <object_component_ref idref="oc-20a"/>
      </symbol>
      <symbol id="sm-211c">
         <name>__fltlid</name>
         <value>0x34cf3</value>
         <object_component_ref idref="oc-20e"/>
      </symbol>
      <symbol id="sm-2126">
         <name>_putchar</name>
         <value>0x344b2</value>
         <object_component_ref idref="oc-213"/>
      </symbol>
      <symbol id="sm-2127">
         <name>_putc</name>
         <value>0x3441b</value>
         <object_component_ref idref="oc-213"/>
      </symbol>
      <symbol id="sm-2128">
         <name>_fputc</name>
         <value>0x3441b</value>
         <object_component_ref idref="oc-213"/>
      </symbol>
      <symbol id="sm-2136">
         <name>_puts</name>
         <value>0x338c1</value>
         <object_component_ref idref="oc-217"/>
      </symbol>
      <symbol id="sm-2137">
         <name>_fputs</name>
         <value>0x3378c</value>
         <object_component_ref idref="oc-217"/>
      </symbol>
      <symbol id="sm-2141">
         <name>__frcmpyd</name>
         <value>0x34a51</value>
         <object_component_ref idref="oc-21c"/>
      </symbol>
      <symbol id="sm-214b">
         <name>___isinf</name>
         <value>0x351aa</value>
         <object_component_ref idref="oc-220"/>
      </symbol>
      <symbol id="sm-2155">
         <name>__divull</name>
         <value>0x3242f</value>
         <object_component_ref idref="oc-224"/>
      </symbol>
      <symbol id="sm-2156">
         <name>__mpylli</name>
         <value>0x32377</value>
         <object_component_ref idref="oc-224"/>
      </symbol>
      <symbol id="sm-2157">
         <name>__remlli</name>
         <value>0x32348</value>
         <object_component_ref idref="oc-224"/>
      </symbol>
      <symbol id="sm-2158">
         <name>__divlli</name>
         <value>0x32523</value>
         <object_component_ref idref="oc-224"/>
      </symbol>
      <symbol id="sm-2159">
         <name>__remull</name>
         <value>0x322fa</value>
         <object_component_ref idref="oc-224"/>
      </symbol>
      <symbol id="sm-216b">
         <name>_add_device</name>
         <value>0x2dca2</value>
         <object_component_ref idref="oc-228"/>
      </symbol>
      <symbol id="sm-216c">
         <name>_rename</name>
         <value>0x2d9c4</value>
         <object_component_ref idref="oc-228"/>
      </symbol>
      <symbol id="sm-216d">
         <name>_read</name>
         <value>0x2da53</value>
         <object_component_ref idref="oc-228"/>
      </symbol>
      <symbol id="sm-216e">
         <name>_unlink</name>
         <value>0x2d991</value>
         <object_component_ref idref="oc-228"/>
      </symbol>
      <symbol id="sm-216f">
         <name>_remove_device</name>
         <value>0x2da1d</value>
         <object_component_ref idref="oc-228"/>
      </symbol>
      <symbol id="sm-2170">
         <name>_open</name>
         <value>0x2db01</value>
         <object_component_ref idref="oc-228"/>
      </symbol>
      <symbol id="sm-2171">
         <name>_find_registered_device</name>
         <value>0x2dc26</value>
         <object_component_ref idref="oc-228"/>
      </symbol>
      <symbol id="sm-2172">
         <name>_lseek</name>
         <value>0x2dbc0</value>
         <object_component_ref idref="oc-228"/>
      </symbol>
      <symbol id="sm-2173">
         <name>_close</name>
         <value>0x2dc2f</value>
         <object_component_ref idref="oc-228"/>
      </symbol>
      <symbol id="sm-2174">
         <name>_write</name>
         <value>0x2d84f</value>
         <object_component_ref idref="oc-228"/>
      </symbol>
      <symbol id="sm-217e">
         <name>_ltoa</name>
         <value>0x34959</value>
         <object_component_ref idref="oc-22e"/>
      </symbol>
      <symbol id="sm-2189">
         <name>_memccpy</name>
         <value>0x35187</value>
         <object_component_ref idref="oc-232"/>
      </symbol>
      <symbol id="sm-2193">
         <name>__negd</name>
         <value>0x3520b</value>
         <object_component_ref idref="oc-236"/>
      </symbol>
      <symbol id="sm-219d">
         <name>__remli</name>
         <value>0x34fef</value>
         <object_component_ref idref="oc-23a"/>
      </symbol>
      <symbol id="sm-21a9">
         <name>_HOSTopen</name>
         <value>0x2e5d7</value>
         <object_component_ref idref="oc-23e"/>
      </symbol>
      <symbol id="sm-21aa">
         <name>_HOSTread</name>
         <value>0x2e54a</value>
         <object_component_ref idref="oc-23e"/>
      </symbol>
      <symbol id="sm-21ab">
         <name>_HOSTtime</name>
         <value>0x2e43e</value>
         <object_component_ref idref="oc-23e"/>
      </symbol>
      <symbol id="sm-21ac">
         <name>_getenv</name>
         <value>0x2e2cc</value>
         <object_component_ref idref="oc-23e"/>
      </symbol>
      <symbol id="sm-21ad">
         <name>_HOSTrename</name>
         <value>0x2e49c</value>
         <object_component_ref idref="oc-23e"/>
      </symbol>
      <symbol id="sm-21ae">
         <name>_HOSTclock</name>
         <value>0x2e796</value>
         <object_component_ref idref="oc-23e"/>
      </symbol>
      <symbol id="sm-21af">
         <name>_HOSTwrite</name>
         <value>0x2e347</value>
         <object_component_ref idref="oc-23e"/>
      </symbol>
      <symbol id="sm-21b0">
         <name>_HOSTlseek</name>
         <value>0x2e676</value>
         <object_component_ref idref="oc-23e"/>
      </symbol>
      <symbol id="sm-21b1">
         <name>_HOSTunlink</name>
         <value>0x2e3d4</value>
         <object_component_ref idref="oc-23e"/>
      </symbol>
      <symbol id="sm-21b2">
         <name>_HOSTclose</name>
         <value>0x2e72b</value>
         <object_component_ref idref="oc-23e"/>
      </symbol>
      <symbol id="sm-21c4">
         <name>C$$IO$$</name>
         <value>0x34365</value>
         <object_component_ref idref="oc-246"/>
      </symbol>
      <symbol id="sm-21c5">
         <name>__CIOBUF_</name>
         <value>0x40628</value>
         <object_component_ref idref="oc-245"/>
      </symbol>
      <symbol id="sm-21c6">
         <name>_readmsg</name>
         <value>0x34c1b</value>
         <object_component_ref idref="oc-243"/>
      </symbol>
      <symbol id="sm-21c7">
         <name>_writemsg</name>
         <value>0x342b0</value>
         <object_component_ref idref="oc-246"/>
      </symbol>
      <symbol id="sm-21d1">
         <name>__rd_ok</name>
         <value>0x340c2</value>
         <object_component_ref idref="oc-249"/>
      </symbol>
      <symbol id="sm-21d2">
         <name>__wrt_ok</name>
         <value>0x34042</value>
         <object_component_ref idref="oc-249"/>
      </symbol>
      <symbol id="sm-21dc">
         <name>__doflush</name>
         <value>0x341ee</value>
         <object_component_ref idref="oc-24d"/>
      </symbol>
      <symbol id="sm-21dd">
         <name>_fflush</name>
         <value>0x34257</value>
         <object_component_ref idref="oc-24d"/>
      </symbol>
      <symbol id="sm-21e7">
         <name>_fseek</name>
         <value>0x34c88</value>
         <object_component_ref idref="oc-251"/>
      </symbol>
      <symbol id="sm-21f1">
         <name>_setvbuf</name>
         <value>0x33e7c</value>
         <object_component_ref idref="oc-255"/>
      </symbol>
      <symbol id="sm-2200">
         <name>__cleanup</name>
         <value>0x31f35</value>
         <object_component_ref idref="oc-259"/>
      </symbol>
      <symbol id="sm-2201">
         <name>_fopen</name>
         <value>0x32058</value>
         <object_component_ref idref="oc-259"/>
      </symbol>
      <symbol id="sm-2202">
         <name>_freopen</name>
         <value>0x31f8f</value>
         <object_component_ref idref="oc-259"/>
      </symbol>
      <symbol id="sm-2212">
         <name>__sys_memory</name>
         <value>0x8158</value>
         <object_component_ref idref="oc-263"/>
      </symbol>
      <symbol id="sm-2213">
         <name>_chkheap</name>
         <value>0x2f150</value>
         <object_component_ref idref="oc-25f"/>
      </symbol>
      <symbol id="sm-2214">
         <name>_realloc</name>
         <value>0x2eeef</value>
         <object_component_ref idref="oc-25f"/>
      </symbol>
      <symbol id="sm-2215">
         <name>_free_memory</name>
         <value>0x2f0fa</value>
         <object_component_ref idref="oc-25f"/>
      </symbol>
      <symbol id="sm-2216">
         <name>_max_free</name>
         <value>0x2f0a0</value>
         <object_component_ref idref="oc-25f"/>
      </symbol>
      <symbol id="sm-2217">
         <name>_free</name>
         <value>0x2ecc9</value>
         <object_component_ref idref="oc-25f"/>
      </symbol>
      <symbol id="sm-2218">
         <name>_calloc</name>
         <value>0x2f158</value>
         <object_component_ref idref="oc-25f"/>
      </symbol>
      <symbol id="sm-2219">
         <name>_malloc</name>
         <value>0x2edfa</value>
         <object_component_ref idref="oc-25f"/>
      </symbol>
      <symbol id="sm-221a">
         <name>_minit</name>
         <value>0x2ed95</value>
         <object_component_ref idref="oc-25f"/>
      </symbol>
      <symbol id="sm-2224">
         <name>_fclose</name>
         <value>0x349d6</value>
         <object_component_ref idref="oc-266"/>
      </symbol>
      <symbol id="sm-222e">
         <name>_remove</name>
         <value>0x35229</value>
         <object_component_ref idref="oc-26a"/>
      </symbol>
   </symbol_table>
</link_info>
