******************************************************************************
              TMS320C55x Linker PC v4.4.1                      
******************************************************************************
>> Linked Thu Sep 20 02:43:45 2018

OUTPUT FILE NAME:   <test.out>
ENTRY POINT SYMBOL: "_c_int00"  address: 00044e47


MEMORY CONFIGURATION

         name            origin    length      used     unused   attr    fill
                        (bytes)   (bytes)    (bytes)   (bytes)
----------------------  --------  ---------  --------  --------  ----  --------
PAGE 0:
  MMR                   00000000   000000c0  00000000  000000c0  RWIX
  DARAM0                000000c0   0000ff40  0000c738  00003808  RWIX
  SARAM0                00010000   00010000  00005000  0000b000  RWIX
  SARAM1                00020000   00020000  0001fff4  0000000c  RWIX
  SARAM2                00040000   0000cdda  00004f5e  00007e7c  RWIX
  VECS                  0004ce00   00000200  00000200  00000000  RWIX
  PDROM                 00ff8000   00008000  00000000  00008000  R IX

PAGE 2:
  IOPORT                00000000   00020000  00000000  00020000  RWI 


SECTION ALLOCATION MAP
(Addresses surrounded by []'s are displayed for convenience only!)

output                                                          attributes/
section   page  orgn(bytes) orgn(words) len(bytes) len(words)   input sections
--------  ----  ----------- ----------- ---------- ----------   --------------
.pinit       0   [ 00040000 ]  00020000          *   00000000   UNINITIALIZED

.stack       0   [ 000000c0 ]  00000060          *   00001000   UNINITIALIZED
                 [ 000000c0 ]  00000060          *   00001000   --HOLE--

.data        0   [ 000000c0 ]  00000060          *   00000000   UNINITIALIZED

.sysstack 
*            0   [ 000020c0 ]  00001060          *   00000800   UNINITIALIZED
                 [ 000020c0 ]  00001060          *   00000800   --HOLE--

.bss.1       0   [ 000030c0 ]  00001860          *   00004185   UNINITIALIZED
                 [ 000030c0 ]  00001860          *   00003004   heap_1.obj (.bss)
                 [ 000090c8 ]  00004864          *   0000050d   csl_mmcsd_ataIf.obj (.bss)
                 [ 00009ae2 ]  00004d71          *   00000400   mem_test.obj (.bss)
                 [ 0000a2e2 ]  00005171          *   00000200   spiflash_test.obj (.bss)
                 [ 0000a6e2 ]  00005371          *   00000001   integer.obj (.bss)
                 [ 0000a6e4 ]  00005372          *   000001be   csl_usb.obj (.bss)
                 [ 0000aa60 ]  00005530          *   00000124   dma.obj (.bss)
                 [ 0000aca8 ]  00005654          *   00000119   rts55x.lib : defs.obj (.bss)
                 [ 0000aeda ]  0000576d          *   00000001              : fopen.obj (.bss)
                 [ 0000aedc ]  0000576e          *   00000112   ezdsp5535_spiflash.obj (.bss)
                 [ 0000b100 ]  00005880          *   000000d0   rts55x.lib : trgdrv.obj (.bss)
                 [ 0000b2a0 ]  00005950          *   00000095   ezdsp5535_sdcard.obj (.bss)

.bss.2       0   [ 0000b3cc ]  000059e6          *   00000101   UNINITIALIZED
                 [ 0000b3cc ]  000059e6          *   00000084   csl_intc.obj (.bss)
                 [ 0000b4d4 ]  00005a6a          *   0000007d   tasks_sysStk.obj (.bss)

.bss.3       0   [ 0000b5d0 ]  00005ae8          *   00000157   UNINITIALIZED
                 [ 0000b5d0 ]  00005ae8          *   00000071   rts55x.lib : lowlev.obj (.bss)
                 [ 0000b6b2 ]  00005b59          *   00000061   i2s.obj (.bss)
                 [ 0000b774 ]  00005bba          *   00000036   main.obj (.bss)
                 [ 0000b7e0 ]  00005bf0          *   0000002a   csl_i2s.obj (.bss)
                 [ 0000b834 ]  00005c1a          *   00000025   port.obj (.bss)

.bss.4       0   [ 0000b880 ]  00005c40          *   0000008d   UNINITIALIZED
                 [ 0000b880 ]  00005c40          *   00000020   queue.obj (.bss)
                 [ 0000b8c0 ]  00005c60          *   00000016   ezdsp5535_uart.obj (.bss)
                 [ 0000b8ec ]  00005c76          *   00000014   rtc.obj (.bss)
                 [ 0000b914 ]  00005c8a          *   00000012   csl_i2c.obj (.bss)
                 [ 0000b938 ]  00005c9c          *   00000012   dynamic.obj (.bss)
                 [ 0000b95c ]  00005cae          *   0000000c   QPeek.obj (.bss)
                 [ 0000b974 ]  00005cba          *   0000000a   blocktim.obj (.bss)
                 [ 0000b988 ]  00005cc4          *   00000009   semtest.obj (.bss)

.bss.5       0   [ 0000b99c ]  00005cce          *   00000039   UNINITIALIZED
                 [ 0000b99c ]  00005cce          *   00000008   QueueOverwrite.obj (.bss)
                 [ 0000b9ac ]  00005cd6          *   00000008   ezdsp5535_sar.obj (.bss)
                 [ 0000b9bc ]  00005cde          *   00000006   rts55x.lib : memory.obj (.bss)
                 [ 0000b9c8 ]  00005ce4          *   00000004   ParTest.obj (.bss)
                 [ 0000b9d0 ]  00005ce8          *   00000004   PollQ.obj (.bss)
                 [ 0000b9d8 ]  00005cec          *   00000004   ezdsp5535_gpio.obj (.bss)
                 [ 0000b9e0 ]  00005cf0          *   00000004   flash.obj (.bss)
                 [ 0000b9e8 ]  00005cf4          *   00000004   flop.obj (.bss)
                 [ 0000b9f0 ]  00005cf8          *   00000004   rts55x.lib : _lock.obj (.bss)
                 [ 0000b9f8 ]  00005cfc          *   00000004              : exit.obj (.bss)
                 [ 0000ba00 ]  00005d00          *   00000004   timer.obj (.bss)
                 [ 0000ba08 ]  00005d04          *   00000003   csl_spi.obj (.bss)

.bss.6       0   [ 0000ba10 ]  00005d08          *   00000002   UNINITIALIZED
                 [ 0000ba10 ]  00005d08          *   00000002   ezdsp5535_i2s.obj (.bss)

.const.1     0   [ 0000ba14 ]  00005d0a          *   00000447   
                 [ 0000ba14 ]  00005d0a          *   00000346   ezdsp5535_sdcard.obj (.const:.string)
                 [ 0000c0a0 ]  00006050          *   00000101   rts55x.lib : ctype.obj (.const:__ctypes_)

.const.2     0   [ 0000c2a4 ]  00006152          *   00000081   
                 [ 0000c2a4 ]  00006152          *   00000081   csl_cdc.obj (.const:.string)

.const.3     0   [ 0000c3a8 ]  000061d4          *   00000061   
                 [ 0000c3a8 ]  000061d4          *   00000061   main.obj (.const:.string)

.const.4     0   [ 0000c46c ]  00006236          *   0000005d   
                 [ 0000c46c ]  00006236          *   0000005d   spiflash_test.obj (.const:.string)

.const.5     0   [ 0000c528 ]  00006294          *   0000003f   
                 [ 0000c528 ]  00006294          *   0000003f   semtest.obj (.const:.string)

.const.6     0   [ 0000c5a8 ]  000062d4          *   0000006b   
                 [ 0000c5a8 ]  000062d4          *   0000003e   dynamic.obj (.const:.string)
                 [ 0000c624 ]  00006312          *   0000002d   QPeek.obj (.const:.string)

.const.7     0   [ 0000c680 ]  00006340          *   00000045   
                 [ 0000c680 ]  00006340          *   00000024   rts55x.lib : _printfi.obj (.const:.string)
                 [ 0000c6c8 ]  00006364          *   00000021   blocktim.obj (.const:.string)

.const.8     0   [ 0000c70c ]  00006386          *   00000073   
                 [ 0000c70c ]  00006386          *   00000020   PollQ.obj (.const:.string)
                 [ 0000c74c ]  000063a6          *   00000018   flop.obj (.const:.string)
                 [ 0000c77c ]  000063be          *   00000014   flop.obj (.const)
                 [ 0000c7a4 ]  000063d2          *   0000000c   rts55x.lib : _printfi.obj (.const)
                 [ 0000c7bc ]  000063de          *   00000008   integer.obj (.const:.string)
                 [ 0000c7cc ]  000063e6          *   00000008   rts55x.lib : divd.obj (.const:_initial_approx$1)
                 [ 0000c7dc ]  000063ee          *   00000006   QueueOverwrite.obj (.const:.string)
                 [ 0000c7e8 ]  000063f4          *   00000005   flash.obj (.const:.string)

.const.9     0   [ 0000c7f4 ]  000063fa          *   00000009   
                 [ 0000c7f4 ]  000063fa          *   00000005   tasks_sysStk.obj (.const:.string)
                 [ 0000c7fe ]  000063ff          *   00000004   main.obj (.const:_$P$T0$2)

.const.10 
*            0   [ 0000c808 ]  00006404          *   00000006   
                 [ 0000c808 ]  00006404          *   00000002   rts55x.lib : fputs.obj (.const:.string)
                 [ 0000c80c ]  00006406          *   00000002              : fltlid.obj (.const)
                 [ 0000c810 ]  00006408          *   00000002              : fltuld.obj (.const)

.sysmem      0   [ 00010000 ]  00008000          *   00002800   UNINITIALIZED
                 [ 00010000 ]  00008000          *   00002800   --HOLE--

.text.1      0     00020000  [ 00010000 ] 0000da8e          *   
                   00020000  [ 00010000 ] 0000444f          *   csl_mmcsd.obj (.text)
                   0002444f  [ 00012227 ] 00000001          *   --HOLE-- [fill = 20]
                   00024450  [ 00012228 ] 00002b4f          *   csl_msc.obj (.text)
                   00026f9f  [ 000137cf ] 00000001          *   --HOLE-- [fill = 20]
                   00026fa0  [ 000137d0 ] 00002a24          *   csl_sdio.obj (.text)
                   000299c4  [ 00014ce2 ] 000021d5          *   csl_usb.obj (.text)
                   0002bb99  [ 00015dcc+] 00000002          *   rts55x.lib : vectors.obj (.text)
                   0002bb9b  [ 00015dcd ] 00000001          *   --HOLE-- [fill = 20]
                   0002bb9c  [ 00015dce ] 00001ef1          *   tasks_sysStk.obj (.text)
                   0002da8d  [ 00016d46 ] 00000001          *   --HOLE-- [fill = 20]

.text.2      0     0002da90  [ 00016d48 ] 00006374          *   
                   0002da90  [ 00016d48 ] 000018ac          *   csl_dma.obj (.text)
                   0002f33c  [ 0001799e ] 000015a4          *   rts55x.lib : _printfi.obj (.text)
                   000308e0  [ 00018470 ] 00001230          *   queue.obj (.text)
                   00031b10  [ 00018d88 ] 000011eb          *   csl_nand.obj (.text)
                   00032cfb  [ 0001967d ] 00000001          *   --HOLE-- [fill = 20]
                   00032cfc  [ 0001967e ] 00001106          *   csl_uart.obj (.text)
                   00033e02  [ 00019f01 ] 00000002          *   --HOLE-- [fill = 20]

.text.3      0     00033e04  [ 00019f02 ] 00000dc2          *   
                   00033e04  [ 00019f02 ] 00000dc1          *   csl_dat.obj (.text)
                   00034bc5  [ 0001a5e2 ] 00000001          *   --HOLE-- [fill = 20]

.text.4      0     00034bc8  [ 0001a5e4 ] 000019da          *   
                   00034bc8  [ 0001a5e4 ] 00000d74          *   csl_audioClass.obj (.text)
                   0003593c  [ 0001ac9e ] 00000c65          *   csl_cdc.obj (.text)
                   000365a1  [ 0001b2d0 ] 00000001          *   --HOLE-- [fill = 20]

.text.5      0     000365a4  [ 0001b2d2 ] 0000178c          *   
                   000365a4  [ 0001b2d2 ] 00000c4c          *   csl_i2c.obj (.text)
                   000371f0  [ 0001b8f8 ] 00000b3e          *   csl_mmcsd_ataIf.obj (.text)
                   00037d2e  [ 0001be97 ] 00000002          *   --HOLE-- [fill = 20]

.text.6      0     00037d30  [ 0001be98 ] 00003772          *   
                   00037d30  [ 0001be98 ] 00000b2b          *   csl_sar.obj (.text)
                   0003885b  [ 0001c42d ] 00000001          *   --HOLE-- [fill = 20]
                   0003885c  [ 0001c42e ] 000009e3          *   csl_i2s.obj (.text)
                   0003923f  [ 0001c91f ] 00000001          *   --HOLE-- [fill = 20]
                   00039240  [ 0001c920 ] 00000957          *   main.obj (.text)
                   00039b97  [ 0001cdcb ] 00000001          *   --HOLE-- [fill = 20]
                   00039b98  [ 0001cdcc ] 000008b4          *   csl_rtc.obj (.text)
                   0003a44c  [ 0001d226 ] 00000838          *   csl_lcdc.obj (.text)
                   0003ac84  [ 0001d642 ] 0000081d          *   oled_test.obj (.text)
                   0003b4a1  [ 0001da50 ] 00000001          *   --HOLE-- [fill = 20]

.text.7      0     0003b4a4  [ 0001da52 ] 00001cc0          *   
                   0003b4a4  [ 0001da52 ] 00000697          *   csl_gpio.obj (.text)
                   0003bb3b  [ 0001dd9d ] 00000001          *   --HOLE-- [fill = 20]
                   0003bb3c  [ 0001dd9e ] 000005bb          *   csl_spi.obj (.text)
                   0003c0f7  [ 0001e07b ] 00000001          *   --HOLE-- [fill = 20]
                   0003c0f8  [ 0001e07c ] 000005b3          *   blocktim.obj (.text)
                   0003c6ab  [ 0001e355 ] 00000001          *   --HOLE-- [fill = 20]
                   0003c6ac  [ 0001e356 ] 00000573          *   event_groups.obj (.text)
                   0003cc1f  [ 0001e60f+] 00000543          *   rts55x.lib : lowlev.obj (.text)
                   0003d162  [ 0001e8b1 ] 00000002          *   --HOLE-- [fill = 20]

.text.8      0     0003d164  [ 0001e8b2 ] 000013ec          *   
                   0003d164  [ 0001e8b2 ] 00000538          *   csl_intc.obj (.text)
                   0003d69c  [ 0001eb4e ] 00000528          *   rts55x.lib : trgdrv.obj (.text)
                   0003dbc4  [ 0001ede2 ] 000004d5          *   ezdsp5535_sdcard.obj (.text)
                   0003e099  [ 0001f04c+] 000004b5          *   rts55x.lib : memory.obj (.text)
                   0003e54e  [ 0001f2a7 ] 00000002          *   --HOLE-- [fill = 20]

.text.9      0     0003e550  [ 0001f2a8 ] 00000874          *   
                   0003e550  [ 0001f2a8 ] 00000443          *   portASM.obj (.text)
                   0003e993  [ 0001f4c9 ] 00000001          *   --HOLE-- [fill = 20]
                   0003e994  [ 0001f4ca ] 0000042e          *   QPeek.obj (.text)
                   0003edc2  [ 0001f6e1 ] 00000002          *   --HOLE-- [fill = 20]

.text.10     0     0003edc4  [ 0001f6e2 ] 00000b9c          *   
                   0003edc4  [ 0001f6e2 ] 000003fb          *   dynamic.obj (.text)
                   0003f1bf  [ 0001f8df ] 00000001          *   --HOLE-- [fill = 20]
                   0003f1c0  [ 0001f8e0 ] 000003d2          *   flop.obj (.text)
                   0003f592  [ 0001fac9 ] 000003cc          *   rts55x.lib : divd.obj (.text)
                   0003f95e  [ 0001fcaf ] 00000002          *   --HOLE-- [fill = 20]

.text.11     0     0003f960  [ 0001fcb0 ] 000003c4          *   
                   0003f960  [ 0001fcb0 ] 000003c2          *   ezdsp5535_spiflash.obj (.text)
                   0003fd22  [ 0001fe91 ] 00000002          *   --HOLE-- [fill = 20]

.text.12     0     0003fd24  [ 0001fe92 ] 000002d8          *   
                   0003fd24  [ 0001fe92 ] 000002ac          *   csl_pll.obj (.text)
                   0003ffd0  [ 0001ffe8 ] 0000002a          *   rts55x.lib : fixdi.obj (.text)
                   0003fffa  [ 0001fffd ] 00000002          *   --HOLE-- [fill = 20]

.cinit       0   [ 00040000 ]  00020000          *   0000032f   
                 [ 00040000 ]  00020000          *   000000dc   dma.obj (.cinit)
                 [ 000401b8 ]  000200dc          *   0000007a   port.obj (.cinit)
                 [ 000402ac ]  00020156          *   00000054   main.obj (.cinit)
                 [ 00040354 ]  000201aa          *   0000003d   tasks_sysStk.obj (.cinit)
                 [ 000403ce ]  000201e7          *   0000002d   rts55x.lib : lowlev.obj (.cinit)
                 [ 00040428 ]  00020214          *   0000002a              : defs.obj (.cinit)
                 [ 0004047c ]  0002023e          *   0000001f   dynamic.obj (.cinit)
                 [ 000404ba ]  0002025d          *   00000015   csl_mmcsd_ataIf.obj (.cinit)
                 [ 000404e4 ]  00020272          *   00000014   blocktim.obj (.cinit)
                 [ 0004050c ]  00020286          *   00000013   QueueOverwrite.obj (.cinit)
                 [ 00040532 ]  00020299          *   00000010   timer.obj (.cinit)
                 [ 00040552 ]  000202a9          *   0000000e   QPeek.obj (.cinit)
                 [ 0004056e ]  000202b7          *   0000000d   ParTest.obj (.cinit)
                 [ 00040588 ]  000202c4          *   0000000c   ezdsp5535_sar.obj (.cinit)
                 [ 000405a0 ]  000202d0          *   0000000c   semtest.obj (.cinit)
                 [ 000405b8 ]  000202dc          *   0000000a   rts55x.lib : _lock.obj (.cinit)
                 [ 000405cc ]  000202e6          *   0000000a              : exit.obj (.cinit)
                 [ 000405e0 ]  000202f0          *   00000009   flash.obj (.cinit)
                 [ 000405f2 ]  000202f9          *   00000009   heap_1.obj (.cinit)
                 [ 00040604 ]  00020302          *   00000008   PollQ.obj (.cinit)
                 [ 00040614 ]  0002030a          *   00000008   csl_i2s.obj (.cinit)
                 [ 00040624 ]  00020312          *   00000008   rtc.obj (.cinit)
                 [ 00040634 ]  0002031a          *   00000004   flop.obj (.cinit)
                 [ 0004063c ]  0002031e          *   00000004   i2s.obj (.cinit)
                 [ 00040644 ]  00020322          *   00000004   integer.obj (.cinit)
                 [ 0004064c ]  00020326          *   00000004   rts55x.lib : fopen.obj (.cinit)
                 [ 00040654 ]  0002032a          *   00000004              : memory.obj (.cinit)
                 [ 0004065c ]  0002032e          *   00000001   --HOLE-- [fill = 0]

.cio         0   [ 00040660 ]  00020330          *   00000120   UNINITIALIZED
                 [ 00040660 ]  00020330          *   00000120   rts55x.lib : trgmsg.obj (.cio)

.switch      0   [ 000408a0 ]  00020450          *   000000e0   
                 [ 000408a0 ]  00020450          *   00000022   csl_sdio.obj (.switch:_SDIO_eventDisable)
                 [ 000408e4 ]  00020472          *   00000022   csl_sdio.obj (.switch:_SDIO_eventEnable)
                 [ 00040928 ]  00020494          *   00000020   csl_dma.obj (.switch:_DMA_config)
                 [ 00040968 ]  000204b4          *   00000020   csl_dma.obj (.switch:_DMA_getConfig)
                 [ 000409a8 ]  000204d4          *   00000020   csl_dma.obj (.switch:_DMA_reset)
                 [ 000409e8 ]  000204f4          *   00000018   csl_usb.obj (.switch:_USB_coreEventProcessEp0)
                 [ 00040a18 ]  0002050c          *   00000014   rtc.obj (.switch:_NtoC)
                 [ 00040a40 ]  00020520          *   00000010   csl_msc.obj (.switch:_MSC_Bulk)

.text.13     0     00040a60  [ 00020530 ] 00000346          *   
                   00040a60  [ 00020530 ] 00000345          *   csl_mem.obj (.text)
                   00040da5  [ 000206d2 ] 00000001          *   --HOLE-- [fill = 20]

.text.14     0     00040da8  [ 000206d4 ] 00000df6          *   
                   00040da8  [ 000206d4 ] 000002f8          *   semtest.obj (.text)
                   000410a0  [ 00020850 ] 000002f7          *   csl_gpt.obj (.text)
                   00041397  [ 000209cb+] 000002ef          *   aic_test_i2c.obj (.text)
                   00041686  [ 00020b43 ] 00000298          *   i2s_register.obj (.text)
                   0004191e  [ 00020c8f ] 0000027f          *   rts55x.lib : fopen.obj (.text)
                   00041b9d  [ 00020dce ] 00000001          *   --HOLE-- [fill = 20]

.text.15     0     00041ba0  [ 00020dd0 ] 00000720          *   
                   00041ba0  [ 00020dd0 ] 00000266          *   csl_wdt.obj (.text)
                   00041e06  [ 00020f03 ] 0000025e          *   rts55x.lib : llmpy.obj (.text)
                   00042064  [ 00021032 ] 0000025a          *              : addd.obj (.text)
                   000422be  [ 0002115f ] 00000002          *   --HOLE-- [fill = 20]

.text.16     0     000422c0  [ 00021160 ] 00000238          *   
                   000422c0  [ 00021160 ] 00000236          *   QueueOverwrite.obj (.text)
                   000424f6  [ 0002127b ] 00000002          *   --HOLE-- [fill = 20]

.text.17     0     000424f8  [ 0002127c ] 00000220          *   
                   000424f8  [ 0002127c ] 0000021e          *   dma.obj (.text)
                   00042716  [ 0002138b ] 00000002          *   --HOLE-- [fill = 20]

.text.18     0     00042718  [ 0002138c ] 000003e2          *   
                   00042718  [ 0002138c ] 000001f7          *   ezdsp5535_led.obj (.text)
                   0004290f  [ 00021487+] 000001ea          *   rts55x.lib : cmpd.obj (.text)
                   00042af9  [ 0002157c ] 00000001          *   --HOLE-- [fill = 20]

.text.19     0     00042afc  [ 0002157e ] 000001c4          *   
                   00042afc  [ 0002157e ] 000001c2          *   PollQ.obj (.text)
                   00042cbe  [ 0002165f ] 00000002          *   --HOLE-- [fill = 20]

.text.20     0     00042cc0  [ 00021660 ] 0000036c          *   
                   00042cc0  [ 00021660 ] 000001bc          *   port.obj (.text)
                   00042e7c  [ 0002173e ] 000001ae          *   list.obj (.text)
                   0004302a  [ 00021815 ] 00000002          *   --HOLE-- [fill = 20]

.text.21     0     0004302c  [ 00021816 ] 00000196          *   
                   0004302c  [ 00021816 ] 00000195          *   ezdsp5535_lcd.obj (.text)
                   000431c1  [ 000218e0 ] 00000001          *   --HOLE-- [fill = 20]

.text.22     0     000431c4  [ 000218e2 ] 000007f8          *   
                   000431c4  [ 000218e2 ] 0000018b          *   spiflash_test.obj (.text)
                   0004334f  [ 000219a7 ] 00000001          *   --HOLE-- [fill = 20]
                   00043350  [ 000219a8 ] 0000017c          *   ezdsp5535_sar.obj (.text)
                   000434cc  [ 00021a66 ] 00000163          *   rts55x.lib : fputs.obj (.text)
                   0004362f  [ 00021b17+] 0000014c          *              : mpyd.obj (.text)
                   0004377b  [ 00021bbd ] 00000001          *   --HOLE-- [fill = 20]
                   0004377c  [ 00021bbe ] 0000012b          *   timer.obj (.text:retain)
                   000438a7  [ 00021c53 ] 00000001          *   --HOLE-- [fill = 20]
                   000438a8  [ 00021c54 ] 00000112          *   ezdsp5535_i2s.obj (.text)
                   000439ba  [ 00021cdd ] 00000002          *   --HOLE-- [fill = 20]

.text.23     0     000439bc  [ 00021cde ] 000002e8          *   
                   000439bc  [ 00021cde ] 00000104          *   integer.obj (.text)
                   00043ac0  [ 00021d60 ] 000000fc          *   rtc.obj (.text)
                   00043bbc  [ 00021dde ] 000000e6          *   rts55x.lib : setvbuf.obj (.text)
                   00043ca2  [ 00021e51 ] 00000002          *   --HOLE-- [fill = 20]

.text.24     0     00043ca4  [ 00021e52 ] 000001c2          *   
                   00043ca4  [ 00021e52 ] 000000e4          *   flash.obj (.text)
                   00043d88  [ 00021ec4 ] 000000dd          *   rts55x.lib : _io_perm.obj (.text)
                   00043e65  [ 00021f32 ] 00000001          *   --HOLE-- [fill = 20]

.text.25     0     00043e68  [ 00021f34 ] 0000024c          *   
                   00043e68  [ 00021f34 ] 000000ce          *   heap_1.obj (.text)
                   00043f36  [ 00021f9b ] 000000c2          *   rts55x.lib : fflush.obj (.text)
                   00043ff8  [ 00021ffc ] 000000ba          *              : trgmsg.obj (.text:CIO_breakpoint)
                   000440b2  [ 00022059 ] 00000002          *   --HOLE-- [fill = 20]

.text.26     0     000440b4  [ 0002205a ] 00000156          *   
                   000440b4  [ 0002205a ] 000000af          *   mem_test.obj (.text)
                   00044163  [ 000220b1+] 000000a6          *   rts55x.lib : fputc.obj (.text)
                   00044209  [ 00022104 ] 00000001          *   --HOLE-- [fill = 20]

.text.27     0     0004420c  [ 00022106 ] 000001e0          *   
                   0004420c  [ 00022106 ] 000000a2          *   ezdsp5535_uart.obj (.text)
                   000442ae  [ 00022157 ] 000000a1          *   rts55x.lib : divul.obj (.text)
                   0004434f  [ 000221a7 ] 00000001          *   --HOLE-- [fill = 20]
                   00044350  [ 000221a8 ] 0000009a          *   ParTest.obj (.text)
                   000443ea  [ 000221f5 ] 00000002          *   --HOLE-- [fill = 20]

.text.28     0     000443ec  [ 000221f6 ] 0000076e          *   
                   000443ec  [ 000221f6 ] 00000094          *   ezdsp5535_i2c.obj (.text)
                   00044480  [ 00022240 ] 0000008c          *   csl_irqplug.obj (.text)
                   0004450c  [ 00022286 ] 0000008c          *   i2s.obj (.text)
                   00044598  [ 000222cc ] 0000008a          *   ezdsp5535_gpio.obj (.text)
                   00044622  [ 00022311 ] 0000007f          *   vectors.obj (.text)
                   000446a1  [ 00022350+] 0000007d          *   rts55x.lib : ltoa.obj (.text)
                   0004471e  [ 0002238f ] 0000007b          *              : fclose.obj (.text)
                   00044799  [ 000223cc+] 00000076          *              : frcmpyd.obj (.text)
                   0004480f  [ 00022407+] 00000073          *              : frcmpyd_div.obj (.text)
                   00044882  [ 00022441 ] 00000072          *              : remul.obj (.text)
                   000448f4  [ 0002247a ] 0000006f          *              : fixdli.obj (.text)
                   00044963  [ 000224b1+] 0000006d          *              : trgmsg.obj (.text)
                   000449d0  [ 000224e8 ] 0000006b          *              : fseek.obj (.text)
                   00044a3b  [ 0002251d+] 00000067          *              : fltlid.obj (.text)
                   00044aa2  [ 00022551 ] 0000005c          *              : atoi.obj (.text)
                   00044afe  [ 0002257f ] 0000005b          *              : fltuld.obj (.text)
                   00044b59  [ 000225ac ] 00000001          *   --HOLE-- [fill = 20]

.text.29     0     00044b5c  [ 000225ae ] 000000a8          *   
                   00044b5c  [ 000225ae ] 00000056          *   ezdsp5535.obj (.text)
                   00044bb2  [ 000225d9 ] 00000050          *   rts55x.lib : printf.obj (.text)
                   00044c02  [ 00022601 ] 00000002          *   --HOLE-- [fill = 20]

.text.30     0     00044c04  [ 00022602 ] 0000036a          *   
                   00044c04  [ 00022602 ] 0000004e          *   rtc.obj (.text:retain)
                   00044c52  [ 00022629 ] 0000004d          *   rts55x.lib : autoinit.obj (.text)
                   00044c9f  [ 0002264f ] 00000001          *   --HOLE-- [fill = 20]
                   00044ca0  [ 00022650 ] 0000004c          *   timer.obj (.text)
                   00044cec  [ 00022676 ] 0000004b          *   rts55x.lib : args_main.obj (.text)
                   00044d37  [ 0002269b+] 0000004b          *              : remli.obj (.text)
                   00044d82  [ 000226c1 ] 00000048          *              : divli.obj (.text)
                   00044dca  [ 000226e5 ] 0000003f          *              : memcpy.obj (.text)
                   00044e09  [ 00022704+] 0000003e          *              : exit.obj (.text)
                   00044e47  [ 00022723+] 00000034          *              : boot.obj (.text)
                   00044e7b  [ 0002273d+] 0000002a          *              : udiv.obj (.text)
                   00044ea5  [ 00022752+] 00000023          *              : memccpy.obj (.text)
                   00044ec8  [ 00022764 ] 0000001a          *              : isinf.obj (.text)
                   00044ee2  [ 00022771 ] 00000014          *              : subd.obj (.text)
                   00044ef6  [ 0002277b ] 00000013          *              : lmpy.obj (.text)
                   00044f09  [ 00022784+] 00000012          *              : _lock.obj (.text)
                   00044f1b  [ 0002278d+] 00000011          *              : memset.obj (.text)
                   00044f2c  [ 00022796 ] 00000011          *              : strlen.obj (.text)
                   00044f3d  [ 0002279e+] 00000010          *              : negd.obj (.text)
                   00044f4d  [ 000227a6+] 0000000e          *              : fltud.obj (.text)
                   00044f5b  [ 000227ad+] 0000000a          *              : remove.obj (.text)
                   00044f65  [ 000227b2+] 00000007          *              : exit.obj (.text:CIO_breakpoint)
                   00044f6c  [ 000227b6 ] 00000002          *   --HOLE-- [fill = 20]

vectors      0     0004ce00  [ 00026700 ] 00000200          *   
                   0004ce00  [ 00026700 ] 00000100          *   rts55x.lib : vectors.obj (vectors)
                   0004cf00  [ 00026780 ] 00000100          *   vectors.obj (vectors)


GLOBAL SYMBOLS: SORTED ALPHABETICALLY BY Name 

abs. value/
byte addr   word addr   name
---------   ---------   ----
00000002                $TI_capability$C5500$CallingConvention
00000002                $TI_capability$C5500$MemoryModel
00000001                $TI_capability_requires_rev3
ffffffff                .bss
ffffffff                .data
ffffffff                .text
00044f66                C$$EXIT
000440ad                C$$IO$$
00044ef6                I$$LMPY
00044e7b                I$$UDIV
00044e90                I$$UMOD
00034e8c                _AC_Close
00034ec8                _AC_Ctrl
0003515c                _AC_GetactivityFlagStatus
00035178                _AC_GetsuspendFlagStatus
000350c0                _AC_Iso
00034c44                _AC_Open
00035190                _AC_initDescriptors
000356f4                _AC_reqGetCurrent
00035440                _AC_reqGetDescriptor
000357fc                _AC_reqGetMaximum
000357b8                _AC_reqGetMinimum
00035840                _AC_reqGetResolution
00035618                _AC_reqSetCurrent
00035884                _AC_reqSetInterface
00041397                _AIC3254_init
            00004d70    _ATA_No_Swap
00039730                _BlinkLED
            00005bb9    _Buf_Address
            00005c7f    _Buf_day
            00005c7c    _Buf_hour
            00005c79    _Buf_min
            00005c82    _Buf_month
            00005c76    _Buf_sec
            00005c85    _Buf_year
00035bc8                _CDC_Close
00035c04                _CDC_GetactivityFlagStatus
00035c1c                _CDC_GetsuspendFlagStatus
000359d0                _CDC_Open
000359f4                _CDC_OpenFullspeed
00036030                _CDC_bulkInHandler
00035f30                _CDC_bulkOutHandler
00035c34                _CDC_eventHandler
00036320                _CDC_getData
000363b0                _CDC_putData
00039714                _ConfigPort
            00005c89    _Conunt_RTC
00033edc                _DAT_close
00034070                _DAT_copy
0003456c                _DAT_fill
00033e04                _DAT_open
00034a7c                _DAT_wait
            00005c2f    _DBSTAT_RESTORE
            00005c2e    _DBSTAT_SAVE
            00005650    _DMA_Count
            00005653    _DMA_Done
0002dbb4                _DMA_close
0002dbd4                _DMA_config
0002e7a8                _DMA_getConfig
0002f290                _DMA_getLastTransferType
0002da90                _DMA_init
0002dac8                _DMA_open
0002ef2c                _DMA_reset
0002ed18                _DMA_start
0002ee28                _DMA_stop
0002f218                _DMA_swapWords
00044294                _EVM5515_UART_getChar
0004427c                _EVM5515_UART_putChar
00044604                _EZDSP5535_GPIO_getInput
00044598                _EZDSP5535_GPIO_init
000445c4                _EZDSP5535_GPIO_setDirection
000445e8                _EZDSP5535_GPIO_setOutput
000443ec                _EZDSP5535_I2C_init
00044458                _EZDSP5535_I2C_read
00044424                _EZDSP5535_I2C_reset
00044430                _EZDSP5535_I2C_write
000439a8                _EZDSP5535_I2S_close
000438a8                _EZDSP5535_I2S_init
00043904                _EZDSP5535_I2S_readLeft
00043968                _EZDSP5535_I2S_readRight
00043938                _EZDSP5535_I2S_writeLeft
0004398c                _EZDSP5535_I2S_writeRight
00042750                _EZDSP5535_LED_getall
00042718                _EZDSP5535_LED_init
0004284c                _EZDSP5535_LED_off
00042814                _EZDSP5535_LED_on
000427a4                _EZDSP5535_LED_setall
00042880                _EZDSP5535_LED_toggle
000430a0                _EZDSP5535_OSD9616_init
00043054                _EZDSP5535_OSD9616_multiSend
00043184                _EZDSP5535_OSD9616_printLetter
0004302c                _EZDSP5535_OSD9616_send
00043418                _EZDSP5535_SAR_getKey
00043350                _EZDSP5535_SAR_init
0003dfd4                _EZDSP5535_SDCARD_close
0003dbc4                _EZDSP5535_SDCARD_init
0003df6c                _EZDSP5535_SDCARD_read
0003dfa0                _EZDSP5535_SDCARD_write
0003fa08                _EZDSP5535_SPIFLASH_erase
0003f960                _EZDSP5535_SPIFLASH_init
0003fb0c                _EZDSP5535_SPIFLASH_read
0003f9c4                _EZDSP5535_SPIFLASH_status
0003fbbc                _EZDSP5535_SPIFLASH_write
0004420c                _EZDSP5535_UART_open
000428e0                _EZDSP5535_XF_get
000428d4                _EZDSP5535_XF_off
000428c8                _EZDSP5535_XF_on
000428f0                _EZDSP5535_XF_toggle
00044ba4                _EZDSP5535_init
00044b5c                _EZDSP5535_wait
00044b90                _EZDSP5535_waitusec
            00005651    _Error_Count_L
            00005652    _Error_Count_R
            00005c88    _Flag_RTC
0003b998                _GPIO_clearInt
0003b4e8                _GPIO_close
0003b50c                _GPIO_config
0003b744                _GPIO_configBit
0003b88c                _GPIO_disableInt
0003b90c                _GPIO_enableInt
0003b594                _GPIO_getConfig
0003b4a4                _GPIO_open
0003b61c                _GPIO_read
0003baac                _GPIO_reset
0003ba24                _GPIO_statusBit
0003b6a0                _GPIO_write
000411e0                _GPT_close
000412f0                _GPT_config
000412b4                _GPT_getCnt
000410a0                _GPT_open
00041164                _GPT_reset
00041258                _GPT_start
00041288                _GPT_stop
00039768                _GenerateAudioTone
            00005cec    _GpioObj
0003db66                _HOSTclock
0003dafb                _HOSTclose
0003da46                _HOSTlseek
0003d9a7                _HOSTopen
0003d91a                _HOSTread
0003d86c                _HOSTrename
0003d80e                _HOSTtime
0003d7a4                _HOSTunlink
0003d717                _HOSTwrite
00036650                _I2C_config
00037024                _I2C_eventDisable
00036ef0                _I2C_eventEnable
000367b8                _I2C_getConfig
000371d4                _I2C_getEventId
000365a4                _I2C_init
00036cd0                _I2C_read
00037144                _I2C_setCallback
00036890                _I2C_setup
00036a8c                _I2C_write
            00005b59    _I2S_RCV_L
            00005b89    _I2S_RCV_R
00038c88                _I2S_close
0003885c                _I2S_open
00038d34                _I2S_read
00039148                _I2S_reset
000389a0                _I2S_setup
000391f4                _I2S_transEnable
00038ff0                _I2S_write
0003d1ec                _IRQ_clear
0003d258                _IRQ_clearAll
0003d268                _IRQ_config
0003d378                _IRQ_disable
0003d3f8                _IRQ_disableAll
0003d408                _IRQ_enable
0003d504                _IRQ_getArg
0003d2f0                _IRQ_getConfig
0003d650                _IRQ_globalDisable
0003d66c                _IRQ_globalEnable
0003d688                _IRQ_globalRestore
0003d164                _IRQ_init
0003d57c                _IRQ_map
00044480                _IRQ_plug
0003d494                _IRQ_restore
0003d548                _IRQ_setArg
0003d5a8                _IRQ_setVecs
0003d5dc                _IRQ_test
000396ac                _InitSystem
0003ac64                _LCD_close
0003a914                _LCD_configDMA
0003a44c                _LCD_init
0003a474                _LCD_open
0003a4b8                _LCD_setup
            00005cf2    _LED_Blink_ctr
00039898                _LED_TaskBlue
000398c8                _LED_TaskRed
00040c34                _MEM_disablePartialRetentionMode
00040aa8                _MEM_disableRetentionMode
00040aec                _MEM_enablePartialRetentionMode
00040a64                _MEM_enableRetentionMode
00040d94                _MEM_getmSDRAMClock
00040a60                _MEM_init
00040d58                _MEM_setmSDRAMClock
00037cb8                _MMC_busyStatusCheck
0002438c                _MMC_checkReadDmaDone
00020368                _MMC_clearResponse
00020248                _MMC_close
00037ca0                _MMC_commandReadyStatusCheck
00020aa0                _MMC_config
00037cac                _MMC_dataReadyStatusCheck
00020df0                _MMC_deselectCard
000208b8                _MMC_drrdy
00020900                _MMC_dxrdy
000206e0                _MMC_eventDisable
000204e4                _MMC_eventEnable
00037cd4                _MMC_file_system_format
00037cfc                _MMC_flushFat
00021a8c                _MMC_getCardCsd
00024164                _MMC_getCardStatus
00020b3c                _MMC_getConfig
00020330                _MMC_getNumberOfCards
00037cc4                _MMC_getSerialID
00020988                _MMC_getStatus
00037cf4                _MMC_get_date
00037cf8                _MMC_get_mod_date
00037cf0                _MMC_get_mod_time
00037cec                _MMC_get_time
00020488                _MMC_ierDisable
00020444                _MMC_ierEnable
00020000                _MMC_init
000371f0                _MMC_initState
000204bc                _MMC_intEnable
00037614                _MMC_issueReadCommand
00020038                _MMC_open
000225bc                _MMC_read
00037a0c                _MMC_readNSectors
000378b4                _MMC_readNextNWords
000377d0                _MMC_readNextWord
00037840                _MMC_readNextWord1
00037334                _MMC_readWriteControl
00037bbc                _MMC_read_CID
00037c28                _MMC_read_CSD
00037ce0                _MMC_reset
00020948                _MMC_saveStatus
00020ec0                _MMC_selectCard
000216c8                _MMC_sendAllCID
00020bdc                _MMC_sendCmd
00020c90                _MMC_sendGoIdle
00021450                _MMC_sendOpCond
00023e2c                _MMC_setBlockLength
000202f0                _MMC_setCallBack
000202bc                _MMC_setCardPtr
00020288                _MMC_setCardType
00023c74                _MMC_setDataTransferCallback
00023cc4                _MMC_setDmaChanConfig
00023c14                _MMC_setDmaHandle
00023da4                _MMC_setEndianMode
000214f4                _MMC_setRca
00023ec4                _MMC_setWriteBlkEraseCnt
000209ec                _MMC_setupNative
00020d18                _MMC_stop
00022fd8                _MMC_write
00037ae4                _MMC_writeNSectors
00037924                _MMC_writeSector
00037c94                _MMC_writeSectorFlush
000253c4                _MSC_Bulk
00024fa0                _MSC_Close
000251cc                _MSC_Ctrl
00025c58                _MSC_ExecuteRead
0002604c                _MSC_ExecuteWrite
000254c0                _MSC_GetLunLockedStatus
000254f0                _MSC_GetactivityFlagStatus
0002550c                _MSC_GetsuspendFlagStatus
00026824                _MSC_HandlePreventAllowMediaRemoval
000269c8                _MSC_HandleReadCapacity
000259b4                _MSC_HandleStateWaitForCBW
00026600                _MSC_HandleTestUnitReady
00024c30                _MSC_Open
00024c54                _MSC_OpenFullspeed
00024fdc                _MSC_SetLunAttr
00026f24                _MSC_handleDataDirMisMatch
00026e50                _MSC_reqBotMscReset
00026c18                _MSC_reqGetDescriptor
00026ebc                _MSC_sendCswWithPhaseError
000322d4                _NAND_checkCommandStatus
000324a8                _NAND_disableHwECC
00032380                _NAND_enableHwECC
000320c0                _NAND_getBankInfo
00032bb4                _NAND_getIntrNum
00032a94                _NAND_hasCacheProg
00032ac4                _NAND_hasCopyBack
00032a34                _NAND_hasRandomRead
00032a64                _NAND_hasRandomWrite
00031b10                _NAND_init
00032c9c                _NAND_intrClear
00032b54                _NAND_intrDisable
00032af4                _NAND_intrEnable
00032bd4                _NAND_intrReadAT
00032c14                _NAND_intrReadLT
00032c58                _NAND_intrReadWR
000321c0                _NAND_isStatusWriteProtected
00032590                _NAND_readECC
00032744                _NAND_readNBytes
000322a8                _NAND_sendCommand
0003233c                _NAND_setAddress
00032184                _NAND_setLatchEnableOffset
00031ba4                _NAND_setup
00032858                _NAND_writeNBytes
            00005c36    _PC_REG_HIGH_RESTORE
            00005c38    _PC_REG_HIGH_SAVE
            00005c37    _PC_REG_LOW_RESTORE
            00005c39    _PC_REG_LOW_SAVE
0003ff14                _PLL_bypass
0003fd88                _PLL_config
0003feac                _PLL_enable
0003fd50                _PLL_init
0003ff64                _PLL_reset
0004cf00                _RST
00044c04                _RTC_Isr
0003a330                _RTC_bcdToDec
00039c60                _RTC_config
0003a2f0                _RTC_decToBcd
0003a1e8                _RTC_eventDisable
0003a0fc                _RTC_eventEnable
00039d4c                _RTC_getConfig
00039f34                _RTC_getDate
0003a29c                _RTC_getEventId
00039e78                _RTC_getTime
00039c24                _RTC_reset
00039f74                _RTC_setAlarm
0003a370                _RTC_setCallback
0003a400                _RTC_setCompensation
00039ec4                _RTC_setDate
0003a048                _RTC_setPeriodicInterval
00039dfc                _RTC_setTime
00039c34                _RTC_start
00039c58                _RTC_stop
            000055f0    _RcvL_Sine
            00005620    _RcvR_Sine
0004ce00                _Reset
000382c4                _SAR_A2DMeasParamSet
00038740                _SAR_GPODirSet
00037e30                _SAR_chanClose
00037eb4                _SAR_chanConfig
000381b4                _SAR_chanCycSet
00037db0                _SAR_chanInit
00037dcc                _SAR_chanOpen
00037fa0                _SAR_chanSetup
00037d90                _SAR_deInit
00037f2c                _SAR_getConfig
0003881c                _SAR_getStatus
00037d30                _SAR_init
00038280                _SAR_readData
00038204                _SAR_startConversion
00038238                _SAR_stopConversion
00027f38                _SDIO_clearResponse
000270ac                _SDIO_close
000270d4                _SDIO_config
00027b4c                _SDIO_deselectCard
000271ac                _SDIO_detectCard
00028310                _SDIO_eventDisable
000280e8                _SDIO_eventEnable
00027a84                _SDIO_getRca
00027da4                _SDIO_getResponse
0002807c                _SDIO_getSdioStatus
00028014                _SDIO_getStatus
00026fa0                _SDIO_init
00027518                _SDIO_initCard
00026fe0                _SDIO_open
00029028                _SDIO_readBlocks
000287a4                _SDIO_readBytes
00028578                _SDIO_readSingleByte
00028540                _SDIO_readWaitDisable
00028508                _SDIO_readWaitEnable
0002799c                _SDIO_resetCard
00027c0c                _SDIO_selectCard
00027cd0                _SDIO_sendCommand
0002993c                _SDIO_setClock
000298bc                _SDIO_setEndianMode
00029468                _SDIO_writeBlocks
00028be8                _SDIO_writeBytes
000286a4                _SDIO_writeSingleByte
00024260                _SD_configurePullup
00021ee0                _SD_getCardCsd
000218a0                _SD_sendAllCID
000215cc                _SD_sendRca
00023ff4                _SD_setBusWidth
0003bbd4                _SPI_close
0003bc00                _SPI_config
0003c084                _SPI_dataTransaction
0003be88                _SPI_deInit
0003bb3c                _SPI_init
0003bba0                _SPI_open
0003beb4                _SPI_read
0003bf98                _SPI_write
            00005c31    _STATUS0_HIGH
            00005c30    _STATUS0_LOW
            00005c33    _STATUS1_HIGH
            00005c32    _STATUS1_LOW
            00005c35    _STATUS2_HIGH
            00005c34    _STATUS2_LOW
00039724                _SYS_GlobalIntDisable
0003971c                _SYS_GlobalIntEnable
            00005cda    _SarHandle
            00005cd6    _SarObj
00044ce4                _StartTimer0
00044ca0                _Timer0Init
            00005d02    _Timer0_Int_CTR
            00005d03    _Timer2_Int_CTR
0004377c                _Timer_isr
000332ec                _UART_config
0003362c                _UART_eventDisable
00033594                _UART_eventEnable
0003396c                _UART_fgetc
00033a94                _UART_fgets
00033a0c                _UART_fputc
00033bc4                _UART_fputs
00033cdc                _UART_getConfig
00033cb4                _UART_getEventId
00032d88                _UART_init
000336bc                _UART_read
00033500                _UART_reset
00033548                _UART_resetOff
00033d9c                _UART_setCallback
00032e44                _UART_setup
000333f4                _UART_setupBaudRate
000337e8                _UART_write
0002b16c                _USB_abortAllTransaction
0002b00c                _USB_abortTransaction
0002aa68                _USB_bytesRemaining
0002ac70                _USB_clearEndptStall
0002b1c0                _USB_connectDev
0002b6e0                _USB_coreEventProcessEp0
0002b1f4                _USB_disconnectDev
0002aedc                _USB_epNumToHandle
0002b55c                _USB_findFifoSize
0002b504                _USB_getDataCountReadFromFifo
0002ae58                _USB_getEndptStall
0002a694                _USB_getEvents
0002b304                _USB_getFrameNo
0002b4b0                _USB_getMaxPower
0002b254                _USB_getRemoteWakeupStat
0002a77c                _USB_getSetupPacket
00029c58                _USB_init
0002a2ac                _USB_initEndptObj
0002b3d0                _USB_initPLL
0002a9e0                _USB_isTransactionDone
0002b26c                _USB_issueRemoteWakeup
0002a70c                _USB_peekEvents
0002a824                _USB_postTransaction
0002a07c                _USB_resetDev
0002b364                _USB_selfwakeup
0002b2bc                _USB_setDevAddr
0002b4d0                _USB_setFullSpeedMode
0002b454                _USB_setParams
0002b224                _USB_setRemoteWakeup
0002aafc                _USB_stallEndpt
0002b320                _USB_suspendDevice
0004cf00                _VECSTART
00041cd8                _WDTIM_close
00041d50                _WDTIM_config
00041ca8                _WDTIM_getCnt
00041dbc                _WDTIM_getConfig
00041ba0                _WDTIM_open
00041d1c                _WDTIM_service
00041c18                _WDTIM_start
00041c60                _WDTIM_stop
            00005530    _XmitL_Sine_1K
            00005560    _XmitL_Sine_2K
            00005590    _XmitR_Sine_1K
            000055c0    _XmitR_Sine_2K
            00020330    __CIOBUF_
            00001060    __STACK_END
00002000                __STACK_SIZE
00005000                __SYSMEM_SIZE
00001000                __SYSSTACK_SIZE
00000001                __TI_args_main
ffffffff                ___binit__
ffffffff                ___bss__
ffffffff                ___c_args__
            00020000    ___cinit__
ffffffff                ___data__
ffffffff                ___edata__
ffffffff                ___end__
ffffffff                ___etext__
00044ec8                ___isinf
ffffffff                ___pinit__
ffffffff                ___text__
00042064                __addd
00044cec                __args_main
00041a3f                __cleanup
            00005cfc    __cleanup_ptr
00042aa1                __cmpd
            00006050    __ctypes_
0003f592                __divd
00044d82                __divli
0004202f                __divlli
00044e7b                __divu
000442ae                __divul
00041f3b                __divull
00043f36                __doflush
            00005cfe    __dtors_ptr
00042a6d                __eqld
0003ffd0                __fixdi
000448f4                __fixdli
00044a3b                __fltlid
00044f4d                __fltud
00044afe                __fltuld
00044799                __frcmpyd
0004480f                __frcmpyd_div
            0000576c    __ft_end
            00005654    __ftable
00042a23                __geqd
000429d8                __gtrd
0004298b                __leqd
            00005cf8    __lock
00042943                __lssd
0004362f                __mpyd
00044ef6                __mpyli
00041e83                __mpylli
00044f3d                __negd
0004290f                __neqd
00044f19                __nop
0003069e                __printfi
00043e08                __rd_ok
00044f11                __register_lock
00044f09                __register_unlock
00044d37                __remli
00041e54                __remlli
00044e90                __remu
00044882                __remul
00041e06                __remull
            00000060    __stack
00044ee2                __subd
            00008000    __sys_memory
            00001060    __sysstack
            000056cc    __tmpnams
            00005cfa    __unlock
00043d88                __wrt_ok
00044f65                _abort
0003d072                _add_device
00044aa2                _atoi
00044c52                _auto_init
00044e47                _c_int00
            00004d68    _cached_phySector0
            00004d6a    _cached_phySector1
            00004d6c    _cached_phySector2
            00004d6e    _cached_phySector3
0003e528                _calloc
            000059e2    _cardAddr
0003e520                _chkheap
0003cfff                _close
00043b88                _convert_number_to_string
000418e6                _disable_i2s0
000418f4                _disable_i2s1
00041902                _disable_i2s2
00041910                _disable_i2s3
0002c0dc                _eTaskGetState
00042708                _enable_dma_int
000418ae                _enable_i2s0
000418bc                _enable_i2s1
000418ca                _enable_i2s2
000418d8                _enable_i2s3
00043ac0                _enable_rtc_second_int
00044e09                _exit
            00005bbb    _f1KToneOn
            00005bbc    _f2KToneOn
            00005bba    _fSineWave
            00005d00    _fTimer
            00005d01    _fTimer02
0004471e                _fclose
00043f9f                _fflush
0003cff6                _find_registered_device
            00005c24    _first_flag
            00005c20    _first_save_xsp
            00005c22    _first_save_xssp
00041b62                _fopen
00044163                _fputc
000434cc                _fputs
0003e099                _free
0003e4ca                _free_memory
00041a99                _freopen
            00005c18    _fsError
000449d0                _fseek
            0000544a    _gBulkInTransfer
            00005458    _gBulkOutTransfer
            0000543c    _gCtrlTransfer
            00005490    _gEpStatus
            00005c8a    _gI2cObj
            00005482    _gIntInTransfer
            00005466    _gIsoInTransfer
            00005474    _gIsoOutTransfer
            00004966    _gNextPhySector
            00004864    _gReadBuf
            00005374    _gUsbContext
            00005520    _gUsbEpHandle
            00004964    _gWordCount
            00004968    _gWriteBuf
0003d69c                _getenv
            00005cee    _hGpio
            00005d08    _hI2s
            0000587e    _hSpi
            00005c74    _hUart
            00005c9a    _i2cHandle
00041686                _i2s0_read_CR
000416ce                _i2s0_read_INTR
000416d4                _i2s0_read_INT_MASK
000416e0                _i2s0_read_RXL_LSW
000416ec                _i2s0_read_RXL_MSW
000416f8                _i2s0_read_RXR_LSW
00041704                _i2s0_read_RXR_MSW
00041692                _i2s0_read_SRGR
0004169e                _i2s0_read_TXL_LSW
000416aa                _i2s0_read_TXL_MSW
000416b6                _i2s0_read_TXR_LSW
000416c2                _i2s0_read_TXR_MSW
0004168c                _i2s0_write_CR
000416da                _i2s0_write_INT_MASK
000416e6                _i2s0_write_RXL_LSW
000416f2                _i2s0_write_RXL_MSW
000416fe                _i2s0_write_RXR_LSW
0004170a                _i2s0_write_RXR_MSW
00041698                _i2s0_write_SRGR
000416a4                _i2s0_write_TXL_LSW
000416b0                _i2s0_write_TXL_MSW
000416bc                _i2s0_write_TXR_LSW
000416c8                _i2s0_write_TXR_MSW
00041710                _i2s1_read_CR
00041758                _i2s1_read_INTR
0004175e                _i2s1_read_INT_MASK
0004176a                _i2s1_read_RXL_LSW
00041776                _i2s1_read_RXL_MSW
00041782                _i2s1_read_RXR_LSW
0004178e                _i2s1_read_RXR_MSW
0004171c                _i2s1_read_SRGR
00041728                _i2s1_read_TXL_LSW
00041734                _i2s1_read_TXL_MSW
00041740                _i2s1_read_TXR_LSW
0004174c                _i2s1_read_TXR_MSW
00041716                _i2s1_write_CR
00041764                _i2s1_write_INT_MASK
00041770                _i2s1_write_RXL_LSW
0004177c                _i2s1_write_RXL_MSW
00041788                _i2s1_write_RXR_LSW
00041794                _i2s1_write_RXR_MSW
00041722                _i2s1_write_SRGR
0004172e                _i2s1_write_TXL_LSW
0004173a                _i2s1_write_TXL_MSW
00041746                _i2s1_write_TXR_LSW
00041752                _i2s1_write_TXR_MSW
0004179a                _i2s2_read_CR
000417e2                _i2s2_read_INTR
000417e8                _i2s2_read_INT_MASK
000417f4                _i2s2_read_RXL_LSW
00041800                _i2s2_read_RXL_MSW
0004180c                _i2s2_read_RXR_LSW
00041818                _i2s2_read_RXR_MSW
000417a6                _i2s2_read_SRGR
000417b2                _i2s2_read_TXL_LSW
000417be                _i2s2_read_TXL_MSW
000417ca                _i2s2_read_TXR_LSW
000417d6                _i2s2_read_TXR_MSW
000417a0                _i2s2_write_CR
000417ee                _i2s2_write_INT_MASK
000417fa                _i2s2_write_RXL_LSW
00041806                _i2s2_write_RXL_MSW
00041812                _i2s2_write_RXR_LSW
0004181e                _i2s2_write_RXR_MSW
000417ac                _i2s2_write_SRGR
000417b8                _i2s2_write_TXL_LSW
000417c4                _i2s2_write_TXL_MSW
000417d0                _i2s2_write_TXR_LSW
000417dc                _i2s2_write_TXR_MSW
00041824                _i2s3_read_CR
0004186c                _i2s3_read_INTR
00041872                _i2s3_read_INT_MASK
0004187e                _i2s3_read_RXL_LSW
0004188a                _i2s3_read_RXL_MSW
00041896                _i2s3_read_RXR_LSW
000418a2                _i2s3_read_RXR_MSW
00041830                _i2s3_read_SRGR
0004183c                _i2s3_read_TXL_LSW
00041848                _i2s3_read_TXL_MSW
00041854                _i2s3_read_TXR_LSW
00041860                _i2s3_read_TXR_MSW
0004182a                _i2s3_write_CR
00041878                _i2s3_write_INT_MASK
00041884                _i2s3_write_RXL_LSW
00041890                _i2s3_write_RXL_MSW
0004189c                _i2s3_write_RXR_LSW
000418a8                _i2s3_write_RXR_MSW
00041836                _i2s3_write_SRGR
00041842                _i2s3_write_TXL_LSW
0004184e                _i2s3_write_TXL_MSW
0004185a                _i2s3_write_TXR_LSW
00041866                _i2s3_write_TXR_MSW
            00005cdc    _keyCnt1
            00005cdd    _keyCnt2
            00005ce4    _led_tsk_ctr
            00005bbe    _led_tsks_running
0003cf90                _lseek
000446a1                _ltoa
00039240                _main
0003e1ca                _malloc
0003e470                _max_free
            00004d71    _mem
000440b4                _mem_test
00044ea5                _memccpy
00044dca                _memcpy
00044f1b                _memset
0003e165                _minit
            00005992    _mmcCardObj
            000059e4    _mmcStatus
            00005990    _mmcsdHandle
            00004965    _nbuf_cached
0003ac84                _oled_test
0003ced1                _open
            00005c19    _ouError
            00005950    _pMmcsdContObj
00031a54                _pcQueueGetName
0002c888                _pcTaskGetName
            00005c1a    _portFLAGS_INT_ENABLED
            00005c1b    _portFLAGS_INT_ENABLED_POPPED
            00005cd9    _preKey
00044bb2                _printf
00042e68                _prvSetupTimerInterrupt
00044163                _putc
000441fa                _putchar
00043601                _puts
00043e68                _pvPortMalloc
0002d38c                _pvTaskIncrementMutexHeldCount
            00005a6e    _pxCurrentTCB
00042cc0                _pxPortInitialiseStack
0003ce23                _read
00044963                _readmsg
0003e2bf                _realloc
00044f5b                _remove
0003cded                _remove_device
0003cd94                _rename
00043acc                _reset_RTC
            00005c25    _save_new_pxcode
            00005c2a    _save_new_pxlcode
            00005c28    _save_xar6
            00005c26    _save_xar7
            00005c1c    _save_xsp
            00005c1e    _save_xssp
            000059c0    _sdCardCsdObj
            000059b0    _sdCardIdObj
000425c4                _set_dma0_ch0_i2s0_Lout
00042510                _set_dma0_ch0_stop
0004269c                _set_dma0_ch1_i2s0_Rout
00042540                _set_dma0_ch1_stop
00042558                _set_dma1_ch0_i2s2_Lout
000424f8                _set_dma1_ch0_stop
00042630                _set_dma1_ch1_i2s2_Rout
00042528                _set_dma1_ch1_stop
00044540                _set_i2s0_master
00044574                _set_i2s0_slave
0004450c                _set_i2s2_master
00043bbc                _setvbuf
000431c4                _spiflash_test
            00005a6c    _stackStruct
00044f2c                _strlen
            00005373    _sysCtrlRegs
000397f4                _systemInit
            00005c3b    _tOne
            00005c3d    _tThree
            00005c3c    _tTwo
            00005c3a    _tZero
            00005c2b    _tickIRQctr
            00005c60    _uartObj
0002d3ac                _ulTaskNotifyTake
0003cd61                _unlink
            00005c3e    _usCriticalNesting
            00005372    _usbRegisters
00042fc8                _uxListRemove
000315d8                _uxQueueMessagesWaiting
00031670                _uxQueueMessagesWaitingFromISR
00031620                _uxQueueSpacesAvailable
0002c880                _uxTaskGetNumberOfTasks
0002cf70                _uxTaskGetStackHighWaterMark
0002c1c0                _uxTaskPriorityGet
0002c208                _uxTaskPriorityGetFromISR
0002d35c                _uxTaskResetEventItemValue
0003967c                _vApplicationIdleHook
00039880                _vApplicationMallocFailedHook
00039888                _vApplicationStackOverflowHook
0003c0f8                _vCreateBlockTimeTasks
0003cbd0                _vEventGroupClearBitsCallback
0003cb5c                _vEventGroupDelete
0003cbbc                _vEventGroupSetBitsCallback
00042e7c                _vListInitialise
00042ec0                _vListInitialiseItem
00042f28                _vListInsert
00042ed4                _vListInsertEnd
00044350                _vParTestInitialise
00044354                _vParTestSetLED
0004436c                _vParTestToggleLED
00042e64                _vPortEndScheduler
00043f04                _vPortFree
00043f20                _vPortInitialiseBlocks
0003e81b                _vPortYield
000319f4                _vQueueAddToRegistry
00031690                _vQueueDelete
0004241c                _vQueueOverwritePeriodicISRDemo
00031ab0                _vQueueUnregisterQueue
0003edc4                _vStartDynamicPriorityTasks
000439bc                _vStartIntegerMathTasks
00043ca4                _vStartLEDFlashTasks
0003f1c0                _vStartMathTasks
00042afc                _vStartPolledQueueTasks
000422c0                _vStartQueueOverwriteTask
0003e994                _vStartQueuePeekTasks
00040da8                _vStartSemaphoreTasks
0002c09c                _vTaskDelay
0002bfd8                _vTaskDelayUntil
0002bf00                _vTaskDelete
0002c6e8                _vTaskEndScheduler
0002d2fc                _vTaskEnterCritical
0002d324                _vTaskExitCritical
0002cd34                _vTaskInternalSetTimeOutState
0002ce1c                _vTaskMissedYield
0002d89c                _vTaskNotifyGiveFromISR
0002cb10                _vTaskPlaceOnEventList
0002cb40                _vTaskPlaceOnUnorderedEventList
0002d1ec                _vTaskPriorityDisinheritAfterTimeout
0002c22c                _vTaskPrioritySet
0002cc40                _vTaskRemoveFromUnorderedEventList
0002c51c                _vTaskResume
0002cce0                _vTaskSetTimeOutState
0002c67c                _vTaskStartScheduler
0002c39c                _vTaskSuspend
0002c6fc                _vTaskSuspendAll
0002ca10                _vTaskSwitchContext
0003e64f                _vTickISR
            00005a6a    _wall_clk_ctr
0003cc1f                _write
00043ff8                _writemsg
0003c65c                _xAreBlockTimeTestTasksStillRunning
0003f160                _xAreDynamicPriorityTasksStillRunning
00043a90                _xAreIntegerMathsTaskStillRunning
0003f558                _xAreMathsTaskStillRunning
00042c94                _xArePollingQueuesStillRunning
0003ed8c                _xAreQueuePeekTasksStillRunning
00041050                _xAreSemaphoreTasksStillRunning
            00005c2c    _xCompareTCB
0003c98c                _xEventGroupClearBits
0003c6ac                _xEventGroupCreate
0003ca04                _xEventGroupGetBitsFromISR
0003ca24                _xEventGroupSetBits
0003c6d4                _xEventGroupSync
0003c820                _xEventGroupWaitBits
            00005cb4    _xHighPriorityTask
            00005cb6    _xHighestPriorityTask
000423ec                _xIsQueueOverwriteTaskStillRunning
            00005cb2    _xMediumPriorityTask
00043f28                _xPortGetFreeHeapSize
0003e550                _xPortStartScheduler
00030b54                _xQueueCreateCountingSemaphore
00030a88                _xQueueCreateMutex
000309b4                _xQueueGenericCreate
000308e0                _xQueueGenericReset
00030b9c                _xQueueGenericSend
00030d70                _xQueueGenericSendFromISR
00030e48                _xQueueGiveFromISR
00030aa8                _xQueueGiveMutexRecursive
00031950                _xQueueIsQueueEmptyFromISR
000319c4                _xQueueIsQueueFullFromISR
000312f0                _xQueuePeek
00031558                _xQueuePeekFromISR
00030f0c                _xQueueReceive
000314a4                _xQueueReceiveFromISR
            00005c40    _xQueueRegistry
000310bc                _xQueueSemaphoreTake
00030b00                _xQueueTakeMutexRecursive
            00005ca6    _xSuspendedTestQueue
0002cd54                _xTaskCheckForTimeOut
0002bb9c                _xTaskCreate
0002d57c                _xTaskGenericNotify
0002d708                _xTaskGenericNotifyFromISR
0002d008                _xTaskGetCurrentTaskHandle
0002c82c                _xTaskGetTickCount
0002c868                _xTaskGetTickCountFromISR
0002c8b0                _xTaskIncrementTick
0002d980                _xTaskNotifyStateClear
0002d480                _xTaskNotifyWait
0002d128                _xTaskPriorityDisinherit
0002d01c                _xTaskPriorityInherit
0002cb98                _xTaskRemoveFromEventList
0002c708                _xTaskResumeAll
0002c5dc                _xTaskResumeFromISR
ffffffff                binit
            00020000    cinit
ffffffff                edata
ffffffff                end
ffffffff                etext
ffffffff                pinit
00044622                reset_isr


GLOBAL SYMBOLS: SORTED BY Symbol Address 

abs. value/
byte addr   word addr   name
---------   ---------   ----
00000001                $TI_capability_requires_rev3
00000001                __TI_args_main
00000002                $TI_capability$C5500$CallingConvention
00000002                $TI_capability$C5500$MemoryModel
            00000060    __stack
00001000                __SYSSTACK_SIZE
00002000                __STACK_SIZE
            00001060    __STACK_END
            00001060    __sysstack
00005000                __SYSMEM_SIZE
            00004864    _gReadBuf
            00004964    _gWordCount
            00004965    _nbuf_cached
            00004966    _gNextPhySector
            00004968    _gWriteBuf
            00004d68    _cached_phySector0
            00004d6a    _cached_phySector1
            00004d6c    _cached_phySector2
            00004d6e    _cached_phySector3
            00004d70    _ATA_No_Swap
            00004d71    _mem
            00005372    _usbRegisters
            00005373    _sysCtrlRegs
            00005374    _gUsbContext
            0000543c    _gCtrlTransfer
            0000544a    _gBulkInTransfer
            00005458    _gBulkOutTransfer
            00005466    _gIsoInTransfer
            00005474    _gIsoOutTransfer
            00005482    _gIntInTransfer
            00005490    _gEpStatus
            00005520    _gUsbEpHandle
            00005530    _XmitL_Sine_1K
            00005560    _XmitL_Sine_2K
            00005590    _XmitR_Sine_1K
            000055c0    _XmitR_Sine_2K
            000055f0    _RcvL_Sine
            00005620    _RcvR_Sine
            00005650    _DMA_Count
            00005651    _Error_Count_L
            00005652    _Error_Count_R
            00005653    _DMA_Done
            00005654    __ftable
            000056cc    __tmpnams
            0000576c    __ft_end
            0000587e    _hSpi
            00005950    _pMmcsdContObj
            00005990    _mmcsdHandle
            00005992    _mmcCardObj
            000059b0    _sdCardIdObj
            000059c0    _sdCardCsdObj
            000059e2    _cardAddr
            000059e4    _mmcStatus
            00005a6a    _wall_clk_ctr
            00005a6c    _stackStruct
            00005a6e    _pxCurrentTCB
            00005b59    _I2S_RCV_L
            00005b89    _I2S_RCV_R
            00005bb9    _Buf_Address
            00005bba    _fSineWave
            00005bbb    _f1KToneOn
            00005bbc    _f2KToneOn
            00005bbe    _led_tsks_running
            00005c18    _fsError
            00005c19    _ouError
            00005c1a    _portFLAGS_INT_ENABLED
            00005c1b    _portFLAGS_INT_ENABLED_POPPED
            00005c1c    _save_xsp
            00005c1e    _save_xssp
            00005c20    _first_save_xsp
            00005c22    _first_save_xssp
            00005c24    _first_flag
            00005c25    _save_new_pxcode
            00005c26    _save_xar7
            00005c28    _save_xar6
            00005c2a    _save_new_pxlcode
            00005c2b    _tickIRQctr
            00005c2c    _xCompareTCB
            00005c2e    _DBSTAT_SAVE
            00005c2f    _DBSTAT_RESTORE
            00005c30    _STATUS0_LOW
            00005c31    _STATUS0_HIGH
            00005c32    _STATUS1_LOW
            00005c33    _STATUS1_HIGH
            00005c34    _STATUS2_LOW
            00005c35    _STATUS2_HIGH
            00005c36    _PC_REG_HIGH_RESTORE
            00005c37    _PC_REG_LOW_RESTORE
            00005c38    _PC_REG_HIGH_SAVE
            00005c39    _PC_REG_LOW_SAVE
            00005c3a    _tZero
            00005c3b    _tOne
            00005c3c    _tTwo
            00005c3d    _tThree
            00005c3e    _usCriticalNesting
            00005c40    _xQueueRegistry
            00005c60    _uartObj
            00005c74    _hUart
            00005c76    _Buf_sec
            00005c79    _Buf_min
            00005c7c    _Buf_hour
            00005c7f    _Buf_day
            00005c82    _Buf_month
            00005c85    _Buf_year
            00005c88    _Flag_RTC
            00005c89    _Conunt_RTC
            00005c8a    _gI2cObj
            00005c9a    _i2cHandle
            00005ca6    _xSuspendedTestQueue
            00005cb2    _xMediumPriorityTask
            00005cb4    _xHighPriorityTask
            00005cb6    _xHighestPriorityTask
            00005cd6    _SarObj
            00005cd9    _preKey
            00005cda    _SarHandle
            00005cdc    _keyCnt1
            00005cdd    _keyCnt2
            00005ce4    _led_tsk_ctr
            00005cec    _GpioObj
            00005cee    _hGpio
            00005cf2    _LED_Blink_ctr
            00005cf8    __lock
            00005cfa    __unlock
            00005cfc    __cleanup_ptr
            00005cfe    __dtors_ptr
            00005d00    _fTimer
            00005d01    _fTimer02
            00005d02    _Timer0_Int_CTR
            00005d03    _Timer2_Int_CTR
            00005d08    _hI2s
            00006050    __ctypes_
            00008000    __sys_memory
00020000                _MMC_init
00020038                _MMC_open
00020248                _MMC_close
00020288                _MMC_setCardType
000202bc                _MMC_setCardPtr
000202f0                _MMC_setCallBack
00020330                _MMC_getNumberOfCards
00020368                _MMC_clearResponse
00020444                _MMC_ierEnable
00020488                _MMC_ierDisable
000204bc                _MMC_intEnable
000204e4                _MMC_eventEnable
000206e0                _MMC_eventDisable
000208b8                _MMC_drrdy
00020900                _MMC_dxrdy
00020948                _MMC_saveStatus
00020988                _MMC_getStatus
000209ec                _MMC_setupNative
00020aa0                _MMC_config
00020b3c                _MMC_getConfig
00020bdc                _MMC_sendCmd
00020c90                _MMC_sendGoIdle
00020d18                _MMC_stop
00020df0                _MMC_deselectCard
00020ec0                _MMC_selectCard
00021450                _MMC_sendOpCond
000214f4                _MMC_setRca
000215cc                _SD_sendRca
000216c8                _MMC_sendAllCID
000218a0                _SD_sendAllCID
00021a8c                _MMC_getCardCsd
00021ee0                _SD_getCardCsd
000225bc                _MMC_read
00022fd8                _MMC_write
00023c14                _MMC_setDmaHandle
00023c74                _MMC_setDataTransferCallback
00023cc4                _MMC_setDmaChanConfig
00023da4                _MMC_setEndianMode
00023e2c                _MMC_setBlockLength
00023ec4                _MMC_setWriteBlkEraseCnt
00023ff4                _SD_setBusWidth
00024164                _MMC_getCardStatus
00024260                _SD_configurePullup
0002438c                _MMC_checkReadDmaDone
00024c30                _MSC_Open
00024c54                _MSC_OpenFullspeed
00024fa0                _MSC_Close
00024fdc                _MSC_SetLunAttr
000251cc                _MSC_Ctrl
000253c4                _MSC_Bulk
000254c0                _MSC_GetLunLockedStatus
000254f0                _MSC_GetactivityFlagStatus
0002550c                _MSC_GetsuspendFlagStatus
000259b4                _MSC_HandleStateWaitForCBW
00025c58                _MSC_ExecuteRead
0002604c                _MSC_ExecuteWrite
00026600                _MSC_HandleTestUnitReady
00026824                _MSC_HandlePreventAllowMediaRemoval
000269c8                _MSC_HandleReadCapacity
00026c18                _MSC_reqGetDescriptor
00026e50                _MSC_reqBotMscReset
00026ebc                _MSC_sendCswWithPhaseError
00026f24                _MSC_handleDataDirMisMatch
00026fa0                _SDIO_init
00026fe0                _SDIO_open
000270ac                _SDIO_close
000270d4                _SDIO_config
000271ac                _SDIO_detectCard
00027518                _SDIO_initCard
0002799c                _SDIO_resetCard
00027a84                _SDIO_getRca
00027b4c                _SDIO_deselectCard
00027c0c                _SDIO_selectCard
00027cd0                _SDIO_sendCommand
00027da4                _SDIO_getResponse
00027f38                _SDIO_clearResponse
00028014                _SDIO_getStatus
0002807c                _SDIO_getSdioStatus
000280e8                _SDIO_eventEnable
00028310                _SDIO_eventDisable
00028508                _SDIO_readWaitEnable
00028540                _SDIO_readWaitDisable
00028578                _SDIO_readSingleByte
000286a4                _SDIO_writeSingleByte
000287a4                _SDIO_readBytes
00028be8                _SDIO_writeBytes
00029028                _SDIO_readBlocks
00029468                _SDIO_writeBlocks
000298bc                _SDIO_setEndianMode
0002993c                _SDIO_setClock
00029c58                _USB_init
0002a07c                _USB_resetDev
0002a2ac                _USB_initEndptObj
0002a694                _USB_getEvents
0002a70c                _USB_peekEvents
0002a77c                _USB_getSetupPacket
0002a824                _USB_postTransaction
0002a9e0                _USB_isTransactionDone
0002aa68                _USB_bytesRemaining
0002aafc                _USB_stallEndpt
0002ac70                _USB_clearEndptStall
0002ae58                _USB_getEndptStall
0002aedc                _USB_epNumToHandle
0002b00c                _USB_abortTransaction
0002b16c                _USB_abortAllTransaction
0002b1c0                _USB_connectDev
0002b1f4                _USB_disconnectDev
0002b224                _USB_setRemoteWakeup
0002b254                _USB_getRemoteWakeupStat
0002b26c                _USB_issueRemoteWakeup
0002b2bc                _USB_setDevAddr
0002b304                _USB_getFrameNo
0002b320                _USB_suspendDevice
0002b364                _USB_selfwakeup
0002b3d0                _USB_initPLL
0002b454                _USB_setParams
0002b4b0                _USB_getMaxPower
0002b4d0                _USB_setFullSpeedMode
0002b504                _USB_getDataCountReadFromFifo
0002b55c                _USB_findFifoSize
0002b6e0                _USB_coreEventProcessEp0
0002bb9c                _xTaskCreate
0002bf00                _vTaskDelete
0002bfd8                _vTaskDelayUntil
0002c09c                _vTaskDelay
0002c0dc                _eTaskGetState
0002c1c0                _uxTaskPriorityGet
0002c208                _uxTaskPriorityGetFromISR
0002c22c                _vTaskPrioritySet
0002c39c                _vTaskSuspend
0002c51c                _vTaskResume
0002c5dc                _xTaskResumeFromISR
0002c67c                _vTaskStartScheduler
0002c6e8                _vTaskEndScheduler
0002c6fc                _vTaskSuspendAll
0002c708                _xTaskResumeAll
0002c82c                _xTaskGetTickCount
0002c868                _xTaskGetTickCountFromISR
0002c880                _uxTaskGetNumberOfTasks
0002c888                _pcTaskGetName
0002c8b0                _xTaskIncrementTick
0002ca10                _vTaskSwitchContext
0002cb10                _vTaskPlaceOnEventList
0002cb40                _vTaskPlaceOnUnorderedEventList
0002cb98                _xTaskRemoveFromEventList
0002cc40                _vTaskRemoveFromUnorderedEventList
0002cce0                _vTaskSetTimeOutState
0002cd34                _vTaskInternalSetTimeOutState
0002cd54                _xTaskCheckForTimeOut
0002ce1c                _vTaskMissedYield
0002cf70                _uxTaskGetStackHighWaterMark
0002d008                _xTaskGetCurrentTaskHandle
0002d01c                _xTaskPriorityInherit
0002d128                _xTaskPriorityDisinherit
0002d1ec                _vTaskPriorityDisinheritAfterTimeout
0002d2fc                _vTaskEnterCritical
0002d324                _vTaskExitCritical
0002d35c                _uxTaskResetEventItemValue
0002d38c                _pvTaskIncrementMutexHeldCount
0002d3ac                _ulTaskNotifyTake
0002d480                _xTaskNotifyWait
0002d57c                _xTaskGenericNotify
0002d708                _xTaskGenericNotifyFromISR
0002d89c                _vTaskNotifyGiveFromISR
0002d980                _xTaskNotifyStateClear
0002da90                _DMA_init
0002dac8                _DMA_open
0002dbb4                _DMA_close
0002dbd4                _DMA_config
0002e7a8                _DMA_getConfig
0002ed18                _DMA_start
0002ee28                _DMA_stop
0002ef2c                _DMA_reset
0002f218                _DMA_swapWords
0002f290                _DMA_getLastTransferType
0003069e                __printfi
000308e0                _xQueueGenericReset
000309b4                _xQueueGenericCreate
00030a88                _xQueueCreateMutex
00030aa8                _xQueueGiveMutexRecursive
00030b00                _xQueueTakeMutexRecursive
00030b54                _xQueueCreateCountingSemaphore
00030b9c                _xQueueGenericSend
00030d70                _xQueueGenericSendFromISR
00030e48                _xQueueGiveFromISR
00030f0c                _xQueueReceive
000310bc                _xQueueSemaphoreTake
000312f0                _xQueuePeek
000314a4                _xQueueReceiveFromISR
00031558                _xQueuePeekFromISR
000315d8                _uxQueueMessagesWaiting
00031620                _uxQueueSpacesAvailable
00031670                _uxQueueMessagesWaitingFromISR
00031690                _vQueueDelete
00031950                _xQueueIsQueueEmptyFromISR
000319c4                _xQueueIsQueueFullFromISR
000319f4                _vQueueAddToRegistry
00031a54                _pcQueueGetName
00031ab0                _vQueueUnregisterQueue
00031b10                _NAND_init
00031ba4                _NAND_setup
000320c0                _NAND_getBankInfo
00032184                _NAND_setLatchEnableOffset
000321c0                _NAND_isStatusWriteProtected
000322a8                _NAND_sendCommand
000322d4                _NAND_checkCommandStatus
0003233c                _NAND_setAddress
00032380                _NAND_enableHwECC
000324a8                _NAND_disableHwECC
00032590                _NAND_readECC
00032744                _NAND_readNBytes
00032858                _NAND_writeNBytes
00032a34                _NAND_hasRandomRead
00032a64                _NAND_hasRandomWrite
00032a94                _NAND_hasCacheProg
00032ac4                _NAND_hasCopyBack
00032af4                _NAND_intrEnable
00032b54                _NAND_intrDisable
00032bb4                _NAND_getIntrNum
00032bd4                _NAND_intrReadAT
00032c14                _NAND_intrReadLT
00032c58                _NAND_intrReadWR
00032c9c                _NAND_intrClear
00032d88                _UART_init
00032e44                _UART_setup
000332ec                _UART_config
000333f4                _UART_setupBaudRate
00033500                _UART_reset
00033548                _UART_resetOff
00033594                _UART_eventEnable
0003362c                _UART_eventDisable
000336bc                _UART_read
000337e8                _UART_write
0003396c                _UART_fgetc
00033a0c                _UART_fputc
00033a94                _UART_fgets
00033bc4                _UART_fputs
00033cb4                _UART_getEventId
[...]
000357fc                _AC_reqGetMaximum
00035840                _AC_reqGetResolution
00035884                _AC_reqSetInterface
000359d0                _CDC_Open
000359f4                _CDC_OpenFullspeed
00035bc8                _CDC_Close
00035c04                _CDC_GetactivityFlagStatus
00035c1c                _CDC_GetsuspendFlagStatus
00035c34                _CDC_eventHandler
00035f30                _CDC_bulkOutHandler
00036030                _CDC_bulkInHandler
00036320                _CDC_getData
000363b0                _CDC_putData
000365a4                _I2C_init
00036650                _I2C_config
000367b8                _I2C_getConfig
00036890                _I2C_setup
00036a8c                _I2C_write
00036cd0                _I2C_read
00036ef0                _I2C_eventEnable
00037024                _I2C_eventDisable
00037144                _I2C_setCallback
000371d4                _I2C_getEventId
000371f0                _MMC_initState
00037334                _MMC_readWriteControl
00037614                _MMC_issueReadCommand
000377d0                _MMC_readNextWord
00037840                _MMC_readNextWord1
000378b4                _MMC_readNextNWords
00037924                _MMC_writeSector
00037a0c                _MMC_readNSectors
00037ae4                _MMC_writeNSectors
00037bbc                _MMC_read_CID
00037c28                _MMC_read_CSD
00037c94                _MMC_writeSectorFlush
00037ca0                _MMC_commandReadyStatusCheck
00037cac                _MMC_dataReadyStatusCheck
00037cb8                _MMC_busyStatusCheck
00037cc4                _MMC_getSerialID
00037cd4                _MMC_file_system_format
00037ce0                _MMC_reset
00037cec                _MMC_get_time
00037cf0                _MMC_get_mod_time
00037cf4                _MMC_get_date
00037cf8                _MMC_get_mod_date
00037cfc                _MMC_flushFat
00037d30                _SAR_init
00037d90                _SAR_deInit
00037db0                _SAR_chanInit
00037dcc                _SAR_chanOpen
00037e30                _SAR_chanClose
00037eb4                _SAR_chanConfig
00037f2c                _SAR_getConfig
00037fa0                _SAR_chanSetup
000381b4                _SAR_chanCycSet
00038204                _SAR_startConversion
00038238                _SAR_stopConversion
00038280                _SAR_readData
000382c4                _SAR_A2DMeasParamSet
00038740                _SAR_GPODirSet
0003881c                _SAR_getStatus
0003885c                _I2S_open
000389a0                _I2S_setup
00038c88                _I2S_close
00038d34                _I2S_read
00038ff0                _I2S_write
00039148                _I2S_reset
000391f4                _I2S_transEnable
00039240                _main
0003967c                _vApplicationIdleHook
000396ac                _InitSystem
00039714                _ConfigPort
0003971c                _SYS_GlobalIntEnable
00039724                _SYS_GlobalIntDisable
00039730                _BlinkLED
00039768                _GenerateAudioTone
000397f4                _systemInit
00039880                _vApplicationMallocFailedHook
00039888                _vApplicationStackOverflowHook
00039898                _LED_TaskBlue
000398c8                _LED_TaskRed
00039c24                _RTC_reset
00039c34                _RTC_start
00039c58                _RTC_stop
00039c60                _RTC_config
00039d4c                _RTC_getConfig
00039dfc                _RTC_setTime
00039e78                _RTC_getTime
00039ec4                _RTC_setDate
00039f34                _RTC_getDate
00039f74                _RTC_setAlarm
0003a048                _RTC_setPeriodicInterval
0003a0fc                _RTC_eventEnable
0003a1e8                _RTC_eventDisable
0003a29c                _RTC_getEventId
0003a2f0                _RTC_decToBcd
0003a330                _RTC_bcdToDec
0003a370                _RTC_setCallback
0003a400                _RTC_setCompensation
0003a44c                _LCD_init
0003a474                _LCD_open
0003a4b8                _LCD_setup
0003a914                _LCD_configDMA
0003ac64                _LCD_close
0003ac84                _oled_test
0003b4a4                _GPIO_open
0003b4e8                _GPIO_close
0003b50c                _GPIO_config
0003b594                _GPIO_getConfig
0003b61c                _GPIO_read
0003b6a0                _GPIO_write
0003b744                _GPIO_configBit
0003b88c                _GPIO_disableInt
0003b90c                _GPIO_enableInt
0003b998                _GPIO_clearInt
0003ba24                _GPIO_statusBit
0003baac                _GPIO_reset
0003bb3c                _SPI_init
0003bba0                _SPI_open
0003bbd4                _SPI_close
0003bc00                _SPI_config
0003be88                _SPI_deInit
0003beb4                _SPI_read
0003bf98                _SPI_write
0003c084                _SPI_dataTransaction
0003c0f8                _vCreateBlockTimeTasks
0003c65c                _xAreBlockTimeTestTasksStillRunning
0003c6ac                _xEventGroupCreate
0003c6d4                _xEventGroupSync
0003c820                _xEventGroupWaitBits
0003c98c                _xEventGroupClearBits
0003ca04                _xEventGroupGetBitsFromISR
0003ca24                _xEventGroupSetBits
0003cb5c                _vEventGroupDelete
0003cbbc                _vEventGroupSetBitsCallback
0003cbd0                _vEventGroupClearBitsCallback
0003cc1f                _write
0003cd61                _unlink
0003cd94                _rename
0003cded                _remove_device
0003ce23                _read
0003ced1                _open
0003cf90                _lseek
0003cff6                _find_registered_device
0003cfff                _close
0003d072                _add_device
0003d164                _IRQ_init
0003d1ec                _IRQ_clear
0003d258                _IRQ_clearAll
0003d268                _IRQ_config
0003d2f0                _IRQ_getConfig
0003d378                _IRQ_disable
0003d3f8                _IRQ_disableAll
0003d408                _IRQ_enable
0003d494                _IRQ_restore
0003d504                _IRQ_getArg
0003d548                _IRQ_setArg
0003d57c                _IRQ_map
0003d5a8                _IRQ_setVecs
0003d5dc                _IRQ_test
0003d650                _IRQ_globalDisable
0003d66c                _IRQ_globalEnable
0003d688                _IRQ_globalRestore
0003d69c                _getenv
0003d717                _HOSTwrite
0003d7a4                _HOSTunlink
0003d80e                _HOSTtime
0003d86c                _HOSTrename
0003d91a                _HOSTread
0003d9a7                _HOSTopen
0003da46                _HOSTlseek
0003dafb                _HOSTclose
0003db66                _HOSTclock
0003dbc4                _EZDSP5535_SDCARD_init
0003df6c                _EZDSP5535_SDCARD_read
0003dfa0                _EZDSP5535_SDCARD_write
0003dfd4                _EZDSP5535_SDCARD_close
0003e099                _free
0003e165                _minit
0003e1ca                _malloc
0003e2bf                _realloc
0003e470                _max_free
0003e4ca                _free_memory
0003e520                _chkheap
0003e528                _calloc
0003e550                _xPortStartScheduler
0003e64f                _vTickISR
0003e81b                _vPortYield
0003e994                _vStartQueuePeekTasks
0003ed8c                _xAreQueuePeekTasksStillRunning
0003edc4                _vStartDynamicPriorityTasks
0003f160                _xAreDynamicPriorityTasksStillRunning
0003f1c0                _vStartMathTasks
0003f558                _xAreMathsTaskStillRunning
0003f592                __divd
0003f960                _EZDSP5535_SPIFLASH_init
0003f9c4                _EZDSP5535_SPIFLASH_status
0003fa08                _EZDSP5535_SPIFLASH_erase
0003fb0c                _EZDSP5535_SPIFLASH_read
0003fbbc                _EZDSP5535_SPIFLASH_write
0003fd50                _PLL_init
0003fd88                _PLL_config
0003feac                _PLL_enable
0003ff14                _PLL_bypass
0003ff64                _PLL_reset
0003ffd0                __fixdi
            00020000    ___cinit__
            00020000    cinit
            00020330    __CIOBUF_
00040a60                _MEM_init
00040a64                _MEM_enableRetentionMode
00040aa8                _MEM_disableRetentionMode
00040aec                _MEM_enablePartialRetentionMode
00040c34                _MEM_disablePartialRetentionMode
00040d58                _MEM_setmSDRAMClock
00040d94                _MEM_getmSDRAMClock
00040da8                _vStartSemaphoreTasks
00041050                _xAreSemaphoreTasksStillRunning
000410a0                _GPT_open
00041164                _GPT_reset
000411e0                _GPT_close
00041258                _GPT_start
00041288                _GPT_stop
000412b4                _GPT_getCnt
000412f0                _GPT_config
00041397                _AIC3254_init
00041686                _i2s0_read_CR
0004168c                _i2s0_write_CR
00041692                _i2s0_read_SRGR
00041698                _i2s0_write_SRGR
0004169e                _i2s0_read_TXL_LSW
000416a4                _i2s0_write_TXL_LSW
000416aa                _i2s0_read_TXL_MSW
000416b0                _i2s0_write_TXL_MSW
000416b6                _i2s0_read_TXR_LSW
000416bc                _i2s0_write_TXR_LSW
000416c2                _i2s0_read_TXR_MSW
000416c8                _i2s0_write_TXR_MSW
000416ce                _i2s0_read_INTR
000416d4                _i2s0_read_INT_MASK
000416da                _i2s0_write_INT_MASK
000416e0                _i2s0_read_RXL_LSW
000416e6                _i2s0_write_RXL_LSW
000416ec                _i2s0_read_RXL_MSW
000416f2                _i2s0_write_RXL_MSW
000416f8                _i2s0_read_RXR_LSW
000416fe                _i2s0_write_RXR_LSW
00041704                _i2s0_read_RXR_MSW
0004170a                _i2s0_write_RXR_MSW
00041710                _i2s1_read_CR
00041716                _i2s1_write_CR
0004171c                _i2s1_read_SRGR
00041722                _i2s1_write_SRGR
00041728                _i2s1_read_TXL_LSW
0004172e                _i2s1_write_TXL_LSW
00041734                _i2s1_read_TXL_MSW
0004173a                _i2s1_write_TXL_MSW
00041740                _i2s1_read_TXR_LSW
00041746                _i2s1_write_TXR_LSW
0004174c                _i2s1_read_TXR_MSW
00041752                _i2s1_write_TXR_MSW
00041758                _i2s1_read_INTR
0004175e                _i2s1_read_INT_MASK
00041764                _i2s1_write_INT_MASK
0004176a                _i2s1_read_RXL_LSW
00041770                _i2s1_write_RXL_LSW
00041776                _i2s1_read_RXL_MSW
0004177c                _i2s1_write_RXL_MSW
00041782                _i2s1_read_RXR_LSW
00041788                _i2s1_write_RXR_LSW
0004178e                _i2s1_read_RXR_MSW
00041794                _i2s1_write_RXR_MSW
0004179a                _i2s2_read_CR
000417a0                _i2s2_write_CR
000417a6                _i2s2_read_SRGR
000417ac                _i2s2_write_SRGR
000417b2                _i2s2_read_TXL_LSW
000417b8                _i2s2_write_TXL_LSW
000417be                _i2s2_read_TXL_MSW
000417c4                _i2s2_write_TXL_MSW
000417ca                _i2s2_read_TXR_LSW
000417d0                _i2s2_write_TXR_LSW
000417d6                _i2s2_read_TXR_MSW
000417dc                _i2s2_write_TXR_MSW
000417e2                _i2s2_read_INTR
000417e8                _i2s2_read_INT_MASK
000417ee                _i2s2_write_INT_MASK
000417f4                _i2s2_read_RXL_LSW
000417fa                _i2s2_write_RXL_LSW
00041800                _i2s2_read_RXL_MSW
00041806                _i2s2_write_RXL_MSW
0004180c                _i2s2_read_RXR_LSW
00041812                _i2s2_write_RXR_LSW
00041818                _i2s2_read_RXR_MSW
0004181e                _i2s2_write_RXR_MSW
00041824                _i2s3_read_CR
0004182a                _i2s3_write_CR
00041830                _i2s3_read_SRGR
00041836                _i2s3_write_SRGR
0004183c                _i2s3_read_TXL_LSW
00041842                _i2s3_write_TXL_LSW
00041848                _i2s3_read_TXL_MSW
0004184e                _i2s3_write_TXL_MSW
00041854                _i2s3_read_TXR_LSW
0004185a                _i2s3_write_TXR_LSW
00041860                _i2s3_read_TXR_MSW
00041866                _i2s3_write_TXR_MSW
0004186c                _i2s3_read_INTR
00041872                _i2s3_read_INT_MASK
00041878                _i2s3_write_INT_MASK
0004187e                _i2s3_read_RXL_LSW
00041884                _i2s3_write_RXL_LSW
0004188a                _i2s3_read_RXL_MSW
00041890                _i2s3_write_RXL_MSW
00041896                _i2s3_read_RXR_LSW
0004189c                _i2s3_write_RXR_LSW
000418a2                _i2s3_read_RXR_MSW
000418a8                _i2s3_write_RXR_MSW
000418ae                _enable_i2s0
000418bc                _enable_i2s1
000418ca                _enable_i2s2
000418d8                _enable_i2s3
000418e6                _disable_i2s0
000418f4                _disable_i2s1
00041902                _disable_i2s2
00041910                _disable_i2s3
00041a3f                __cleanup
00041a99                _freopen
00041b62                _fopen
00041ba0                _WDTIM_open
00041c18                _WDTIM_start
00041c60                _WDTIM_stop
00041ca8                _WDTIM_getCnt
00041cd8                _WDTIM_close
00041d1c                _WDTIM_service
00041d50                _WDTIM_config
00041dbc                _WDTIM_getConfig
00041e06                __remull
00041e54                __remlli
00041e83                __mpylli
00041f3b                __divull
0004202f                __divlli
00042064                __addd
000422c0                _vStartQueueOverwriteTask
000423ec                _xIsQueueOverwriteTaskStillRunning
0004241c                _vQueueOverwritePeriodicISRDemo
000424f8                _set_dma1_ch0_stop
00042510                _set_dma0_ch0_stop
00042528                _set_dma1_ch1_stop
00042540                _set_dma0_ch1_stop
00042558                _set_dma1_ch0_i2s2_Lout
000425c4                _set_dma0_ch0_i2s0_Lout
00042630                _set_dma1_ch1_i2s2_Rout
0004269c                _set_dma0_ch1_i2s0_Rout
00042708                _enable_dma_int
00042718                _EZDSP5535_LED_init
00042750                _EZDSP5535_LED_getall
000427a4                _EZDSP5535_LED_setall
00042814                _EZDSP5535_LED_on
0004284c                _EZDSP5535_LED_off
00042880                _EZDSP5535_LED_toggle
000428c8                _EZDSP5535_XF_on
000428d4                _EZDSP5535_XF_off
000428e0                _EZDSP5535_XF_get
000428f0                _EZDSP5535_XF_toggle
0004290f                __neqd
00042943                __lssd
0004298b                __leqd
000429d8                __gtrd
00042a23                __geqd
00042a6d                __eqld
00042aa1                __cmpd
00042afc                _vStartPolledQueueTasks
00042c94                _xArePollingQueuesStillRunning
00042cc0                _pxPortInitialiseStack
00042e64                _vPortEndScheduler
00042e68                _prvSetupTimerInterrupt
00042e7c                _vListInitialise
00042ec0                _vListInitialiseItem
00042ed4                _vListInsertEnd
00042f28                _vListInsert
00042fc8                _uxListRemove
0004302c                _EZDSP5535_OSD9616_send
00043054                _EZDSP5535_OSD9616_multiSend
000430a0                _EZDSP5535_OSD9616_init
00043184                _EZDSP5535_OSD9616_printLetter
000431c4                _spiflash_test
00043350                _EZDSP5535_SAR_init
00043418                _EZDSP5535_SAR_getKey
000434cc                _fputs
00043601                _puts
0004362f                __mpyd
0004377c                _Timer_isr
000438a8                _EZDSP5535_I2S_init
00043904                _EZDSP5535_I2S_readLeft
00043938                _EZDSP5535_I2S_writeLeft
00043968                _EZDSP5535_I2S_readRight
0004398c                _EZDSP5535_I2S_writeRight
000439a8                _EZDSP5535_I2S_close
000439bc                _vStartIntegerMathTasks
00043a90                _xAreIntegerMathsTaskStillRunning
00043ac0                _enable_rtc_second_int
00043acc                _reset_RTC
00043b88                _convert_number_to_string
00043bbc                _setvbuf
00043ca4                _vStartLEDFlashTasks
00043d88                __wrt_ok
00043e08                __rd_ok
00043e68                _pvPortMalloc
00043f04                _vPortFree
00043f20                _vPortInitialiseBlocks
00043f28                _xPortGetFreeHeapSize
00043f36                __doflush
00043f9f                _fflush
00043ff8                _writemsg
000440ad                C$$IO$$
000440b4                _mem_test
00044163                _fputc
00044163                _putc
000441fa                _putchar
0004420c                _EZDSP5535_UART_open
0004427c                _EVM5515_UART_putChar
00044294                _EVM5515_UART_getChar
000442ae                __divul
00044350                _vParTestInitialise
00044354                _vParTestSetLED
0004436c                _vParTestToggleLED
000443ec                _EZDSP5535_I2C_init
00044424                _EZDSP5535_I2C_reset
00044430                _EZDSP5535_I2C_write
00044458                _EZDSP5535_I2C_read
00044480                _IRQ_plug
0004450c                _set_i2s2_master
00044540                _set_i2s0_master
00044574                _set_i2s0_slave
00044598                _EZDSP5535_GPIO_init
000445c4                _EZDSP5535_GPIO_setDirection
000445e8                _EZDSP5535_GPIO_setOutput
00044604                _EZDSP5535_GPIO_getInput
00044622                reset_isr
000446a1                _ltoa
0004471e                _fclose
00044799                __frcmpyd
0004480f                __frcmpyd_div
00044882                __remul
000448f4                __fixdli
00044963                _readmsg
000449d0                _fseek
00044a3b                __fltlid
00044aa2                _atoi
00044afe                __fltuld
00044b5c                _EZDSP5535_wait
00044b90                _EZDSP5535_waitusec
00044ba4                _EZDSP5535_init
00044bb2                _printf
00044c04                _RTC_Isr
00044c52                _auto_init
00044ca0                _Timer0Init
00044ce4                _StartTimer0
00044cec                __args_main
00044d37                __remli
00044d82                __divli
00044dca                _memcpy
00044e09                _exit
00044e47                _c_int00
00044e7b                I$$UDIV
00044e7b                __divu
00044e90                I$$UMOD
00044e90                __remu
00044ea5                _memccpy
00044ec8                ___isinf
00044ee2                __subd
00044ef6                I$$LMPY
00044ef6                __mpyli
00044f09                __register_unlock
00044f11                __register_lock
00044f19                __nop
00044f1b                _memset
00044f2c                _strlen
00044f3d                __negd
00044f4d                __fltud
00044f5b                _remove
00044f65                _abort
00044f66                C$$EXIT
0004ce00                _Reset
0004cf00                _RST
0004cf00                _VECSTART
ffffffff                .bss
ffffffff                .data
ffffffff                .text
ffffffff                ___binit__
ffffffff                ___bss__
ffffffff                ___c_args__
ffffffff                ___data__
ffffffff                ___edata__
ffffffff                ___end__
ffffffff                ___etext__
ffffffff                ___pinit__
ffffffff                ___text__
ffffffff                binit
ffffffff                edata
ffffffff                end
ffffffff                etext
ffffffff                pinit

[892 symbols]
