******************************************************************************
              TMS320C55x Linker PC v4.3.8                      
******************************************************************************
>> Linked Fri Aug 05 13:59:16 2011

OUTPUT FILE NAME:   <switch.out>
ENTRY POINT SYMBOL: "_c_int00"  address: 00025606


MEMORY CONFIGURATION

         name            origin    length      used     unused   attr    fill
                        (bytes)   (bytes)    (bytes)   (bytes)
----------------------  --------  ---------  --------  --------  ----  --------
PAGE 0:
  MMR                   00000000   000000c0  00000000  000000c0  RWIX
  DARAM0                000000c0   0000ff40  000058ea  0000a656  RWIX
  SARAM0                00010000   00010000  00000000  00010000  RWIX
  SARAM1                00020000   00020000  0000572a  0001a8d6  RWIX
  SARAM2                00040000   0000fe00  00000358  0000faa8  RWIX
  VECS                  0004fe00   00000200  00000100  00000100  RWIX
  PDROM                 00ff8000   00008000  00000000  00008000  R IX

PAGE 2:
  IOPORT                00000000   00020000  00000000  00020000  RWI 


SECTION ALLOCATION MAP
(Addresses surrounded by []'s are displayed for convenience only!)

output                                                          attributes/
section   page  orgn(bytes) orgn(words) len(bytes) len(words)   input sections
--------  ----  ----------- ----------- ---------- ----------   --------------
.pinit       0   [ 00040000 ]  00020000          *   00000000   UNINITIALIZED

.stack       0   [ 000000c0 ]  00000060          *   00001000   UNINITIALIZED
                 [ 000000c0 ]  00000060          *   00001000   --HOLE--

.data        0   [ 000000c0 ]  00000060          *   00000000   UNINITIALIZED

.sysstack 
*            0   [ 000020c0 ]  00001060          *   00000800   UNINITIALIZED
                 [ 000020c0 ]  00001060          *   00000800   --HOLE--

.sysmem      0   [ 000030c0 ]  00001860          *   00001000   UNINITIALIZED
                 [ 000030c0 ]  00001860          *   00001000   --HOLE--

.bss         0   [ 000050c0 ]  00002860          *   00000278   UNINITIALIZED
                 [ 000050c0 ]  00002860          *   00000119   rts55x.lib : defs.obj (.bss)
                 [ 000052f2 ]  00002979          *   000000d0              : trgdrv.obj (.bss)
                 [ 00005492 ]  00002a49          *   00000001   main.obj (.bss)
                 [ 00005494 ]  00002a4a          *   00000071   rts55x.lib : lowlev.obj (.bss)
                 [ 00005576 ]  00002abb          *   00000001              : fopen.obj (.bss)
                 [ 00005578 ]  00002abc          *   00000008   ezdsp5535bsl.lib : ezdsp5535_sar.obj (.bss)
                 [ 00005588 ]  00002ac4          *   00000006   rts55x.lib : memory.obj (.bss)
                 [ 00005594 ]  00002aca          *   00000004   ezdsp5535bsl.lib : ezdsp5535_gpio.obj (.bss)
                 [ 0000559c ]  00002ace          *   00000004   rts55x.lib : _lock.obj (.bss)
                 [ 000055a4 ]  00002ad2          *   00000004              : exit.obj (.bss)
                 [ 000055ac ]  00002ad6          *   00000002   switch_test.obj (.bss)

.const.1     0   [ 000055b0 ]  00002ad8          *   00000101   
                 [ 000055b0 ]  00002ad8          *   00000101   rts55x.lib : ctype.obj (.const:__ctypes_)

.const.2     0   [ 000057b4 ]  00002bda          *   00000061   
                 [ 000057b4 ]  00002bda          *   00000061   main.obj (.const:.string)

.const.3     0   [ 00005878 ]  00002c3c          *   0000005d   
                 [ 00005878 ]  00002c3c          *   0000005d   switch_test.obj (.const:.string)

.const.4     0   [ 00005934 ]  00002c9a          *   0000003e   
                 [ 00005934 ]  00002c9a          *   00000024   rts55x.lib : _printfi.obj (.const:.string)
                 [ 0000597c ]  00002cbe          *   0000000c              : _printfi.obj (.const)
                 [ 00005994 ]  00002cca          *   00000008              : divd.obj (.const:_initial_approx$1)
                 [ 000059a4 ]  00002cd2          *   00000002              : fputs.obj (.const:.string)
                 [ 000059a8 ]  00002cd4          *   00000002              : divd.obj (.const)
                 [ 000059ac ]  00002cd6          *   00000002              : fltlid.obj (.const)

.text        0     00020000  [ 00010000 ] 0000572a          *   
                   00020000  [ 00010000 ] 00001598          *   rts55x.lib : _printfi.obj (.text)
                   00021598  [ 00010acc ] 00000b18          *   cslVC5505.lib : csl_sar.obj (.text)
                   000220b0  [ 00011058 ] 0000068d          *                 : csl_gpio.obj (.text)
                   0002273d  [ 0001139e+] 00000543          *   rts55x.lib : lowlev.obj (.text)
                   00022c80  [ 00011640 ] 00000528          *              : trgdrv.obj (.text)
                   000231a8  [ 000118d4 ] 000004b5          *              : memory.obj (.text)
                   0002365d  [ 00011b2e+] 0000036c          *              : divd.obj (.text)
                   000239c9  [ 00011ce4+] 0000027f          *              : fopen.obj (.text)
                   00023c48  [ 00011e24 ] 0000025e          *              : llmpy.obj (.text)
                   00023ea6  [ 00011f53 ] 00000259          *              : addd.obj (.text)
                   000240ff  [ 0001207f+] 000001ea          *              : cmpd.obj (.text)
                   000242e9  [ 00012174+] 000001e7          *   ezdsp5535bsl.lib : ezdsp5535_led.obj (.text)
                   000244d0  [ 00012268 ] 0000017a          *                    : ezdsp5535_sar.obj (.text)
                   0002464a  [ 00012325 ] 00000163          *   rts55x.lib : fputs.obj (.text)
                   000247ad  [ 000123d6+] 0000014c          *              : mpyd.obj (.text)
                   000248f9  [ 0001247c+] 000000e6          *              : setvbuf.obj (.text)
                   000249df  [ 000124ef+] 000000dd          *              : _io_perm.obj (.text)
                   00024abc  [ 0001255e ] 000000c8          *              : frcmpyd_div.obj (.text)
                   00024b84  [ 000125c2 ] 000000c2          *              : fflush.obj (.text)
                   00024c46  [ 00012623 ] 000000ba          *              : trgmsg.obj (.text:CIO_breakpoint)
                   00024d00  [ 00012680 ] 000000ad          *   switch_test.obj (.text)
                   00024dad  [ 000126d6+] 000000a6          *   rts55x.lib : fputc.obj (.text)
                   00024e53  [ 00012729+] 000000a1          *              : divul.obj (.text)
                   00024ef4  [ 0001277a ] 00000087          *   ezdsp5535bsl.lib : ezdsp5535_gpio.obj (.text)
                   00024f7b  [ 000127bd+] 0000007d          *   rts55x.lib : ltoa.obj (.text)
                   00024ff8  [ 000127fc ] 0000007b          *              : fclose.obj (.text)
                   00025073  [ 00012839+] 00000076          *              : frcmpyd.obj (.text)
                   000250e9  [ 00012874+] 00000072          *              : remul.obj (.text)
                   0002515b  [ 000128ad+] 0000006f          *              : fixdli.obj (.text)
                   000251ca  [ 000128e5 ] 0000006d          *              : trgmsg.obj (.text)
                   00025237  [ 0001291b+] 0000006b          *              : fseek.obj (.text)
                   000252a2  [ 00012951 ] 00000067          *              : fltlid.obj (.text)
                   00025309  [ 00012984+] 0000005c          *              : atoi.obj (.text)
                   00025365  [ 000129b2+] 00000055          *   main.obj (.text)
                   000253ba  [ 000129dd ] 00000054          *   ezdsp5535bsl.lib : ezdsp5535.obj (.text)
                   0002540e  [ 00012a07 ] 00000050          *   rts55x.lib : printf.obj (.text)
                   0002545e  [ 00012a2f ] 0000004d          *              : autoinit.obj (.text)
                   000254ab  [ 00012a55+] 0000004b          *              : args_main.obj (.text)
                   000254f6  [ 00012a7b ] 0000004b          *              : remli.obj (.text)
                   00025541  [ 00012aa0+] 00000048          *              : divli.obj (.text)
                   00025589  [ 00012ac4+] 0000003f          *              : memcpy.obj (.text)
                   000255c8  [ 00012ae4 ] 0000003e          *              : exit.obj (.text)
                   00025606  [ 00012b03 ] 00000034          *              : boot.obj (.text)
                   0002563a  [ 00012b1d ] 0000002a          *              : fixdi.obj (.text)
                   00025664  [ 00012b32 ] 0000002a          *              : udiv.obj (.text)
                   0002568e  [ 00012b47 ] 00000023          *              : memccpy.obj (.text)
                   000256b1  [ 00012b58+] 0000001c          *              : isinf.obj (.text)
                   000256cd  [ 00012b66+] 00000014          *              : subd.obj (.text)
                   000256e1  [ 00012b70+] 00000013          *              : lmpy.obj (.text)
                   000256f4  [ 00012b7a ] 00000012          *              : _lock.obj (.text)
                   00025706  [ 00012b83 ] 00000010          *              : negd.obj (.text)
                   00025716  [ 00012b8b ] 0000000a          *              : remove.obj (.text)
                   00025720  [ 00012b90 ] 00000007          *              : exit.obj (.text:CIO_breakpoint)
                   00025727  [ 00012b93+] 00000002          *              : vectors.obj (.text)
                   00025729  [ 00012b94 ] 00000001          *   --HOLE-- [fill = 20]

.cio         0   [ 00040000 ]  00020000          *   00000120   UNINITIALIZED
                 [ 00040000 ]  00020000          *   00000120   rts55x.lib : trgmsg.obj (.cio)

.cinit       0   [ 00040240 ]  00020120          *   0000008c   
                 [ 00040240 ]  00020120          *   0000002d   rts55x.lib : lowlev.obj (.cinit)
                 [ 0004029a ]  0002014d          *   0000002a              : defs.obj (.cinit)
                 [ 000402ee ]  00020177          *   0000000c   ezdsp5535bsl.lib : ezdsp5535_sar.obj (.cinit)
                 [ 00040306 ]  00020183          *   0000000a   rts55x.lib : _lock.obj (.cinit)
                 [ 0004031a ]  0002018d          *   0000000a              : exit.obj (.cinit)
                 [ 0004032e ]  00020197          *   00000008   switch_test.obj (.cinit)
                 [ 0004033e ]  0002019f          *   00000004   main.obj (.cinit)
                 [ 00040346 ]  000201a3          *   00000004   rts55x.lib : fopen.obj (.cinit)
                 [ 0004034e ]  000201a7          *   00000004              : memory.obj (.cinit)
                 [ 00040356 ]  000201ab          *   00000001   --HOLE-- [fill = 0]

vectors      0     0004fe00  [ 00027f00 ] 00000100          *   
                   0004fe00  [ 00027f00 ] 00000100          *   rts55x.lib : vectors.obj (vectors)


GLOBAL SYMBOLS: SORTED ALPHABETICALLY BY Name 

abs. value/
byte addr   word addr   name
---------   ---------   ----
00000002                $TI_capability$C5500$CallingConvention
00000002                $TI_capability$C5500$MemoryModel
00000001                $TI_capability_requires_rev3
ffffffff                .bss
ffffffff                .data
ffffffff                .text
00025721                C$$EXIT
00024cfb                C$$IO$$
000256e1                I$$LMPY
00025664                I$$UDIV
00025679                I$$UMOD
00024f5d                _EZDSP5535_GPIO_getInput
00024ef4                _EZDSP5535_GPIO_init
00024f1f                _EZDSP5535_GPIO_setDirection
00024f43                _EZDSP5535_GPIO_setOutput
0002431f                _EZDSP5535_LED_getall
000242e9                _EZDSP5535_LED_init
00024414                _EZDSP5535_LED_off
000243df                _EZDSP5535_LED_on
00024371                _EZDSP5535_LED_setall
00024447                _EZDSP5535_LED_toggle
00024596                _EZDSP5535_SAR_getKey
000244d0                _EZDSP5535_SAR_init
000244a2                _EZDSP5535_XF_get
00024497                _EZDSP5535_XF_off
0002448c                _EZDSP5535_XF_on
000244b1                _EZDSP5535_XF_toggle
00025400                _EZDSP5535_init
000253ba                _EZDSP5535_wait
000253ee                _EZDSP5535_waitusec
0002259b                _GPIO_clearInt
000220f4                _GPIO_close
00022118                _GPIO_config
0002234b                _GPIO_configBit
00022493                _GPIO_disableInt
00022511                _GPIO_enableInt
0002219d                _GPIO_getConfig
000220b0                _GPIO_open
00022225                _GPIO_read
000226ae                _GPIO_reset
00022627                _GPIO_statusBit
000222a8                _GPIO_write
            00002aca    _GpioObj
0002314a                _HOSTclock
000230df                _HOSTclose
0002302a                _HOSTlseek
00022f8b                _HOSTopen
00022efe                _HOSTread
00022e50                _HOSTrename
00022df2                _HOSTtime
00022d88                _HOSTunlink
00022cfb                _HOSTwrite
0004fe00                _Reset
00021b1b                _SAR_A2DMeasParamSet
00021f95                _SAR_GPODirSet
00021692                _SAR_chanClose
00021716                _SAR_chanConfig
00021a12                _SAR_chanCycSet
00021615                _SAR_chanInit
00021630                _SAR_chanOpen
000217fe                _SAR_chanSetup
000215f5                _SAR_deInit
0002178c                _SAR_getConfig
00022071                _SAR_getStatus
00021598                _SAR_init
00021ada                _SAR_readData
00021a61                _SAR_startConversion
00021a93                _SAR_stopConversion
            00002ac0    _SarHandle
            00002abc    _SarObj
00025365                _StopTest
            00002a49    _TestFail
            00020000    __CIOBUF_
            00001060    __STACK_END
00002000                __STACK_SIZE
00002000                __SYSMEM_SIZE
00001000                __SYSSTACK_SIZE
ffffffff                ___binit__
ffffffff                ___bss__
ffffffff                ___c_args__
            00020120    ___cinit__
ffffffff                ___data__
ffffffff                ___edata__
ffffffff                ___end__
ffffffff                ___etext__
000256b1                ___isinf
ffffffff                ___pinit__
ffffffff                ___text__
00023ea6                __addd
000254ab                __args_main
00023aea                __cleanup
            00002ad2    __cleanup_ptr
00024291                __cmpd
            00002ad8    __ctypes_
0002367f                __divd
00025541                __divli
00023e71                __divlli
00025664                __divu
00024e53                __divul
00023d7d                __divull
00024b84                __doflush
            00002ad4    __dtors_ptr
0002425d                __eqld
0002563a                __fixdi
0002515b                __fixdli
000252a2                __fltlid
00025073                __frcmpyd
00024abc                __frcmpyd_div
            00002978    __ft_end
            00002860    __ftable
00024213                __geqd
000241c8                __gtrd
0002417b                __leqd
            00002ace    __lock
00024133                __lssd
000247ad                __mpyd
000256e1                __mpyli
00023cc5                __mpylli
00025706                __negd
000240ff                __neqd
00025704                __nop
00021356                __printfi
00024a5f                __rd_ok
000256fc                __register_lock
000256f4                __register_unlock
000254f6                __remli
00023c96                __remlli
00025679                __remu
000250e9                __remul
00023c48                __remull
            00000060    __stack
000256cd                __subd
            00001860    __sys_memory
            00001060    __sysstack
            000028d8    __tmpnams
            00002ad0    __unlock
000249df                __wrt_ok
00025720                _abort
00022b90                _add_device
00025309                _atoi
0002545e                _auto_init
00025606                _c_int00
00023637                _calloc
0002362f                _chkheap
00022b1d                _close
000255c8                _exit
00024ff8                _fclose
00024bed                _fflush
00022b14                _find_registered_device
00023c0d                _fopen
00024dad                _fputc
0002464a                _fputs
000231a8                _free
000235d9                _free_memory
00023b44                _freopen
00025237                _fseek
00022c80                _getenv
            00002acc    _hGpio
            00002ac2    _keyCnt1
            00002ac3    _keyCnt2
00022aae                _lseek
00024f7b                _ltoa
00025367                _main
000232d9                _malloc
0002357f                _max_free
0002568e                _memccpy
00025589                _memcpy
00023274                _minit
000229ef                _open
            00002abf    _preKey
0002540e                _printf
00024dad                _putc
00024e44                _putchar
0002477f                _puts
00022941                _read
000251ca                _readmsg
000233ce                _realloc
00025716                _remove
0002290b                _remove_device
000228b2                _rename
000248f9                _setvbuf
            00002ad6    _sw1State
            00002ad7    _sw2State
00024d00                _switch_test
0002287f                _unlink
0002273d                _write
00024c46                _writemsg
ffffffff                binit
            00020120    cinit
ffffffff                edata
ffffffff                end
ffffffff                etext
ffffffff                pinit


GLOBAL SYMBOLS: SORTED BY Symbol Address 

abs. value/
byte addr   word addr   name
---------   ---------   ----
00000001                $TI_capability_requires_rev3
00000002                $TI_capability$C5500$CallingConvention
00000002                $TI_capability$C5500$MemoryModel
            00000060    __stack
00001000                __SYSSTACK_SIZE
00002000                __STACK_SIZE
00002000                __SYSMEM_SIZE
            00001060    __STACK_END
            00001060    __sysstack
            00001860    __sys_memory
            00002860    __ftable
            000028d8    __tmpnams
            00002978    __ft_end
            00002a49    _TestFail
            00002abc    _SarObj
            00002abf    _preKey
            00002ac0    _SarHandle
            00002ac2    _keyCnt1
            00002ac3    _keyCnt2
            00002aca    _GpioObj
            00002acc    _hGpio
            00002ace    __lock
            00002ad0    __unlock
            00002ad2    __cleanup_ptr
            00002ad4    __dtors_ptr
            00002ad6    _sw1State
            00002ad7    _sw2State
            00002ad8    __ctypes_
00021356                __printfi
00021598                _SAR_init
000215f5                _SAR_deInit
00021615                _SAR_chanInit
00021630                _SAR_chanOpen
00021692                _SAR_chanClose
00021716                _SAR_chanConfig
0002178c                _SAR_getConfig
000217fe                _SAR_chanSetup
00021a12                _SAR_chanCycSet
00021a61                _SAR_startConversion
00021a93                _SAR_stopConversion
00021ada                _SAR_readData
00021b1b                _SAR_A2DMeasParamSet
00021f95                _SAR_GPODirSet
00022071                _SAR_getStatus
000220b0                _GPIO_open
000220f4                _GPIO_close
00022118                _GPIO_config
0002219d                _GPIO_getConfig
00022225                _GPIO_read
000222a8                _GPIO_write
0002234b                _GPIO_configBit
00022493                _GPIO_disableInt
00022511                _GPIO_enableInt
0002259b                _GPIO_clearInt
00022627                _GPIO_statusBit
000226ae                _GPIO_reset
0002273d                _write
0002287f                _unlink
000228b2                _rename
0002290b                _remove_device
00022941                _read
000229ef                _open
00022aae                _lseek
00022b14                _find_registered_device
00022b1d                _close
00022b90                _add_device
00022c80                _getenv
00022cfb                _HOSTwrite
00022d88                _HOSTunlink
00022df2                _HOSTtime
00022e50                _HOSTrename
00022efe                _HOSTread
00022f8b                _HOSTopen
0002302a                _HOSTlseek
000230df                _HOSTclose
0002314a                _HOSTclock
000231a8                _free
00023274                _minit
000232d9                _malloc
000233ce                _realloc
0002357f                _max_free
000235d9                _free_memory
0002362f                _chkheap
00023637                _calloc
0002367f                __divd
00023aea                __cleanup
00023b44                _freopen
00023c0d                _fopen
00023c48                __remull
00023c96                __remlli
00023cc5                __mpylli
00023d7d                __divull
00023e71                __divlli
00023ea6                __addd
000240ff                __neqd
00024133                __lssd
0002417b                __leqd
000241c8                __gtrd
00024213                __geqd
0002425d                __eqld
00024291                __cmpd
000242e9                _EZDSP5535_LED_init
0002431f                _EZDSP5535_LED_getall
00024371                _EZDSP5535_LED_setall
000243df                _EZDSP5535_LED_on
00024414                _EZDSP5535_LED_off
00024447                _EZDSP5535_LED_toggle
0002448c                _EZDSP5535_XF_on
00024497                _EZDSP5535_XF_off
000244a2                _EZDSP5535_XF_get
000244b1                _EZDSP5535_XF_toggle
000244d0                _EZDSP5535_SAR_init
00024596                _EZDSP5535_SAR_getKey
0002464a                _fputs
0002477f                _puts
000247ad                __mpyd
000248f9                _setvbuf
000249df                __wrt_ok
00024a5f                __rd_ok
00024abc                __frcmpyd_div
00024b84                __doflush
00024bed                _fflush
00024c46                _writemsg
00024cfb                C$$IO$$
00024d00                _switch_test
00024dad                _fputc
00024dad                _putc
00024e44                _putchar
00024e53                __divul
00024ef4                _EZDSP5535_GPIO_init
00024f1f                _EZDSP5535_GPIO_setDirection
00024f43                _EZDSP5535_GPIO_setOutput
00024f5d                _EZDSP5535_GPIO_getInput
00024f7b                _ltoa
00024ff8                _fclose
00025073                __frcmpyd
000250e9                __remul
0002515b                __fixdli
000251ca                _readmsg
00025237                _fseek
000252a2                __fltlid
00025309                _atoi
00025365                _StopTest
00025367                _main
000253ba                _EZDSP5535_wait
000253ee                _EZDSP5535_waitusec
00025400                _EZDSP5535_init
0002540e                _printf
0002545e                _auto_init
000254ab                __args_main
000254f6                __remli
00025541                __divli
00025589                _memcpy
000255c8                _exit
00025606                _c_int00
0002563a                __fixdi
00025664                I$$UDIV
00025664                __divu
00025679                I$$UMOD
00025679                __remu
0002568e                _memccpy
000256b1                ___isinf
000256cd                __subd
000256e1                I$$LMPY
000256e1                __mpyli
000256f4                __register_unlock
000256fc                __register_lock
00025704                __nop
00025706                __negd
00025716                _remove
00025720                _abort
00025721                C$$EXIT
            00020000    __CIOBUF_
            00020120    ___cinit__
            00020120    cinit
0004fe00                _Reset
ffffffff                .bss
ffffffff                .data
ffffffff                .text
ffffffff                ___binit__
ffffffff                ___bss__
ffffffff                ___c_args__
ffffffff                ___data__
ffffffff                ___edata__
ffffffff                ___end__
ffffffff                ___etext__
ffffffff                ___pinit__
ffffffff                ___text__
ffffffff                binit
ffffffff                edata
ffffffff                end
ffffffff                etext
ffffffff                pinit

[193 symbols]
