******************************************************************************
              TMS320C55x Linker PC v4.3.8                      
******************************************************************************
>> Linked Wed Aug 10 13:19:36 2011

OUTPUT FILE NAME:   <sd.out>
ENTRY POINT SYMBOL: "_c_int00"  address: 0002c8b2


MEMORY CONFIGURATION

         name            origin    length      used     unused   attr    fill
                        (bytes)   (bytes)    (bytes)   (bytes)
----------------------  --------  ---------  --------  --------  ----  --------
PAGE 0:
  MMR                   00000000   000000c0  00000000  000000c0  RWIX
  DARAM0                000000c0   0000ff40  000067a4  0000979c  RWIX
  SARAM0                00010000   00010000  00000000  00010000  RWIX
  SARAM1                00020000   00020000  0000c9d6  0001362a  RWIX
  SARAM2                00040000   0000fe00  000003f8  0000fa08  RWIX
  VECS                  0004fe00   00000200  00000100  00000100  RWIX
  PDROM                 00ff8000   00008000  00000000  00008000  R IX

PAGE 2:
  IOPORT                00000000   00020000  00000000  00020000  RWI 


SECTION ALLOCATION MAP
(Addresses surrounded by []'s are displayed for convenience only!)

output                                                          attributes/
section   page  orgn(bytes) orgn(words) len(bytes) len(words)   input sections
--------  ----  ----------- ----------- ---------- ----------   --------------
.pinit       0   [ 00040000 ]  00020000          *   00000000   UNINITIALIZED

.stack       0   [ 000000c0 ]  00000060          *   00001000   UNINITIALIZED
                 [ 000000c0 ]  00000060          *   00001000   --HOLE--

.data        0   [ 000000c0 ]  00000060          *   00000000   UNINITIALIZED

.sysstack 
*            0   [ 000020c0 ]  00001060          *   00000800   UNINITIALIZED
                 [ 000020c0 ]  00001060          *   00000800   --HOLE--

.sysmem      0   [ 000030c0 ]  00001860          *   00001000   UNINITIALIZED
                 [ 000030c0 ]  00001860          *   00001000   --HOLE--

.const.1     0   [ 000050c0 ]  00002860          *   000005b3   
                 [ 000050c0 ]  00002860          *   00000346   ezdsp5535bsl.lib : ezdsp5535_sdcard.obj (.const:.string)
                 [ 0000574c ]  00002ba6          *   0000010b   sd_test.obj (.const:.string)
                 [ 00005962 ]  00002cb1          *   00000101   rts55x.lib : ctype.obj (.const:__ctypes_)
                 [ 00005b64 ]  00002db2          *   00000061   main.obj (.const:.string)

.const.2     0   [ 00005c28 ]  00002e14          *   00000095   
                 [ 00005c28 ]  00002e14          *   00000024   rts55x.lib : _printfi.obj (.const:.string)
                 [ 00005c70 ]  00002e38          *   00000014              : strtod.obj (.const:_digits)
                 [ 00005c98 ]  00002e4c          *   00000014              : strtold.obj (.const:_digits)
                 [ 00005cc0 ]  00002e60          *   0000000c              : strtod.obj (.const:_powerof10)
                 [ 00005cd8 ]  00002e6c          *   0000000c              : strtold.obj (.const:_powerof10)
                 [ 00005cf0 ]  00002e78          *   0000000c              : _printfi.obj (.const)
                 [ 00005d08 ]  00002e84          *   00000008              : divd.obj (.const:_initial_approx$1)
                 [ 00005d18 ]  00002e8c          *   00000008              : strtod.obj (.const)
                 [ 00005d28 ]  00002e94          *   00000008              : strtold.obj (.const)
                 [ 00005d38 ]  00002e9c          *   00000007              : _scanfi.obj (.const:_flit$1)
                 [ 00005d46 ]  00002ea3          *   00000006              : _scanfi.obj (.const:_barr$2)

.const.3     0   [ 00005d54 ]  00002eaa          *   00000006   
                 [ 00005d54 ]  00002eaa          *   00000002   rts55x.lib : fputs.obj (.const:.string)
                 [ 00005d58 ]  00002eac          *   00000002              : divd.obj (.const)
                 [ 00005d5c ]  00002eae          *   00000002              : fltlid.obj (.const)

.bss         0   [ 00005d60 ]  00002eb0          *   00000584   UNINITIALIZED
                 [ 00005d60 ]  00002eb0          *   00000200   sd_test.obj (.bss)
                 [ 00006160 ]  000030b0          *   00000119   rts55x.lib : defs.obj (.bss)
                 [ 00006392 ]  000031c9          *   000000d0              : trgdrv.obj (.bss)
                 [ 00006532 ]  00003299          *   00000001   main.obj (.bss)
                 [ 00006534 ]  0000329a          *   00000095   ezdsp5535bsl.lib : ezdsp5535_sdcard.obj (.bss)
                 [ 0000665e ]  0000332f          *   00000001   rts55x.lib : errno.obj (.bss)
                 [ 00006660 ]  00003330          *   00000084   cslVC5505.lib : csl_intc.obj (.bss)
                 [ 00006768 ]  000033b4          *   00000071   rts55x.lib : lowlev.obj (.bss)
                 [ 0000684a ]  00003425          *   00000001              : fopen.obj (.bss)
                 [ 0000684c ]  00003426          *   00000006              : memory.obj (.bss)
                 [ 00006858 ]  0000342c          *   00000004              : _lock.obj (.bss)
                 [ 00006860 ]  00003430          *   00000004              : exit.obj (.bss)

.text        0     00020000  [ 00010000 ] 0000c9d6          *   
                   00020000  [ 00010000 ] 00004408          *   cslVC5505.lib : csl_mmcsd.obj (.text)
                   00024408  [ 00012204 ] 000018b8          *                 : csl_dma.obj (.text)
                   00025cc0  [ 00012e60 ] 00001598          *   rts55x.lib : _printfi.obj (.text)
                   00027258  [ 0001392c ] 00000eb6          *              : _scanfi.obj (.text)
                   0002810e  [ 00014087 ] 00000554          *   cslVC5505.lib : csl_intc.obj (.text)
                   00028662  [ 00014331 ] 00000543          *   rts55x.lib : lowlev.obj (.text)
                   00028ba5  [ 000145d2+] 00000528          *              : trgdrv.obj (.text)
                   000290cd  [ 00014866+] 000004ce          *   ezdsp5535bsl.lib : ezdsp5535_sdcard.obj (.text)
                   0002959b  [ 00014acd+] 000004b5          *   rts55x.lib : memory.obj (.text)
                   00029a50  [ 00014d28 ] 0000036c          *              : divd.obj (.text)
                   00029dbc  [ 00014ede ] 00000301          *              : strtoll.obj (.text)
                   0002a0bd  [ 0001505e+] 000002bd          *              : strtod.obj (.text)
                   0002a37a  [ 000151bd ] 0000029f          *              : strtold.obj (.text)
                   0002a619  [ 0001530c+] 0000027f          *              : fopen.obj (.text)
                   0002a898  [ 0001544c ] 0000025e          *              : llmpy.obj (.text)
                   0002aaf6  [ 0001557b ] 00000259          *              : addd.obj (.text)
                   0002ad4f  [ 000156a7+] 0000024b          *              : strtoull.obj (.text)
                   0002af9a  [ 000157cd ] 00000208          *              : strtol.obj (.text)
                   0002b1a2  [ 000158d1 ] 000001ea          *              : cmpd.obj (.text)
                   0002b38c  [ 000159c6 ] 000001d1          *              : strtoul.obj (.text)
                   0002b55d  [ 00015aae+] 00000163          *              : fputs.obj (.text)
                   0002b6c0  [ 00015b60 ] 00000161          *              : fscanf.obj (.text)
                   0002b821  [ 00015c10+] 0000014d          *   sd_test.obj (.text)
                   0002b96e  [ 00015cb7 ] 0000014c          *   rts55x.lib : mpyd.obj (.text)
                   0002baba  [ 00015d5d ] 000000e6          *              : setvbuf.obj (.text)
                   0002bba0  [ 00015dd0 ] 000000dd          *              : _io_perm.obj (.text)
                   0002bc7d  [ 00015e3e+] 000000c8          *              : frcmpyd_div.obj (.text)
                   0002bd45  [ 00015ea2+] 000000c2          *              : fflush.obj (.text)
                   0002be07  [ 00015f03+] 000000ba          *              : trgmsg.obj (.text:CIO_breakpoint)
                   0002bec1  [ 00015f60+] 000000ae          *              : _bufread.obj (.text)
                   0002bf6f  [ 00015fb7+] 000000a6          *              : fputc.obj (.text)
                   0002c015  [ 0001600a+] 000000a1          *              : divul.obj (.text)
                   0002c0b6  [ 0001605b ] 0000009b          *              : fgetc.obj (.text)
                   0002c151  [ 000160a8+] 0000009a          *              : ungetc.obj (.text)
                   0002c1eb  [ 000160f5+] 0000007d          *              : ltoa.obj (.text)
                   0002c268  [ 00016134 ] 0000007b          *              : fclose.obj (.text)
                   0002c2e3  [ 00016171+] 00000076          *              : frcmpyd.obj (.text)
                   0002c359  [ 000161ac+] 00000072          *              : remul.obj (.text)
                   0002c3cb  [ 000161e5+] 0000006f          *              : fixdli.obj (.text)
                   0002c43a  [ 0001621d ] 0000006d          *              : trgmsg.obj (.text)
                   0002c4a7  [ 00016253+] 0000006b          *              : fseek.obj (.text)
                   0002c512  [ 00016289 ] 00000067          *              : fltlid.obj (.text)
                   0002c579  [ 000162bc+] 0000005c          *              : atoi.obj (.text)
                   0002c5d5  [ 000162ea+] 00000055          *   main.obj (.text)
                   0002c62a  [ 00016315 ] 00000054          *   ezdsp5535bsl.lib : ezdsp5535.obj (.text)
                   0002c67e  [ 0001633f ] 00000050          *   rts55x.lib : printf.obj (.text)
                   0002c6ce  [ 00016367 ] 0000004d          *              : autoinit.obj (.text)
                   0002c71b  [ 0001638d+] 0000004b          *              : args_main.obj (.text)
                   0002c766  [ 000163b3 ] 0000004b          *              : remli.obj (.text)
                   0002c7b1  [ 000163d8+] 00000048          *              : divli.obj (.text)
                   0002c7f9  [ 000163fc+] 0000003f          *              : memcpy.obj (.text)
                   0002c838  [ 0001641c ] 0000003e          *              : exit.obj (.text)
                   0002c876  [ 0001643b ] 0000003c          *              : idiv.obj (.text)
                   0002c8b2  [ 00016459 ] 00000034          *              : boot.obj (.text)
                   0002c8e6  [ 00016473 ] 0000002a          *              : fixdi.obj (.text)
                   0002c910  [ 00016488 ] 0000002a          *              : udiv.obj (.text)
                   0002c93a  [ 0001649d ] 00000023          *              : memccpy.obj (.text)
                   0002c95d  [ 000164ae+] 0000001c          *              : isinf.obj (.text)
                   0002c979  [ 000164bc+] 00000014          *              : subd.obj (.text)
                   0002c98d  [ 000164c6+] 00000013          *              : lmpy.obj (.text)
                   0002c9a0  [ 000164d0 ] 00000012          *              : _lock.obj (.text)
                   0002c9b2  [ 000164d9 ] 00000010          *              : negd.obj (.text)
                   0002c9c2  [ 000164e1 ] 0000000a          *              : remove.obj (.text)
                   0002c9cc  [ 000164e6 ] 00000007          *              : exit.obj (.text:CIO_breakpoint)
                   0002c9d3  [ 000164e9+] 00000002          *              : vectors.obj (.text)
                   0002c9d5  [ 000164ea ] 00000001          *   --HOLE-- [fill = 20]

.cio         0   [ 00040000 ]  00020000          *   00000120   UNINITIALIZED
                 [ 00040000 ]  00020000          *   00000120   rts55x.lib : trgmsg.obj (.cio)

.cinit       0   [ 00040240 ]  00020120          *   0000007c   
                 [ 00040240 ]  00020120          *   0000002d   rts55x.lib : lowlev.obj (.cinit)
                 [ 0004029a ]  0002014d          *   0000002a              : defs.obj (.cinit)
                 [ 000402ee ]  00020177          *   0000000a              : _lock.obj (.cinit)
                 [ 00040302 ]  00020181          *   0000000a              : exit.obj (.cinit)
                 [ 00040316 ]  0002018b          *   00000004   main.obj (.cinit)
                 [ 0004031e ]  0002018f          *   00000004   rts55x.lib : errno.obj (.cinit)
                 [ 00040326 ]  00020193          *   00000004              : fopen.obj (.cinit)
                 [ 0004032e ]  00020197          *   00000004              : memory.obj (.cinit)
                 [ 00040336 ]  0002019b          *   00000001   --HOLE-- [fill = 0]

.switch      0   [ 00040338 ]  0002019c          *   00000060   
                 [ 00040338 ]  0002019c          *   00000060   cslVC5505.lib : csl_dma.obj (.switch)

vectors      0     0004fe00  [ 00027f00 ] 00000100          *   
                   0004fe00  [ 00027f00 ] 00000100          *   rts55x.lib : vectors.obj (vectors)


GLOBAL SYMBOLS: SORTED ALPHABETICALLY BY Name 

abs. value/
byte addr   word addr   name
---------   ---------   ----
00000002                $TI_capability$C5500$CallingConvention
00000002                $TI_capability$C5500$MemoryModel
00000001                $TI_capability_requires_rev3
ffffffff                .bss
ffffffff                .data
ffffffff                .text
0002c9cd                C$$EXIT
0002bebc                C$$IO$$
0002c876                I$$DIV
0002c98d                I$$LMPY
0002c895                I$$MOD
0002c910                I$$UDIV
0002c925                I$$UMOD
0002452b                _DMA_close
0002454a                _DMA_config
00025121                _DMA_getConfig
00025c14                _DMA_getLastTransferType
00024408                _DMA_init
0002443f                _DMA_open
000258a4                _DMA_reset
00025690                _DMA_start
000257a0                _DMA_stop
00025b90                _DMA_swapWords
000294d6                _EZDSP5535_SDCARD_close
000290cd                _EZDSP5535_SDCARD_init
00029472                _EZDSP5535_SDCARD_read
000294a4                _EZDSP5535_SDCARD_write
0002c670                _EZDSP5535_init
0002c62a                _EZDSP5535_wait
0002c65e                _EZDSP5535_waitusec
0002906f                _HOSTclock
00029004                _HOSTclose
00028f4f                _HOSTlseek
00028eb0                _HOSTopen
00028e23                _HOSTread
00028d75                _HOSTrename
00028d17                _HOSTtime
00028cad                _HOSTunlink
00028c20                _HOSTwrite
000281a8                _IRQ_clear
00028212                _IRQ_clearAll
00028222                _IRQ_config
00028348                _IRQ_disable
000283c6                _IRQ_disableAll
000283d4                _IRQ_enable
000284ce                _IRQ_getArg
000282b5                _IRQ_getConfig
0002861c                _IRQ_globalDisable
00028635                _IRQ_globalEnable
0002864e                _IRQ_globalRestore
0002810e                _IRQ_init
00028547                _IRQ_map
0002845e                _IRQ_restore
00028514                _IRQ_setArg
00028579                _IRQ_setVecs
000285aa                _IRQ_test
00024345                _MMC_checkReadDmaDone
00020360                _MMC_clearResponse
00020246                _MMC_close
00020a87                _MMC_config
00020dcb                _MMC_deselectCard
000208aa                _MMC_drrdy
000208f2                _MMC_dxrdy
000206d2                _MMC_eventDisable
000204d6                _MMC_eventEnable
00021a5b                _MMC_getCardCsd
00024120                _MMC_getCardStatus
00020b21                _MMC_getConfig
0002032a                _MMC_getNumberOfCards
00020975                _MMC_getStatus
0002047d                _MMC_ierDisable
00020439                _MMC_ierEnable
00020000                _MMC_init
000204ae                _MMC_intEnable
00020037                _MMC_open
00022586                _MMC_read
00020937                _MMC_saveStatus
00020e9a                _MMC_selectCard
0002169d                _MMC_sendAllCID
00020bbe                _MMC_sendCmd
00020c6f                _MMC_sendGoIdle
00021429                _MMC_sendOpCond
00023deb                _MMC_setBlockLength
000202ea                _MMC_setCallBack
000202b8                _MMC_setCardPtr
00020285                _MMC_setCardType
00023c3a                _MMC_setDataTransferCallback
00023c89                _MMC_setDmaChanConfig
00023bda                _MMC_setDmaHandle
00023d66                _MMC_setEndianMode
000214cd                _MMC_setRca
00023e83                _MMC_setWriteBlkEraseCnt
000209d6                _MMC_setupNative
00020cf6                _MMC_stop
00022fa1                _MMC_write
            00002eb0    _ReadBuff
0004fe00                _Reset
0002421c                _SD_configurePullup
00021ead                _SD_getCardCsd
00021872                _SD_sendAllCID
000215a4                _SD_sendRca
00023fb2                _SD_setBusWidth
0002c5d5                _StopTest
            00003299    _TestFail
            00002fb0    _WriteBuff
            00020000    __CIOBUF_
            00001060    __STACK_END
00002000                __STACK_SIZE
00002000                __SYSMEM_SIZE
00001000                __SYSSTACK_SIZE
ffffffff                ___binit__
ffffffff                ___bss__
ffffffff                ___c_args__
            00020120    ___cinit__
ffffffff                ___data__
ffffffff                ___edata__
ffffffff                ___end__
ffffffff                ___etext__
0002c95d                ___isinf
ffffffff                ___pinit__
ffffffff                ___text__
0002aaf6                __addd
0002c71b                __args_main
0002bec1                __buff_read
0002a73a                __cleanup
            00003430    __cleanup_ptr
0002b334                __cmpd
            00002cb1    __ctypes_
00029a72                __divd
0002c876                __divi
0002c7b1                __divli
0002aac1                __divlli
0002c910                __divu
0002c015                __divul
0002a9cd                __divull
0002bd45                __doflush
            00003432    __dtors_ptr
0002b300                __eqld
0002c8e6                __fixdi
0002c3cb                __fixdli
0002c512                __fltlid
0002c2e3                __frcmpyd
0002bc7d                __frcmpyd_div
            000031c8    __ft_end
            000030b0    __ftable
0002b2b6                __geqd
0002b26b                __gtrd
0002b21e                __leqd
            0000342c    __lock
0002b1d6                __lssd
0002b96e                __mpyd
0002c98d                __mpyli
0002a915                __mpylli
0002c9b2                __negd
0002b1a2                __neqd
0002c9b0                __nop
00027016                __printfi
0002bc20                __rd_ok
0002c9a8                __register_lock
0002c9a0                __register_unlock
0002c895                __remi
0002c766                __remli
0002a8e6                __remlli
0002c925                __remu
0002c359                __remul
0002a898                __remull
00027c06                __scanfi
            00000060    __stack
0002c979                __subd
            00001860    __sys_memory
            00001060    __sysstack
            00003128    __tmpnams
            0000342e    __unlock
0002bba0                __wrt_ok
0002c9cc                _abort
00028ab5                _add_device
0002c579                _atoi
0002c6ce                _auto_init
0002c8b2                _c_int00
00029a2a                _calloc
            0000332c    _cardAddr
00029a22                _chkheap
00028a42                _close
            0000332f    _errno
0002c838                _exit
0002c268                _fclose
0002bdae                _fflush
0002c0b6                _fgetc
00028a39                _find_registered_device
0002a85d                _fopen
0002bf6f                _fputc
0002b55d                _fputs
0002959b                _free
000299cc                _free_memory
0002a794                _freopen
0002b6fc                _fscanf
0002c4a7                _fseek
0002c0b6                _getc
0002c142                _getchar
00028ba5                _getenv
000289d3                _lseek
0002c1eb                _ltoa
0002c5d7                _main
000296cc                _malloc
00029972                _max_free
0002c93a                _memccpy
0002c7f9                _memcpy
00029667                _minit
            000032dc    _mmcCardObj
            0000332e    _mmcStatus
            000032da    _mmcsdHandle
00028914                _open
            0000329a    _pMmcsdContObj
0002c67e                _printf
0002bf6f                _putc
0002c006                _putchar
0002b692                _puts
00028866                _read
0002c43a                _readmsg
000297c1                _realloc
0002c9c2                _remove
00028830                _remove_device
000287d7                _rename
0002b6c0                _scanf
            0000330a    _sdCardCsdObj
            000032fa    _sdCardIdObj
0002b821                _sd_test
0002baba                _setvbuf
0002a0bd                _strtod
0002af9a                _strtol
0002a37a                _strtold
00029dbc                _strtoll
0002b38c                _strtoul
0002ad4f                _strtoull
0002c151                _ungetc
000287a4                _unlink
00028662                _write
0002be07                _writemsg
ffffffff                binit
            00020120    cinit
ffffffff                edata
ffffffff                end
ffffffff                etext
ffffffff                pinit


GLOBAL SYMBOLS: SORTED BY Symbol Address 

abs. value/
byte addr   word addr   name
---------   ---------   ----
00000001                $TI_capability_requires_rev3
00000002                $TI_capability$C5500$CallingConvention
00000002                $TI_capability$C5500$MemoryModel
            00000060    __stack
00001000                __SYSSTACK_SIZE
00002000                __STACK_SIZE
00002000                __SYSMEM_SIZE
            00001060    __STACK_END
            00001060    __sysstack
            00001860    __sys_memory
            00002cb1    __ctypes_
            00002eb0    _ReadBuff
            00002fb0    _WriteBuff
            000030b0    __ftable
            00003128    __tmpnams
            000031c8    __ft_end
            00003299    _TestFail
            0000329a    _pMmcsdContObj
            000032da    _mmcsdHandle
            000032dc    _mmcCardObj
            000032fa    _sdCardIdObj
            0000330a    _sdCardCsdObj
            0000332c    _cardAddr
            0000332e    _mmcStatus
            0000332f    _errno
            0000342c    __lock
            0000342e    __unlock
            00003430    __cleanup_ptr
            00003432    __dtors_ptr
00020000                _MMC_init
00020037                _MMC_open
00020246                _MMC_close
00020285                _MMC_setCardType
000202b8                _MMC_setCardPtr
000202ea                _MMC_setCallBack
0002032a                _MMC_getNumberOfCards
00020360                _MMC_clearResponse
00020439                _MMC_ierEnable
0002047d                _MMC_ierDisable
000204ae                _MMC_intEnable
000204d6                _MMC_eventEnable
000206d2                _MMC_eventDisable
000208aa                _MMC_drrdy
000208f2                _MMC_dxrdy
00020937                _MMC_saveStatus
00020975                _MMC_getStatus
000209d6                _MMC_setupNative
00020a87                _MMC_config
00020b21                _MMC_getConfig
00020bbe                _MMC_sendCmd
00020c6f                _MMC_sendGoIdle
00020cf6                _MMC_stop
00020dcb                _MMC_deselectCard
00020e9a                _MMC_selectCard
00021429                _MMC_sendOpCond
000214cd                _MMC_setRca
000215a4                _SD_sendRca
0002169d                _MMC_sendAllCID
00021872                _SD_sendAllCID
00021a5b                _MMC_getCardCsd
00021ead                _SD_getCardCsd
00022586                _MMC_read
00022fa1                _MMC_write
00023bda                _MMC_setDmaHandle
00023c3a                _MMC_setDataTransferCallback
00023c89                _MMC_setDmaChanConfig
00023d66                _MMC_setEndianMode
00023deb                _MMC_setBlockLength
00023e83                _MMC_setWriteBlkEraseCnt
00023fb2                _SD_setBusWidth
00024120                _MMC_getCardStatus
0002421c                _SD_configurePullup
00024345                _MMC_checkReadDmaDone
00024408                _DMA_init
0002443f                _DMA_open
0002452b                _DMA_close
0002454a                _DMA_config
00025121                _DMA_getConfig
00025690                _DMA_start
000257a0                _DMA_stop
000258a4                _DMA_reset
00025b90                _DMA_swapWords
00025c14                _DMA_getLastTransferType
00027016                __printfi
00027c06                __scanfi
0002810e                _IRQ_init
000281a8                _IRQ_clear
00028212                _IRQ_clearAll
00028222                _IRQ_config
000282b5                _IRQ_getConfig
00028348                _IRQ_disable
000283c6                _IRQ_disableAll
000283d4                _IRQ_enable
0002845e                _IRQ_restore
000284ce                _IRQ_getArg
00028514                _IRQ_setArg
00028547                _IRQ_map
00028579                _IRQ_setVecs
000285aa                _IRQ_test
0002861c                _IRQ_globalDisable
00028635                _IRQ_globalEnable
0002864e                _IRQ_globalRestore
00028662                _write
000287a4                _unlink
000287d7                _rename
00028830                _remove_device
00028866                _read
00028914                _open
000289d3                _lseek
00028a39                _find_registered_device
00028a42                _close
00028ab5                _add_device
00028ba5                _getenv
00028c20                _HOSTwrite
00028cad                _HOSTunlink
00028d17                _HOSTtime
00028d75                _HOSTrename
00028e23                _HOSTread
00028eb0                _HOSTopen
00028f4f                _HOSTlseek
00029004                _HOSTclose
0002906f                _HOSTclock
000290cd                _EZDSP5535_SDCARD_init
00029472                _EZDSP5535_SDCARD_read
000294a4                _EZDSP5535_SDCARD_write
000294d6                _EZDSP5535_SDCARD_close
0002959b                _free
00029667                _minit
000296cc                _malloc
000297c1                _realloc
00029972                _max_free
000299cc                _free_memory
00029a22                _chkheap
00029a2a                _calloc
00029a72                __divd
00029dbc                _strtoll
0002a0bd                _strtod
0002a37a                _strtold
0002a73a                __cleanup
0002a794                _freopen
0002a85d                _fopen
0002a898                __remull
0002a8e6                __remlli
0002a915                __mpylli
0002a9cd                __divull
0002aac1                __divlli
0002aaf6                __addd
0002ad4f                _strtoull
0002af9a                _strtol
0002b1a2                __neqd
0002b1d6                __lssd
0002b21e                __leqd
0002b26b                __gtrd
0002b2b6                __geqd
0002b300                __eqld
0002b334                __cmpd
0002b38c                _strtoul
0002b55d                _fputs
0002b692                _puts
0002b6c0                _scanf
0002b6fc                _fscanf
0002b821                _sd_test
0002b96e                __mpyd
0002baba                _setvbuf
0002bba0                __wrt_ok
0002bc20                __rd_ok
0002bc7d                __frcmpyd_div
0002bd45                __doflush
0002bdae                _fflush
0002be07                _writemsg
0002bebc                C$$IO$$
0002bec1                __buff_read
0002bf6f                _fputc
0002bf6f                _putc
0002c006                _putchar
0002c015                __divul
0002c0b6                _fgetc
0002c0b6                _getc
0002c142                _getchar
0002c151                _ungetc
0002c1eb                _ltoa
0002c268                _fclose
0002c2e3                __frcmpyd
0002c359                __remul
0002c3cb                __fixdli
0002c43a                _readmsg
0002c4a7                _fseek
0002c512                __fltlid
0002c579                _atoi
0002c5d5                _StopTest
0002c5d7                _main
0002c62a                _EZDSP5535_wait
0002c65e                _EZDSP5535_waitusec
0002c670                _EZDSP5535_init
0002c67e                _printf
0002c6ce                _auto_init
0002c71b                __args_main
0002c766                __remli
0002c7b1                __divli
0002c7f9                _memcpy
0002c838                _exit
0002c876                I$$DIV
0002c876                __divi
0002c895                I$$MOD
0002c895                __remi
0002c8b2                _c_int00
0002c8e6                __fixdi
0002c910                I$$UDIV
0002c910                __divu
0002c925                I$$UMOD
0002c925                __remu
0002c93a                _memccpy
0002c95d                ___isinf
0002c979                __subd
0002c98d                I$$LMPY
0002c98d                __mpyli
0002c9a0                __register_unlock
0002c9a8                __register_lock
0002c9b0                __nop
0002c9b2                __negd
0002c9c2                _remove
0002c9cc                _abort
0002c9cd                C$$EXIT
            00020000    __CIOBUF_
            00020120    ___cinit__
            00020120    cinit
0004fe00                _Reset
ffffffff                .bss
ffffffff                .data
ffffffff                .text
ffffffff                ___binit__
ffffffff                ___bss__
ffffffff                ___c_args__
ffffffff                ___data__
ffffffff                ___edata__
ffffffff                ___end__
ffffffff                ___etext__
ffffffff                ___pinit__
ffffffff                ___text__
ffffffff                binit
ffffffff                edata
ffffffff                end
ffffffff                etext
ffffffff                pinit

[244 symbols]
