******************************************************************************
              TMS320C55x Linker PC v4.3.2                      
******************************************************************************
>> Linked Thu Sep 03 14:56:43 2009

OUTPUT FILE NAME:   <5502_starter.out>
ENTRY POINT SYMBOL: "_c_int00"  address: 00000646


MEMORY CONFIGURATION

         name            origin    length      used     unused   attr    fill
                        (bytes)   (bytes)    (bytes)   (bytes)
----------------------  --------  ---------  --------  --------  ----  --------
  DARAM                 000000c0   0000fe40  00000710  0000f730  RWIX
  VECS                  0000ff00   00000100  00000100  00000000  RWIX
  CE0                   00010000   003f0000  00000000  003f0000  RWIX
  CE1                   00400000   00400000  00000000  00400000  RWIX
  CE2                   00800000   00400000  00000000  00400000  RWIX
  CE3                   00c00000   003f8000  00000000  003f8000  RWIX
  PDROM                 00ff8000   00007f00  00000000  00007f00  RWIX


SECTION ALLOCATION MAP
(Addresses surrounded by []'s are displayed for convenience only!)

output                                                          attributes/
section   page  orgn(bytes) orgn(words) len(bytes) len(words)   input sections
--------  ----  ----------- ----------- ---------- ----------   --------------
.stack       0   [ 000000c0 ]  00000060          *   00000200   UNINITIALIZED
                 [ 000000c0 ]  00000060          *   00000200   --HOLE--

.data        0   [ 000000c0 ]  00000060          *   00000000   UNINITIALIZED

.text        0     000004c0  [ 00000260 ] 000001d6          *   
                   000004c0  [ 00000260 ] 00000059          *   main.obj (.text)
                   00000519  [ 0000028c+] 00000057          *   pll.obj (.text)
                   00000570  [ 000002b8 ] 0000004d          *   rts55x.lib : autoinit.obj (.text)
                   000005bd  [ 000002de+] 0000004b          *              : args_main.obj (.text)
                   00000608  [ 00000304 ] 0000003e          *              : exit.obj (.text)
                   00000646  [ 00000323 ] 00000034          *              : boot.obj (.text)
                   0000067a  [ 0000033d ] 00000012          *              : _lock.obj (.text)
                   0000068c  [ 00000346 ] 00000007          *              : exit.obj (.text:CIO_breakpoint)
                   00000693  [ 00000349+] 00000002          *   vectors.obj (.text)
                   00000695  [ 0000034a ] 00000001          *   --HOLE-- [fill = 20]

.sysstack 
*            0   [ 00000698 ]  0000034c          *   00000080   UNINITIALIZED
                 [ 00000698 ]  0000034c          *   00000080   --HOLE--

.cinit       0   [ 00000798 ]  000003cc          *   00000015   
                 [ 00000798 ]  000003cc          *   0000000a   rts55x.lib : _lock.obj (.cinit)
                 [ 000007ac ]  000003d6          *   0000000a              : exit.obj (.cinit)
                 [ 000007c0 ]  000003e0          *   00000001   --HOLE-- [fill = 0]

.bss         0   [ 000007c4 ]  000003e2          *   00000008   UNINITIALIZED
                 [ 000007c4 ]  000003e2          *   00000004   rts55x.lib : _lock.obj (.bss)
                 [ 000007cc ]  000003e6          *   00000004              : exit.obj (.bss)

vectors      0     0000ff00  [ 00007f80 ] 00000100          *   
                   0000ff00  [ 00007f80 ] 00000100          *   vectors.obj (vectors)


GLOBAL SYMBOLS: SORTED ALPHABETICALLY BY Name 

abs. value/
byte addr   word addr   name
---------   ---------   ----
00000002                $TI_capability$C5500$CallingConvention
00000002                $TI_capability$C5500$MemoryModel
00000001                $TI_capability_requires_rev2
            000003e2    .bss
            00000060    .data
000004c0                .text
0000068d                C$$EXIT
0000ff00                _Reset
0000ff00                _VECSTART
            00000260    __STACK_END
00000400                __STACK_SIZE
00000100                __SYSSTACK_SIZE
ffffffff                ___binit__
            000003e2    ___bss__
ffffffff                ___c_args__
            000003cc    ___cinit__
            00000060    ___data__
            00000060    ___edata__
            000003ea    ___end__
00000696                ___etext__
ffffffff                ___pinit__
000004c0                ___text__
000005bd                __args_main
            000003e6    __cleanup_ptr
            000003e8    __dtors_ptr
            000003e2    __lock
0000068a                __nop
00000682                __register_lock
0000067a                __register_unlock
            00000060    __stack
            0000034c    __sysstack
            000003e4    __unlock
0000068c                _abort
00000570                _auto_init
00000646                _c_int00
00000608                _exit
00000519                _init_pll
000004c0                _main
ffffffff                binit
            000003cc    cinit
            00000060    edata
            000003ea    end
00000696                etext
0000ff10                int0
0000ff18                int1
0000ff60                int10
0000ff68                int11
0000ff70                int12
0000ff78                int13
0000ff80                int14
0000ff88                int15
0000ff90                int16
0000ff98                int17
0000ffa0                int18
0000ffa8                int19
0000ff20                int2
0000ffb0                int20
0000ffb8                int21
0000ffc0                int22
0000ffc8                int23
0000ffd0                int24
0000ffd8                int25
0000ffe0                int26
0000ffe8                int27
0000fff0                int28
0000fff8                int29
0000ff28                int3
0000ff30                int4
0000ff38                int5
0000ff40                int6
0000ff48                int7
0000ff50                int8
0000ff58                int9
0000ff08                nmi
00000693                no_isr
ffffffff                pinit


GLOBAL SYMBOLS: SORTED BY Symbol Address 

abs. value/
byte addr   word addr   name
---------   ---------   ----
00000001                $TI_capability_requires_rev2
00000002                $TI_capability$C5500$CallingConvention
00000002                $TI_capability$C5500$MemoryModel
            00000060    .data
            00000060    ___data__
            00000060    ___edata__
            00000060    __stack
            00000060    edata
00000100                __SYSSTACK_SIZE
00000400                __STACK_SIZE
000004c0                .text
            00000260    __STACK_END
000004c0                ___text__
000004c0                _main
00000519                _init_pll
00000570                _auto_init
000005bd                __args_main
00000608                _exit
00000646                _c_int00
0000067a                __register_unlock
00000682                __register_lock
0000068a                __nop
0000068c                _abort
0000068d                C$$EXIT
00000693                no_isr
00000696                ___etext__
00000696                etext
            0000034c    __sysstack
            000003cc    ___cinit__
            000003cc    cinit
            000003e2    .bss
            000003e2    ___bss__
            000003e2    __lock
            000003e4    __unlock
            000003e6    __cleanup_ptr
            000003e8    __dtors_ptr
            000003ea    ___end__
            000003ea    end
0000ff00                _Reset
0000ff00                _VECSTART
0000ff08                nmi
0000ff10                int0
0000ff18                int1
0000ff20                int2
0000ff28                int3
0000ff30                int4
0000ff38                int5
0000ff40                int6
0000ff48                int7
0000ff50                int8
0000ff58                int9
0000ff60                int10
0000ff68                int11
0000ff70                int12
0000ff78                int13
0000ff80                int14
0000ff88                int15
0000ff90                int16
0000ff98                int17
0000ffa0                int18
0000ffa8                int19
0000ffb0                int20
0000ffb8                int21
0000ffc0                int22
0000ffc8                int23
0000ffd0                int24
0000ffd8                int25
0000ffe0                int26
0000ffe8                int27
0000fff0                int28
0000fff8                int29
ffffffff                ___binit__
ffffffff                ___c_args__
ffffffff                ___pinit__
ffffffff                binit
ffffffff                pinit

[76 symbols]
