******************************************************************************
              TMS320C55x Linker PC v4.4.1                      
******************************************************************************
>> Linked Thu Aug 18 05:14:11 2016

OUTPUT FILE NAME:   <spiflash_writer.out>
ENTRY POINT SYMBOL: "_c_int00"  address: 000449fb


MEMORY CONFIGURATION

         name            origin    length      used     unused   attr    fill
                        (bytes)   (bytes)    (bytes)   (bytes)
----------------------  --------  ---------  --------  --------  ----  --------
PAGE 0:
  MMR                   00000000   000000c0  00000000  000000c0  RWIX
  DARAM0                000000c0   0000ff40  00005cfc  0000a244  RWIX
  SARAM0                00010000   00010000  00000000  00010000  RWIX
  SARAM1                00020000   00020000  0001ffff  00000001  RWIX
  SARAM2                00040000   0000fe00  00004b1b  0000b2e5  RWIX
  VECS                  0004fe00   00000200  00000100  00000100  RWIX
  PDROM                 00ff8000   00008000  00000000  00008000  R IX

PAGE 2:
  IOPORT                00000000   00020000  00000000  00020000  RWI 


SECTION ALLOCATION MAP
(Addresses surrounded by []'s are displayed for convenience only!)

output                                                          attributes/
section   page  orgn(bytes) orgn(words) len(bytes) len(words)   input sections
--------  ----  ----------- ----------- ---------- ----------   --------------
.pinit       0   [ 00040000 ]  00020000          *   00000000   UNINITIALIZED

.stack       0   [ 000000c0 ]  00000060          *   00001000   UNINITIALIZED
                 [ 000000c0 ]  00000060          *   00001000   --HOLE--

.data        0   [ 000000c0 ]  00000060          *   00000000   UNINITIALIZED

.sysstack 
*            0   [ 000020c0 ]  00001060          *   00000800   UNINITIALIZED
                 [ 000020c0 ]  00001060          *   00000800   --HOLE--

.bss.1       0   [ 000030c0 ]  00001860          *   00000380   UNINITIALIZED
                 [ 000030c0 ]  00001860          *   00000119   rts55x.lib : defs.obj (.bss)
                 [ 000032f2 ]  00001979          *   00000001   main.obj (.bss)
                 [ 000032f4 ]  0000197a          *   00000112   ezdsp5535bsl.lib : ezdsp5535_spiflash.obj (.bss)
                 [ 00003518 ]  00001a8c          *   000000d0   rts55x.lib : trgdrv.obj (.bss)
                 [ 000036b8 ]  00001b5c          *   00000071              : lowlev.obj (.bss)
                 [ 0000379a ]  00001bcd          *   00000001              : errno.obj (.bss)
                 [ 0000379c ]  00001bce          *   00000006              : memory.obj (.bss)
                 [ 000037a8 ]  00001bd4          *   00000004              : _lock.obj (.bss)
                 [ 000037b0 ]  00001bd8          *   00000004              : exit.obj (.bss)
                 [ 000037b8 ]  00001bdc          *   00000003   csl_spi.obj (.bss)
                 [ 000037be ]  00001bdf          *   00000001   rts55x.lib : fopen.obj (.bss)

.sysmem      0   [ 000037c0 ]  00001be0          *   00001000   UNINITIALIZED
                 [ 000037c0 ]  00001be0          *   00001000   --HOLE--

.const.1     0   [ 000057c0 ]  00002be0          *   00000101   
                 [ 000057c0 ]  00002be0          *   00000101   rts55x.lib : ctype.obj (.const:__ctypes_)

.const.2     0   [ 000059c4 ]  00002ce2          *   000000e1   
                 [ 000059c4 ]  00002ce2          *   000000e1   spiflash_writer.obj (.const:.string)

.const.3     0   [ 00005b88 ]  00002dc4          *   00000083   
                 [ 00005b88 ]  00002dc4          *   00000083   main.obj (.const:.string)

.const.4     0   [ 00005c90 ]  00002e48          *   00000095   
                 [ 00005c90 ]  00002e48          *   00000024   rts55x.lib : _printfi.obj (.const:.string)
                 [ 00005cd8 ]  00002e6c          *   00000014              : strtod.obj (.const:_digits)
                 [ 00005d00 ]  00002e80          *   00000014              : strtold.obj (.const:_digits)
                 [ 00005d28 ]  00002e94          *   0000000c              : strtod.obj (.const:_powerof10)
                 [ 00005d40 ]  00002ea0          *   0000000c              : strtold.obj (.const:_powerof10)
                 [ 00005d58 ]  00002eac          *   0000000c              : _printfi.obj (.const)
                 [ 00005d70 ]  00002eb8          *   00000008              : divd.obj (.const:_initial_approx$1)
                 [ 00005d80 ]  00002ec0          *   00000008              : strtod.obj (.const)
                 [ 00005d90 ]  00002ec8          *   00000008              : strtold.obj (.const)
                 [ 00005da0 ]  00002ed0          *   00000007              : _scanfi.obj (.const:_flit$1)
                 [ 00005dae ]  00002ed7          *   00000006              : _scanfi.obj (.const:_barr$2)

.const.5     0   [ 00005dbc ]  00002ede          *   00000004   
                 [ 00005dbc ]  00002ede          *   00000002   rts55x.lib : fputs.obj (.const:.string)
                 [ 00005dc0 ]  00002ee0          *   00000002              : fltlid.obj (.const)

.bss.2       0   [ 00020000 ]  00010000          *   0000ec60   UNINITIALIZED
                 [ 00020000 ]  00010000          *   0000ec60   spiflash_writer.obj (.bss)

.text.1      0     0003d8c0  [ 0001ec60 ] 0000273f          *   
                   0003d8c0  [ 0001ec60 ] 000015a4          *   rts55x.lib : _printfi.obj (.text)
                   0003ee64  [ 0001f732 ] 00000edb          *              : _scanfi.obj (.text)
                   0003fd3f  [ 0001fe9f+] 000002bd          *              : strtod.obj (.text)
                   0003fffc  [ 0001fffe ] 00000002          *              : vectors.obj (.text)
                   0003fffe  [ 0001ffff ] 00000001          *   --HOLE-- [fill = 20]

.cio         0   [ 00040000 ]  00020000          *   00000120   UNINITIALIZED
                 [ 00040000 ]  00020000          *   00000120   rts55x.lib : trgmsg.obj (.cio)

.cinit       0   [ 00040240 ]  00020120          *   0000007c   
                 [ 00040240 ]  00020120          *   0000002d   rts55x.lib : lowlev.obj (.cinit)
                 [ 0004029a ]  0002014d          *   0000002a              : defs.obj (.cinit)
                 [ 000402ee ]  00020177          *   0000000a              : _lock.obj (.cinit)
                 [ 00040302 ]  00020181          *   0000000a              : exit.obj (.cinit)
                 [ 00040316 ]  0002018b          *   00000004   main.obj (.cinit)
                 [ 0004031e ]  0002018f          *   00000004   rts55x.lib : errno.obj (.cinit)
                 [ 00040326 ]  00020193          *   00000004              : fopen.obj (.cinit)
                 [ 0004032e ]  00020197          *   00000004              : memory.obj (.cinit)
                 [ 00040336 ]  0002019b          *   00000001   --HOLE-- [fill = 0]

.text.2      0     00040338  [ 0002019c ] 000047e3          *   
                   00040338  [ 0002019c ] 000005b4          *   csl_spi.obj (.text)
                   000408ec  [ 00020476 ] 00000543          *   rts55x.lib : lowlev.obj (.text)
                   00040e2f  [ 00020717+] 00000528          *              : trgdrv.obj (.text)
                   00041357  [ 000209ab+] 000004b5          *              : memory.obj (.text)
                   0004180c  [ 00020c06 ] 000003cc          *              : divd.obj (.text)
                   00041bd8  [ 00020dec ] 000003be          *   ezdsp5535bsl.lib : ezdsp5535_spiflash.obj (.text)
                   00041f96  [ 00020fcb ] 00000301          *   rts55x.lib : strtoll.obj (.text)
                   00042297  [ 0002114b+] 0000029f          *              : strtold.obj (.text)
                   00042536  [ 0002129b ] 0000027f          *              : fopen.obj (.text)
                   000427b5  [ 000213da+] 0000025e          *              : llmpy.obj (.text)
                   00042a13  [ 00021509+] 0000025a          *              : addd.obj (.text)
                   00042c6d  [ 00021636+] 0000024b          *              : strtoull.obj (.text)
                   00042eb8  [ 0002175c ] 0000022f          *   spiflash_writer.obj (.text)
                   000430e7  [ 00021873+] 00000208          *   rts55x.lib : strtol.obj (.text)
                   000432ef  [ 00021977+] 000001ea          *              : cmpd.obj (.text)
                   000434d9  [ 00021a6c+] 000001d1          *              : strtoul.obj (.text)
                   000436aa  [ 00021b55 ] 00000163          *              : fputs.obj (.text)
                   0004380d  [ 00021c06+] 00000161          *              : fscanf.obj (.text)
                   0004396e  [ 00021cb7 ] 0000014c          *              : mpyd.obj (.text)
                   00043aba  [ 00021d5d ] 0000010f          *              : fread.obj (.text)
                   00043bc9  [ 00021de4+] 000000e6          *              : setvbuf.obj (.text)
                   00043caf  [ 00021e57+] 000000dd          *              : _io_perm.obj (.text)
                   00043d8c  [ 00021ec6 ] 000000c2          *              : fflush.obj (.text)
                   00043e4e  [ 00021f27 ] 000000ba          *              : trgmsg.obj (.text:CIO_breakpoint)
                   00043f08  [ 00021f84 ] 000000ae          *              : _bufread.obj (.text)
                   00043fb6  [ 00021fdb ] 000000a6          *              : fputc.obj (.text)
                   0004405c  [ 0002202e ] 000000a1          *              : divul.obj (.text)
                   000440fd  [ 0002207e+] 0000009b          *              : fgetc.obj (.text)
                   00044198  [ 000220cc ] 0000009a          *              : ungetc.obj (.text)
                   00044232  [ 00022119 ] 0000007d          *              : ltoa.obj (.text)
                   000442af  [ 00022157+] 0000007b          *              : fclose.obj (.text)
                   0004432a  [ 00022195 ] 00000076          *              : frcmpyd.obj (.text)
                   000443a0  [ 000221d0 ] 00000074          *   main.obj (.text)
                   00044414  [ 0002220a ] 00000073          *   rts55x.lib : frcmpyd_div.obj (.text)
                   00044487  [ 00022243+] 00000072          *              : remul.obj (.text)
                   000444f9  [ 0002227c+] 00000070          *              : ftell.obj (.text)
                   00044569  [ 000222b4+] 0000006f          *              : fixdli.obj (.text)
                   000445d8  [ 000222ec ] 0000006d          *              : trgmsg.obj (.text)
                   00044645  [ 00022322+] 0000006b          *              : fseek.obj (.text)
                   000446b0  [ 00022358 ] 00000067          *              : fltlid.obj (.text)
                   00044717  [ 0002238b+] 0000005c          *              : atoi.obj (.text)
                   00044773  [ 000223b9+] 00000054          *   ezdsp5535bsl.lib : ezdsp5535.obj (.text)
                   000447c7  [ 000223e3+] 00000050          *   rts55x.lib : printf.obj (.text)
                   00044817  [ 0002240b+] 0000004d          *              : autoinit.obj (.text)
                   00044864  [ 00022432 ] 0000004b          *              : args_main.obj (.text)
                   000448af  [ 00022457+] 0000004b          *              : remli.obj (.text)
                   000448fa  [ 0002247d ] 00000048          *              : divli.obj (.text)
                   00044942  [ 000224a1 ] 0000003f          *              : memcpy.obj (.text)
                   00044981  [ 000224c0+] 0000003e          *              : exit.obj (.text)
                   000449bf  [ 000224df+] 0000003c          *              : idiv.obj (.text)
                   000449fb  [ 000224fd+] 00000034          *              : boot.obj (.text)
                   00044a2f  [ 00022517+] 0000002a          *              : fixdi.obj (.text)
                   00044a59  [ 0002252c+] 0000002a          *              : udiv.obj (.text)
                   00044a83  [ 00022541+] 00000023          *              : memccpy.obj (.text)
                   00044aa6  [ 00022553 ] 0000001a          *              : isinf.obj (.text)
                   00044ac0  [ 00022560 ] 00000014          *              : subd.obj (.text)
                   00044ad4  [ 0002256a ] 00000013          *              : lmpy.obj (.text)
                   00044ae7  [ 00022573+] 00000012          *              : _lock.obj (.text)
                   00044af9  [ 0002257c+] 00000010          *              : negd.obj (.text)
                   00044b09  [ 00022584+] 0000000a          *              : remove.obj (.text)
                   00044b13  [ 00022589+] 00000007          *              : exit.obj (.text:CIO_breakpoint)
                   00044b1a  [ 0002258d ] 00000001          *   --HOLE-- [fill = 20]

vectors      0     0004fe00  [ 00027f00 ] 00000100          *   
                   0004fe00  [ 00027f00 ] 00000100          *   rts55x.lib : vectors.obj (vectors)


GLOBAL SYMBOLS: SORTED ALPHABETICALLY BY Name 

abs. value/
byte addr   word addr   name
---------   ---------   ----
00000002                $TI_capability$C5500$CallingConvention
00000002                $TI_capability$C5500$MemoryModel
00000001                $TI_capability_requires_rev3
ffffffff                .bss
ffffffff                .data
ffffffff                .text
00044b14                C$$EXIT
00043f03                C$$IO$$
000449bf                I$$DIV
00044ad4                I$$LMPY
000449de                I$$MOD
00044a59                I$$UDIV
00044a6e                I$$UMOD
00041c7b                _EZDSP5535_SPIFLASH_erase
00041bd8                _EZDSP5535_SPIFLASH_init
00041d7f                _EZDSP5535_SPIFLASH_read
00041c39                _EZDSP5535_SPIFLASH_status
00041e30                _EZDSP5535_SPIFLASH_write
000447b9                _EZDSP5535_init
00044773                _EZDSP5535_wait
000447a7                _EZDSP5535_waitusec
000412f9                _HOSTclock
0004128e                _HOSTclose
000411d9                _HOSTlseek
0004113a                _HOSTopen
000410ad                _HOSTread
00040fff                _HOSTrename
00040fa1                _HOSTtime
00040f37                _HOSTunlink
00040eaa                _HOSTwrite
0004fe00                _Reset
000403cd                _SPI_close
000403f9                _SPI_config
00040879                _SPI_dataTransaction
0004067f                _SPI_deInit
00040338                _SPI_init
00040399                _SPI_open
000406ab                _SPI_read
0004078d                _SPI_write
000443a0                _StopTest
            00001979    _TestFail
            00020000    __CIOBUF_
            00001060    __STACK_END
00002000                __STACK_SIZE
00002000                __SYSMEM_SIZE
00001000                __SYSSTACK_SIZE
00000001                __TI_args_main
ffffffff                ___binit__
ffffffff                ___bss__
ffffffff                ___c_args__
            00020120    ___cinit__
ffffffff                ___data__
ffffffff                ___edata__
ffffffff                ___end__
ffffffff                ___etext__
00044aa6                ___isinf
ffffffff                ___pinit__
ffffffff                ___text__
00042a13                __addd
00044864                __args_main
00043f08                __buff_read
00042657                __cleanup
            00001bd8    __cleanup_ptr
00043481                __cmpd
            00002be0    __ctypes_
0004180c                __divd
000449bf                __divi
000448fa                __divli
000429de                __divlli
00044a59                __divu
0004405c                __divul
000428ea                __divull
00043d8c                __doflush
            00001bda    __dtors_ptr
0004344d                __eqld
00044a2f                __fixdi
00044569                __fixdli
000446b0                __fltlid
0004432a                __frcmpyd
00044414                __frcmpyd_div
            00001978    __ft_end
            00001860    __ftable
00043403                __geqd
000433b8                __gtrd
0004336b                __leqd
            00001bd4    __lock
00043323                __lssd
0004396e                __mpyd
00044ad4                __mpyli
00042832                __mpylli
00044af9                __negd
000432ef                __neqd
00044af7                __nop
0003ec22                __printfi
00043d2f                __rd_ok
00044aef                __register_lock
00044ae7                __register_unlock
000449de                __remi
000448af                __remli
00042803                __remlli
00044a6e                __remu
00044487                __remul
000427b5                __remull
0003f837                __scanfi
            00000060    __stack
00044ac0                __subd
            00001be0    __sys_memory
            00001060    __sysstack
            000018d8    __tmpnams
            00001bd6    __unlock
00043caf                __wrt_ok
00044b13                _abort
00040d3f                _add_device
00044717                _atoi
00044817                _auto_init
            00010000    _bootImage
000449fb                _c_int00
000417e6                _calloc
000417de                _chkheap
00040ccc                _close
            00001bcd    _errno
00044981                _exit
000442af                _fclose
00043df5                _fflush
000440fd                _fgetc
            0001eb60    _fileName
00040cc3                _find_registered_device
0004277a                _fopen
00043fb6                _fputc
000436aa                _fputs
00043aba                _fread
00041357                _free
00041788                _free_memory
000426b1                _freopen
00043849                _fscanf
00044645                _fseek
000444f9                _ftell
000440fd                _getc
00044189                _getchar
00040e2f                _getenv
            00001a8a    _hSpi
00040c5d                _lseek
00044232                _ltoa
000443a2                _main
00041488                _malloc
0004172e                _max_free
00044a83                _memccpy
00044942                _memcpy
00041423                _minit
00040b9e                _open
000447c7                _printf
00043fb6                _putc
0004404d                _putchar
000437df                _puts
00040af0                _read
000445d8                _readmsg
0004157d                _realloc
00044b09                _remove
00040aba                _remove_device
00040a61                _rename
0004380d                _scanf
00043bc9                _setvbuf
00042eb8                _spiflash_writer
0003fd3f                _strtod
000430e7                _strtol
00042297                _strtold
00041f96                _strtoll
000434d9                _strtoul
00042c6d                _strtoull
00044198                _ungetc
00040a2e                _unlink
000408ec                _write
00043e4e                _writemsg
ffffffff                binit
            00020120    cinit
ffffffff                edata
ffffffff                end
ffffffff                etext
ffffffff                pinit


GLOBAL SYMBOLS: SORTED BY Symbol Address 

abs. value/
byte addr   word addr   name
---------   ---------   ----
00000001                $TI_capability_requires_rev3
00000001                __TI_args_main
00000002                $TI_capability$C5500$CallingConvention
00000002                $TI_capability$C5500$MemoryModel
            00000060    __stack
00001000                __SYSSTACK_SIZE
00002000                __STACK_SIZE
00002000                __SYSMEM_SIZE
            00001060    __STACK_END
            00001060    __sysstack
            00001860    __ftable
            000018d8    __tmpnams
            00001978    __ft_end
            00001979    _TestFail
            00001a8a    _hSpi
            00001bcd    _errno
            00001bd4    __lock
            00001bd6    __unlock
            00001bd8    __cleanup_ptr
            00001bda    __dtors_ptr
            00001be0    __sys_memory
            00002be0    __ctypes_
            00010000    _bootImage
            0001eb60    _fileName
0003ec22                __printfi
0003f837                __scanfi
0003fd3f                _strtod
            00020000    __CIOBUF_
            00020120    ___cinit__
            00020120    cinit
00040338                _SPI_init
00040399                _SPI_open
000403cd                _SPI_close
000403f9                _SPI_config
0004067f                _SPI_deInit
000406ab                _SPI_read
0004078d                _SPI_write
00040879                _SPI_dataTransaction
000408ec                _write
00040a2e                _unlink
00040a61                _rename
00040aba                _remove_device
00040af0                _read
00040b9e                _open
00040c5d                _lseek
00040cc3                _find_registered_device
00040ccc                _close
00040d3f                _add_device
00040e2f                _getenv
00040eaa                _HOSTwrite
00040f37                _HOSTunlink
00040fa1                _HOSTtime
00040fff                _HOSTrename
000410ad                _HOSTread
0004113a                _HOSTopen
000411d9                _HOSTlseek
0004128e                _HOSTclose
000412f9                _HOSTclock
00041357                _free
00041423                _minit
00041488                _malloc
0004157d                _realloc
0004172e                _max_free
00041788                _free_memory
000417de                _chkheap
000417e6                _calloc
0004180c                __divd
00041bd8                _EZDSP5535_SPIFLASH_init
00041c39                _EZDSP5535_SPIFLASH_status
00041c7b                _EZDSP5535_SPIFLASH_erase
00041d7f                _EZDSP5535_SPIFLASH_read
00041e30                _EZDSP5535_SPIFLASH_write
00041f96                _strtoll
00042297                _strtold
00042657                __cleanup
000426b1                _freopen
0004277a                _fopen
000427b5                __remull
00042803                __remlli
00042832                __mpylli
000428ea                __divull
000429de                __divlli
00042a13                __addd
00042c6d                _strtoull
00042eb8                _spiflash_writer
000430e7                _strtol
000432ef                __neqd
00043323                __lssd
0004336b                __leqd
000433b8                __gtrd
00043403                __geqd
0004344d                __eqld
00043481                __cmpd
000434d9                _strtoul
000436aa                _fputs
000437df                _puts
0004380d                _scanf
00043849                _fscanf
0004396e                __mpyd
00043aba                _fread
00043bc9                _setvbuf
00043caf                __wrt_ok
00043d2f                __rd_ok
00043d8c                __doflush
00043df5                _fflush
00043e4e                _writemsg
00043f03                C$$IO$$
00043f08                __buff_read
00043fb6                _fputc
00043fb6                _putc
0004404d                _putchar
0004405c                __divul
000440fd                _fgetc
000440fd                _getc
00044189                _getchar
00044198                _ungetc
00044232                _ltoa
000442af                _fclose
0004432a                __frcmpyd
000443a0                _StopTest
000443a2                _main
00044414                __frcmpyd_div
00044487                __remul
000444f9                _ftell
00044569                __fixdli
000445d8                _readmsg
00044645                _fseek
000446b0                __fltlid
00044717                _atoi
00044773                _EZDSP5535_wait
000447a7                _EZDSP5535_waitusec
000447b9                _EZDSP5535_init
000447c7                _printf
00044817                _auto_init
00044864                __args_main
000448af                __remli
000448fa                __divli
00044942                _memcpy
00044981                _exit
000449bf                I$$DIV
000449bf                __divi
000449de                I$$MOD
000449de                __remi
000449fb                _c_int00
00044a2f                __fixdi
00044a59                I$$UDIV
00044a59                __divu
00044a6e                I$$UMOD
00044a6e                __remu
00044a83                _memccpy
00044aa6                ___isinf
00044ac0                __subd
00044ad4                I$$LMPY
00044ad4                __mpyli
00044ae7                __register_unlock
00044aef                __register_lock
00044af7                __nop
00044af9                __negd
00044b09                _remove
00044b13                _abort
00044b14                C$$EXIT
0004fe00                _Reset
ffffffff                .bss
ffffffff                .data
ffffffff                .text
ffffffff                ___binit__
ffffffff                ___bss__
ffffffff                ___c_args__
ffffffff                ___data__
ffffffff                ___edata__
ffffffff                ___end__
ffffffff                ___etext__
ffffffff                ___pinit__
ffffffff                ___text__
ffffffff                binit
ffffffff                edata
ffffffff                end
ffffffff                etext
ffffffff                pinit

[179 symbols]
