<?xml version="1.0"?>
<link_info>
   <banner>TMS320C55x Linker PC v4.4.1</banner>
   <copyright>Copyright (c) 1996-2012 Texas Instruments Incorporated</copyright>
   <link_time>0x5b9244c9</link_time>
   <output_file>test.out</output_file>
   <entry_point>
      <name>_c_int00</name>
      <address>0x433e0</address>
   </entry_point>
   <input_file_list>
      <input_file id="fl-2">
         <path>.\</path>
         <kind>object</kind>
         <file>aic_test_i2c.obj</file>
         <name>aic_test_i2c.obj</name>
      </input_file>
      <input_file id="fl-3">
         <path>.\</path>
         <kind>object</kind>
         <file>dma.obj</file>
         <name>dma.obj</name>
      </input_file>
      <input_file id="fl-4">
         <path>.\</path>
         <kind>object</kind>
         <file>i2s.obj</file>
         <name>i2s.obj</name>
      </input_file>
      <input_file id="fl-5">
         <path>.\</path>
         <kind>object</kind>
         <file>i2s_register.obj</file>
         <name>i2s_register.obj</name>
      </input_file>
      <input_file id="fl-6">
         <path>.\</path>
         <kind>object</kind>
         <file>rtc.obj</file>
         <name>rtc.obj</name>
      </input_file>
      <input_file id="fl-7">
         <path>.\</path>
         <kind>object</kind>
         <file>timer.obj</file>
         <name>timer.obj</name>
      </input_file>
      <input_file id="fl-8">
         <path>.\FreeRTOS\Demo\Common\Minimal\</path>
         <kind>object</kind>
         <file>PollQ.obj</file>
         <name>PollQ.obj</name>
      </input_file>
      <input_file id="fl-9">
         <path>.\FreeRTOS\Demo\Common\Minimal\</path>
         <kind>object</kind>
         <file>QPeek.obj</file>
         <name>QPeek.obj</name>
      </input_file>
      <input_file id="fl-a">
         <path>.\FreeRTOS\Demo\Common\Minimal\</path>
         <kind>object</kind>
         <file>blocktim.obj</file>
         <name>blocktim.obj</name>
      </input_file>
      <input_file id="fl-b">
         <path>.\FreeRTOS\Demo\Common\Minimal\</path>
         <kind>object</kind>
         <file>crhook.obj</file>
         <name>crhook.obj</name>
      </input_file>
      <input_file id="fl-c">
         <path>.\FreeRTOS\Demo\Common\Minimal\</path>
         <kind>object</kind>
         <file>death.obj</file>
         <name>death.obj</name>
      </input_file>
      <input_file id="fl-d">
         <path>.\FreeRTOS\Demo\Common\Minimal\</path>
         <kind>object</kind>
         <file>dynamic.obj</file>
         <name>dynamic.obj</name>
      </input_file>
      <input_file id="fl-e">
         <path>.\FreeRTOS\Demo\Common\Minimal\</path>
         <kind>object</kind>
         <file>flash.obj</file>
         <name>flash.obj</name>
      </input_file>
      <input_file id="fl-f">
         <path>.\FreeRTOS\Demo\Common\Minimal\</path>
         <kind>object</kind>
         <file>flop.obj</file>
         <name>flop.obj</name>
      </input_file>
      <input_file id="fl-10">
         <path>.\FreeRTOS\Demo\Common\Minimal\</path>
         <kind>object</kind>
         <file>integer.obj</file>
         <name>integer.obj</name>
      </input_file>
      <input_file id="fl-11">
         <path>.\FreeRTOS\Demo\Common\Minimal\</path>
         <kind>object</kind>
         <file>semtest.obj</file>
         <name>semtest.obj</name>
      </input_file>
      <input_file id="fl-12">
         <path>.\FreeRTOS\Demo\c5515_CCS\ParTest\</path>
         <kind>object</kind>
         <file>ParTest.obj</file>
         <name>ParTest.obj</name>
      </input_file>
      <input_file id="fl-13">
         <path>.\FreeRTOS\Demo\c5515_CCS\</path>
         <kind>object</kind>
         <file>main.obj</file>
         <name>main.obj</name>
      </input_file>
      <input_file id="fl-14">
         <path>.\FreeRTOS\Source\</path>
         <kind>object</kind>
         <file>croutine.obj</file>
         <name>croutine.obj</name>
      </input_file>
      <input_file id="fl-15">
         <path>.\FreeRTOS\Source\</path>
         <kind>object</kind>
         <file>list.obj</file>
         <name>list.obj</name>
      </input_file>
      <input_file id="fl-16">
         <path>.\FreeRTOS\Source\</path>
         <kind>object</kind>
         <file>queue.obj</file>
         <name>queue.obj</name>
      </input_file>
      <input_file id="fl-17">
         <path>.\FreeRTOS\Source\</path>
         <kind>object</kind>
         <file>tasks.obj</file>
         <name>tasks.obj</name>
      </input_file>
      <input_file id="fl-18">
         <path>.\FreeRTOS\Source\portable\CCS\c55x\</path>
         <kind>object</kind>
         <file>port.obj</file>
         <name>port.obj</name>
      </input_file>
      <input_file id="fl-19">
         <path>.\FreeRTOS\Source\portable\CCS\c55x\</path>
         <kind>object</kind>
         <file>portASM.obj</file>
         <name>portASM.obj</name>
      </input_file>
      <input_file id="fl-1a">
         <path>.\FreeRTOS\Source\portable\MemMang\</path>
         <kind>object</kind>
         <file>heap_1.obj</file>
         <name>heap_1.obj</name>
      </input_file>
      <input_file id="fl-1b">
         <path>.\c5535_bsl_revc\ezdsp5535_v1\boot_post_SDcard\boot_post\</path>
         <kind>object</kind>
         <file>mem_test.obj</file>
         <name>mem_test.obj</name>
      </input_file>
      <input_file id="fl-1c">
         <path>.\c5535_bsl_revc\ezdsp5535_v1\boot_post_SDcard\boot_post\</path>
         <kind>object</kind>
         <file>oled_test.obj</file>
         <name>oled_test.obj</name>
      </input_file>
      <input_file id="fl-1d">
         <path>.\c5535_bsl_revc\ezdsp5535_v1\boot_post_SDcard\boot_post\</path>
         <kind>object</kind>
         <file>spiflash_test.obj</file>
         <name>spiflash_test.obj</name>
      </input_file>
      <input_file id="fl-1e">
         <path>.\c5535_bsl_revc\ezdsp5535_v1\c55xx_csl\src\</path>
         <kind>object</kind>
         <file>csl_audioClass.obj</file>
         <name>csl_audioClass.obj</name>
      </input_file>
      <input_file id="fl-1f">
         <path>.\c5535_bsl_revc\ezdsp5535_v1\c55xx_csl\src\</path>
         <kind>object</kind>
         <file>csl_cdc.obj</file>
         <name>csl_cdc.obj</name>
      </input_file>
      <input_file id="fl-20">
         <path>.\c5535_bsl_revc\ezdsp5535_v1\c55xx_csl\src\</path>
         <kind>object</kind>
         <file>csl_dat.obj</file>
         <name>csl_dat.obj</name>
      </input_file>
      <input_file id="fl-21">
         <path>.\c5535_bsl_revc\ezdsp5535_v1\c55xx_csl\src\</path>
         <kind>object</kind>
         <file>csl_dma.obj</file>
         <name>csl_dma.obj</name>
      </input_file>
      <input_file id="fl-22">
         <path>.\c5535_bsl_revc\ezdsp5535_v1\c55xx_csl\src\</path>
         <kind>object</kind>
         <file>csl_gpio.obj</file>
         <name>csl_gpio.obj</name>
      </input_file>
      <input_file id="fl-23">
         <path>.\c5535_bsl_revc\ezdsp5535_v1\c55xx_csl\src\</path>
         <kind>object</kind>
         <file>csl_gpt.obj</file>
         <name>csl_gpt.obj</name>
      </input_file>
      <input_file id="fl-24">
         <path>.\c5535_bsl_revc\ezdsp5535_v1\c55xx_csl\src\</path>
         <kind>object</kind>
         <file>csl_i2c.obj</file>
         <name>csl_i2c.obj</name>
      </input_file>
      <input_file id="fl-25">
         <path>.\c5535_bsl_revc\ezdsp5535_v1\c55xx_csl\src\</path>
         <kind>object</kind>
         <file>csl_i2s.obj</file>
         <name>csl_i2s.obj</name>
      </input_file>
      <input_file id="fl-26">
         <path>.\c5535_bsl_revc\ezdsp5535_v1\c55xx_csl\src\</path>
         <kind>object</kind>
         <file>csl_intc.obj</file>
         <name>csl_intc.obj</name>
      </input_file>
      <input_file id="fl-27">
         <path>.\c5535_bsl_revc\ezdsp5535_v1\c55xx_csl\src\</path>
         <kind>object</kind>
         <file>csl_irqplug.obj</file>
         <name>csl_irqplug.obj</name>
      </input_file>
      <input_file id="fl-28">
         <path>.\c5535_bsl_revc\ezdsp5535_v1\c55xx_csl\src\</path>
         <kind>object</kind>
         <file>csl_lcdc.obj</file>
         <name>csl_lcdc.obj</name>
      </input_file>
      <input_file id="fl-29">
         <path>.\c5535_bsl_revc\ezdsp5535_v1\c55xx_csl\src\</path>
         <kind>object</kind>
         <file>csl_mem.obj</file>
         <name>csl_mem.obj</name>
      </input_file>
      <input_file id="fl-2a">
         <path>.\c5535_bsl_revc\ezdsp5535_v1\c55xx_csl\src\</path>
         <kind>object</kind>
         <file>csl_mmcsd.obj</file>
         <name>csl_mmcsd.obj</name>
      </input_file>
      <input_file id="fl-2b">
         <path>.\c5535_bsl_revc\ezdsp5535_v1\c55xx_csl\src\</path>
         <kind>object</kind>
         <file>csl_mmcsd_ataIf.obj</file>
         <name>csl_mmcsd_ataIf.obj</name>
      </input_file>
      <input_file id="fl-2c">
         <path>.\c5535_bsl_revc\ezdsp5535_v1\c55xx_csl\src\</path>
         <kind>object</kind>
         <file>csl_msc.obj</file>
         <name>csl_msc.obj</name>
      </input_file>
      <input_file id="fl-2d">
         <path>.\c5535_bsl_revc\ezdsp5535_v1\c55xx_csl\src\</path>
         <kind>object</kind>
         <file>csl_nand.obj</file>
         <name>csl_nand.obj</name>
      </input_file>
      <input_file id="fl-2e">
         <path>.\c5535_bsl_revc\ezdsp5535_v1\c55xx_csl\src\</path>
         <kind>object</kind>
         <file>csl_pll.obj</file>
         <name>csl_pll.obj</name>
      </input_file>
      <input_file id="fl-2f">
         <path>.\c5535_bsl_revc\ezdsp5535_v1\c55xx_csl\src\</path>
         <kind>object</kind>
         <file>csl_rtc.obj</file>
         <name>csl_rtc.obj</name>
      </input_file>
      <input_file id="fl-30">
         <path>.\c5535_bsl_revc\ezdsp5535_v1\c55xx_csl\src\</path>
         <kind>object</kind>
         <file>csl_sar.obj</file>
         <name>csl_sar.obj</name>
      </input_file>
      <input_file id="fl-31">
         <path>.\c5535_bsl_revc\ezdsp5535_v1\c55xx_csl\src\</path>
         <kind>object</kind>
         <file>csl_sdio.obj</file>
         <name>csl_sdio.obj</name>
      </input_file>
      <input_file id="fl-32">
         <path>.\c5535_bsl_revc\ezdsp5535_v1\c55xx_csl\src\</path>
         <kind>object</kind>
         <file>csl_spi.obj</file>
         <name>csl_spi.obj</name>
      </input_file>
      <input_file id="fl-33">
         <path>.\c5535_bsl_revc\ezdsp5535_v1\c55xx_csl\src\</path>
         <kind>object</kind>
         <file>csl_uart.obj</file>
         <name>csl_uart.obj</name>
      </input_file>
      <input_file id="fl-34">
         <path>.\c5535_bsl_revc\ezdsp5535_v1\c55xx_csl\src\</path>
         <kind>object</kind>
         <file>csl_usb.obj</file>
         <name>csl_usb.obj</name>
      </input_file>
      <input_file id="fl-35">
         <path>.\c5535_bsl_revc\ezdsp5535_v1\c55xx_csl\src\</path>
         <kind>object</kind>
         <file>csl_wdt.obj</file>
         <name>csl_wdt.obj</name>
      </input_file>
      <input_file id="fl-36">
         <path>.\c5535_bsl_revc\ezdsp5535_v1\c55xx_csl\src\</path>
         <kind>object</kind>
         <file>vectors.obj</file>
         <name>vectors.obj</name>
      </input_file>
      <input_file id="fl-37">
         <path>.\c5535_bsl_revc\ezdsp5535_v1\lib\bsl\</path>
         <kind>object</kind>
         <file>ezdsp5535.obj</file>
         <name>ezdsp5535.obj</name>
      </input_file>
      <input_file id="fl-38">
         <path>.\c5535_bsl_revc\ezdsp5535_v1\lib\bsl\</path>
         <kind>object</kind>
         <file>ezdsp5535_gpio.obj</file>
         <name>ezdsp5535_gpio.obj</name>
      </input_file>
      <input_file id="fl-39">
         <path>.\c5535_bsl_revc\ezdsp5535_v1\lib\bsl\</path>
         <kind>object</kind>
         <file>ezdsp5535_i2c.obj</file>
         <name>ezdsp5535_i2c.obj</name>
      </input_file>
      <input_file id="fl-3a">
         <path>.\c5535_bsl_revc\ezdsp5535_v1\lib\bsl\</path>
         <kind>object</kind>
         <file>ezdsp5535_i2s.obj</file>
         <name>ezdsp5535_i2s.obj</name>
      </input_file>
      <input_file id="fl-3b">
         <path>.\c5535_bsl_revc\ezdsp5535_v1\lib\bsl\</path>
         <kind>object</kind>
         <file>ezdsp5535_lcd.obj</file>
         <name>ezdsp5535_lcd.obj</name>
      </input_file>
      <input_file id="fl-3c">
         <path>.\c5535_bsl_revc\ezdsp5535_v1\lib\bsl\</path>
         <kind>object</kind>
         <file>ezdsp5535_led.obj</file>
         <name>ezdsp5535_led.obj</name>
      </input_file>
      <input_file id="fl-3d">
         <path>.\c5535_bsl_revc\ezdsp5535_v1\lib\bsl\</path>
         <kind>object</kind>
         <file>ezdsp5535_sar.obj</file>
         <name>ezdsp5535_sar.obj</name>
      </input_file>
      <input_file id="fl-3e">
         <path>.\c5535_bsl_revc\ezdsp5535_v1\lib\bsl\</path>
         <kind>object</kind>
         <file>ezdsp5535_sdcard.obj</file>
         <name>ezdsp5535_sdcard.obj</name>
      </input_file>
      <input_file id="fl-3f">
         <path>.\c5535_bsl_revc\ezdsp5535_v1\lib\bsl\</path>
         <kind>object</kind>
         <file>ezdsp5535_spiflash.obj</file>
         <name>ezdsp5535_spiflash.obj</name>
      </input_file>
      <input_file id="fl-40">
         <path>.\c5535_bsl_revc\ezdsp5535_v1\lib\bsl\</path>
         <kind>object</kind>
         <file>ezdsp5535_uart.obj</file>
         <name>ezdsp5535_uart.obj</name>
      </input_file>
      <input_file id="fl-58">
         <path>F:\ti\ccs8p1\ccsv8\tools\compiler\alt-install-ti-cgt-c55x_4.4.1\lib\</path>
         <kind>archive</kind>
         <file>rts55x.lib</file>
         <name>addd.obj</name>
      </input_file>
      <input_file id="fl-59">
         <path>F:\ti\ccs8p1\ccsv8\tools\compiler\alt-install-ti-cgt-c55x_4.4.1\lib\</path>
         <kind>archive</kind>
         <file>rts55x.lib</file>
         <name>boot.obj</name>
      </input_file>
      <input_file id="fl-5a">
         <path>F:\ti\ccs8p1\ccsv8\tools\compiler\alt-install-ti-cgt-c55x_4.4.1\lib\</path>
         <kind>archive</kind>
         <file>rts55x.lib</file>
         <name>cmpd.obj</name>
      </input_file>
      <input_file id="fl-5b">
         <path>F:\ti\ccs8p1\ccsv8\tools\compiler\alt-install-ti-cgt-c55x_4.4.1\lib\</path>
         <kind>archive</kind>
         <file>rts55x.lib</file>
         <name>divd.obj</name>
      </input_file>
      <input_file id="fl-5c">
         <path>F:\ti\ccs8p1\ccsv8\tools\compiler\alt-install-ti-cgt-c55x_4.4.1\lib\</path>
         <kind>archive</kind>
         <file>rts55x.lib</file>
         <name>divli.obj</name>
      </input_file>
      <input_file id="fl-5d">
         <path>F:\ti\ccs8p1\ccsv8\tools\compiler\alt-install-ti-cgt-c55x_4.4.1\lib\</path>
         <kind>archive</kind>
         <file>rts55x.lib</file>
         <name>divul.obj</name>
      </input_file>
      <input_file id="fl-5e">
         <path>F:\ti\ccs8p1\ccsv8\tools\compiler\alt-install-ti-cgt-c55x_4.4.1\lib\</path>
         <kind>archive</kind>
         <file>rts55x.lib</file>
         <name>exit.obj</name>
      </input_file>
      <input_file id="fl-5f">
         <path>F:\ti\ccs8p1\ccsv8\tools\compiler\alt-install-ti-cgt-c55x_4.4.1\lib\</path>
         <kind>archive</kind>
         <file>rts55x.lib</file>
         <name>fltud.obj</name>
      </input_file>
      <input_file id="fl-60">
         <path>F:\ti\ccs8p1\ccsv8\tools\compiler\alt-install-ti-cgt-c55x_4.4.1\lib\</path>
         <kind>archive</kind>
         <file>rts55x.lib</file>
         <name>fltuld.obj</name>
      </input_file>
      <input_file id="fl-61">
         <path>F:\ti\ccs8p1\ccsv8\tools\compiler\alt-install-ti-cgt-c55x_4.4.1\lib\</path>
         <kind>archive</kind>
         <file>rts55x.lib</file>
         <name>frcmpyd_div.obj</name>
      </input_file>
      <input_file id="fl-62">
         <path>F:\ti\ccs8p1\ccsv8\tools\compiler\alt-install-ti-cgt-c55x_4.4.1\lib\</path>
         <kind>archive</kind>
         <file>rts55x.lib</file>
         <name>lmpy.obj</name>
      </input_file>
      <input_file id="fl-63">
         <path>F:\ti\ccs8p1\ccsv8\tools\compiler\alt-install-ti-cgt-c55x_4.4.1\lib\</path>
         <kind>archive</kind>
         <file>rts55x.lib</file>
         <name>memcpy.obj</name>
      </input_file>
      <input_file id="fl-64">
         <path>F:\ti\ccs8p1\ccsv8\tools\compiler\alt-install-ti-cgt-c55x_4.4.1\lib\</path>
         <kind>archive</kind>
         <file>rts55x.lib</file>
         <name>memset.obj</name>
      </input_file>
      <input_file id="fl-65">
         <path>F:\ti\ccs8p1\ccsv8\tools\compiler\alt-install-ti-cgt-c55x_4.4.1\lib\</path>
         <kind>archive</kind>
         <file>rts55x.lib</file>
         <name>mpyd.obj</name>
      </input_file>
      <input_file id="fl-66">
         <path>F:\ti\ccs8p1\ccsv8\tools\compiler\alt-install-ti-cgt-c55x_4.4.1\lib\</path>
         <kind>archive</kind>
         <file>rts55x.lib</file>
         <name>printf.obj</name>
      </input_file>
      <input_file id="fl-67">
         <path>F:\ti\ccs8p1\ccsv8\tools\compiler\alt-install-ti-cgt-c55x_4.4.1\lib\</path>
         <kind>archive</kind>
         <file>rts55x.lib</file>
         <name>remul.obj</name>
      </input_file>
      <input_file id="fl-68">
         <path>F:\ti\ccs8p1\ccsv8\tools\compiler\alt-install-ti-cgt-c55x_4.4.1\lib\</path>
         <kind>archive</kind>
         <file>rts55x.lib</file>
         <name>strlen.obj</name>
      </input_file>
      <input_file id="fl-69">
         <path>F:\ti\ccs8p1\ccsv8\tools\compiler\alt-install-ti-cgt-c55x_4.4.1\lib\</path>
         <kind>archive</kind>
         <file>rts55x.lib</file>
         <name>strncpy.obj</name>
      </input_file>
      <input_file id="fl-6a">
         <path>F:\ti\ccs8p1\ccsv8\tools\compiler\alt-install-ti-cgt-c55x_4.4.1\lib\</path>
         <kind>archive</kind>
         <file>rts55x.lib</file>
         <name>subd.obj</name>
      </input_file>
      <input_file id="fl-6b">
         <path>F:\ti\ccs8p1\ccsv8\tools\compiler\alt-install-ti-cgt-c55x_4.4.1\lib\</path>
         <kind>archive</kind>
         <file>rts55x.lib</file>
         <name>udiv.obj</name>
      </input_file>
      <input_file id="fl-6c">
         <path>F:\ti\ccs8p1\ccsv8\tools\compiler\alt-install-ti-cgt-c55x_4.4.1\lib\</path>
         <kind>archive</kind>
         <file>rts55x.lib</file>
         <name>vectors.obj</name>
      </input_file>
      <input_file id="fl-6d">
         <path>F:\ti\ccs8p1\ccsv8\tools\compiler\alt-install-ti-cgt-c55x_4.4.1\lib\</path>
         <kind>archive</kind>
         <file>rts55x.lib</file>
         <name>_lock.obj</name>
      </input_file>
      <input_file id="fl-6e">
         <path>F:\ti\ccs8p1\ccsv8\tools\compiler\alt-install-ti-cgt-c55x_4.4.1\lib\</path>
         <kind>archive</kind>
         <file>rts55x.lib</file>
         <name>_printfi.obj</name>
      </input_file>
      <input_file id="fl-6f">
         <path>F:\ti\ccs8p1\ccsv8\tools\compiler\alt-install-ti-cgt-c55x_4.4.1\lib\</path>
         <kind>archive</kind>
         <file>rts55x.lib</file>
         <name>args_main.obj</name>
      </input_file>
      <input_file id="fl-70">
         <path>F:\ti\ccs8p1\ccsv8\tools\compiler\alt-install-ti-cgt-c55x_4.4.1\lib\</path>
         <kind>archive</kind>
         <file>rts55x.lib</file>
         <name>atoi.obj</name>
      </input_file>
      <input_file id="fl-71">
         <path>F:\ti\ccs8p1\ccsv8\tools\compiler\alt-install-ti-cgt-c55x_4.4.1\lib\</path>
         <kind>archive</kind>
         <file>rts55x.lib</file>
         <name>autoinit.obj</name>
      </input_file>
      <input_file id="fl-72">
         <path>F:\ti\ccs8p1\ccsv8\tools\compiler\alt-install-ti-cgt-c55x_4.4.1\lib\</path>
         <kind>archive</kind>
         <file>rts55x.lib</file>
         <name>ctype.obj</name>
      </input_file>
      <input_file id="fl-73">
         <path>F:\ti\ccs8p1\ccsv8\tools\compiler\alt-install-ti-cgt-c55x_4.4.1\lib\</path>
         <kind>archive</kind>
         <file>rts55x.lib</file>
         <name>defs.obj</name>
      </input_file>
      <input_file id="fl-74">
         <path>F:\ti\ccs8p1\ccsv8\tools\compiler\alt-install-ti-cgt-c55x_4.4.1\lib\</path>
         <kind>archive</kind>
         <file>rts55x.lib</file>
         <name>fixdi.obj</name>
      </input_file>
      <input_file id="fl-75">
         <path>F:\ti\ccs8p1\ccsv8\tools\compiler\alt-install-ti-cgt-c55x_4.4.1\lib\</path>
         <kind>archive</kind>
         <file>rts55x.lib</file>
         <name>fixdli.obj</name>
      </input_file>
      <input_file id="fl-76">
         <path>F:\ti\ccs8p1\ccsv8\tools\compiler\alt-install-ti-cgt-c55x_4.4.1\lib\</path>
         <kind>archive</kind>
         <file>rts55x.lib</file>
         <name>fltlid.obj</name>
      </input_file>
      <input_file id="fl-77">
         <path>F:\ti\ccs8p1\ccsv8\tools\compiler\alt-install-ti-cgt-c55x_4.4.1\lib\</path>
         <kind>archive</kind>
         <file>rts55x.lib</file>
         <name>fputc.obj</name>
      </input_file>
      <input_file id="fl-78">
         <path>F:\ti\ccs8p1\ccsv8\tools\compiler\alt-install-ti-cgt-c55x_4.4.1\lib\</path>
         <kind>archive</kind>
         <file>rts55x.lib</file>
         <name>fputs.obj</name>
      </input_file>
      <input_file id="fl-79">
         <path>F:\ti\ccs8p1\ccsv8\tools\compiler\alt-install-ti-cgt-c55x_4.4.1\lib\</path>
         <kind>archive</kind>
         <file>rts55x.lib</file>
         <name>frcmpyd.obj</name>
      </input_file>
      <input_file id="fl-7a">
         <path>F:\ti\ccs8p1\ccsv8\tools\compiler\alt-install-ti-cgt-c55x_4.4.1\lib\</path>
         <kind>archive</kind>
         <file>rts55x.lib</file>
         <name>isinf.obj</name>
      </input_file>
      <input_file id="fl-7b">
         <path>F:\ti\ccs8p1\ccsv8\tools\compiler\alt-install-ti-cgt-c55x_4.4.1\lib\</path>
         <kind>archive</kind>
         <file>rts55x.lib</file>
         <name>llmpy.obj</name>
      </input_file>
      <input_file id="fl-7c">
         <path>F:\ti\ccs8p1\ccsv8\tools\compiler\alt-install-ti-cgt-c55x_4.4.1\lib\</path>
         <kind>archive</kind>
         <file>rts55x.lib</file>
         <name>lowlev.obj</name>
      </input_file>
      <input_file id="fl-7d">
         <path>F:\ti\ccs8p1\ccsv8\tools\compiler\alt-install-ti-cgt-c55x_4.4.1\lib\</path>
         <kind>archive</kind>
         <file>rts55x.lib</file>
         <name>ltoa.obj</name>
      </input_file>
      <input_file id="fl-7e">
         <path>F:\ti\ccs8p1\ccsv8\tools\compiler\alt-install-ti-cgt-c55x_4.4.1\lib\</path>
         <kind>archive</kind>
         <file>rts55x.lib</file>
         <name>memccpy.obj</name>
      </input_file>
      <input_file id="fl-7f">
         <path>F:\ti\ccs8p1\ccsv8\tools\compiler\alt-install-ti-cgt-c55x_4.4.1\lib\</path>
         <kind>archive</kind>
         <file>rts55x.lib</file>
         <name>negd.obj</name>
      </input_file>
      <input_file id="fl-80">
         <path>F:\ti\ccs8p1\ccsv8\tools\compiler\alt-install-ti-cgt-c55x_4.4.1\lib\</path>
         <kind>archive</kind>
         <file>rts55x.lib</file>
         <name>remli.obj</name>
      </input_file>
      <input_file id="fl-81">
         <path>F:\ti\ccs8p1\ccsv8\tools\compiler\alt-install-ti-cgt-c55x_4.4.1\lib\</path>
         <kind>archive</kind>
         <file>rts55x.lib</file>
         <name>trgdrv.obj</name>
      </input_file>
      <input_file id="fl-82">
         <path>F:\ti\ccs8p1\ccsv8\tools\compiler\alt-install-ti-cgt-c55x_4.4.1\lib\</path>
         <kind>archive</kind>
         <file>rts55x.lib</file>
         <name>trgmsg.obj</name>
      </input_file>
      <input_file id="fl-83">
         <path>F:\ti\ccs8p1\ccsv8\tools\compiler\alt-install-ti-cgt-c55x_4.4.1\lib\</path>
         <kind>archive</kind>
         <file>rts55x.lib</file>
         <name>_io_perm.obj</name>
      </input_file>
      <input_file id="fl-84">
         <path>F:\ti\ccs8p1\ccsv8\tools\compiler\alt-install-ti-cgt-c55x_4.4.1\lib\</path>
         <kind>archive</kind>
         <file>rts55x.lib</file>
         <name>fflush.obj</name>
      </input_file>
      <input_file id="fl-85">
         <path>F:\ti\ccs8p1\ccsv8\tools\compiler\alt-install-ti-cgt-c55x_4.4.1\lib\</path>
         <kind>archive</kind>
         <file>rts55x.lib</file>
         <name>fseek.obj</name>
      </input_file>
      <input_file id="fl-86">
         <path>F:\ti\ccs8p1\ccsv8\tools\compiler\alt-install-ti-cgt-c55x_4.4.1\lib\</path>
         <kind>archive</kind>
         <file>rts55x.lib</file>
         <name>setvbuf.obj</name>
      </input_file>
      <input_file id="fl-87">
         <path>F:\ti\ccs8p1\ccsv8\tools\compiler\alt-install-ti-cgt-c55x_4.4.1\lib\</path>
         <kind>archive</kind>
         <file>rts55x.lib</file>
         <name>fopen.obj</name>
      </input_file>
      <input_file id="fl-88">
         <path>F:\ti\ccs8p1\ccsv8\tools\compiler\alt-install-ti-cgt-c55x_4.4.1\lib\</path>
         <kind>archive</kind>
         <file>rts55x.lib</file>
         <name>memory.obj</name>
      </input_file>
      <input_file id="fl-89">
         <path>F:\ti\ccs8p1\ccsv8\tools\compiler\alt-install-ti-cgt-c55x_4.4.1\lib\</path>
         <kind>archive</kind>
         <file>rts55x.lib</file>
         <name>fclose.obj</name>
      </input_file>
      <input_file id="fl-8a">
         <path>F:\ti\ccs8p1\ccsv8\tools\compiler\alt-install-ti-cgt-c55x_4.4.1\lib\</path>
         <kind>archive</kind>
         <file>rts55x.lib</file>
         <name>remove.obj</name>
      </input_file>
   </input_file_list>
   <object_component_list>
      <object_component id="oc-115">
         <name>.text</name>
         <load_address>0x20000</load_address>
         <run_address>0x20000</run_address>
         <size>0x444f</size>
         <input_file_ref idref="fl-2a"/>
      </object_component>
      <object_component id="oc-121">
         <name>.text</name>
         <load_address>0x24450</load_address>
         <run_address>0x24450</run_address>
         <size>0x2b4f</size>
         <input_file_ref idref="fl-2c"/>
      </object_component>
      <object_component id="oc-13a">
         <name>.text</name>
         <load_address>0x26fa0</load_address>
         <run_address>0x26fa0</run_address>
         <size>0x2a24</size>
         <input_file_ref idref="fl-31"/>
      </object_component>
      <object_component id="oc-14a">
         <name>.text</name>
         <load_address>0x299c4</load_address>
         <run_address>0x299c4</run_address>
         <size>0x21d5</size>
         <input_file_ref idref="fl-34"/>
      </object_component>
      <object_component id="oc-1e8">
         <name>.text</name>
         <load_address>0x2bb99</load_address>
         <run_address>0x2bb99</run_address>
         <size>0x2</size>
         <input_file_ref idref="fl-6c"/>
      </object_component>
      <object_component id="oc-e5">
         <name>.text</name>
         <load_address>0x2bb9c</load_address>
         <run_address>0x2bb9c</run_address>
         <size>0x18ac</size>
         <input_file_ref idref="fl-21"/>
      </object_component>
      <object_component id="oc-1f2">
         <name>.text</name>
         <load_address>0x2d448</load_address>
         <run_address>0x2d448</run_address>
         <size>0x15a4</size>
         <input_file_ref idref="fl-6e"/>
      </object_component>
      <object_component id="oc-126">
         <name>.text</name>
         <load_address>0x2e9ec</load_address>
         <run_address>0x2e9ec</run_address>
         <size>0x11eb</size>
         <input_file_ref idref="fl-2d"/>
      </object_component>
      <object_component id="oc-a9">
         <name>.text</name>
         <load_address>0x2fbd8</load_address>
         <run_address>0x2fbd8</run_address>
         <size>0x1164</size>
         <input_file_ref idref="fl-17"/>
      </object_component>
      <object_component id="oc-145">
         <name>.text</name>
         <load_address>0x30d3c</load_address>
         <run_address>0x30d3c</run_address>
         <size>0x1106</size>
         <input_file_ref idref="fl-33"/>
      </object_component>
      <object_component id="oc-e0">
         <name>.text</name>
         <load_address>0x31e44</load_address>
         <run_address>0x31e44</run_address>
         <size>0xdc1</size>
         <input_file_ref idref="fl-20"/>
      </object_component>
      <object_component id="oc-d5">
         <name>.text</name>
         <load_address>0x32c08</load_address>
         <run_address>0x32c08</run_address>
         <size>0xd74</size>
         <input_file_ref idref="fl-1e"/>
      </object_component>
      <object_component id="oc-da">
         <name>.text</name>
         <load_address>0x3397c</load_address>
         <run_address>0x3397c</run_address>
         <size>0xc65</size>
         <input_file_ref idref="fl-1f"/>
      </object_component>
      <object_component id="oc-f4">
         <name>.text</name>
         <load_address>0x345e4</load_address>
         <run_address>0x345e4</run_address>
         <size>0xc4c</size>
         <input_file_ref idref="fl-24"/>
      </object_component>
      <object_component id="oc-11a">
         <name>.text</name>
         <load_address>0x35230</load_address>
         <run_address>0x35230</run_address>
         <size>0xb3e</size>
         <input_file_ref idref="fl-2b"/>
      </object_component>
      <object_component id="oc-135">
         <name>.text</name>
         <load_address>0x35d70</load_address>
         <run_address>0x35d70</run_address>
         <size>0xb2b</size>
         <input_file_ref idref="fl-30"/>
      </object_component>
      <object_component id="oc-fa">
         <name>.text</name>
         <load_address>0x3689c</load_address>
         <run_address>0x3689c</run_address>
         <size>0x9e3</size>
         <input_file_ref idref="fl-25"/>
      </object_component>
      <object_component id="oc-a4">
         <name>.text</name>
         <load_address>0x37280</load_address>
         <run_address>0x37280</run_address>
         <size>0x9cb</size>
         <input_file_ref idref="fl-16"/>
      </object_component>
      <object_component id="oc-130">
         <name>.text</name>
         <load_address>0x37c4c</load_address>
         <run_address>0x37c4c</run_address>
         <size>0x8b4</size>
         <input_file_ref idref="fl-2f"/>
      </object_component>
      <object_component id="oc-10b">
         <name>.text</name>
         <load_address>0x38500</load_address>
         <run_address>0x38500</run_address>
         <size>0x838</size>
         <input_file_ref idref="fl-28"/>
      </object_component>
      <object_component id="oc-c9">
         <name>.text</name>
         <load_address>0x38d38</load_address>
         <run_address>0x38d38</run_address>
         <size>0x81d</size>
         <input_file_ref idref="fl-1c"/>
      </object_component>
      <object_component id="oc-ea">
         <name>.text</name>
         <load_address>0x39558</load_address>
         <run_address>0x39558</run_address>
         <size>0x697</size>
         <input_file_ref idref="fl-22"/>
      </object_component>
      <object_component id="oc-13f">
         <name>.text</name>
         <load_address>0x39bf0</load_address>
         <run_address>0x39bf0</run_address>
         <size>0x5bb</size>
         <input_file_ref idref="fl-32"/>
      </object_component>
      <object_component id="oc-22c">
         <name>.text</name>
         <load_address>0x3a1ab</load_address>
         <run_address>0x3a1ab</run_address>
         <size>0x543</size>
         <input_file_ref idref="fl-7c"/>
      </object_component>
      <object_component id="oc-101">
         <name>.text</name>
         <load_address>0x3a6f0</load_address>
         <run_address>0x3a6f0</run_address>
         <size>0x538</size>
         <input_file_ref idref="fl-26"/>
      </object_component>
      <object_component id="oc-242">
         <name>.text</name>
         <load_address>0x3ac28</load_address>
         <run_address>0x3ac28</run_address>
         <size>0x528</size>
         <input_file_ref idref="fl-81"/>
      </object_component>
      <object_component id="oc-70">
         <name>.text</name>
         <load_address>0x3b150</load_address>
         <run_address>0x3b150</run_address>
         <size>0x4e6</size>
         <input_file_ref idref="fl-f"/>
      </object_component>
      <object_component id="oc-48">
         <name>.text</name>
         <load_address>0x3b638</load_address>
         <run_address>0x3b638</run_address>
         <size>0x4db</size>
         <input_file_ref idref="fl-a"/>
      </object_component>
      <object_component id="oc-181">
         <name>.text</name>
         <load_address>0x3bb14</load_address>
         <run_address>0x3bb14</run_address>
         <size>0x4d5</size>
         <input_file_ref idref="fl-3e"/>
      </object_component>
      <object_component id="oc-263">
         <name>.text</name>
         <load_address>0x3bfe9</load_address>
         <run_address>0x3bfe9</run_address>
         <size>0x4b5</size>
         <input_file_ref idref="fl-88"/>
      </object_component>
      <object_component id="oc-90">
         <name>.text</name>
         <load_address>0x3c4a0</load_address>
         <run_address>0x3c4a0</run_address>
         <size>0x4ad</size>
         <input_file_ref idref="fl-13"/>
      </object_component>
      <object_component id="oc-40">
         <name>.text</name>
         <load_address>0x3c950</load_address>
         <run_address>0x3c950</run_address>
         <size>0x446</size>
         <input_file_ref idref="fl-9"/>
      </object_component>
      <object_component id="oc-98">
         <name>.text</name>
         <load_address>0x3cd98</load_address>
         <run_address>0x3cd98</run_address>
         <size>0x42f</size>
         <input_file_ref idref="fl-14"/>
      </object_component>
      <object_component id="oc-b8">
         <name>.text</name>
         <load_address>0x3d1c8</load_address>
         <run_address>0x3d1c8</run_address>
         <size>0x3d9</size>
         <input_file_ref idref="fl-19"/>
      </object_component>
      <object_component id="oc-1a0">
         <name>.text</name>
         <load_address>0x3d5a1</load_address>
         <run_address>0x3d5a1</run_address>
         <size>0x3cc</size>
         <input_file_ref idref="fl-5b"/>
      </object_component>
      <object_component id="oc-188">
         <name>.text</name>
         <load_address>0x3d970</load_address>
         <run_address>0x3d970</run_address>
         <size>0x3c2</size>
         <input_file_ref idref="fl-3f"/>
      </object_component>
      <object_component id="oc-110">
         <name>.text</name>
         <load_address>0x3dd34</load_address>
         <run_address>0x3dd34</run_address>
         <size>0x345</size>
         <input_file_ref idref="fl-29"/>
      </object_component>
      <object_component id="oc-60">
         <name>.text</name>
         <load_address>0x3e07c</load_address>
         <run_address>0x3e07c</run_address>
         <size>0x343</size>
         <input_file_ref idref="fl-d"/>
      </object_component>
      <object_component id="oc-81">
         <name>.text</name>
         <load_address>0x3e3c0</load_address>
         <run_address>0x3e3c0</run_address>
         <size>0x30c</size>
         <input_file_ref idref="fl-11"/>
      </object_component>
      <object_component id="oc-ef">
         <name>.text</name>
         <load_address>0x3e6cc</load_address>
         <run_address>0x3e6cc</run_address>
         <size>0x2f7</size>
         <input_file_ref idref="fl-23"/>
      </object_component>
      <object_component id="oc-12">
         <name>.text</name>
         <load_address>0x3e9c3</load_address>
         <run_address>0x3e9c3</run_address>
         <size>0x2ef</size>
         <input_file_ref idref="fl-2"/>
      </object_component>
      <object_component id="oc-12b">
         <name>.text</name>
         <load_address>0x3ecb4</load_address>
         <run_address>0x3ecb4</run_address>
         <size>0x2ac</size>
         <input_file_ref idref="fl-2e"/>
      </object_component>
      <object_component id="oc-24">
         <name>.text</name>
         <load_address>0x3ef60</load_address>
         <run_address>0x3ef60</run_address>
         <size>0x298</size>
         <input_file_ref idref="fl-5"/>
      </object_component>
      <object_component id="oc-50">
         <name>.text</name>
         <load_address>0x3f1f8</load_address>
         <run_address>0x3f1f8</run_address>
         <size>0x297</size>
         <input_file_ref idref="fl-b"/>
      </object_component>
      <object_component id="oc-25d">
         <name>.text</name>
         <load_address>0x3f48f</load_address>
         <run_address>0x3f48f</run_address>
         <size>0x27f</size>
         <input_file_ref idref="fl-87"/>
      </object_component>
      <object_component id="oc-150">
         <name>.text</name>
         <load_address>0x3f710</load_address>
         <run_address>0x3f710</run_address>
         <size>0x266</size>
         <input_file_ref idref="fl-35"/>
      </object_component>
      <object_component id="oc-228">
         <name>.text</name>
         <load_address>0x3f976</load_address>
         <run_address>0x3f976</run_address>
         <size>0x25e</size>
         <input_file_ref idref="fl-7b"/>
      </object_component>
      <object_component id="oc-194">
         <name>.text</name>
         <load_address>0x3fbd4</load_address>
         <run_address>0x3fbd4</run_address>
         <size>0x25a</size>
         <input_file_ref idref="fl-58"/>
      </object_component>
      <object_component id="oc-38">
         <name>.text</name>
         <load_address>0x3fe30</load_address>
         <run_address>0x3fe30</run_address>
         <size>0x1c2</size>
         <input_file_ref idref="fl-8"/>
      </object_component>
      <object_component id="oc-26e">
         <name>.text</name>
         <load_address>0x3fff2</load_address>
         <run_address>0x3fff2</run_address>
         <size>0xa</size>
         <input_file_ref idref="fl-8a"/>
      </object_component>
      <object_component id="oc-34">
         <name>.text:retain</name>
         <load_address>0x409a8</load_address>
         <run_address>0x409a8</run_address>
         <size>0x24b</size>
         <input_file_ref idref="fl-7"/>
      </object_component>
      <object_component id="oc-16">
         <name>.text</name>
         <load_address>0x40bf4</load_address>
         <run_address>0x40bf4</run_address>
         <size>0x21e</size>
         <input_file_ref idref="fl-3"/>
      </object_component>
      <object_component id="oc-175">
         <name>.text</name>
         <load_address>0x40e14</load_address>
         <run_address>0x40e14</run_address>
         <size>0x1f7</size>
         <input_file_ref idref="fl-3c"/>
      </object_component>
      <object_component id="oc-19c">
         <name>.text</name>
         <load_address>0x4100b</load_address>
         <run_address>0x4100b</run_address>
         <size>0x1ea</size>
         <input_file_ref idref="fl-5a"/>
      </object_component>
      <object_component id="oc-b1">
         <name>.text</name>
         <load_address>0x411f8</load_address>
         <run_address>0x411f8</run_address>
         <size>0x1c0</size>
         <input_file_ref idref="fl-18"/>
      </object_component>
      <object_component id="oc-57">
         <name>.text</name>
         <load_address>0x413b8</load_address>
         <run_address>0x413b8</run_address>
         <size>0x1a6</size>
         <input_file_ref idref="fl-c"/>
      </object_component>
      <object_component id="oc-9f">
         <name>.text</name>
         <load_address>0x41560</load_address>
         <run_address>0x41560</run_address>
         <size>0x19b</size>
         <input_file_ref idref="fl-15"/>
      </object_component>
      <object_component id="oc-170">
         <name>.text</name>
         <load_address>0x416fc</load_address>
         <run_address>0x416fc</run_address>
         <size>0x195</size>
         <input_file_ref idref="fl-3b"/>
      </object_component>
      <object_component id="oc-ce">
         <name>.text</name>
         <load_address>0x41894</load_address>
         <run_address>0x41894</run_address>
         <size>0x18b</size>
         <input_file_ref idref="fl-1d"/>
      </object_component>
      <object_component id="oc-17a">
         <name>.text</name>
         <load_address>0x41a20</load_address>
         <run_address>0x41a20</run_address>
         <size>0x17c</size>
         <input_file_ref idref="fl-3d"/>
      </object_component>
      <object_component id="oc-21b">
         <name>.text</name>
         <load_address>0x41b9c</load_address>
         <run_address>0x41b9c</run_address>
         <size>0x163</size>
         <input_file_ref idref="fl-78"/>
      </object_component>
      <object_component id="oc-1cc">
         <name>.text</name>
         <load_address>0x41cff</load_address>
         <run_address>0x41cff</run_address>
         <size>0x14c</size>
         <input_file_ref idref="fl-65"/>
      </object_component>
      <object_component id="oc-16a">
         <name>.text</name>
         <load_address>0x41e4c</load_address>
         <run_address>0x41e4c</run_address>
         <size>0x112</size>
         <input_file_ref idref="fl-3a"/>
      </object_component>
      <object_component id="oc-79">
         <name>.text</name>
         <load_address>0x41f60</load_address>
         <run_address>0x41f60</run_address>
         <size>0x110</size>
         <input_file_ref idref="fl-10"/>
      </object_component>
      <object_component id="oc-28">
         <name>.text</name>
         <load_address>0x42070</load_address>
         <run_address>0x42070</run_address>
         <size>0xfc</size>
         <input_file_ref idref="fl-6"/>
      </object_component>
      <object_component id="oc-259">
         <name>.text</name>
         <load_address>0x4216c</load_address>
         <run_address>0x4216c</run_address>
         <size>0xe6</size>
         <input_file_ref idref="fl-86"/>
      </object_component>
      <object_component id="oc-24d">
         <name>.text</name>
         <load_address>0x42252</load_address>
         <run_address>0x42252</run_address>
         <size>0xdd</size>
         <input_file_ref idref="fl-83"/>
      </object_component>
      <object_component id="oc-68">
         <name>.text</name>
         <load_address>0x42330</load_address>
         <run_address>0x42330</run_address>
         <size>0xc3</size>
         <input_file_ref idref="fl-e"/>
      </object_component>
      <object_component id="oc-251">
         <name>.text</name>
         <load_address>0x423f3</load_address>
         <run_address>0x423f3</run_address>
         <size>0xc2</size>
         <input_file_ref idref="fl-84"/>
      </object_component>
      <object_component id="oc-24a">
         <name>.text:CIO_breakpoint</name>
         <load_address>0x424b5</load_address>
         <run_address>0x424b5</run_address>
         <size>0xba</size>
         <input_file_ref idref="fl-82"/>
      </object_component>
      <object_component id="oc-c3">
         <name>.text</name>
         <load_address>0x42570</load_address>
         <run_address>0x42570</run_address>
         <size>0xaf</size>
         <input_file_ref idref="fl-1b"/>
      </object_component>
      <object_component id="oc-217">
         <name>.text</name>
         <load_address>0x4261f</load_address>
         <run_address>0x4261f</run_address>
         <size>0xa6</size>
         <input_file_ref idref="fl-77"/>
      </object_component>
      <object_component id="oc-18e">
         <name>.text</name>
         <load_address>0x426c8</load_address>
         <run_address>0x426c8</run_address>
         <size>0xa2</size>
         <input_file_ref idref="fl-40"/>
      </object_component>
      <object_component id="oc-1a8">
         <name>.text</name>
         <load_address>0x4276a</load_address>
         <run_address>0x4276a</run_address>
         <size>0xa1</size>
         <input_file_ref idref="fl-5d"/>
      </object_component>
      <object_component id="oc-89">
         <name>.text</name>
         <load_address>0x4280c</load_address>
         <run_address>0x4280c</run_address>
         <size>0x9f</size>
         <input_file_ref idref="fl-12"/>
      </object_component>
      <object_component id="oc-165">
         <name>.text</name>
         <load_address>0x428ac</load_address>
         <run_address>0x428ac</run_address>
         <size>0x94</size>
         <input_file_ref idref="fl-39"/>
      </object_component>
      <object_component id="oc-bc">
         <name>.text</name>
         <load_address>0x42940</load_address>
         <run_address>0x42940</run_address>
         <size>0x92</size>
         <input_file_ref idref="fl-1a"/>
      </object_component>
      <object_component id="oc-107">
         <name>.text</name>
         <load_address>0x429d2</load_address>
         <run_address>0x429d2</run_address>
         <size>0x8c</size>
         <input_file_ref idref="fl-27"/>
      </object_component>
      <object_component id="oc-1d">
         <name>.text</name>
         <load_address>0x42a60</load_address>
         <run_address>0x42a60</run_address>
         <size>0x8c</size>
         <input_file_ref idref="fl-4"/>
      </object_component>
      <object_component id="oc-15f">
         <name>.text</name>
         <load_address>0x42aec</load_address>
         <run_address>0x42aec</run_address>
         <size>0x8a</size>
         <input_file_ref idref="fl-38"/>
      </object_component>
      <object_component id="oc-155">
         <name>.text</name>
         <load_address>0x42b76</load_address>
         <run_address>0x42b76</run_address>
         <size>0x7f</size>
         <input_file_ref idref="fl-36"/>
      </object_component>
      <object_component id="oc-232">
         <name>.text</name>
         <load_address>0x42bf5</load_address>
         <run_address>0x42bf5</run_address>
         <size>0x7d</size>
         <input_file_ref idref="fl-7d"/>
      </object_component>
      <object_component id="oc-26a">
         <name>.text</name>
         <load_address>0x42c72</load_address>
         <run_address>0x42c72</run_address>
         <size>0x7b</size>
         <input_file_ref idref="fl-89"/>
      </object_component>
      <object_component id="oc-220">
         <name>.text</name>
         <load_address>0x42ced</load_address>
         <run_address>0x42ced</run_address>
         <size>0x76</size>
         <input_file_ref idref="fl-79"/>
      </object_component>
      <object_component id="oc-1bc">
         <name>.text</name>
         <load_address>0x42d63</load_address>
         <run_address>0x42d63</run_address>
         <size>0x73</size>
         <input_file_ref idref="fl-61"/>
      </object_component>
      <object_component id="oc-1d4">
         <name>.text</name>
         <load_address>0x42dd6</load_address>
         <run_address>0x42dd6</run_address>
         <size>0x72</size>
         <input_file_ref idref="fl-67"/>
      </object_component>
      <object_component id="oc-20e">
         <name>.text</name>
         <load_address>0x42e48</load_address>
         <run_address>0x42e48</run_address>
         <size>0x6f</size>
         <input_file_ref idref="fl-75"/>
      </object_component>
      <object_component id="oc-247">
         <name>.text</name>
         <load_address>0x42eb7</load_address>
         <run_address>0x42eb7</run_address>
         <size>0x6d</size>
         <input_file_ref idref="fl-82"/>
      </object_component>
      <object_component id="oc-255">
         <name>.text</name>
         <load_address>0x42f24</load_address>
         <run_address>0x42f24</run_address>
         <size>0x6b</size>
         <input_file_ref idref="fl-85"/>
      </object_component>
      <object_component id="oc-212">
         <name>.text</name>
         <load_address>0x42f8f</load_address>
         <run_address>0x42f8f</run_address>
         <size>0x67</size>
         <input_file_ref idref="fl-76"/>
      </object_component>
      <object_component id="oc-1fc">
         <name>.text</name>
         <load_address>0x42ff6</load_address>
         <run_address>0x42ff6</run_address>
         <size>0x5c</size>
         <input_file_ref idref="fl-70"/>
      </object_component>
      <object_component id="oc-30">
         <name>.text</name>
         <load_address>0x43054</load_address>
         <run_address>0x43054</run_address>
         <size>0x5c</size>
         <input_file_ref idref="fl-7"/>
      </object_component>
      <object_component id="oc-1b7">
         <name>.text</name>
         <load_address>0x430b0</load_address>
         <run_address>0x430b0</run_address>
         <size>0x5b</size>
         <input_file_ref idref="fl-60"/>
      </object_component>
      <object_component id="oc-15a">
         <name>.text</name>
         <load_address>0x4310c</load_address>
         <run_address>0x4310c</run_address>
         <size>0x56</size>
         <input_file_ref idref="fl-37"/>
      </object_component>
      <object_component id="oc-1d0">
         <name>.text</name>
         <load_address>0x43162</load_address>
         <run_address>0x43162</run_address>
         <size>0x50</size>
         <input_file_ref idref="fl-66"/>
      </object_component>
      <object_component id="oc-2c">
         <name>.text:retain</name>
         <load_address>0x431b4</load_address>
         <run_address>0x431b4</run_address>
         <size>0x4e</size>
         <input_file_ref idref="fl-6"/>
      </object_component>
      <object_component id="oc-200">
         <name>.text</name>
         <load_address>0x43202</load_address>
         <run_address>0x43202</run_address>
         <size>0x4d</size>
         <input_file_ref idref="fl-71"/>
      </object_component>
      <object_component id="oc-1f8">
         <name>.text</name>
         <load_address>0x4324f</load_address>
         <run_address>0x4324f</run_address>
         <size>0x4b</size>
         <input_file_ref idref="fl-6f"/>
      </object_component>
      <object_component id="oc-23e">
         <name>.text</name>
         <load_address>0x4329a</load_address>
         <run_address>0x4329a</run_address>
         <size>0x4b</size>
         <input_file_ref idref="fl-80"/>
      </object_component>
      <object_component id="oc-1a4">
         <name>.text</name>
         <load_address>0x432e5</load_address>
         <run_address>0x432e5</run_address>
         <size>0x48</size>
         <input_file_ref idref="fl-5c"/>
      </object_component>
      <object_component id="oc-1c4">
         <name>.text</name>
         <load_address>0x4332d</load_address>
         <run_address>0x4332d</run_address>
         <size>0x3f</size>
         <input_file_ref idref="fl-63"/>
      </object_component>
      <object_component id="oc-1ac">
         <name>.text</name>
         <load_address>0x4336c</load_address>
         <run_address>0x4336c</run_address>
         <size>0x3e</size>
         <input_file_ref idref="fl-5e"/>
      </object_component>
      <object_component id="oc-1dc">
         <name>.text</name>
         <load_address>0x433aa</load_address>
         <run_address>0x433aa</run_address>
         <size>0x36</size>
         <input_file_ref idref="fl-69"/>
      </object_component>
      <object_component id="oc-10">
         <name>.text</name>
         <load_address>0x433e0</load_address>
         <run_address>0x433e0</run_address>
         <size>0x34</size>
         <input_file_ref idref="fl-59"/>
      </object_component>
      <object_component id="oc-20a">
         <name>.text</name>
         <load_address>0x43414</load_address>
         <run_address>0x43414</run_address>
         <size>0x2a</size>
         <input_file_ref idref="fl-74"/>
      </object_component>
      <object_component id="oc-1e4">
         <name>.text</name>
         <load_address>0x4343e</load_address>
         <run_address>0x4343e</run_address>
         <size>0x2a</size>
         <input_file_ref idref="fl-6b"/>
      </object_component>
      <object_component id="oc-236">
         <name>.text</name>
         <load_address>0x43468</load_address>
         <run_address>0x43468</run_address>
         <size>0x23</size>
         <input_file_ref idref="fl-7e"/>
      </object_component>
      <object_component id="oc-224">
         <name>.text</name>
         <load_address>0x4348b</load_address>
         <run_address>0x4348b</run_address>
         <size>0x1a</size>
         <input_file_ref idref="fl-7a"/>
      </object_component>
      <object_component id="oc-1e0">
         <name>.text</name>
         <load_address>0x434a5</load_address>
         <run_address>0x434a5</run_address>
         <size>0x14</size>
         <input_file_ref idref="fl-6a"/>
      </object_component>
      <object_component id="oc-1c0">
         <name>.text</name>
         <load_address>0x434b9</load_address>
         <run_address>0x434b9</run_address>
         <size>0x13</size>
         <input_file_ref idref="fl-62"/>
      </object_component>
      <object_component id="oc-1ec">
         <name>.text</name>
         <load_address>0x434cc</load_address>
         <run_address>0x434cc</run_address>
         <size>0x12</size>
         <input_file_ref idref="fl-6d"/>
      </object_component>
      <object_component id="oc-1c8">
         <name>.text</name>
         <load_address>0x434de</load_address>
         <run_address>0x434de</run_address>
         <size>0x11</size>
         <input_file_ref idref="fl-64"/>
      </object_component>
      <object_component id="oc-1d8">
         <name>.text</name>
         <load_address>0x434ef</load_address>
         <run_address>0x434ef</run_address>
         <size>0x11</size>
         <input_file_ref idref="fl-68"/>
      </object_component>
      <object_component id="oc-23a">
         <name>.text</name>
         <load_address>0x43500</load_address>
         <run_address>0x43500</run_address>
         <size>0x10</size>
         <input_file_ref idref="fl-7f"/>
      </object_component>
      <object_component id="oc-1b3">
         <name>.text</name>
         <load_address>0x43510</load_address>
         <run_address>0x43510</run_address>
         <size>0xe</size>
         <input_file_ref idref="fl-5f"/>
      </object_component>
      <object_component id="oc-1b0">
         <name>.text:CIO_breakpoint</name>
         <load_address>0x4351e</load_address>
         <run_address>0x4351e</run_address>
         <size>0x7</size>
         <input_file_ref idref="fl-5e"/>
      </object_component>
      <object_component id="oc-198">
         <name>.stack</name>
         <uninitialized>true</uninitialized>
         <run_address>0xc0</run_address>
         <size>0x0</size>
         <input_file_ref idref="fl-59"/>
      </object_component>
      <object_component id="oc-295">
         <name>.stack</name>
         <uninitialized>true</uninitialized>
         <run_address>0xc0</run_address>
         <size>0x0</size>
      </object_component>
      <object_component id="oc-272">
         <name>.sysstack</name>
         <uninitialized>true</uninitialized>
         <run_address>0x20c0</run_address>
         <size>0x0</size>
         <input_file_ref idref="fl-59"/>
      </object_component>
      <object_component id="oc-297">
         <name>.sysstack</name>
         <uninitialized>true</uninitialized>
         <run_address>0x20c0</run_address>
         <size>0x0</size>
      </object_component>
      <object_component id="oc-bd">
         <name>.bss</name>
         <uninitialized>true</uninitialized>
         <run_address>0x30c0</run_address>
         <size>0x2712</size>
         <input_file_ref idref="fl-1a"/>
      </object_component>
      <object_component id="oc-140">
         <name>.bss</name>
         <uninitialized>true</uninitialized>
         <run_address>0x57d2</run_address>
         <size>0x6</size>
         <input_file_ref idref="fl-32"/>
      </object_component>
      <object_component id="oc-11b">
         <name>.bss</name>
         <uninitialized>true</uninitialized>
         <run_address>0x57d8</run_address>
         <size>0xa1a</size>
         <input_file_ref idref="fl-2b"/>
      </object_component>
      <object_component id="oc-c4">
         <name>.bss</name>
         <uninitialized>true</uninitialized>
         <run_address>0x61f2</run_address>
         <size>0x800</size>
         <input_file_ref idref="fl-1b"/>
      </object_component>
      <object_component id="oc-cf">
         <name>.bss</name>
         <uninitialized>true</uninitialized>
         <run_address>0x69f2</run_address>
         <size>0x400</size>
         <input_file_ref idref="fl-1d"/>
      </object_component>
      <object_component id="oc-69">
         <name>.bss</name>
         <uninitialized>true</uninitialized>
         <run_address>0x6df2</run_address>
         <size>0x2</size>
         <input_file_ref idref="fl-e"/>
      </object_component>
      <object_component id="oc-14b">
         <name>.bss</name>
         <uninitialized>true</uninitialized>
         <run_address>0x6df4</run_address>
         <size>0x37c</size>
         <input_file_ref idref="fl-34"/>
      </object_component>
      <object_component id="oc-17">
         <name>.bss</name>
         <uninitialized>true</uninitialized>
         <run_address>0x7170</run_address>
         <size>0x248</size>
         <input_file_ref idref="fl-3"/>
      </object_component>
      <object_component id="oc-206">
         <name>.bss</name>
         <uninitialized>true</uninitialized>
         <run_address>0x73b8</run_address>
         <size>0x232</size>
         <input_file_ref idref="fl-73"/>
      </object_component>
      <object_component id="oc-7a">
         <name>.bss</name>
         <uninitialized>true</uninitialized>
         <run_address>0x75ea</run_address>
         <size>0x2</size>
         <input_file_ref idref="fl-10"/>
      </object_component>
      <object_component id="oc-189">
         <name>.bss</name>
         <uninitialized>true</uninitialized>
         <run_address>0x75ec</run_address>
         <size>0x224</size>
         <input_file_ref idref="fl-3f"/>
      </object_component>
      <object_component id="oc-243">
         <name>.bss</name>
         <uninitialized>true</uninitialized>
         <run_address>0x7810</run_address>
         <size>0x1a0</size>
         <input_file_ref idref="fl-81"/>
      </object_component>
      <object_component id="oc-182">
         <name>.bss</name>
         <uninitialized>true</uninitialized>
         <run_address>0x79b0</run_address>
         <size>0x12a</size>
         <input_file_ref idref="fl-3e"/>
      </object_component>
      <object_component id="oc-25e">
         <name>.bss</name>
         <uninitialized>true</uninitialized>
         <run_address>0x7ada</run_address>
         <size>0x2</size>
         <input_file_ref idref="fl-87"/>
      </object_component>
      <object_component id="oc-102">
         <name>.bss</name>
         <uninitialized>true</uninitialized>
         <run_address>0x7adc</run_address>
         <size>0x108</size>
         <input_file_ref idref="fl-26"/>
      </object_component>
      <object_component id="oc-22d">
         <name>.bss</name>
         <uninitialized>true</uninitialized>
         <run_address>0x7be4</run_address>
         <size>0xe2</size>
         <input_file_ref idref="fl-7c"/>
      </object_component>
      <object_component id="oc-aa">
         <name>.bss</name>
         <uninitialized>true</uninitialized>
         <run_address>0x7cc8</run_address>
         <size>0xde</size>
         <input_file_ref idref="fl-17"/>
      </object_component>
      <object_component id="oc-1e">
         <name>.bss</name>
         <uninitialized>true</uninitialized>
         <run_address>0x7da6</run_address>
         <size>0xc2</size>
         <input_file_ref idref="fl-4"/>
      </object_component>
      <object_component id="oc-99">
         <name>.bss</name>
         <uninitialized>true</uninitialized>
         <run_address>0x7e68</run_address>
         <size>0x78</size>
         <input_file_ref idref="fl-14"/>
      </object_component>
      <object_component id="oc-fb">
         <name>.bss</name>
         <uninitialized>true</uninitialized>
         <run_address>0x7ee0</run_address>
         <size>0x54</size>
         <input_file_ref idref="fl-25"/>
      </object_component>
      <object_component id="oc-b2">
         <name>.bss</name>
         <uninitialized>true</uninitialized>
         <run_address>0x7f34</run_address>
         <size>0x30</size>
         <input_file_ref idref="fl-18"/>
      </object_component>
      <object_component id="oc-51">
         <name>.bss</name>
         <uninitialized>true</uninitialized>
         <run_address>0x7f64</run_address>
         <size>0x2e</size>
         <input_file_ref idref="fl-b"/>
      </object_component>
      <object_component id="oc-18f">
         <name>.bss</name>
         <uninitialized>true</uninitialized>
         <run_address>0x7f94</run_address>
         <size>0x2c</size>
         <input_file_ref idref="fl-40"/>
      </object_component>
      <object_component id="oc-29">
         <name>.bss</name>
         <uninitialized>true</uninitialized>
         <run_address>0x7fc0</run_address>
         <size>0x28</size>
         <input_file_ref idref="fl-6"/>
      </object_component>
      <object_component id="oc-f5">
         <name>.bss</name>
         <uninitialized>true</uninitialized>
         <run_address>0x7fe8</run_address>
         <size>0x24</size>
         <input_file_ref idref="fl-24"/>
      </object_component>
      <object_component id="oc-61">
         <name>.bss</name>
         <uninitialized>true</uninitialized>
         <run_address>0x800c</run_address>
         <size>0x24</size>
         <input_file_ref idref="fl-d"/>
      </object_component>
      <object_component id="oc-71">
         <name>.bss</name>
         <uninitialized>true</uninitialized>
         <run_address>0x8030</run_address>
         <size>0x20</size>
         <input_file_ref idref="fl-f"/>
      </object_component>
      <object_component id="oc-41">
         <name>.bss</name>
         <uninitialized>true</uninitialized>
         <run_address>0x8050</run_address>
         <size>0x18</size>
         <input_file_ref idref="fl-9"/>
      </object_component>
      <object_component id="oc-91">
         <name>.bss</name>
         <uninitialized>true</uninitialized>
         <run_address>0x8068</run_address>
         <size>0x16</size>
         <input_file_ref idref="fl-13"/>
      </object_component>
      <object_component id="oc-49">
         <name>.bss</name>
         <uninitialized>true</uninitialized>
         <run_address>0x8080</run_address>
         <size>0x14</size>
         <input_file_ref idref="fl-a"/>
      </object_component>
      <object_component id="oc-82">
         <name>.bss</name>
         <uninitialized>true</uninitialized>
         <run_address>0x8094</run_address>
         <size>0x12</size>
         <input_file_ref idref="fl-11"/>
      </object_component>
      <object_component id="oc-17b">
         <name>.bss</name>
         <uninitialized>true</uninitialized>
         <run_address>0x80a8</run_address>
         <size>0x10</size>
         <input_file_ref idref="fl-3d"/>
      </object_component>
      <object_component id="oc-58">
         <name>.bss</name>
         <uninitialized>true</uninitialized>
         <run_address>0x80b8</run_address>
         <size>0xc</size>
         <input_file_ref idref="fl-c"/>
      </object_component>
      <object_component id="oc-264">
         <name>.bss</name>
         <uninitialized>true</uninitialized>
         <run_address>0x80c4</run_address>
         <size>0xc</size>
         <input_file_ref idref="fl-88"/>
      </object_component>
      <object_component id="oc-39">
         <name>.bss</name>
         <uninitialized>true</uninitialized>
         <run_address>0x80d0</run_address>
         <size>0x8</size>
         <input_file_ref idref="fl-8"/>
      </object_component>
      <object_component id="oc-160">
         <name>.bss</name>
         <uninitialized>true</uninitialized>
         <run_address>0x80d8</run_address>
         <size>0x8</size>
         <input_file_ref idref="fl-38"/>
      </object_component>
      <object_component id="oc-1ed">
         <name>.bss</name>
         <uninitialized>true</uninitialized>
         <run_address>0x80e0</run_address>
         <size>0x8</size>
         <input_file_ref idref="fl-6d"/>
      </object_component>
      <object_component id="oc-1ad">
         <name>.bss</name>
         <uninitialized>true</uninitialized>
         <run_address>0x80e8</run_address>
         <size>0x8</size>
         <input_file_ref idref="fl-5e"/>
      </object_component>
      <object_component id="oc-31">
         <name>.bss</name>
         <uninitialized>true</uninitialized>
         <run_address>0x80f0</run_address>
         <size>0x6</size>
         <input_file_ref idref="fl-7"/>
      </object_component>
      <object_component id="oc-8a">
         <name>.bss</name>
         <uninitialized>true</uninitialized>
         <run_address>0x80f6</run_address>
         <size>0x4</size>
         <input_file_ref idref="fl-12"/>
      </object_component>
      <object_component id="oc-16b">
         <name>.bss</name>
         <uninitialized>true</uninitialized>
         <run_address>0x80fc</run_address>
         <size>0x4</size>
         <input_file_ref idref="fl-3a"/>
      </object_component>
      <object_component id="oc-184">
         <name>.const:.string</name>
         <load_address>0xa100</load_address>
         <run_address>0xa100</run_address>
         <size>0x68c</size>
         <input_file_ref idref="fl-3e"/>
      </object_component>
      <object_component id="oc-27d">
         <name>.const:__ctypes_</name>
         <load_address>0xa78c</load_address>
         <run_address>0xa78c</run_address>
         <size>0x202</size>
         <input_file_ref idref="fl-72"/>
      </object_component>
      <object_component id="oc-5b">
         <name>.const</name>
         <load_address>0xa98e</load_address>
         <run_address>0xa98e</run_address>
         <size>0x2</size>
         <input_file_ref idref="fl-c"/>
      </object_component>
      <object_component id="oc-dc">
         <name>.const:.string</name>
         <load_address>0xa990</load_address>
         <run_address>0xa990</run_address>
         <size>0x102</size>
         <input_file_ref idref="fl-1f"/>
      </object_component>
      <object_component id="oc-d1">
         <name>.const:.string</name>
         <load_address>0xaa94</load_address>
         <run_address>0xaa94</run_address>
         <size>0xba</size>
         <input_file_ref idref="fl-1d"/>
      </object_component>
      <object_component id="oc-75">
         <name>.const:.string</name>
         <load_address>0xab50</load_address>
         <run_address>0xab50</run_address>
         <size>0x60</size>
         <input_file_ref idref="fl-f"/>
      </object_component>
      <object_component id="oc-64">
         <name>.const:.string</name>
         <load_address>0xabb0</load_address>
         <run_address>0xabb0</run_address>
         <size>0x50</size>
         <input_file_ref idref="fl-d"/>
      </object_component>
      <object_component id="oc-1f5">
         <name>.const:.string</name>
         <load_address>0xac00</load_address>
         <run_address>0xac00</run_address>
         <size>0x48</size>
         <input_file_ref idref="fl-6e"/>
      </object_component>
      <object_component id="oc-85">
         <name>.const:.string</name>
         <load_address>0xac48</load_address>
         <run_address>0xac48</run_address>
         <size>0x40</size>
         <input_file_ref idref="fl-11"/>
      </object_component>
      <object_component id="oc-44">
         <name>.const:.string</name>
         <load_address>0xac88</load_address>
         <run_address>0xac88</run_address>
         <size>0x36</size>
         <input_file_ref idref="fl-9"/>
      </object_component>
      <object_component id="oc-5c">
         <name>.const:.string</name>
         <load_address>0xacc0</load_address>
         <run_address>0xacc0</run_address>
         <size>0x30</size>
         <input_file_ref idref="fl-c"/>
      </object_component>
      <object_component id="oc-74">
         <name>.const</name>
         <load_address>0xacf0</load_address>
         <run_address>0xacf0</run_address>
         <size>0x28</size>
         <input_file_ref idref="fl-f"/>
      </object_component>
      <object_component id="oc-3c">
         <name>.const:.string</name>
         <load_address>0xad18</load_address>
         <run_address>0xad18</run_address>
         <size>0x20</size>
         <input_file_ref idref="fl-8"/>
      </object_component>
      <object_component id="oc-4c">
         <name>.const:.string</name>
         <load_address>0xad38</load_address>
         <run_address>0xad38</run_address>
         <size>0x1e</size>
         <input_file_ref idref="fl-a"/>
      </object_component>
      <object_component id="oc-1f4">
         <name>.const</name>
         <load_address>0xad58</load_address>
         <run_address>0xad58</run_address>
         <size>0x18</size>
         <input_file_ref idref="fl-6e"/>
      </object_component>
      <object_component id="oc-7d">
         <name>.const:.string</name>
         <load_address>0xad70</load_address>
         <run_address>0xad70</run_address>
         <size>0x10</size>
         <input_file_ref idref="fl-10"/>
      </object_component>
      <object_component id="oc-27c">
         <name>.const:_initial_approx$1</name>
         <load_address>0xad80</load_address>
         <run_address>0xad80</run_address>
         <size>0x10</size>
         <input_file_ref idref="fl-5b"/>
      </object_component>
      <object_component id="oc-94">
         <name>.const:.string</name>
         <load_address>0xad90</load_address>
         <run_address>0xad90</run_address>
         <size>0xc</size>
         <input_file_ref idref="fl-13"/>
      </object_component>
      <object_component id="oc-6c">
         <name>.const:.string</name>
         <load_address>0xad9c</load_address>
         <run_address>0xad9c</run_address>
         <size>0xa</size>
         <input_file_ref idref="fl-e"/>
      </object_component>
      <object_component id="oc-ad">
         <name>.const:.string</name>
         <load_address>0xada8</load_address>
         <run_address>0xada8</run_address>
         <size>0xa</size>
         <input_file_ref idref="fl-17"/>
      </object_component>
      <object_component id="oc-274">
         <name>.const:_$P$T0$5</name>
         <load_address>0xadb2</load_address>
         <run_address>0xadb2</run_address>
         <size>0x8</size>
         <input_file_ref idref="fl-13"/>
      </object_component>
      <object_component id="oc-21d">
         <name>.const:.string</name>
         <load_address>0xadbc</load_address>
         <run_address>0xadbc</run_address>
         <size>0x4</size>
         <input_file_ref idref="fl-78"/>
      </object_component>
      <object_component id="oc-214">
         <name>.const</name>
         <load_address>0xadc0</load_address>
         <run_address>0xadc0</run_address>
         <size>0x4</size>
         <input_file_ref idref="fl-76"/>
      </object_component>
      <object_component id="oc-1b9">
         <name>.const</name>
         <load_address>0xadc4</load_address>
         <run_address>0xadc4</run_address>
         <size>0x4</size>
         <input_file_ref idref="fl-60"/>
      </object_component>
      <object_component id="oc-267">
         <name>.sysmem</name>
         <uninitialized>true</uninitialized>
         <run_address>0x8100</run_address>
         <size>0x0</size>
         <input_file_ref idref="fl-88"/>
      </object_component>
      <object_component id="oc-296">
         <name>.sysmem</name>
         <uninitialized>true</uninitialized>
         <run_address>0x8100</run_address>
         <size>0x0</size>
      </object_component>
      <object_component id="oc-27a">
         <name>.switch:_SDIO_eventDisable</name>
         <load_address>0x407e8</load_address>
         <run_address>0x407e8</run_address>
         <size>0x44</size>
         <input_file_ref idref="fl-31"/>
      </object_component>
      <object_component id="oc-279">
         <name>.switch:_SDIO_eventEnable</name>
         <load_address>0x4082c</load_address>
         <run_address>0x4082c</run_address>
         <size>0x44</size>
         <input_file_ref idref="fl-31"/>
      </object_component>
      <object_component id="oc-275">
         <name>.switch:_DMA_config</name>
         <load_address>0x40870</load_address>
         <run_address>0x40870</run_address>
         <size>0x40</size>
         <input_file_ref idref="fl-21"/>
      </object_component>
      <object_component id="oc-276">
         <name>.switch:_DMA_getConfig</name>
         <load_address>0x408b0</load_address>
         <run_address>0x408b0</run_address>
         <size>0x40</size>
         <input_file_ref idref="fl-21"/>
      </object_component>
      <object_component id="oc-277">
         <name>.switch:_DMA_reset</name>
         <load_address>0x408f0</load_address>
         <run_address>0x408f0</run_address>
         <size>0x40</size>
         <input_file_ref idref="fl-21"/>
      </object_component>
      <object_component id="oc-27b">
         <name>.switch:_USB_coreEventProcessEp0</name>
         <load_address>0x40930</load_address>
         <run_address>0x40930</run_address>
         <size>0x30</size>
         <input_file_ref idref="fl-34"/>
      </object_component>
      <object_component id="oc-273">
         <name>.switch:_NtoC</name>
         <load_address>0x40960</load_address>
         <run_address>0x40960</run_address>
         <size>0x28</size>
         <input_file_ref idref="fl-6"/>
      </object_component>
      <object_component id="oc-278">
         <name>.switch:_MSC_Bulk</name>
         <load_address>0x40988</load_address>
         <run_address>0x40988</run_address>
         <size>0x20</size>
         <input_file_ref idref="fl-2c"/>
      </object_component>
      <object_component id="oc-19">
         <name>.cinit</name>
         <load_address>0x40000</load_address>
         <run_address>0x40000</run_address>
         <size>0x1b8</size>
         <input_file_ref idref="fl-3"/>
      </object_component>
      <object_component id="oc-b4">
         <name>.cinit</name>
         <load_address>0x401b8</load_address>
         <run_address>0x401b8</run_address>
         <size>0xa8</size>
         <input_file_ref idref="fl-18"/>
      </object_component>
      <object_component id="oc-ac">
         <name>.cinit</name>
         <load_address>0x40260</load_address>
         <run_address>0x40260</run_address>
         <size>0x6c</size>
         <input_file_ref idref="fl-17"/>
      </object_component>
      <object_component id="oc-22f">
         <name>.cinit</name>
         <load_address>0x402cc</load_address>
         <run_address>0x402cc</run_address>
         <size>0x5a</size>
         <input_file_ref idref="fl-7c"/>
      </object_component>
      <object_component id="oc-208">
         <name>.cinit</name>
         <load_address>0x40326</load_address>
         <run_address>0x40326</run_address>
         <size>0x54</size>
         <input_file_ref idref="fl-73"/>
      </object_component>
      <object_component id="oc-93">
         <name>.cinit</name>
         <load_address>0x4037a</load_address>
         <run_address>0x4037a</run_address>
         <size>0x3e</size>
         <input_file_ref idref="fl-13"/>
      </object_component>
      <object_component id="oc-63">
         <name>.cinit</name>
         <load_address>0x403b8</load_address>
         <run_address>0x403b8</run_address>
         <size>0x34</size>
         <input_file_ref idref="fl-d"/>
      </object_component>
      <object_component id="oc-9b">
         <name>.cinit</name>
         <load_address>0x403ec</load_address>
         <run_address>0x403ec</run_address>
         <size>0x2a</size>
         <input_file_ref idref="fl-14"/>
      </object_component>
      <object_component id="oc-11d">
         <name>.cinit</name>
         <load_address>0x40416</load_address>
         <run_address>0x40416</run_address>
         <size>0x2a</size>
         <input_file_ref idref="fl-2b"/>
      </object_component>
      <object_component id="oc-4b">
         <name>.cinit</name>
         <load_address>0x40440</load_address>
         <run_address>0x40440</run_address>
         <size>0x28</size>
         <input_file_ref idref="fl-a"/>
      </object_component>
      <object_component id="oc-43">
         <name>.cinit</name>
         <load_address>0x40468</load_address>
         <run_address>0x40468</run_address>
         <size>0x1c</size>
         <input_file_ref idref="fl-9"/>
      </object_component>
      <object_component id="oc-53">
         <name>.cinit</name>
         <load_address>0x40484</load_address>
         <run_address>0x40484</run_address>
         <size>0x18</size>
         <input_file_ref idref="fl-b"/>
      </object_component>
      <object_component id="oc-5a">
         <name>.cinit</name>
         <load_address>0x4049c</load_address>
         <run_address>0x4049c</run_address>
         <size>0x18</size>
         <input_file_ref idref="fl-c"/>
      </object_component>
      <object_component id="oc-17d">
         <name>.cinit</name>
         <load_address>0x404b4</load_address>
         <run_address>0x404b4</run_address>
         <size>0x18</size>
         <input_file_ref idref="fl-3d"/>
      </object_component>
      <object_component id="oc-84">
         <name>.cinit</name>
         <load_address>0x404cc</load_address>
         <run_address>0x404cc</run_address>
         <size>0x18</size>
         <input_file_ref idref="fl-11"/>
      </object_component>
      <object_component id="oc-33">
         <name>.cinit</name>
         <load_address>0x404e4</load_address>
         <run_address>0x404e4</run_address>
         <size>0x18</size>
         <input_file_ref idref="fl-7"/>
      </object_component>
      <object_component id="oc-1ef">
         <name>.cinit</name>
         <load_address>0x404fc</load_address>
         <run_address>0x404fc</run_address>
         <size>0x14</size>
         <input_file_ref idref="fl-6d"/>
      </object_component>
      <object_component id="oc-1af">
         <name>.cinit</name>
         <load_address>0x40510</load_address>
         <run_address>0x40510</run_address>
         <size>0x14</size>
         <input_file_ref idref="fl-5e"/>
      </object_component>
      <object_component id="oc-8c">
         <name>.cinit</name>
         <load_address>0x40524</load_address>
         <run_address>0x40524</run_address>
         <size>0x10</size>
         <input_file_ref idref="fl-12"/>
      </object_component>
      <object_component id="oc-3b">
         <name>.cinit</name>
         <load_address>0x40534</load_address>
         <run_address>0x40534</run_address>
         <size>0x10</size>
         <input_file_ref idref="fl-8"/>
      </object_component>
      <object_component id="oc-fd">
         <name>.cinit</name>
         <load_address>0x40544</load_address>
         <run_address>0x40544</run_address>
         <size>0x10</size>
         <input_file_ref idref="fl-25"/>
      </object_component>
      <object_component id="oc-73">
         <name>.cinit</name>
         <load_address>0x40554</load_address>
         <run_address>0x40554</run_address>
         <size>0x10</size>
         <input_file_ref idref="fl-f"/>
      </object_component>
      <object_component id="oc-2b">
         <name>.cinit</name>
         <load_address>0x40564</load_address>
         <run_address>0x40564</run_address>
         <size>0x10</size>
         <input_file_ref idref="fl-6"/>
      </object_component>
      <object_component id="oc-6b">
         <name>.cinit</name>
         <load_address>0x40574</load_address>
         <run_address>0x40574</run_address>
         <size>0x8</size>
[...]
         <object_component_ref idref="oc-182"/>
      </symbol>
      <symbol id="sm-1c18">
         <name>_mmcCardObj</name>
         <value>0x7a34</value>
         <object_component_ref idref="oc-182"/>
      </symbol>
      <symbol id="sm-1c19">
         <name>_mmcStatus</name>
         <value>0x7ad8</value>
         <object_component_ref idref="oc-182"/>
      </symbol>
      <symbol id="sm-1c1a">
         <name>_cardAddr</name>
         <value>0x7ad4</value>
         <object_component_ref idref="oc-182"/>
      </symbol>
      <symbol id="sm-1c60">
         <name>_EZDSP5535_SPIFLASH_init</name>
         <value>0x3d970</value>
         <object_component_ref idref="oc-188"/>
      </symbol>
      <symbol id="sm-1c61">
         <name>_EZDSP5535_SPIFLASH_write</name>
         <value>0x3dbcc</value>
         <object_component_ref idref="oc-188"/>
      </symbol>
      <symbol id="sm-1c62">
         <name>_hSpi</name>
         <value>0x780c</value>
         <object_component_ref idref="oc-189"/>
      </symbol>
      <symbol id="sm-1c63">
         <name>_EZDSP5535_SPIFLASH_read</name>
         <value>0x3db1c</value>
         <object_component_ref idref="oc-188"/>
      </symbol>
      <symbol id="sm-1c64">
         <name>_EZDSP5535_SPIFLASH_status</name>
         <value>0x3d9d4</value>
         <object_component_ref idref="oc-188"/>
      </symbol>
      <symbol id="sm-1c65">
         <name>_EZDSP5535_SPIFLASH_erase</name>
         <value>0x3da18</value>
         <object_component_ref idref="oc-188"/>
      </symbol>
      <symbol id="sm-1c71">
         <name>_uartObj</name>
         <value>0x7f94</value>
         <object_component_ref idref="oc-18f"/>
      </symbol>
      <symbol id="sm-1c72">
         <name>_hUart</name>
         <value>0x7fbc</value>
         <object_component_ref idref="oc-18f"/>
      </symbol>
      <symbol id="sm-1c73">
         <name>_EZDSP5535_UART_open</name>
         <value>0x426c8</value>
         <object_component_ref idref="oc-18e"/>
      </symbol>
      <symbol id="sm-1c74">
         <name>_EVM5515_UART_putChar</name>
         <value>0x42738</value>
         <object_component_ref idref="oc-18e"/>
      </symbol>
      <symbol id="sm-1c75">
         <name>_EVM5515_UART_getChar</name>
         <value>0x42750</value>
         <object_component_ref idref="oc-18e"/>
      </symbol>
      <symbol id="sm-1c7f">
         <name>__addd</name>
         <value>0x3fbd4</value>
         <object_component_ref idref="oc-194"/>
      </symbol>
      <symbol id="sm-1c8b">
         <name>__sysstack</name>
         <value>0x20c0</value>
         <object_component_ref idref="oc-272"/>
      </symbol>
      <symbol id="sm-1c8c">
         <name>_c_int00</name>
         <value>0x433e0</value>
         <object_component_ref idref="oc-10"/>
      </symbol>
      <symbol id="sm-1c8d">
         <name>__stack</name>
         <value>0xc0</value>
         <object_component_ref idref="oc-198"/>
      </symbol>
      <symbol id="sm-1c97">
         <name>__eqld</name>
         <value>0x41169</value>
         <object_component_ref idref="oc-19c"/>
      </symbol>
      <symbol id="sm-1c98">
         <name>__cmpd</name>
         <value>0x4119d</value>
         <object_component_ref idref="oc-19c"/>
      </symbol>
      <symbol id="sm-1c99">
         <name>__neqd</name>
         <value>0x4100b</value>
         <object_component_ref idref="oc-19c"/>
      </symbol>
      <symbol id="sm-1c9a">
         <name>__gtrd</name>
         <value>0x410d4</value>
         <object_component_ref idref="oc-19c"/>
      </symbol>
      <symbol id="sm-1c9b">
         <name>__geqd</name>
         <value>0x4111f</value>
         <object_component_ref idref="oc-19c"/>
      </symbol>
      <symbol id="sm-1c9c">
         <name>__leqd</name>
         <value>0x41087</value>
         <object_component_ref idref="oc-19c"/>
      </symbol>
      <symbol id="sm-1c9d">
         <name>__lssd</name>
         <value>0x4103f</value>
         <object_component_ref idref="oc-19c"/>
      </symbol>
      <symbol id="sm-1ca9">
         <name>__divd</name>
         <value>0x3d5a1</value>
         <object_component_ref idref="oc-1a0"/>
      </symbol>
      <symbol id="sm-1cb3">
         <name>__divli</name>
         <value>0x432e5</value>
         <object_component_ref idref="oc-1a4"/>
      </symbol>
      <symbol id="sm-1cbe">
         <name>__divul</name>
         <value>0x4276a</value>
         <object_component_ref idref="oc-1a8"/>
      </symbol>
      <symbol id="sm-1cce">
         <name>C$$EXIT</name>
         <value>0x4351f</value>
         <object_component_ref idref="oc-1b0"/>
      </symbol>
      <symbol id="sm-1ccf">
         <name>_exit</name>
         <value>0x4336c</value>
         <object_component_ref idref="oc-1ac"/>
      </symbol>
      <symbol id="sm-1cd0">
         <name>_abort</name>
         <value>0x4351e</value>
         <object_component_ref idref="oc-1b0"/>
      </symbol>
      <symbol id="sm-1cd1">
         <name>__cleanup_ptr</name>
         <value>0x80e8</value>
         <object_component_ref idref="oc-1ad"/>
      </symbol>
      <symbol id="sm-1cd2">
         <name>__dtors_ptr</name>
         <value>0x80ec</value>
         <object_component_ref idref="oc-1ad"/>
      </symbol>
      <symbol id="sm-1cdc">
         <name>__fltud</name>
         <value>0x43510</value>
         <object_component_ref idref="oc-1b3"/>
      </symbol>
      <symbol id="sm-1ce8">
         <name>__fltuld</name>
         <value>0x430b0</value>
         <object_component_ref idref="oc-1b7"/>
      </symbol>
      <symbol id="sm-1cf2">
         <name>__frcmpyd_div</name>
         <value>0x42d63</value>
         <object_component_ref idref="oc-1bc"/>
      </symbol>
      <symbol id="sm-1cfa">
         <name>__mpyli</name>
         <value>0x434b9</value>
         <object_component_ref idref="oc-1c0"/>
      </symbol>
      <symbol id="sm-1cfb">
         <name>I$$LMPY</name>
         <value>0x434b9</value>
         <object_component_ref idref="oc-1c0"/>
      </symbol>
      <symbol id="sm-1d03">
         <name>_memcpy</name>
         <value>0x4332d</value>
         <object_component_ref idref="oc-1c4"/>
      </symbol>
      <symbol id="sm-1d0d">
         <name>_memset</name>
         <value>0x434de</value>
         <object_component_ref idref="oc-1c8"/>
      </symbol>
      <symbol id="sm-1d17">
         <name>__mpyd</name>
         <value>0x41cff</value>
         <object_component_ref idref="oc-1cc"/>
      </symbol>
      <symbol id="sm-1d21">
         <name>_printf</name>
         <value>0x43162</value>
         <object_component_ref idref="oc-1d0"/>
      </symbol>
      <symbol id="sm-1d2c">
         <name>__remul</name>
         <value>0x42dd6</value>
         <object_component_ref idref="oc-1d4"/>
      </symbol>
      <symbol id="sm-1d36">
         <name>_strlen</name>
         <value>0x434ef</value>
         <object_component_ref idref="oc-1d8"/>
      </symbol>
      <symbol id="sm-1d41">
         <name>_strncpy</name>
         <value>0x433aa</value>
         <object_component_ref idref="oc-1dc"/>
      </symbol>
      <symbol id="sm-1d4b">
         <name>__subd</name>
         <value>0x434a5</value>
         <object_component_ref idref="oc-1e0"/>
      </symbol>
      <symbol id="sm-1d53">
         <name>__remu</name>
         <value>0x43453</value>
         <object_component_ref idref="oc-1e4"/>
      </symbol>
      <symbol id="sm-1d54">
         <name>__divu</name>
         <value>0x4343e</value>
         <object_component_ref idref="oc-1e4"/>
      </symbol>
      <symbol id="sm-1d55">
         <name>I$$UMOD</name>
         <value>0x43453</value>
         <object_component_ref idref="oc-1e4"/>
      </symbol>
      <symbol id="sm-1d56">
         <name>I$$UDIV</name>
         <value>0x4343e</value>
         <object_component_ref idref="oc-1e4"/>
      </symbol>
      <symbol id="sm-1d60">
         <name>_Reset</name>
         <value>0x4fe00</value>
         <object_component_ref idref="oc-11"/>
      </symbol>
      <symbol id="sm-1d6e">
         <name>__unlock</name>
         <value>0x80e4</value>
         <object_component_ref idref="oc-1ed"/>
      </symbol>
      <symbol id="sm-1d6f">
         <name>__lock</name>
         <value>0x80e0</value>
         <object_component_ref idref="oc-1ed"/>
      </symbol>
      <symbol id="sm-1d70">
         <name>__register_lock</name>
         <value>0x434d4</value>
         <object_component_ref idref="oc-1ec"/>
      </symbol>
      <symbol id="sm-1d71">
         <name>__nop</name>
         <value>0x434dc</value>
         <object_component_ref idref="oc-1ec"/>
      </symbol>
      <symbol id="sm-1d72">
         <name>__register_unlock</name>
         <value>0x434cc</value>
         <object_component_ref idref="oc-1ec"/>
      </symbol>
      <symbol id="sm-1d84">
         <name>__printfi</name>
         <value>0x2e7aa</value>
         <object_component_ref idref="oc-1f2"/>
      </symbol>
      <symbol id="sm-1d8e">
         <name>__args_main</name>
         <value>0x4324f</value>
         <object_component_ref idref="oc-1f8"/>
      </symbol>
      <symbol id="sm-1d8f">
         <name>__TI_args_main</name>
         <value>0x1</value>
      </symbol>
      <symbol id="sm-1d99">
         <name>_atoi</name>
         <value>0x42ff6</value>
         <object_component_ref idref="oc-1fc"/>
      </symbol>
      <symbol id="sm-1da1">
         <name>_auto_init</name>
         <value>0x43202</value>
         <object_component_ref idref="oc-200"/>
      </symbol>
      <symbol id="sm-1da9">
         <name>__ctypes_</name>
         <value>0xa78c</value>
         <object_component_ref idref="oc-27d"/>
      </symbol>
      <symbol id="sm-1db3">
         <name>__tmpnams</name>
         <value>0x74a8</value>
         <object_component_ref idref="oc-206"/>
      </symbol>
      <symbol id="sm-1db4">
         <name>__ft_end</name>
         <value>0x75e8</value>
         <object_component_ref idref="oc-206"/>
      </symbol>
      <symbol id="sm-1db5">
         <name>__ftable</name>
         <value>0x73b8</value>
         <object_component_ref idref="oc-206"/>
      </symbol>
      <symbol id="sm-1dbf">
         <name>__fixdi</name>
         <value>0x43414</value>
         <object_component_ref idref="oc-20a"/>
      </symbol>
      <symbol id="sm-1dc9">
         <name>__fixdli</name>
         <value>0x42e48</value>
         <object_component_ref idref="oc-20e"/>
      </symbol>
      <symbol id="sm-1dd5">
         <name>__fltlid</name>
         <value>0x42f8f</value>
         <object_component_ref idref="oc-212"/>
      </symbol>
      <symbol id="sm-1ddf">
         <name>_putchar</name>
         <value>0x426b6</value>
         <object_component_ref idref="oc-217"/>
      </symbol>
      <symbol id="sm-1de0">
         <name>_putc</name>
         <value>0x4261f</value>
         <object_component_ref idref="oc-217"/>
      </symbol>
      <symbol id="sm-1de1">
         <name>_fputc</name>
         <value>0x4261f</value>
         <object_component_ref idref="oc-217"/>
      </symbol>
      <symbol id="sm-1def">
         <name>_puts</name>
         <value>0x41cd1</value>
         <object_component_ref idref="oc-21b"/>
      </symbol>
      <symbol id="sm-1df0">
         <name>_fputs</name>
         <value>0x41b9c</value>
         <object_component_ref idref="oc-21b"/>
      </symbol>
      <symbol id="sm-1dfa">
         <name>__frcmpyd</name>
         <value>0x42ced</value>
         <object_component_ref idref="oc-220"/>
      </symbol>
      <symbol id="sm-1e04">
         <name>___isinf</name>
         <value>0x4348b</value>
         <object_component_ref idref="oc-224"/>
      </symbol>
      <symbol id="sm-1e0e">
         <name>__divull</name>
         <value>0x3faab</value>
         <object_component_ref idref="oc-228"/>
      </symbol>
      <symbol id="sm-1e0f">
         <name>__mpylli</name>
         <value>0x3f9f3</value>
         <object_component_ref idref="oc-228"/>
      </symbol>
      <symbol id="sm-1e10">
         <name>__remlli</name>
         <value>0x3f9c4</value>
         <object_component_ref idref="oc-228"/>
      </symbol>
      <symbol id="sm-1e11">
         <name>__divlli</name>
         <value>0x3fb9f</value>
         <object_component_ref idref="oc-228"/>
      </symbol>
      <symbol id="sm-1e12">
         <name>__remull</name>
         <value>0x3f976</value>
         <object_component_ref idref="oc-228"/>
      </symbol>
      <symbol id="sm-1e24">
         <name>_add_device</name>
         <value>0x3a5fe</value>
         <object_component_ref idref="oc-22c"/>
      </symbol>
      <symbol id="sm-1e25">
         <name>_rename</name>
         <value>0x3a320</value>
         <object_component_ref idref="oc-22c"/>
      </symbol>
      <symbol id="sm-1e26">
         <name>_read</name>
         <value>0x3a3af</value>
         <object_component_ref idref="oc-22c"/>
      </symbol>
      <symbol id="sm-1e27">
         <name>_unlink</name>
         <value>0x3a2ed</value>
         <object_component_ref idref="oc-22c"/>
      </symbol>
      <symbol id="sm-1e28">
         <name>_remove_device</name>
         <value>0x3a379</value>
         <object_component_ref idref="oc-22c"/>
      </symbol>
      <symbol id="sm-1e29">
         <name>_open</name>
         <value>0x3a45d</value>
         <object_component_ref idref="oc-22c"/>
      </symbol>
      <symbol id="sm-1e2a">
         <name>_find_registered_device</name>
         <value>0x3a582</value>
         <object_component_ref idref="oc-22c"/>
      </symbol>
      <symbol id="sm-1e2b">
         <name>_lseek</name>
         <value>0x3a51c</value>
         <object_component_ref idref="oc-22c"/>
      </symbol>
      <symbol id="sm-1e2c">
         <name>_close</name>
         <value>0x3a58b</value>
         <object_component_ref idref="oc-22c"/>
      </symbol>
      <symbol id="sm-1e2d">
         <name>_write</name>
         <value>0x3a1ab</value>
         <object_component_ref idref="oc-22c"/>
      </symbol>
      <symbol id="sm-1e37">
         <name>_ltoa</name>
         <value>0x42bf5</value>
         <object_component_ref idref="oc-232"/>
      </symbol>
      <symbol id="sm-1e42">
         <name>_memccpy</name>
         <value>0x43468</value>
         <object_component_ref idref="oc-236"/>
      </symbol>
      <symbol id="sm-1e4c">
         <name>__negd</name>
         <value>0x43500</value>
         <object_component_ref idref="oc-23a"/>
      </symbol>
      <symbol id="sm-1e56">
         <name>__remli</name>
         <value>0x4329a</value>
         <object_component_ref idref="oc-23e"/>
      </symbol>
      <symbol id="sm-1e62">
         <name>_HOSTopen</name>
         <value>0x3af33</value>
         <object_component_ref idref="oc-242"/>
      </symbol>
      <symbol id="sm-1e63">
         <name>_HOSTread</name>
         <value>0x3aea6</value>
         <object_component_ref idref="oc-242"/>
      </symbol>
      <symbol id="sm-1e64">
         <name>_HOSTtime</name>
         <value>0x3ad9a</value>
         <object_component_ref idref="oc-242"/>
      </symbol>
      <symbol id="sm-1e65">
         <name>_getenv</name>
         <value>0x3ac28</value>
         <object_component_ref idref="oc-242"/>
      </symbol>
      <symbol id="sm-1e66">
         <name>_HOSTrename</name>
         <value>0x3adf8</value>
         <object_component_ref idref="oc-242"/>
      </symbol>
      <symbol id="sm-1e67">
         <name>_HOSTclock</name>
         <value>0x3b0f2</value>
         <object_component_ref idref="oc-242"/>
      </symbol>
      <symbol id="sm-1e68">
         <name>_HOSTwrite</name>
         <value>0x3aca3</value>
         <object_component_ref idref="oc-242"/>
      </symbol>
      <symbol id="sm-1e69">
         <name>_HOSTlseek</name>
         <value>0x3afd2</value>
         <object_component_ref idref="oc-242"/>
      </symbol>
      <symbol id="sm-1e6a">
         <name>_HOSTunlink</name>
         <value>0x3ad30</value>
         <object_component_ref idref="oc-242"/>
      </symbol>
      <symbol id="sm-1e6b">
         <name>_HOSTclose</name>
         <value>0x3b087</value>
         <object_component_ref idref="oc-242"/>
      </symbol>
      <symbol id="sm-1e7d">
         <name>C$$IO$$</name>
         <value>0x4256a</value>
         <object_component_ref idref="oc-24a"/>
      </symbol>
      <symbol id="sm-1e7e">
         <name>__CIOBUF_</name>
         <value>0x405a8</value>
         <object_component_ref idref="oc-249"/>
      </symbol>
      <symbol id="sm-1e7f">
         <name>_readmsg</name>
         <value>0x42eb7</value>
         <object_component_ref idref="oc-247"/>
      </symbol>
      <symbol id="sm-1e80">
         <name>_writemsg</name>
         <value>0x424b5</value>
         <object_component_ref idref="oc-24a"/>
      </symbol>
      <symbol id="sm-1e8a">
         <name>__rd_ok</name>
         <value>0x422d2</value>
         <object_component_ref idref="oc-24d"/>
      </symbol>
      <symbol id="sm-1e8b">
         <name>__wrt_ok</name>
         <value>0x42252</value>
         <object_component_ref idref="oc-24d"/>
      </symbol>
      <symbol id="sm-1e95">
         <name>__doflush</name>
         <value>0x423f3</value>
         <object_component_ref idref="oc-251"/>
      </symbol>
      <symbol id="sm-1e96">
         <name>_fflush</name>
         <value>0x4245c</value>
         <object_component_ref idref="oc-251"/>
      </symbol>
      <symbol id="sm-1ea0">
         <name>_fseek</name>
         <value>0x42f24</value>
         <object_component_ref idref="oc-255"/>
      </symbol>
      <symbol id="sm-1eaa">
         <name>_setvbuf</name>
         <value>0x4216c</value>
         <object_component_ref idref="oc-259"/>
      </symbol>
      <symbol id="sm-1eb9">
         <name>__cleanup</name>
         <value>0x3f5b0</value>
         <object_component_ref idref="oc-25d"/>
      </symbol>
      <symbol id="sm-1eba">
         <name>_fopen</name>
         <value>0x3f6d3</value>
         <object_component_ref idref="oc-25d"/>
      </symbol>
      <symbol id="sm-1ebb">
         <name>_freopen</name>
         <value>0x3f60a</value>
         <object_component_ref idref="oc-25d"/>
      </symbol>
      <symbol id="sm-1ecb">
         <name>__sys_memory</name>
         <value>0x8100</value>
         <object_component_ref idref="oc-267"/>
      </symbol>
      <symbol id="sm-1ecc">
         <name>_chkheap</name>
         <value>0x3c470</value>
         <object_component_ref idref="oc-263"/>
      </symbol>
      <symbol id="sm-1ecd">
         <name>_realloc</name>
         <value>0x3c20f</value>
         <object_component_ref idref="oc-263"/>
      </symbol>
      <symbol id="sm-1ece">
         <name>_free_memory</name>
         <value>0x3c41a</value>
         <object_component_ref idref="oc-263"/>
      </symbol>
      <symbol id="sm-1ecf">
         <name>_max_free</name>
         <value>0x3c3c0</value>
         <object_component_ref idref="oc-263"/>
      </symbol>
      <symbol id="sm-1ed0">
         <name>_free</name>
         <value>0x3bfe9</value>
         <object_component_ref idref="oc-263"/>
      </symbol>
      <symbol id="sm-1ed1">
         <name>_calloc</name>
         <value>0x3c478</value>
         <object_component_ref idref="oc-263"/>
      </symbol>
      <symbol id="sm-1ed2">
         <name>_malloc</name>
         <value>0x3c11a</value>
         <object_component_ref idref="oc-263"/>
      </symbol>
      <symbol id="sm-1ed3">
         <name>_minit</name>
         <value>0x3c0b5</value>
         <object_component_ref idref="oc-263"/>
      </symbol>
      <symbol id="sm-1edd">
         <name>_fclose</name>
         <value>0x42c72</value>
         <object_component_ref idref="oc-26a"/>
      </symbol>
      <symbol id="sm-1ee7">
         <name>_remove</name>
         <value>0x3fff2</value>
         <object_component_ref idref="oc-26e"/>
      </symbol>
   </symbol_table>
</link_info>
