******************************************************************************
              TMS320C55x Linker PC v4.4.1                      
******************************************************************************
>> Linked Sun Sep 09 00:05:08 2018

OUTPUT FILE NAME:   <test.out>
ENTRY POINT SYMBOL: "_c_int00"  address: 00012a38


MEMORY CONFIGURATION

         name            origin    length      used     unused   attr    fill
                        (bytes)   (bytes)    (bytes)   (bytes)
----------------------  --------  ---------  --------  --------  ----  --------
PAGE 0:
  MMR                   00000000   000000c0  00000000  000000c0  RWIX
  DARAM0                000000c0   0000ff40  0000ff40  00000000  RWIX
  SARAM0                00010000   00010000  0000592a  0000a6d6  RWIX
  SARAM1                00020000   00020000  0001fff2  0000000e  RWIX
  SARAM2                00040000   0000cdda  000009a6  0000c434  RWIX
  VECS                  0004ce00   00000200  00000200  00000000  RWIX
  PDROM                 00ff8000   00008000  00000000  00008000  R IX

PAGE 2:
  IOPORT                00000000   00020000  00000000  00020000  RWI 


SECTION ALLOCATION MAP
(Addresses surrounded by []'s are displayed for convenience only!)

output                                                          attributes/
section   page  orgn(bytes) orgn(words) len(bytes) len(words)   input sections
--------  ----  ----------- ----------- ---------- ----------   --------------
.pinit       0   [ 00040000 ]  00020000          *   00000000   UNINITIALIZED

.stack       0   [ 000000c0 ]  00000060          *   00001000   UNINITIALIZED
                 [ 000000c0 ]  00000060          *   00001000   --HOLE--

.data        0   [ 000000c0 ]  00000060          *   00000000   UNINITIALIZED

.sysstack 
*            0   [ 000020c0 ]  00001060          *   00001000   UNINITIALIZED
                 [ 000020c0 ]  00001060          *   00001000   --HOLE--

.sysmem      0   [ 000040c0 ]  00002060          *   00004800   UNINITIALIZED
                 [ 000040c0 ]  00002060          *   00004800   --HOLE--

.bss.1       0   [ 0000d0c0 ]  00006860          *   000017a0   UNINITIALIZED
                 [ 0000d0c0 ]  00006860          *   00001389   heap_1.obj (.bss)
                 [ 0000f7d2 ]  00007be9          *   00000400   mem_test.obj (.bss)
                 [ 0000ffd2 ]  00007fe9          *   00000001   flash.obj (.bss)
                 [ 0000ffd4 ]  00007fea          *   00000016   ezdsp5535_uart.obj (.bss)

.text.1      0     00010000  [ 00008000 ] 0000046c          *   
                   00010000  [ 00008000 ] 0000024b          *   timer.obj (.text:retain)
                   0001024b  [ 00008125 ] 00000001          *   --HOLE-- [fill = 20]
                   0001024c  [ 00008126 ] 0000021e          *   dma.obj (.text)
                   0001046a  [ 00008235 ] 00000002          *   --HOLE-- [fill = 20]

.text.2      0     0001046c  [ 00008236 ] 000003e2          *   
                   0001046c  [ 00008236 ] 000001f7          *   ezdsp5535_led.obj (.text)
                   00010663  [ 00008331+] 000001ea          *   rts55x.lib : cmpd.obj (.text)
                   0001084d  [ 00008426 ] 00000001          *   --HOLE-- [fill = 20]

.text.3      0     00010850  [ 00008428 ] 00000368          *   
                   00010850  [ 00008428 ] 000001c0          *   port.obj (.text)
                   00010a10  [ 00008508 ] 000001a6          *   death.obj (.text)
                   00010bb6  [ 000085db ] 00000002          *   --HOLE-- [fill = 20]

.text.4      0     00010bb8  [ 000085dc ] 00000332          *   
                   00010bb8  [ 000085dc ] 0000019b          *   list.obj (.text)
                   00010d53  [ 000086a9 ] 00000001          *   --HOLE-- [fill = 20]
                   00010d54  [ 000086aa ] 00000195          *   ezdsp5535_lcd.obj (.text)
                   00010ee9  [ 00008774 ] 00000001          *   --HOLE-- [fill = 20]

.text.5      0     00010eec  [ 00008776 ] 000006cc          *   
                   00010eec  [ 00008776 ] 0000018b          *   spiflash_test.obj (.text)
                   00011077  [ 0000883b ] 00000001          *   --HOLE-- [fill = 20]
                   00011078  [ 0000883c ] 0000017c          *   ezdsp5535_sar.obj (.text)
                   000111f4  [ 000088fa ] 00000163          *   rts55x.lib : fputs.obj (.text)
                   00011357  [ 000089ab+] 0000014c          *              : mpyd.obj (.text)
                   000114a3  [ 00008a51 ] 00000001          *   --HOLE-- [fill = 20]
                   000114a4  [ 00008a52 ] 00000112          *   ezdsp5535_i2s.obj (.text)
                   000115b6  [ 00008adb ] 00000002          *   --HOLE-- [fill = 20]

.text.6      0     000115b8  [ 00008adc ] 00000766          *   
                   000115b8  [ 00008adc ] 00000110          *   integer.obj (.text)
                   000116c8  [ 00008b64 ] 000000fc          *   rtc.obj (.text)
                   000117c4  [ 00008be2 ] 000000e6          *   rts55x.lib : setvbuf.obj (.text)
                   000118aa  [ 00008c55 ] 000000dd          *              : _io_perm.obj (.text)
                   00011987  [ 00008cc3 ] 00000001          *   --HOLE-- [fill = 20]
                   00011988  [ 00008cc4 ] 000000c3          *   flash.obj (.text)
                   00011a4b  [ 00008d25+] 000000c2          *   rts55x.lib : fflush.obj (.text)
                   00011b0d  [ 00008d86+] 000000ba          *              : trgmsg.obj (.text:CIO_breakpoint)
                   00011bc7  [ 00008de3 ] 00000001          *   --HOLE-- [fill = 20]
                   00011bc8  [ 00008de4 ] 000000af          *   mem_test.obj (.text)
                   00011c77  [ 00008e3b+] 000000a6          *   rts55x.lib : fputc.obj (.text)
                   00011d1d  [ 00008e8e ] 00000001          *   --HOLE-- [fill = 20]

.text.7      0     00011d20  [ 00008e90 ] 00000398          *   
                   00011d20  [ 00008e90 ] 000000a2          *   ezdsp5535_uart.obj (.text)
                   00011dc2  [ 00008ee1 ] 000000a1          *   rts55x.lib : divul.obj (.text)
                   00011e63  [ 00008f31 ] 00000001          *   --HOLE-- [fill = 20]
                   00011e64  [ 00008f32 ] 0000009f          *   ParTest.obj (.text)
                   00011f03  [ 00008f81 ] 00000001          *   --HOLE-- [fill = 20]
                   00011f04  [ 00008f82 ] 00000094          *   ezdsp5535_i2c.obj (.text)
                   00011f98  [ 00008fcc ] 00000092          *   heap_1.obj (.text)
                   0001202a  [ 00009015 ] 0000008c          *   csl_irqplug.obj (.text)
                   000120b6  [ 0000905b ] 00000002          *   --HOLE-- [fill = 20]

.text.8      0     000120b8  [ 0000905c ] 000005f4          *   
                   000120b8  [ 0000905c ] 0000008c          *   i2s.obj (.text)
                   00012144  [ 000090a2 ] 0000008a          *   ezdsp5535_gpio.obj (.text)
                   000121ce  [ 000090e7 ] 0000007f          *   vectors.obj (.text)
                   0001224d  [ 00009126+] 0000007d          *   rts55x.lib : ltoa.obj (.text)
                   000122ca  [ 00009165 ] 0000007b          *              : fclose.obj (.text)
                   00012345  [ 000091a2+] 00000076          *              : frcmpyd.obj (.text)
                   000123bb  [ 000091dd+] 00000073          *              : frcmpyd_div.obj (.text)
                   0001242e  [ 00009217 ] 00000072          *              : remul.obj (.text)
                   000124a0  [ 00009250 ] 0000006f          *              : fixdli.obj (.text)
                   0001250f  [ 00009287+] 0000006d          *              : trgmsg.obj (.text)
                   0001257c  [ 000092be ] 0000006b          *              : fseek.obj (.text)
                   000125e7  [ 000092f3+] 00000067          *              : fltlid.obj (.text)
                   0001264e  [ 00009327 ] 0000005c          *              : atoi.obj (.text)
                   000126aa  [ 00009355 ] 00000002          *   --HOLE-- [fill = 20]

.text.9      0     000126ac  [ 00009356 ] 00000160          *   
                   000126ac  [ 00009356 ] 0000005c          *   timer.obj (.text)
                   00012708  [ 00009384 ] 0000005b          *   rts55x.lib : fltuld.obj (.text)
                   00012763  [ 000093b1 ] 00000001          *   --HOLE-- [fill = 20]
                   00012764  [ 000093b2 ] 00000056          *   ezdsp5535.obj (.text)
                   000127ba  [ 000093dd ] 00000050          *   rts55x.lib : printf.obj (.text)
                   0001280a  [ 00009405 ] 00000002          *   --HOLE-- [fill = 20]

.text.10     0     0001280c  [ 00009406 ] 00000372          *   
                   0001280c  [ 00009406 ] 0000004e          *   rtc.obj (.text:retain)
                   0001285a  [ 0000942d ] 0000004d          *   rts55x.lib : autoinit.obj (.text)
                   000128a7  [ 00009453+] 0000004b          *              : args_main.obj (.text)
                   000128f2  [ 00009479 ] 0000004b          *              : remli.obj (.text)
                   0001293d  [ 0000949e+] 00000048          *              : divli.obj (.text)
                   00012985  [ 000094c2+] 0000003f          *              : memcpy.obj (.text)
                   000129c4  [ 000094e2 ] 0000003e          *              : exit.obj (.text)
                   00012a02  [ 00009501 ] 00000036          *              : strncpy.obj (.text)
                   00012a38  [ 0000951c ] 00000034          *              : boot.obj (.text)
                   00012a6c  [ 00009536 ] 0000002a          *              : fixdi.obj (.text)
                   00012a96  [ 0000954b ] 0000002a          *              : udiv.obj (.text)
                   00012ac0  [ 00009560 ] 00000023          *              : memccpy.obj (.text)
                   00012ae3  [ 00009571+] 0000001a          *              : isinf.obj (.text)
                   00012afd  [ 0000957e+] 00000014          *              : subd.obj (.text)
                   00012b11  [ 00009588+] 00000013          *              : lmpy.obj (.text)
                   00012b24  [ 00009592 ] 00000012          *              : _lock.obj (.text)
                   00012b36  [ 0000959b ] 00000011          *              : memset.obj (.text)
                   00012b47  [ 000095a3+] 00000011          *              : strlen.obj (.text)
                   00012b58  [ 000095ac ] 00000010          *              : negd.obj (.text)
                   00012b68  [ 000095b4 ] 0000000e          *              : fltud.obj (.text)
                   00012b76  [ 000095bb ] 00000007          *              : exit.obj (.text:CIO_breakpoint)
                   00012b7d  [ 000095be ] 00000001          *   --HOLE-- [fill = 20]

.bss.2       0   [ 00012b80 ]  000095c0          *   00000d81   UNINITIALIZED
                 [ 00012b80 ]  000095c0          *   0000050d   csl_mmcsd_ataIf.obj (.bss)
                 [ 0001359a ]  00009acd          *   00000200   spiflash_test.obj (.bss)
                 [ 0001399a ]  00009ccd          *   00000001   integer.obj (.bss)
                 [ 0001399c ]  00009cce          *   000001be   csl_usb.obj (.bss)
                 [ 00013d18 ]  00009e8c          *   00000124   dma.obj (.bss)
                 [ 00013f60 ]  00009fb0          *   00000119   rts55x.lib : defs.obj (.bss)
                 [ 00014192 ]  0000a0c9          *   00000001              : fopen.obj (.bss)
                 [ 00014194 ]  0000a0ca          *   00000112   ezdsp5535_spiflash.obj (.bss)
                 [ 000143b8 ]  0000a1dc          *   000000d0   rts55x.lib : trgdrv.obj (.bss)
                 [ 00014558 ]  0000a2ac          *   00000095   ezdsp5535_sdcard.obj (.bss)

.bss.3       0   [ 00014684 ]  0000a342          *   000000f5   UNINITIALIZED
                 [ 00014684 ]  0000a342          *   00000084   csl_intc.obj (.bss)
                 [ 0001478c ]  0000a3c6          *   00000071   rts55x.lib : lowlev.obj (.bss)

.bss.4       0   [ 00014870 ]  0000a438          *   00000179   UNINITIALIZED
                 [ 00014870 ]  0000a438          *   0000006f   tasks.obj (.bss)
                 [ 0001494e ]  0000a4a7          *   00000061   i2s.obj (.bss)
                 [ 00014a10 ]  0000a508          *   0000003c   croutine.obj (.bss)
                 [ 00014a88 ]  0000a544          *   0000002a   csl_i2s.obj (.bss)
                 [ 00014adc ]  0000a56e          *   00000018   port.obj (.bss)
                 [ 00014b0c ]  0000a586          *   00000017   crhook.obj (.bss)
                 [ 00014b3a ]  0000a59d          *   00000014   rtc.obj (.bss)

.bss.5       0   [ 00014b64 ]  0000a5b2          *   0000004b   UNINITIALIZED
                 [ 00014b64 ]  0000a5b2          *   00000012   csl_i2c.obj (.bss)
                 [ 00014b88 ]  0000a5c4          *   00000012   dynamic.obj (.bss)
                 [ 00014bac ]  0000a5d6          *   00000010   flop.obj (.bss)
                 [ 00014bcc ]  0000a5e6          *   0000000c   QPeek.obj (.bss)
                 [ 00014be4 ]  0000a5f2          *   0000000b   main.obj (.bss)

.bss.6       0   [ 00014bfc ]  0000a5fe          *   00000013   UNINITIALIZED
                 [ 00014bfc ]  0000a5fe          *   0000000a   blocktim.obj (.bss)
                 [ 00014c10 ]  0000a608          *   00000009   semtest.obj (.bss)

.bss.7       0   [ 00014c24 ]  0000a612          *   0000002e   UNINITIALIZED
                 [ 00014c24 ]  0000a612          *   00000008   ezdsp5535_sar.obj (.bss)
                 [ 00014c34 ]  0000a61a          *   00000006   death.obj (.bss)
                 [ 00014c40 ]  0000a620          *   00000006   rts55x.lib : memory.obj (.bss)
                 [ 00014c4c ]  0000a626          *   00000004   PollQ.obj (.bss)
                 [ 00014c54 ]  0000a62a          *   00000004   ezdsp5535_gpio.obj (.bss)
                 [ 00014c5c ]  0000a62e          *   00000004   rts55x.lib : _lock.obj (.bss)
                 [ 00014c64 ]  0000a632          *   00000004              : exit.obj (.bss)
                 [ 00014c6c ]  0000a636          *   00000003   csl_spi.obj (.bss)
                 [ 00014c72 ]  0000a639          *   00000003   timer.obj (.bss)
                 [ 00014c78 ]  0000a63c          *   00000002   ParTest.obj (.bss)
                 [ 00014c7c ]  0000a63e          *   00000002   ezdsp5535_i2s.obj (.bss)

.const.1     0   [ 00014c80 ]  0000a640          *   000004c9   
                 [ 00014c80 ]  0000a640          *   00000346   ezdsp5535_sdcard.obj (.const:.string)
                 [ 0001530c ]  0000a986          *   00000101   rts55x.lib : ctype.obj (.const:__ctypes_)
                 [ 0001550e ]  0000aa87          *   00000001   death.obj (.const)
                 [ 00015510 ]  0000aa88          *   00000081   csl_cdc.obj (.const:.string)

.const.2     0   [ 00015614 ]  0000ab0a          *   0000005d   
                 [ 00015614 ]  0000ab0a          *   0000005d   spiflash_test.obj (.const:.string)

.const.3     0   [ 000156d0 ]  0000ab68          *   000000b7   
                 [ 000156d0 ]  0000ab68          *   00000030   flop.obj (.const:.string)
                 [ 00015730 ]  0000ab98          *   00000028   dynamic.obj (.const:.string)
                 [ 00015780 ]  0000abc0          *   00000024   rts55x.lib : _printfi.obj (.const:.string)
                 [ 000157c8 ]  0000abe4          *   00000020   semtest.obj (.const:.string)
                 [ 00015808 ]  0000ac04          *   0000001b   QPeek.obj (.const:.string)

.const.4     0   [ 00015840 ]  0000ac20          *   0000004b   
                 [ 00015840 ]  0000ac20          *   00000018   death.obj (.const:.string)
                 [ 00015870 ]  0000ac38          *   00000014   flop.obj (.const)
                 [ 00015898 ]  0000ac4c          *   00000010   PollQ.obj (.const:.string)
                 [ 000158b8 ]  0000ac5c          *   0000000f   blocktim.obj (.const:.string)

.const.5     0   [ 000158d8 ]  0000ac6c          *   00000027   
                 [ 000158d8 ]  0000ac6c          *   0000000c   rts55x.lib : _printfi.obj (.const)
                 [ 000158f0 ]  0000ac78          *   00000008   integer.obj (.const:.string)
                 [ 00015900 ]  0000ac80          *   00000008   rts55x.lib : divd.obj (.const:_initial_approx$1)
                 [ 00015910 ]  0000ac88          *   00000006   main.obj (.const:.string)
                 [ 0001591c ]  0000ac8e          *   00000005   flash.obj (.const:.string)

.const.6     0   [ 00015928 ]  0000ac94          *   00000009   
                 [ 00015928 ]  0000ac94          *   00000005   tasks.obj (.const:.string)
                 [ 00015932 ]  0000ac99          *   00000004   main.obj (.const:_$P$T0$5)

.const.7     0   [ 0001593c ]  0000ac9e          *   00000006   
                 [ 0001593c ]  0000ac9e          *   00000002   rts55x.lib : fputs.obj (.const:.string)
                 [ 00015940 ]  0000aca0          *   00000002              : fltlid.obj (.const)
                 [ 00015944 ]  0000aca2          *   00000002              : fltuld.obj (.const)

.text.11     0     00020000  [ 00010000 ] 00011e44          *   
                   00020000  [ 00010000 ] 0000444f          *   csl_mmcsd.obj (.text)
                   0002444f  [ 00012227 ] 00000001          *   --HOLE-- [fill = 20]
                   00024450  [ 00012228 ] 00002b4f          *   csl_msc.obj (.text)
                   00026f9f  [ 000137cf ] 00000001          *   --HOLE-- [fill = 20]
                   00026fa0  [ 000137d0 ] 00002a24          *   csl_sdio.obj (.text)
                   000299c4  [ 00014ce2 ] 000021d5          *   csl_usb.obj (.text)
                   0002bb99  [ 00015dcc+] 00000002          *   rts55x.lib : vectors.obj (.text)
                   0002bb9b  [ 00015dcd ] 00000001          *   --HOLE-- [fill = 20]
                   0002bb9c  [ 00015dce ] 000018ac          *   csl_dma.obj (.text)
                   0002d448  [ 00016a24 ] 000015a4          *   rts55x.lib : _printfi.obj (.text)
                   0002e9ec  [ 000174f6 ] 000011eb          *   csl_nand.obj (.text)
                   0002fbd7  [ 00017deb ] 00000001          *   --HOLE-- [fill = 20]
                   0002fbd8  [ 00017dec ] 00001164          *   tasks.obj (.text)
                   00030d3c  [ 0001869e ] 00001106          *   csl_uart.obj (.text)
                   00031e42  [ 00018f21 ] 00000002          *   --HOLE-- [fill = 20]

.text.12     0     00031e44  [ 00018f22 ] 00000dc2          *   
                   00031e44  [ 00018f22 ] 00000dc1          *   csl_dat.obj (.text)
                   00032c05  [ 00019602 ] 00000001          *   --HOLE-- [fill = 20]

.text.13     0     00032c08  [ 00019604 ] 000019da          *   
                   00032c08  [ 00019604 ] 00000d74          *   csl_audioClass.obj (.text)
                   0003397c  [ 00019cbe ] 00000c65          *   csl_cdc.obj (.text)
                   000345e1  [ 0001a2f0 ] 00000001          *   --HOLE-- [fill = 20]

.text.14     0     000345e4  [ 0001a2f2 ] 0000178c          *   
                   000345e4  [ 0001a2f2 ] 00000c4c          *   csl_i2c.obj (.text)
                   00035230  [ 0001a918 ] 00000b3e          *   csl_mmcsd_ataIf.obj (.text)
                   00035d6e  [ 0001aeb7 ] 00000002          *   --HOLE-- [fill = 20]

.text.15     0     00035d70  [ 0001aeb8 ] 000037e6          *   
                   00035d70  [ 0001aeb8 ] 00000b2b          *   csl_sar.obj (.text)
                   0003689b  [ 0001b44d ] 00000001          *   --HOLE-- [fill = 20]
                   0003689c  [ 0001b44e ] 000009e3          *   csl_i2s.obj (.text)
                   0003727f  [ 0001b93f ] 00000001          *   --HOLE-- [fill = 20]
                   00037280  [ 0001b940 ] 000009cb          *   queue.obj (.text)
                   00037c4b  [ 0001be25 ] 00000001          *   --HOLE-- [fill = 20]
                   00037c4c  [ 0001be26 ] 000008b4          *   csl_rtc.obj (.text)
                   00038500  [ 0001c280 ] 00000838          *   csl_lcdc.obj (.text)
                   00038d38  [ 0001c69c ] 0000081d          *   oled_test.obj (.text)
                   00039555  [ 0001caaa ] 00000001          *   --HOLE-- [fill = 20]

.text.16     0     00039558  [ 0001caac ] 00001198          *   
                   00039558  [ 0001caac ] 00000697          *   csl_gpio.obj (.text)
                   00039bef  [ 0001cdf7 ] 00000001          *   --HOLE-- [fill = 20]
                   00039bf0  [ 0001cdf8 ] 000005bb          *   csl_spi.obj (.text)
                   0003a1ab  [ 0001d0d5+] 00000543          *   rts55x.lib : lowlev.obj (.text)
                   0003a6ee  [ 0001d377 ] 00000002          *   --HOLE-- [fill = 20]

.text.17     0     0003a6f0  [ 0001d378 ] 00000f48          *   
                   0003a6f0  [ 0001d378 ] 00000538          *   csl_intc.obj (.text)
                   0003ac28  [ 0001d614 ] 00000528          *   rts55x.lib : trgdrv.obj (.text)
                   0003b150  [ 0001d8a8 ] 000004e6          *   flop.obj (.text)
                   0003b636  [ 0001db1b ] 00000002          *   --HOLE-- [fill = 20]

.text.18     0     0003b638  [ 0001db1c ] 00000e68          *   
                   0003b638  [ 0001db1c ] 000004db          *   blocktim.obj (.text)
                   0003bb13  [ 0001dd89 ] 00000001          *   --HOLE-- [fill = 20]
                   0003bb14  [ 0001dd8a ] 000004d5          *   ezdsp5535_sdcard.obj (.text)
                   0003bfe9  [ 0001dff4+] 000004b5          *   rts55x.lib : memory.obj (.text)
                   0003c49e  [ 0001e24f ] 00000002          *   --HOLE-- [fill = 20]

.text.19     0     0003c4a0  [ 0001e250 ] 000004ae          *   
                   0003c4a0  [ 0001e250 ] 000004ad          *   main.obj (.text)
                   0003c94d  [ 0001e4a6 ] 00000001          *   --HOLE-- [fill = 20]

.text.20     0     0003c950  [ 0001e4a8 ] 00000448          *   
                   0003c950  [ 0001e4a8 ] 00000446          *   QPeek.obj (.text)
                   0003cd96  [ 0001e6cb ] 00000002          *   --HOLE-- [fill = 20]

.text.21     0     0003cd98  [ 0001e6cc ] 00000bd6          *   
                   0003cd98  [ 0001e6cc ] 0000042f          *   croutine.obj (.text)
                   0003d1c7  [ 0001e8e3 ] 00000001          *   --HOLE-- [fill = 20]
                   0003d1c8  [ 0001e8e4 ] 000003d9          *   portASM.obj (.text)
                   0003d5a1  [ 0001ead0+] 000003cc          *   rts55x.lib : divd.obj (.text)
                   0003d96d  [ 0001ecb6 ] 00000001          *   --HOLE-- [fill = 20]

.text.22     0     0003d970  [ 0001ecb8 ] 000003c4          *   
                   0003d970  [ 0001ecb8 ] 000003c2          *   ezdsp5535_spiflash.obj (.text)
                   0003dd32  [ 0001ee99 ] 00000002          *   --HOLE-- [fill = 20]

.text.23     0     0003dd34  [ 0001ee9a ] 00000346          *   
                   0003dd34  [ 0001ee9a ] 00000345          *   csl_mem.obj (.text)
                   0003e079  [ 0001f03c ] 00000001          *   --HOLE-- [fill = 20]

.text.24     0     0003e07c  [ 0001f03e ] 00000c38          *   
                   0003e07c  [ 0001f03e ] 00000343          *   dynamic.obj (.text)
                   0003e3bf  [ 0001f1df ] 00000001          *   --HOLE-- [fill = 20]
                   0003e3c0  [ 0001f1e0 ] 0000030c          *   semtest.obj (.text)
                   0003e6cc  [ 0001f366 ] 000002f7          *   csl_gpt.obj (.text)
                   0003e9c3  [ 0001f4e1+] 000002ef          *   aic_test_i2c.obj (.text)
                   0003ecb2  [ 0001f659 ] 00000002          *   --HOLE-- [fill = 20]

.text.25     0     0003ecb4  [ 0001f65a ] 00000a5c          *   
                   0003ecb4  [ 0001f65a ] 000002ac          *   csl_pll.obj (.text)
                   0003ef60  [ 0001f7b0 ] 00000298          *   i2s_register.obj (.text)
                   0003f1f8  [ 0001f8fc ] 00000297          *   crhook.obj (.text)
                   0003f48f  [ 0001fa47+] 0000027f          *   rts55x.lib : fopen.obj (.text)
                   0003f70e  [ 0001fb87 ] 00000002          *   --HOLE-- [fill = 20]

.text.26     0     0003f710  [ 0001fb88 ] 00000720          *   
                   0003f710  [ 0001fb88 ] 00000266          *   csl_wdt.obj (.text)
                   0003f976  [ 0001fcbb ] 0000025e          *   rts55x.lib : llmpy.obj (.text)
                   0003fbd4  [ 0001fdea ] 0000025a          *              : addd.obj (.text)
                   0003fe2e  [ 0001ff17 ] 00000002          *   --HOLE-- [fill = 20]

.text.27     0     0003fe30  [ 0001ff18 ] 000001ce          *   
                   0003fe30  [ 0001ff18 ] 000001c2          *   PollQ.obj (.text)
                   0003fff2  [ 0001fff9 ] 0000000a          *   rts55x.lib : remove.obj (.text)
                   0003fffc  [ 0001fffe ] 00000002          *   --HOLE-- [fill = 20]

.cinit       0   [ 00040000 ]  00020000          *   000002d3   
                 [ 00040000 ]  00020000          *   000000dc   dma.obj (.cinit)
                 [ 000401b8 ]  000200dc          *   00000054   port.obj (.cinit)
                 [ 00040260 ]  00020130          *   00000036   tasks.obj (.cinit)
                 [ 000402cc ]  00020166          *   0000002d   rts55x.lib : lowlev.obj (.cinit)
                 [ 00040326 ]  00020193          *   0000002a              : defs.obj (.cinit)
                 [ 0004037a ]  000201bd          *   0000001f   main.obj (.cinit)
                 [ 000403b8 ]  000201dc          *   0000001a   dynamic.obj (.cinit)
                 [ 000403ec ]  000201f6          *   00000015   croutine.obj (.cinit)
                 [ 00040416 ]  0002020b          *   00000015   csl_mmcsd_ataIf.obj (.cinit)
                 [ 00040440 ]  00020220          *   00000014   blocktim.obj (.cinit)
                 [ 00040468 ]  00020234          *   0000000e   QPeek.obj (.cinit)
                 [ 00040484 ]  00020242          *   0000000c   crhook.obj (.cinit)
                 [ 0004049c ]  0002024e          *   0000000c   death.obj (.cinit)
                 [ 000404b4 ]  0002025a          *   0000000c   ezdsp5535_sar.obj (.cinit)
                 [ 000404cc ]  00020266          *   0000000c   semtest.obj (.cinit)
                 [ 000404e4 ]  00020272          *   0000000c   timer.obj (.cinit)
                 [ 000404fc ]  0002027e          *   0000000a   rts55x.lib : _lock.obj (.cinit)
                 [ 00040510 ]  00020288          *   0000000a              : exit.obj (.cinit)
                 [ 00040524 ]  00020292          *   00000008   ParTest.obj (.cinit)
                 [ 00040534 ]  0002029a          *   00000008   PollQ.obj (.cinit)
                 [ 00040544 ]  000202a2          *   00000008   csl_i2s.obj (.cinit)
                 [ 00040554 ]  000202aa          *   00000008   flop.obj (.cinit)
                 [ 00040564 ]  000202b2          *   00000008   rtc.obj (.cinit)
                 [ 00040574 ]  000202ba          *   00000004   flash.obj (.cinit)
                 [ 0004057c ]  000202be          *   00000004   heap_1.obj (.cinit)
                 [ 00040584 ]  000202c2          *   00000004   i2s.obj (.cinit)
                 [ 0004058c ]  000202c6          *   00000004   integer.obj (.cinit)
                 [ 00040594 ]  000202ca          *   00000004   rts55x.lib : fopen.obj (.cinit)
                 [ 0004059c ]  000202ce          *   00000004              : memory.obj (.cinit)
                 [ 000405a4 ]  000202d2          *   00000001   --HOLE-- [fill = 0]

.cio         0   [ 000405a8 ]  000202d4          *   00000120   UNINITIALIZED
                 [ 000405a8 ]  000202d4          *   00000120   rts55x.lib : trgmsg.obj (.cio)

.switch      0   [ 000407e8 ]  000203f4          *   000000e0   
                 [ 000407e8 ]  000203f4          *   00000022   csl_sdio.obj (.switch:_SDIO_eventDisable)
                 [ 0004082c ]  00020416          *   00000022   csl_sdio.obj (.switch:_SDIO_eventEnable)
                 [ 00040870 ]  00020438          *   00000020   csl_dma.obj (.switch:_DMA_config)
                 [ 000408b0 ]  00020458          *   00000020   csl_dma.obj (.switch:_DMA_getConfig)
                 [ 000408f0 ]  00020478          *   00000020   csl_dma.obj (.switch:_DMA_reset)
                 [ 00040930 ]  00020498          *   00000018   csl_usb.obj (.switch:_USB_coreEventProcessEp0)
                 [ 00040960 ]  000204b0          *   00000014   rtc.obj (.switch:_NtoC)
                 [ 00040988 ]  000204c4          *   00000010   csl_msc.obj (.switch:_MSC_Bulk)

vectors      0     0004ce00  [ 00026700 ] 00000200          *   
                   0004ce00  [ 00026700 ] 00000100          *   rts55x.lib : vectors.obj (vectors)
                   0004cf00  [ 00026780 ] 00000100          *   vectors.obj (vectors)


GLOBAL SYMBOLS: SORTED ALPHABETICALLY BY Name 

abs. value/
byte addr   word addr   name
---------   ---------   ----
00000002                $TI_capability$C5500$CallingConvention
00000002                $TI_capability$C5500$MemoryModel
00000001                $TI_capability_requires_rev3
ffffffff                .bss
ffffffff                .data
ffffffff                .text
00012b77                C$$EXIT
00011bc2                C$$IO$$
00012b11                I$$LMPY
00012a96                I$$UDIV
00012aab                I$$UMOD
00032ecc                _AC_Close
00032f08                _AC_Ctrl
0003319c                _AC_GetactivityFlagStatus
000331b8                _AC_GetsuspendFlagStatus
00033100                _AC_Iso
00032c84                _AC_Open
000331d0                _AC_initDescriptors
00033734                _AC_reqGetCurrent
00033480                _AC_reqGetDescriptor
0003383c                _AC_reqGetMaximum
000337f8                _AC_reqGetMinimum
00033880                _AC_reqGetResolution
00033658                _AC_reqSetCurrent
000338c4                _AC_reqSetInterface
0003e9c3                _AIC3254_init
            00009acc    _ATA_No_Swap
0003c814                _BlinkLED
            0000a507    _Buf_Address
            0000a5a6    _Buf_day
            0000a5a3    _Buf_hour
            0000a5a0    _Buf_min
            0000a5a9    _Buf_month
            0000a59d    _Buf_sec
            0000a5ac    _Buf_year
00033c08                _CDC_Close
00033c44                _CDC_GetactivityFlagStatus
00033c5c                _CDC_GetsuspendFlagStatus
00033a10                _CDC_Open
00033a34                _CDC_OpenFullspeed
00034070                _CDC_bulkInHandler
00033f70                _CDC_bulkOutHandler
00033c74                _CDC_eventHandler
00034360                _CDC_getData
000343f0                _CDC_putData
0003c798                _ConfigPort
            0000a5b0    _Conunt_RTC
00031f1c                _DAT_close
000320b0                _DAT_copy
000325ac                _DAT_fill
00031e44                _DAT_open
00032abc                _DAT_wait
            0000a57a    _DBSTAT_HIGH
            0000a577    _DBSTAT_LOW
            00009fac    _DMA_Count
            00009faf    _DMA_Done
0002bcc0                _DMA_close
0002bce0                _DMA_config
0002c8b4                _DMA_getConfig
0002d39c                _DMA_getLastTransferType
0002bb9c                _DMA_init
0002bbd4                _DMA_open
0002d038                _DMA_reset
0002ce24                _DMA_start
0002cf34                _DMA_stop
0002d324                _DMA_swapWords
00011da8                _EVM5515_UART_getChar
00011d90                _EVM5515_UART_putChar
000121b0                _EZDSP5535_GPIO_getInput
00012144                _EZDSP5535_GPIO_init
00012170                _EZDSP5535_GPIO_setDirection
00012194                _EZDSP5535_GPIO_setOutput
00011f04                _EZDSP5535_I2C_init
00011f70                _EZDSP5535_I2C_read
00011f3c                _EZDSP5535_I2C_reset
00011f48                _EZDSP5535_I2C_write
000115a4                _EZDSP5535_I2S_close
000114a4                _EZDSP5535_I2S_init
00011500                _EZDSP5535_I2S_readLeft
00011564                _EZDSP5535_I2S_readRight
00011534                _EZDSP5535_I2S_writeLeft
00011588                _EZDSP5535_I2S_writeRight
000104a4                _EZDSP5535_LED_getall
0001046c                _EZDSP5535_LED_init
000105a0                _EZDSP5535_LED_off
00010568                _EZDSP5535_LED_on
000104f8                _EZDSP5535_LED_setall
000105d4                _EZDSP5535_LED_toggle
00010dc8                _EZDSP5535_OSD9616_init
00010d7c                _EZDSP5535_OSD9616_multiSend
00010eac                _EZDSP5535_OSD9616_printLetter
00010d54                _EZDSP5535_OSD9616_send
00011140                _EZDSP5535_SAR_getKey
00011078                _EZDSP5535_SAR_init
0003bf24                _EZDSP5535_SDCARD_close
0003bb14                _EZDSP5535_SDCARD_init
0003bebc                _EZDSP5535_SDCARD_read
0003bef0                _EZDSP5535_SDCARD_write
0003da18                _EZDSP5535_SPIFLASH_erase
0003d970                _EZDSP5535_SPIFLASH_init
0003db1c                _EZDSP5535_SPIFLASH_read
0003d9d4                _EZDSP5535_SPIFLASH_status
0003dbcc                _EZDSP5535_SPIFLASH_write
00011d20                _EZDSP5535_UART_open
00010634                _EZDSP5535_XF_get
00010628                _EZDSP5535_XF_off
0001061c                _EZDSP5535_XF_on
00010644                _EZDSP5535_XF_toggle
000127ac                _EZDSP5535_init
00012764                _EZDSP5535_wait
00012798                _EZDSP5535_waitusec
            00009fad    _Error_Count_L
            00009fae    _Error_Count_R
            0000a5af    _Flag_RTC
00039a4c                _GPIO_clearInt
0003959c                _GPIO_close
000395c0                _GPIO_config
000397f8                _GPIO_configBit
00039940                _GPIO_disableInt
000399c0                _GPIO_enableInt
00039648                _GPIO_getConfig
00039558                _GPIO_open
000396d0                _GPIO_read
00039b60                _GPIO_reset
00039ad8                _GPIO_statusBit
00039754                _GPIO_write
0003e80c                _GPT_close
0003e91c                _GPT_config
0003e8e0                _GPT_getCnt
0003e6cc                _GPT_open
0003e790                _GPT_reset
0003e884                _GPT_start
0003e8b4                _GPT_stop
0003c84c                _GenerateAudioTone
            0000a62a    _GpioObj
0003b0f2                _HOSTclock
0003b087                _HOSTclose
0003afd2                _HOSTlseek
0003af33                _HOSTopen
0003aea6                _HOSTread
0003adf8                _HOSTrename
0003ad9a                _HOSTtime
0003ad30                _HOSTunlink
0003aca3                _HOSTwrite
00034690                _I2C_config
00035064                _I2C_eventDisable
00034f30                _I2C_eventEnable
000347f8                _I2C_getConfig
00035214                _I2C_getEventId
000345e4                _I2C_init
00034d10                _I2C_read
00035184                _I2C_setCallback
000348d0                _I2C_setup
00034acc                _I2C_write
            0000a4a7    _I2S_RCV_L
            0000a4d7    _I2S_RCV_R
00036cc8                _I2S_close
0003689c                _I2S_open
00036d74                _I2S_read
00037188                _I2S_reset
000369e0                _I2S_setup
00037234                _I2S_transEnable
00037030                _I2S_write
0003a778                _IRQ_clear
0003a7e4                _IRQ_clearAll
0003a7f4                _IRQ_config
0003a904                _IRQ_disable
0003a984                _IRQ_disableAll
0003a994                _IRQ_enable
0003aa90                _IRQ_getArg
0003a87c                _IRQ_getConfig
0003abdc                _IRQ_globalDisable
0003abf8                _IRQ_globalEnable
0003ac14                _IRQ_globalRestore
0003a6f0                _IRQ_init
0003ab08                _IRQ_map
0001202a                _IRQ_plug
0003aa20                _IRQ_restore
0003aad4                _IRQ_setArg
0003ab34                _IRQ_setVecs
0003ab68                _IRQ_test
0003c730                _InitSystem
00038d18                _LCD_close
000389c8                _LCD_configDMA
00038500                _LCD_init
00038528                _LCD_open
0003856c                _LCD_setup
0003df08                _MEM_disablePartialRetentionMode
0003dd7c                _MEM_disableRetentionMode
0003ddc0                _MEM_enablePartialRetentionMode
0003dd38                _MEM_enableRetentionMode
0003e068                _MEM_getmSDRAMClock
0003dd34                _MEM_init
0003e02c                _MEM_setmSDRAMClock
00035cf8                _MMC_busyStatusCheck
0002438c                _MMC_checkReadDmaDone
00020368                _MMC_clearResponse
00020248                _MMC_close
00035ce0                _MMC_commandReadyStatusCheck
00020aa0                _MMC_config
00035cec                _MMC_dataReadyStatusCheck
00020df0                _MMC_deselectCard
000208b8                _MMC_drrdy
00020900                _MMC_dxrdy
000206e0                _MMC_eventDisable
000204e4                _MMC_eventEnable
00035d14                _MMC_file_system_format
00035d3c                _MMC_flushFat
00021a8c                _MMC_getCardCsd
00024164                _MMC_getCardStatus
00020b3c                _MMC_getConfig
00020330                _MMC_getNumberOfCards
00035d04                _MMC_getSerialID
00020988                _MMC_getStatus
00035d34                _MMC_get_date
00035d38                _MMC_get_mod_date
00035d30                _MMC_get_mod_time
00035d2c                _MMC_get_time
00020488                _MMC_ierDisable
00020444                _MMC_ierEnable
00020000                _MMC_init
00035230                _MMC_initState
000204bc                _MMC_intEnable
00035654                _MMC_issueReadCommand
00020038                _MMC_open
000225bc                _MMC_read
00035a4c                _MMC_readNSectors
000358f4                _MMC_readNextNWords
00035810                _MMC_readNextWord
00035880                _MMC_readNextWord1
00035374                _MMC_readWriteControl
00035bfc                _MMC_read_CID
00035c68                _MMC_read_CSD
00035d20                _MMC_reset
00020948                _MMC_saveStatus
00020ec0                _MMC_selectCard
000216c8                _MMC_sendAllCID
00020bdc                _MMC_sendCmd
00020c90                _MMC_sendGoIdle
00021450                _MMC_sendOpCond
00023e2c                _MMC_setBlockLength
000202f0                _MMC_setCallBack
000202bc                _MMC_setCardPtr
00020288                _MMC_setCardType
00023c74                _MMC_setDataTransferCallback
00023cc4                _MMC_setDmaChanConfig
00023c14                _MMC_setDmaHandle
00023da4                _MMC_setEndianMode
000214f4                _MMC_setRca
00023ec4                _MMC_setWriteBlkEraseCnt
000209ec                _MMC_setupNative
00020d18                _MMC_stop
00022fd8                _MMC_write
00035b24                _MMC_writeNSectors
00035964                _MMC_writeSector
00035cd4                _MMC_writeSectorFlush
000253c4                _MSC_Bulk
00024fa0                _MSC_Close
000251cc                _MSC_Ctrl
00025c58                _MSC_ExecuteRead
0002604c                _MSC_ExecuteWrite
000254c0                _MSC_GetLunLockedStatus
000254f0                _MSC_GetactivityFlagStatus
0002550c                _MSC_GetsuspendFlagStatus
00026824                _MSC_HandlePreventAllowMediaRemoval
000269c8                _MSC_HandleReadCapacity
000259b4                _MSC_HandleStateWaitForCBW
00026600                _MSC_HandleTestUnitReady
00024c30                _MSC_Open
00024c54                _MSC_OpenFullspeed
00024fdc                _MSC_SetLunAttr
00026f24                _MSC_handleDataDirMisMatch
00026e50                _MSC_reqBotMscReset
00026c18                _MSC_reqGetDescriptor
00026ebc                _MSC_sendCswWithPhaseError
0002f1b0                _NAND_checkCommandStatus
0002f384                _NAND_disableHwECC
0002f25c                _NAND_enableHwECC
0002ef9c                _NAND_getBankInfo
0002fa90                _NAND_getIntrNum
0002f970                _NAND_hasCacheProg
0002f9a0                _NAND_hasCopyBack
0002f910                _NAND_hasRandomRead
0002f940                _NAND_hasRandomWrite
0002e9ec                _NAND_init
0002fb78                _NAND_intrClear
0002fa30                _NAND_intrDisable
0002f9d0                _NAND_intrEnable
0002fab0                _NAND_intrReadAT
0002faf0                _NAND_intrReadLT
0002fb34                _NAND_intrReadWR
0002f09c                _NAND_isStatusWriteProtected
0002f46c                _NAND_readECC
0002f620                _NAND_readNBytes
0002f184                _NAND_sendCommand
0002f218                _NAND_setAddress
0002f060                _NAND_setLatchEnableOffset
0002ea80                _NAND_setup
0002f734                _NAND_writeNBytes
0003eea4                _PLL_bypass
0003ed18                _PLL_config
0003ee3c                _PLL_enable
0003ece0                _PLL_init
0003eef4                _PLL_reset
0004cf00                _RST
0001280c                _RTC_Isr
000383e4                _RTC_bcdToDec
00037d14                _RTC_config
000383a4                _RTC_decToBcd
0003829c                _RTC_eventDisable
000381b0                _RTC_eventEnable
00037e00                _RTC_getConfig
00037fe8                _RTC_getDate
00038350                _RTC_getEventId
00037f2c                _RTC_getTime
00037cd8                _RTC_reset
00038028                _RTC_setAlarm
00038424                _RTC_setCallback
000384b4                _RTC_setCompensation
00037f78                _RTC_setDate
000380fc                _RTC_setPeriodicInterval
00037eb0                _RTC_setTime
00037ce8                _RTC_start
00037d0c                _RTC_stop
            00009f4c    _RcvL_Sine
            00009f7c    _RcvR_Sine
0004ce00                _Reset
00036304                _SAR_A2DMeasParamSet
00036780                _SAR_GPODirSet
00035e70                _SAR_chanClose
00035ef4                _SAR_chanConfig
000361f4                _SAR_chanCycSet
00035df0                _SAR_chanInit
00035e0c                _SAR_chanOpen
00035fe0                _SAR_chanSetup
00035dd0                _SAR_deInit
00035f6c                _SAR_getConfig
0003685c                _SAR_getStatus
00035d70                _SAR_init
000362c0                _SAR_readData
00036244                _SAR_startConversion
00036278                _SAR_stopConversion
00027f38                _SDIO_clearResponse
000270ac                _SDIO_close
000270d4                _SDIO_config
00027b4c                _SDIO_deselectCard
000271ac                _SDIO_detectCard
00028310                _SDIO_eventDisable
000280e8                _SDIO_eventEnable
00027a84                _SDIO_getRca
00027da4                _SDIO_getResponse
0002807c                _SDIO_getSdioStatus
00028014                _SDIO_getStatus
00026fa0                _SDIO_init
00027518                _SDIO_initCard
00026fe0                _SDIO_open
00029028                _SDIO_readBlocks
000287a4                _SDIO_readBytes
00028578                _SDIO_readSingleByte
00028540                _SDIO_readWaitDisable
00028508                _SDIO_readWaitEnable
0002799c                _SDIO_resetCard
00027c0c                _SDIO_selectCard
00027cd0                _SDIO_sendCommand
0002993c                _SDIO_setClock
000298bc                _SDIO_setEndianMode
00029468                _SDIO_writeBlocks
00028be8                _SDIO_writeBytes
000286a4                _SDIO_writeSingleByte
00024260                _SD_configurePullup
00021ee0                _SD_getCardCsd
000218a0                _SD_sendAllCID
000215cc                _SD_sendRca
00023ff4                _SD_setBusWidth
00039c88                _SPI_close
00039cb4                _SPI_config
0003a138                _SPI_dataTransaction
00039f3c                _SPI_deInit
00039bf0                _SPI_init
00039c54                _SPI_open
00039f68                _SPI_read
0003a04c                _SPI_write
            0000a57c    _STATUS0_HIGH
            0000a57b    _STATUS0_LOW
            0000a57e    _STATUS1_HIGH
            0000a57d    _STATUS1_LOW
            0000a580    _STATUS2_HIGH
            0000a57f    _STATUS2_LOW
0003c7a8                _SYS_GlobalIntDisable
0003c7a0                _SYS_GlobalIntEnable
            0000a616    _SarHandle
            0000a612    _SarObj
000126f8                _StartTimer0
00012700                _StartTimer02
000126d4                _Timer02Init
00010128                _Timer02_isr
000126ac                _Timer0Init
            0000a63b    _Timer0_Int_CTR
00010000                _Timer_isr
0003132c                _UART_config
0003166c                _UART_eventDisable
000315d4                _UART_eventEnable
000319ac                _UART_fgetc
00031ad4                _UART_fgets
00031a4c                _UART_fputc
00031c04                _UART_fputs
00031d1c                _UART_getConfig
00031cf4                _UART_getEventId
00030dc8                _UART_init
000316fc                _UART_read
00031540                _UART_reset
00031588                _UART_resetOff
00031ddc                _UART_setCallback
00030e84                _UART_setup
00031434                _UART_setupBaudRate
00031828                _UART_write
0002b16c                _USB_abortAllTransaction
0002b00c                _USB_abortTransaction
0002aa68                _USB_bytesRemaining
0002ac70                _USB_clearEndptStall
0002b1c0                _USB_connectDev
0002b6e0                _USB_coreEventProcessEp0
0002b1f4                _USB_disconnectDev
0002aedc                _USB_epNumToHandle
0002b55c                _USB_findFifoSize
0002b504                _USB_getDataCountReadFromFifo
0002ae58                _USB_getEndptStall
0002a694                _USB_getEvents
0002b304                _USB_getFrameNo
0002b4b0                _USB_getMaxPower
0002b254                _USB_getRemoteWakeupStat
0002a77c                _USB_getSetupPacket
00029c58                _USB_init
0002a2ac                _USB_initEndptObj
0002b3d0                _USB_initPLL
0002a9e0                _USB_isTransactionDone
0002b26c                _USB_issueRemoteWakeup
0002a70c                _USB_peekEvents
0002a824                _USB_postTransaction
0002a07c                _USB_resetDev
0002b364                _USB_selfwakeup
0002b2bc                _USB_setDevAddr
0002b4d0                _USB_setFullSpeedMode
0002b454                _USB_setParams
0002b224                _USB_setRemoteWakeup
0002aafc                _USB_stallEndpt
0002b320                _USB_suspendDevice
0004cf00                _VECSTART
0003f848                _WDTIM_close
0003f8c0                _WDTIM_config
0003f818                _WDTIM_getCnt
0003f92c                _WDTIM_getConfig
0003f710                _WDTIM_open
0003f88c                _WDTIM_service
0003f788                _WDTIM_start
0003f7d0                _WDTIM_stop
            00009e8c    _XmitL_Sine_1K
            00009ebc    _XmitL_Sine_2K
            00009eec    _XmitR_Sine_1K
            00009f1c    _XmitR_Sine_2K
            000202d4    __CIOBUF_
            00001060    __STACK_END
00002000                __STACK_SIZE
00009000                __SYSMEM_SIZE
00002000                __SYSSTACK_SIZE
00000001                __TI_args_main
ffffffff                ___binit__
ffffffff                ___bss__
ffffffff                ___c_args__
            00020000    ___cinit__
ffffffff                ___data__
ffffffff                ___edata__
ffffffff                ___end__
ffffffff                ___etext__
00012ae3                ___isinf
ffffffff                ___pinit__
ffffffff                ___text__
0003fbd4                __addd
000128a7                __args_main
0003f5b0                __cleanup
            0000a632    __cleanup_ptr
000107f5                __cmpd
            0000a986    __ctypes_
0003d5a1                __divd
0001293d                __divli
0003fb9f                __divlli
00012a96                __divu
00011dc2                __divul
0003faab                __divull
00011a4b                __doflush
            0000a634    __dtors_ptr
000107c1                __eqld
00012a6c                __fixdi
000124a0                __fixdli
000125e7                __fltlid
00012b68                __fltud
00012708                __fltuld
00012345                __frcmpyd
000123bb                __frcmpyd_div
            0000a0c8    __ft_end
            00009fb0    __ftable
00010777                __geqd
0001072c                __gtrd
000106df                __leqd
            0000a62e    __lock
00010697                __lssd
00011357                __mpyd
00012b11                __mpyli
0003f9f3                __mpylli
00012b58                __negd
00010663                __neqd
00012b34                __nop
0002e7aa                __printfi
0001192a                __rd_ok
00012b2c                __register_lock
00012b24                __register_unlock
000128f2                __remli
0003f9c4                __remlli
00012aab                __remu
0001242e                __remul
0003f976                __remull
            00000060    __stack
00012afd                __subd
            00002060    __sys_memory
            00001060    __sysstack
            0000a028    __tmpnams
            0000a630    __unlock
000118aa                __wrt_ok
00012b76                _abort
0003a5fe                _add_device
0001264e                _atoi
0001285a                _auto_init
00012a38                _c_int00
            00009ac4    _cached_phySector0
            00009ac6    _cached_phySector1
            00009ac8    _cached_phySector2
            00009aca    _cached_phySector3
0003c478                _calloc
            0000a33e    _cardAddr
0003c470                _chkheap
0003a58b                _close
00011790                _convert_number_to_string
0003f1c0                _disable_i2s0
0003f1ce                _disable_i2s1
0003f1dc                _disable_i2s2
0003f1ea                _disable_i2s3
0001045c                _enable_dma_int
0003f188                _enable_i2s0
0003f196                _enable_i2s1
0003f1a4                _enable_i2s2
0003f1b2                _enable_i2s3
000116c8                _enable_rtc_second_int
000129c4                _exit
            0000a5f3    _f1KToneOn
            0000a5f4    _f2KToneOn
            0000a5f2    _fSineWave
            0000a639    _fTimer
            0000a63a    _fTimer02
000122ca                _fclose
00011ab4                _fflush
0003a582                _find_registered_device
0003f6d3                _fopen
00011c77                _fputc
000111f4                _fputs
0003bfe9                _free
0003c41a                _free_memory
0003f60a                _freopen
            0000a56c    _fsError
0001257c                _fseek
            00009da6    _gBulkInTransfer
            00009db4    _gBulkOutTransfer
            00009d98    _gCtrlTransfer
            00009dec    _gEpStatus
            0000a5b2    _gI2cObj
            00009dde    _gIntInTransfer
            00009dc2    _gIsoInTransfer
            00009dd0    _gIsoOutTransfer
            000096c2    _gNextPhySector
            000095c0    _gReadBuf
            00009cd0    _gUsbContext
            00009e7c    _gUsbEpHandle
            000096c0    _gWordCount
            000096c4    _gWriteBuf
0003ac28                _getenv
            0000a62c    _hGpio
            0000a63e    _hI2s
            0000a1da    _hSpi
            00007ffe    _hUart
            0000a5c2    _i2cHandle
0003ef60                _i2s0_read_CR
0003efa8                _i2s0_read_INTR
0003efae                _i2s0_read_INT_MASK
0003efba                _i2s0_read_RXL_LSW
0003efc6                _i2s0_read_RXL_MSW
0003efd2                _i2s0_read_RXR_LSW
0003efde                _i2s0_read_RXR_MSW
0003ef6c                _i2s0_read_SRGR
0003ef78                _i2s0_read_TXL_LSW
0003ef84                _i2s0_read_TXL_MSW
0003ef90                _i2s0_read_TXR_LSW
0003ef9c                _i2s0_read_TXR_MSW
0003ef66                _i2s0_write_CR
0003efb4                _i2s0_write_INT_MASK
0003efc0                _i2s0_write_RXL_LSW
0003efcc                _i2s0_write_RXL_MSW
0003efd8                _i2s0_write_RXR_LSW
0003efe4                _i2s0_write_RXR_MSW
0003ef72                _i2s0_write_SRGR
0003ef7e                _i2s0_write_TXL_LSW
0003ef8a                _i2s0_write_TXL_MSW
0003ef96                _i2s0_write_TXR_LSW
0003efa2                _i2s0_write_TXR_MSW
0003efea                _i2s1_read_CR
0003f032                _i2s1_read_INTR
0003f038                _i2s1_read_INT_MASK
0003f044                _i2s1_read_RXL_LSW
0003f050                _i2s1_read_RXL_MSW
0003f05c                _i2s1_read_RXR_LSW
0003f068                _i2s1_read_RXR_MSW
0003eff6                _i2s1_read_SRGR
0003f002                _i2s1_read_TXL_LSW
0003f00e                _i2s1_read_TXL_MSW
0003f01a                _i2s1_read_TXR_LSW
0003f026                _i2s1_read_TXR_MSW
0003eff0                _i2s1_write_CR
0003f03e                _i2s1_write_INT_MASK
0003f04a                _i2s1_write_RXL_LSW
0003f056                _i2s1_write_RXL_MSW
0003f062                _i2s1_write_RXR_LSW
0003f06e                _i2s1_write_RXR_MSW
0003effc                _i2s1_write_SRGR
0003f008                _i2s1_write_TXL_LSW
0003f014                _i2s1_write_TXL_MSW
0003f020                _i2s1_write_TXR_LSW
0003f02c                _i2s1_write_TXR_MSW
0003f074                _i2s2_read_CR
0003f0bc                _i2s2_read_INTR
0003f0c2                _i2s2_read_INT_MASK
0003f0ce                _i2s2_read_RXL_LSW
0003f0da                _i2s2_read_RXL_MSW
0003f0e6                _i2s2_read_RXR_LSW
0003f0f2                _i2s2_read_RXR_MSW
0003f080                _i2s2_read_SRGR
0003f08c                _i2s2_read_TXL_LSW
0003f098                _i2s2_read_TXL_MSW
0003f0a4                _i2s2_read_TXR_LSW
0003f0b0                _i2s2_read_TXR_MSW
0003f07a                _i2s2_write_CR
0003f0c8                _i2s2_write_INT_MASK
0003f0d4                _i2s2_write_RXL_LSW
0003f0e0                _i2s2_write_RXL_MSW
0003f0ec                _i2s2_write_RXR_LSW
0003f0f8                _i2s2_write_RXR_MSW
0003f086                _i2s2_write_SRGR
0003f092                _i2s2_write_TXL_LSW
0003f09e                _i2s2_write_TXL_MSW
0003f0aa                _i2s2_write_TXR_LSW
0003f0b6                _i2s2_write_TXR_MSW
0003f0fe                _i2s3_read_CR
0003f146                _i2s3_read_INTR
0003f14c                _i2s3_read_INT_MASK
0003f158                _i2s3_read_RXL_LSW
0003f164                _i2s3_read_RXL_MSW
0003f170                _i2s3_read_RXR_LSW
0003f17c                _i2s3_read_RXR_MSW
0003f10a                _i2s3_read_SRGR
0003f116                _i2s3_read_TXL_LSW
0003f122                _i2s3_read_TXL_MSW
0003f12e                _i2s3_read_TXR_LSW
0003f13a                _i2s3_read_TXR_MSW
0003f104                _i2s3_write_CR
0003f152                _i2s3_write_INT_MASK
0003f15e                _i2s3_write_RXL_LSW
0003f16a                _i2s3_write_RXL_MSW
0003f176                _i2s3_write_RXR_LSW
0003f182                _i2s3_write_RXR_MSW
0003f110                _i2s3_write_SRGR
0003f11c                _i2s3_write_TXL_LSW
0003f128                _i2s3_write_TXL_MSW
0003f134                _i2s3_write_TXR_LSW
0003f140                _i2s3_write_TXR_MSW
            0000a618    _keyCnt1
            0000a619    _keyCnt2
0003a51c                _lseek
0001224d                _ltoa
0003c4a0                _main
0003c11a                _malloc
0003c3c0                _max_free
            00007be9    _mem
00011bc8                _mem_test
00012ac0                _memccpy
00012985                _memcpy
00012b36                _memset
0003c0b5                _minit
            0000a2ee    _mmcCardObj
            0000a340    _mmcStatus
            0000a2ec    _mmcsdHandle
            000096c1    _nbuf_cached
00038d38                _oled_test
0003a45d                _open
            0000a56d    _ouError
            0000a2ac    _pMmcsdContObj
            0000a56e    _portFLAGS_INT_ENABLED
            0000a56f    _portFLAGS_INT_ENABLED_POPPED
            0000a615    _preKey
000127ba                _printf
000109fc                _prvSetupTimerInterrupt
00011c77                _putc
00011d0e                _putchar
00011329                _puts
00011f98                _pvPortMalloc
            0000a53e    _pxCurrentCoRoutine
            0000a43c    _pxCurrentTCB
00010850                _pxPortInitialiseStack
0003a3af                _read
0001250f                _readmsg
0003c20f                _realloc
0003fff2                _remove
0003a379                _remove_device
0003a320                _rename
000116d4                _reset_RTC
            0000a576    _save_xar6
            0000a574    _save_xar7
            0000a570    _save_xsp
            0000a572    _save_xssp
            0000a31c    _sdCardCsdObj
            0000a30c    _sdCardIdObj
00010318                _set_dma0_ch0_i2s0_Lout
00010264                _set_dma0_ch0_stop
000103f0                _set_dma0_ch1_i2s0_Rout
00010294                _set_dma0_ch1_stop
000102ac                _set_dma1_ch0_i2s2_Lout
0001024c                _set_dma1_ch0_stop
00010384                _set_dma1_ch1_i2s2_Rout
0001027c                _set_dma1_ch1_stop
000120ec                _set_i2s0_master
00012120                _set_i2s0_slave
000120b8                _set_i2s2_master
000117c4                _setvbuf
00010eec                _spiflash_test
            0000a43a    _stackStruct
00012b47                _strlen
00012a02                _strncpy
            00009ccf    _sysCtrlRegs
0003c8d8                _systemInit
            0000a582    _tOne
            0000a584    _tThree
            0000a583    _tTwo
            0000a581    _tZero
            0000a578    _tickIRQctr
            00007fea    _uartObj
0003a2ed                _unlink
            0000a585    _usCriticalNesting
            00009cce    _usbRegisters
0003772c                _uxQueueMessagesWaiting
00037768                _uxQueueMessagesWaitingFromISR
00030548                _uxTaskGetNumberOfTasks
00030ce8                _uxTaskGetStackHighWaterMark
0002ff6c                _uxTaskPriorityGet
0003c6fc                _vApplicationIdleHook
0003f270                _vApplicationTickHook
0003ce74                _vCoRoutineAddToDelayedList
0003d064                _vCoRoutineSchedule
0003b638                _vCreateBlockTimeTasks
00010a10                _vCreateSuicidalTasks
00010bb8                _vListInitialise
00010bf4                _vListInitialiseItem
00010c64                _vListInsert
00010c08                _vListInsertEnd
00010cf8                _vListRemove
00011e64                _vParTestInitialise
00011e68                _vParTestSetLED
00011e7c                _vParTestToggleLED
000109f8                _vPortEndScheduler
00012008                _vPortFree
00012014                _vPortInitialiseBlocks
0003d439                _vPortYield
0003777c                _vQueueDelete
0003e07c                _vStartDynamicPriorityTasks
0003f1f8                _vStartHookCoRoutines
000115b8                _vStartIntegerMathTasks
00011988                _vStartLEDFlashTasks
0003b150                _vStartMathTasks
0003fe30                _vStartPolledQueueTasks
0003c950                _vStartQueuePeekTasks
0003e3c0                _vStartSemaphoreTasks
00030628                _vTaskCleanUpResources
0002fef4                _vTaskDelay
0002fe34                _vTaskDelayUntil
0002fd88                _vTaskDelete
000303dc                _vTaskEndScheduler
00030550                _vTaskIncrementTick
00030a6c                _vTaskMissedYield
0003087c                _vTaskPlaceOnEventList
0002ffb4                _vTaskPrioritySet
000301d4                _vTaskResume
000309ac                _vTaskSetTimeOutState
00030320                _vTaskStartScheduler
000300d0                _vTaskSuspend
000303f0                _vTaskSuspendAll
000307ec                _vTaskSwitchContext
0003d2c5                _vTickISR
            0000a438    _wall_clk_ctr
0003a1ab                _write
00011b0d                _writemsg
0003bac4                _xAreBlockTimeTestTasksStillRunning
0003e380                _xAreDynamicPriorityTasksStillRunning
0003f480                _xAreHookCoRoutinesStillRunning
00011698                _xAreIntegerMathsTaskStillRunning
0003b5e0                _xAreMathsTaskStillRunning
0003ffc8                _xArePollingQueuesStillRunning
0003cd60                _xAreQueuePeekTasksStillRunning
0003e67c                _xAreSemaphoreTasksStillRunning
0003cd98                _xCoRoutineCreate
0003d16c                _xCoRoutineRemoveFromEventList
            0000a61c    _xCreatedTask
            0000a5ec    _xHighPriorityTask
            0000a5ee    _xHighestPriorityTask
00010b5c                _xIsCreateTaskStillRunning
            0000a5ea    _xMediumPriorityTask
0001201c                _xPortGetFreeHeapSize
0003d1c8                _xPortStartScheduler
00037ac0                _xQueueCRReceive
00037bbc                _xQueueCRReceiveFromISR
00037a40                _xQueueCRSend
00037b74                _xQueueCRSendFromISR
00037280                _xQueueCreate
00037520                _xQueueGenericReceive
0003734c                _xQueueGenericSend
000374b8                _xQueueGenericSendFromISR
000379b8                _xQueueIsQueueEmptyFromISR
00037a1c                _xQueueIsQueueFullFromISR
000376c4                _xQueueReceiveFromISR
            0000a5ce    _xSuspendedTestQueue
000309cc                _xTaskCheckForTimeOut
0002fbd8                _xTaskGenericCreate
00030510                _xTaskGetTickCount
00030164                _xTaskIsTaskSuspended
00030908                _xTaskRemoveFromEventList
000303fc                _xTaskResumeAll
00030288                _xTaskResumeFromISR
ffffffff                binit
            00020000    cinit
ffffffff                edata
ffffffff                end
ffffffff                etext
ffffffff                pinit
000121ce                reset_isr


GLOBAL SYMBOLS: SORTED BY Symbol Address 

abs. value/
byte addr   word addr   name
---------   ---------   ----
00000001                $TI_capability_requires_rev3
00000001                __TI_args_main
00000002                $TI_capability$C5500$CallingConvention
00000002                $TI_capability$C5500$MemoryModel
            00000060    __stack
00002000                __STACK_SIZE
00002000                __SYSSTACK_SIZE
            00001060    __STACK_END
            00001060    __sysstack
            00002060    __sys_memory
00009000                __SYSMEM_SIZE
            00007be9    _mem
            00007fea    _uartObj
            00007ffe    _hUart
00010000                _Timer_isr
00010128                _Timer02_isr
0001024c                _set_dma1_ch0_stop
00010264                _set_dma0_ch0_stop
0001027c                _set_dma1_ch1_stop
00010294                _set_dma0_ch1_stop
000102ac                _set_dma1_ch0_i2s2_Lout
00010318                _set_dma0_ch0_i2s0_Lout
00010384                _set_dma1_ch1_i2s2_Rout
000103f0                _set_dma0_ch1_i2s0_Rout
0001045c                _enable_dma_int
0001046c                _EZDSP5535_LED_init
000104a4                _EZDSP5535_LED_getall
000104f8                _EZDSP5535_LED_setall
00010568                _EZDSP5535_LED_on
000105a0                _EZDSP5535_LED_off
000105d4                _EZDSP5535_LED_toggle
0001061c                _EZDSP5535_XF_on
00010628                _EZDSP5535_XF_off
00010634                _EZDSP5535_XF_get
00010644                _EZDSP5535_XF_toggle
00010663                __neqd
00010697                __lssd
000106df                __leqd
0001072c                __gtrd
00010777                __geqd
000107c1                __eqld
000107f5                __cmpd
00010850                _pxPortInitialiseStack
000109f8                _vPortEndScheduler
000109fc                _prvSetupTimerInterrupt
00010a10                _vCreateSuicidalTasks
00010b5c                _xIsCreateTaskStillRunning
00010bb8                _vListInitialise
00010bf4                _vListInitialiseItem
00010c08                _vListInsertEnd
00010c64                _vListInsert
00010cf8                _vListRemove
00010d54                _EZDSP5535_OSD9616_send
00010d7c                _EZDSP5535_OSD9616_multiSend
00010dc8                _EZDSP5535_OSD9616_init
00010eac                _EZDSP5535_OSD9616_printLetter
00010eec                _spiflash_test
00011078                _EZDSP5535_SAR_init
00011140                _EZDSP5535_SAR_getKey
000111f4                _fputs
00011329                _puts
00011357                __mpyd
000114a4                _EZDSP5535_I2S_init
00011500                _EZDSP5535_I2S_readLeft
00011534                _EZDSP5535_I2S_writeLeft
00011564                _EZDSP5535_I2S_readRight
00011588                _EZDSP5535_I2S_writeRight
000115a4                _EZDSP5535_I2S_close
000115b8                _vStartIntegerMathTasks
00011698                _xAreIntegerMathsTaskStillRunning
000116c8                _enable_rtc_second_int
000116d4                _reset_RTC
00011790                _convert_number_to_string
000117c4                _setvbuf
000118aa                __wrt_ok
0001192a                __rd_ok
00011988                _vStartLEDFlashTasks
00011a4b                __doflush
00011ab4                _fflush
00011b0d                _writemsg
00011bc2                C$$IO$$
00011bc8                _mem_test
00011c77                _fputc
00011c77                _putc
00011d0e                _putchar
00011d20                _EZDSP5535_UART_open
00011d90                _EVM5515_UART_putChar
00011da8                _EVM5515_UART_getChar
00011dc2                __divul
00011e64                _vParTestInitialise
00011e68                _vParTestSetLED
00011e7c                _vParTestToggleLED
00011f04                _EZDSP5535_I2C_init
00011f3c                _EZDSP5535_I2C_reset
00011f48                _EZDSP5535_I2C_write
00011f70                _EZDSP5535_I2C_read
00011f98                _pvPortMalloc
00012008                _vPortFree
00012014                _vPortInitialiseBlocks
0001201c                _xPortGetFreeHeapSize
0001202a                _IRQ_plug
000120b8                _set_i2s2_master
000120ec                _set_i2s0_master
00012120                _set_i2s0_slave
00012144                _EZDSP5535_GPIO_init
00012170                _EZDSP5535_GPIO_setDirection
00012194                _EZDSP5535_GPIO_setOutput
000121b0                _EZDSP5535_GPIO_getInput
000121ce                reset_isr
0001224d                _ltoa
000122ca                _fclose
00012345                __frcmpyd
000123bb                __frcmpyd_div
0001242e                __remul
000124a0                __fixdli
0001250f                _readmsg
0001257c                _fseek
000125e7                __fltlid
0001264e                _atoi
000126ac                _Timer0Init
000126d4                _Timer02Init
000126f8                _StartTimer0
00012700                _StartTimer02
00012708                __fltuld
00012764                _EZDSP5535_wait
00012798                _EZDSP5535_waitusec
000127ac                _EZDSP5535_init
000127ba                _printf
0001280c                _RTC_Isr
0001285a                _auto_init
000128a7                __args_main
000128f2                __remli
0001293d                __divli
00012985                _memcpy
000129c4                _exit
00012a02                _strncpy
00012a38                _c_int00
00012a6c                __fixdi
00012a96                I$$UDIV
00012a96                __divu
00012aab                I$$UMOD
00012aab                __remu
00012ac0                _memccpy
00012ae3                ___isinf
00012afd                __subd
00012b11                I$$LMPY
00012b11                __mpyli
00012b24                __register_unlock
00012b2c                __register_lock
00012b34                __nop
00012b36                _memset
00012b47                _strlen
00012b58                __negd
00012b68                __fltud
00012b76                _abort
00012b77                C$$EXIT
            000095c0    _gReadBuf
            000096c0    _gWordCount
            000096c1    _nbuf_cached
            000096c2    _gNextPhySector
            000096c4    _gWriteBuf
            00009ac4    _cached_phySector0
            00009ac6    _cached_phySector1
            00009ac8    _cached_phySector2
            00009aca    _cached_phySector3
            00009acc    _ATA_No_Swap
            00009cce    _usbRegisters
            00009ccf    _sysCtrlRegs
            00009cd0    _gUsbContext
            00009d98    _gCtrlTransfer
            00009da6    _gBulkInTransfer
            00009db4    _gBulkOutTransfer
            00009dc2    _gIsoInTransfer
            00009dd0    _gIsoOutTransfer
            00009dde    _gIntInTransfer
            00009dec    _gEpStatus
            00009e7c    _gUsbEpHandle
            00009e8c    _XmitL_Sine_1K
            00009ebc    _XmitL_Sine_2K
            00009eec    _XmitR_Sine_1K
            00009f1c    _XmitR_Sine_2K
            00009f4c    _RcvL_Sine
            00009f7c    _RcvR_Sine
            00009fac    _DMA_Count
            00009fad    _Error_Count_L
            00009fae    _Error_Count_R
            00009faf    _DMA_Done
            00009fb0    __ftable
            0000a028    __tmpnams
            0000a0c8    __ft_end
            0000a1da    _hSpi
            0000a2ac    _pMmcsdContObj
            0000a2ec    _mmcsdHandle
            0000a2ee    _mmcCardObj
            0000a30c    _sdCardIdObj
            0000a31c    _sdCardCsdObj
            0000a33e    _cardAddr
            0000a340    _mmcStatus
            0000a438    _wall_clk_ctr
            0000a43a    _stackStruct
            0000a43c    _pxCurrentTCB
            0000a4a7    _I2S_RCV_L
            0000a4d7    _I2S_RCV_R
            0000a507    _Buf_Address
            0000a53e    _pxCurrentCoRoutine
            0000a56c    _fsError
            0000a56d    _ouError
            0000a56e    _portFLAGS_INT_ENABLED
            0000a56f    _portFLAGS_INT_ENABLED_POPPED
            0000a570    _save_xsp
            0000a572    _save_xssp
            0000a574    _save_xar7
            0000a576    _save_xar6
            0000a577    _DBSTAT_LOW
            0000a578    _tickIRQctr
            0000a57a    _DBSTAT_HIGH
            0000a57b    _STATUS0_LOW
            0000a57c    _STATUS0_HIGH
            0000a57d    _STATUS1_LOW
            0000a57e    _STATUS1_HIGH
            0000a57f    _STATUS2_LOW
            0000a580    _STATUS2_HIGH
            0000a581    _tZero
            0000a582    _tOne
            0000a583    _tTwo
            0000a584    _tThree
            0000a585    _usCriticalNesting
            0000a59d    _Buf_sec
            0000a5a0    _Buf_min
            0000a5a3    _Buf_hour
            0000a5a6    _Buf_day
            0000a5a9    _Buf_month
            0000a5ac    _Buf_year
            0000a5af    _Flag_RTC
            0000a5b0    _Conunt_RTC
            0000a5b2    _gI2cObj
            0000a5c2    _i2cHandle
            0000a5ce    _xSuspendedTestQueue
            0000a5ea    _xMediumPriorityTask
            0000a5ec    _xHighPriorityTask
            0000a5ee    _xHighestPriorityTask
            0000a5f2    _fSineWave
            0000a5f3    _f1KToneOn
            0000a5f4    _f2KToneOn
            0000a612    _SarObj
            0000a615    _preKey
            0000a616    _SarHandle
            0000a618    _keyCnt1
            0000a619    _keyCnt2
            0000a61c    _xCreatedTask
            0000a62a    _GpioObj
            0000a62c    _hGpio
            0000a62e    __lock
            0000a630    __unlock
            0000a632    __cleanup_ptr
            0000a634    __dtors_ptr
            0000a639    _fTimer
            0000a63a    _fTimer02
            0000a63b    _Timer0_Int_CTR
            0000a63e    _hI2s
            0000a986    __ctypes_
00020000                _MMC_init
00020038                _MMC_open
00020248                _MMC_close
00020288                _MMC_setCardType
000202bc                _MMC_setCardPtr
000202f0                _MMC_setCallBack
00020330                _MMC_getNumberOfCards
00020368                _MMC_clearResponse
00020444                _MMC_ierEnable
00020488                _MMC_ierDisable
000204bc                _MMC_intEnable
000204e4                _MMC_eventEnable
000206e0                _MMC_eventDisable
000208b8                _MMC_drrdy
00020900                _MMC_dxrdy
00020948                _MMC_saveStatus
00020988                _MMC_getStatus
000209ec                _MMC_setupNative
00020aa0                _MMC_config
00020b3c                _MMC_getConfig
00020bdc                _MMC_sendCmd
00020c90                _MMC_sendGoIdle
00020d18                _MMC_stop
00020df0                _MMC_deselectCard
00020ec0                _MMC_selectCard
00021450                _MMC_sendOpCond
000214f4                _MMC_setRca
000215cc                _SD_sendRca
000216c8                _MMC_sendAllCID
000218a0                _SD_sendAllCID
00021a8c                _MMC_getCardCsd
00021ee0                _SD_getCardCsd
000225bc                _MMC_read
00022fd8                _MMC_write
00023c14                _MMC_setDmaHandle
00023c74                _MMC_setDataTransferCallback
00023cc4                _MMC_setDmaChanConfig
00023da4                _MMC_setEndianMode
00023e2c                _MMC_setBlockLength
00023ec4                _MMC_setWriteBlkEraseCnt
00023ff4                _SD_setBusWidth
00024164                _MMC_getCardStatus
00024260                _SD_configurePullup
0002438c                _MMC_checkReadDmaDone
00024c30                _MSC_Open
00024c54                _MSC_OpenFullspeed
00024fa0                _MSC_Close
00024fdc                _MSC_SetLunAttr
000251cc                _MSC_Ctrl
000253c4                _MSC_Bulk
000254c0                _MSC_GetLunLockedStatus
000254f0                _MSC_GetactivityFlagStatus
0002550c                _MSC_GetsuspendFlagStatus
000259b4                _MSC_HandleStateWaitForCBW
00025c58                _MSC_ExecuteRead
0002604c                _MSC_ExecuteWrite
00026600                _MSC_HandleTestUnitReady
00026824                _MSC_HandlePreventAllowMediaRemoval
000269c8                _MSC_HandleReadCapacity
00026c18                _MSC_reqGetDescriptor
00026e50                _MSC_reqBotMscReset
00026ebc                _MSC_sendCswWithPhaseError
00026f24                _MSC_handleDataDirMisMatch
00026fa0                _SDIO_init
00026fe0                _SDIO_open
000270ac                _SDIO_close
000270d4                _SDIO_config
000271ac                _SDIO_detectCard
00027518                _SDIO_initCard
0002799c                _SDIO_resetCard
00027a84                _SDIO_getRca
00027b4c                _SDIO_deselectCard
00027c0c                _SDIO_selectCard
00027cd0                _SDIO_sendCommand
00027da4                _SDIO_getResponse
00027f38                _SDIO_clearResponse
00028014                _SDIO_getStatus
0002807c                _SDIO_getSdioStatus
000280e8                _SDIO_eventEnable
00028310                _SDIO_eventDisable
00028508                _SDIO_readWaitEnable
00028540                _SDIO_readWaitDisable
00028578                _SDIO_readSingleByte
000286a4                _SDIO_writeSingleByte
000287a4                _SDIO_readBytes
00028be8                _SDIO_writeBytes
00029028                _SDIO_readBlocks
00029468                _SDIO_writeBlocks
000298bc                _SDIO_setEndianMode
0002993c                _SDIO_setClock
00029c58                _USB_init
0002a07c                _USB_resetDev
0002a2ac                _USB_initEndptObj
0002a694                _USB_getEvents
0002a70c                _USB_peekEvents
0002a77c                _USB_getSetupPacket
0002a824                _USB_postTransaction
0002a9e0                _USB_isTransactionDone
0002aa68                _USB_bytesRemaining
0002aafc                _USB_stallEndpt
0002ac70                _USB_clearEndptStall
0002ae58                _USB_getEndptStall
0002aedc                _USB_epNumToHandle
0002b00c                _USB_abortTransaction
0002b16c                _USB_abortAllTransaction
0002b1c0                _USB_connectDev
0002b1f4                _USB_disconnectDev
0002b224                _USB_setRemoteWakeup
0002b254                _USB_getRemoteWakeupStat
0002b26c                _USB_issueRemoteWakeup
0002b2bc                _USB_setDevAddr
0002b304                _USB_getFrameNo
0002b320                _USB_suspendDevice
0002b364                _USB_selfwakeup
0002b3d0                _USB_initPLL
0002b454                _USB_setParams
0002b4b0                _USB_getMaxPower
0002b4d0                _USB_setFullSpeedMode
0002b504                _USB_getDataCountReadFromFifo
0002b55c                _USB_findFifoSize
0002b6e0                _USB_coreEventProcessEp0
0002bb9c                _DMA_init
0002bbd4                _DMA_open
0002bcc0                _DMA_close
0002bce0                _DMA_config
0002c8b4                _DMA_getConfig
0002ce24                _DMA_start
0002cf34                _DMA_stop
0002d038                _DMA_reset
0002d324                _DMA_swapWords
0002d39c                _DMA_getLastTransferType
0002e7aa                __printfi
0002e9ec                _NAND_init
0002ea80                _NAND_setup
0002ef9c                _NAND_getBankInfo
0002f060                _NAND_setLatchEnableOffset
0002f09c                _NAND_isStatusWriteProtected
0002f184                _NAND_sendCommand
0002f1b0                _NAND_checkCommandStatus
0002f218                _NAND_setAddress
0002f25c                _NAND_enableHwECC
0002f384                _NAND_disableHwECC
0002f46c                _NAND_readECC
0002f620                _NAND_readNBytes
0002f734                _NAND_writeNBytes
0002f910                _NAND_hasRandomRead
0002f940                _NAND_hasRandomWrite
0002f970                _NAND_hasCacheProg
0002f9a0                _NAND_hasCopyBack
0002f9d0                _NAND_intrEnable
0002fa30                _NAND_intrDisable
0002fa90                _NAND_getIntrNum
0002fab0                _NAND_intrReadAT
0002faf0                _NAND_intrReadLT
0002fb34                _NAND_intrReadWR
0002fb78                _NAND_intrClear
0002fbd8                _xTaskGenericCreate
0002fd88                _vTaskDelete
0002fe34                _vTaskDelayUntil
0002fef4                _vTaskDelay
0002ff6c                _uxTaskPriorityGet
0002ffb4                _vTaskPrioritySet
000300d0                _vTaskSuspend
00030164                _xTaskIsTaskSuspended
000301d4                _vTaskResume
00030288                _xTaskResumeFromISR
00030320                _vTaskStartScheduler
000303dc                _vTaskEndScheduler
000303f0                _vTaskSuspendAll
000303fc                _xTaskResumeAll
00030510                _xTaskGetTickCount
00030548                _uxTaskGetNumberOfTasks
00030550                _vTaskIncrementTick
00030628                _vTaskCleanUpResources
000307ec                _vTaskSwitchContext
0003087c                _vTaskPlaceOnEventList
00030908                _xTaskRemoveFromEventList
000309ac                _vTaskSetTimeOutState
000309cc                _xTaskCheckForTimeOut
00030a6c                _vTaskMissedYield
00030ce8                _uxTaskGetStackHighWaterMark
00030dc8                _UART_init
00030e84                _UART_setup
0003132c                _UART_config
00031434                _UART_setupBaudRate
00031540                _UART_reset
00031588                _UART_resetOff
000315d4                _UART_eventEnable
0003166c                _UART_eventDisable
000316fc                _UART_read
00031828                _UART_write
000319ac                _UART_fgetc
00031a4c                _UART_fputc
00031ad4                _UART_fgets
00031c04                _UART_fputs
00031cf4                _UART_getEventId
00031d1c                _UART_getConfig
00031ddc                _UART_setCallback
00031e44                _DAT_open
00031f1c                _DAT_close
000320b0                _DAT_copy
000325ac                _DAT_fill
00032abc                _DAT_wait
00032c84                _AC_Open
00032ecc                _AC_Close
00032f08                _AC_Ctrl
00033100                _AC_Iso
0003319c                _AC_GetactivityFlagStatus
000331b8                _AC_GetsuspendFlagStatus
000331d0                _AC_initDescriptors
00033480                _AC_reqGetDescriptor
00033658                _AC_reqSetCurrent
00033734                _AC_reqGetCurrent
000337f8                _AC_reqGetMinimum
0003383c                _AC_reqGetMaximum
00033880                _AC_reqGetResolution
000338c4                _AC_reqSetInterface
00033a10                _CDC_Open
00033a34                _CDC_OpenFullspeed
00033c08                _CDC_Close
00033c44                _CDC_GetactivityFlagStatus
00033c5c                _CDC_GetsuspendFlagStatus
00033c74                _CDC_eventHandler
00033f70                _CDC_bulkOutHandler
00034070                _CDC_bulkInHandler
00034360                _CDC_getData
000343f0                _CDC_putData
000345e4                _I2C_init
00034690                _I2C_config
000347f8                _I2C_getConfig
000348d0                _I2C_setup
00034acc                _I2C_write
00034d10                _I2C_read
00034f30                _I2C_eventEnable
00035064                _I2C_eventDisable
00035184                _I2C_setCallback
00035214                _I2C_getEventId
00035230                _MMC_initState
00035374                _MMC_readWriteControl
00035654                _MMC_issueReadCommand
00035810                _MMC_readNextWord
00035880                _MMC_readNextWord1
000358f4                _MMC_readNextNWords
00035964                _MMC_writeSector
00035a4c                _MMC_readNSectors
00035b24                _MMC_writeNSectors
00035bfc                _MMC_read_CID
00035c68                _MMC_read_CSD
00035cd4                _MMC_writeSectorFlush
00035ce0                _MMC_commandReadyStatusCheck
00035cec                _MMC_dataReadyStatusCheck
00035cf8                _MMC_busyStatusCheck
00035d04                _MMC_getSerialID
00035d14                _MMC_file_system_format
00035d20                _MMC_reset
00035d2c                _MMC_get_time
00035d30                _MMC_get_mod_time
00035d34                _MMC_get_date
00035d38                _MMC_get_mod_date
00035d3c                _MMC_flushFat
00035d70                _SAR_init
00035dd0                _SAR_deInit
00035df0                _SAR_chanInit
00035e0c                _SAR_chanOpen
00035e70                _SAR_chanClose
00035ef4                _SAR_chanConfig
00035f6c                _SAR_getConfig
00035fe0                _SAR_chanSetup
000361f4                _SAR_chanCycSet
00036244                _SAR_startConversion
00036278                _SAR_stopConversion
000362c0                _SAR_readData
00036304                _SAR_A2DMeasParamSet
00036780                _SAR_GPODirSet
0003685c                _SAR_getStatus
0003689c                _I2S_open
000369e0                _I2S_setup
00036cc8                _I2S_close
00036d74                _I2S_read
00037030                _I2S_write
00037188                _I2S_reset
00037234                _I2S_transEnable
00037280                _xQueueCreate
0003734c                _xQueueGenericSend
000374b8                _xQueueGenericSendFromISR
00037520                _xQueueGenericReceive
000376c4                _xQueueReceiveFromISR
0003772c                _uxQueueMessagesWaiting
00037768                _uxQueueMessagesWaitingFromISR
0003777c                _vQueueDelete
000379b8                _xQueueIsQueueEmptyFromISR
00037a1c                _xQueueIsQueueFullFromISR
00037a40                _xQueueCRSend
00037ac0                _xQueueCRReceive
00037b74                _xQueueCRSendFromISR
00037bbc                _xQueueCRReceiveFromISR
00037cd8                _RTC_reset
00037ce8                _RTC_start
00037d0c                _RTC_stop
00037d14                _RTC_config
00037e00                _RTC_getConfig
00037eb0                _RTC_setTime
00037f2c                _RTC_getTime
00037f78                _RTC_setDate
00037fe8                _RTC_getDate
00038028                _RTC_setAlarm
000380fc                _RTC_setPeriodicInterval
000381b0                _RTC_eventEnable
0003829c                _RTC_eventDisable
00038350                _RTC_getEventId
000383a4                _RTC_decToBcd
000383e4                _RTC_bcdToDec
00038424                _RTC_setCallback
000384b4                _RTC_setCompensation
00038500                _LCD_init
00038528                _LCD_open
0003856c                _LCD_setup
000389c8                _LCD_configDMA
00038d18                _LCD_close
00038d38                _oled_test
00039558                _GPIO_open
0003959c                _GPIO_close
000395c0                _GPIO_config
00039648                _GPIO_getConfig
000396d0                _GPIO_read
00039754                _GPIO_write
000397f8                _GPIO_configBit
00039940                _GPIO_disableInt
000399c0                _GPIO_enableInt
00039a4c                _GPIO_clearInt
00039ad8                _GPIO_statusBit
00039b60                _GPIO_reset
00039bf0                _SPI_init
00039c54                _SPI_open
00039c88                _SPI_close
00039cb4                _SPI_config
00039f3c                _SPI_deInit
00039f68                _SPI_read
0003a04c                _SPI_write
0003a138                _SPI_dataTransaction
0003a1ab                _write
0003a2ed                _unlink
0003a320                _rename
0003a379                _remove_device
0003a3af                _read
0003a45d                _open
0003a51c                _lseek
0003a582                _find_registered_device
0003a58b                _close
0003a5fe                _add_device
0003a6f0                _IRQ_init
0003a778                _IRQ_clear
0003a7e4                _IRQ_clearAll
0003a7f4                _IRQ_config
0003a87c                _IRQ_getConfig
0003a904                _IRQ_disable
0003a984                _IRQ_disableAll
0003a994                _IRQ_enable
0003aa20                _IRQ_restore
0003aa90                _IRQ_getArg
0003aad4                _IRQ_setArg
0003ab08                _IRQ_map
0003ab34                _IRQ_setVecs
0003ab68                _IRQ_test
0003abdc                _IRQ_globalDisable
0003abf8                _IRQ_globalEnable
0003ac14                _IRQ_globalRestore
0003ac28                _getenv
0003aca3                _HOSTwrite
0003ad30                _HOSTunlink
0003ad9a                _HOSTtime
0003adf8                _HOSTrename
0003aea6                _HOSTread
0003af33                _HOSTopen
0003afd2                _HOSTlseek
0003b087                _HOSTclose
0003b0f2                _HOSTclock
0003b150                _vStartMathTasks
0003b5e0                _xAreMathsTaskStillRunning
0003b638                _vCreateBlockTimeTasks
0003bac4                _xAreBlockTimeTestTasksStillRunning
0003bb14                _EZDSP5535_SDCARD_init
0003bebc                _EZDSP5535_SDCARD_read
0003bef0                _EZDSP5535_SDCARD_write
0003bf24                _EZDSP5535_SDCARD_close
0003bfe9                _free
0003c0b5                _minit
0003c11a                _malloc
0003c20f                _realloc
0003c3c0                _max_free
0003c41a                _free_memory
0003c470                _chkheap
0003c478                _calloc
0003c4a0                _main
0003c6fc                _vApplicationIdleHook
0003c730                _InitSystem
0003c798                _ConfigPort
0003c7a0                _SYS_GlobalIntEnable
0003c7a8                _SYS_GlobalIntDisable
0003c814                _BlinkLED
0003c84c                _GenerateAudioTone
0003c8d8                _systemInit
0003c950                _vStartQueuePeekTasks
0003cd60                _xAreQueuePeekTasksStillRunning
0003cd98                _xCoRoutineCreate
0003ce74                _vCoRoutineAddToDelayedList
0003d064                _vCoRoutineSchedule
0003d16c                _xCoRoutineRemoveFromEventList
0003d1c8                _xPortStartScheduler
0003d2c5                _vTickISR
0003d439                _vPortYield
0003d5a1                __divd
0003d970                _EZDSP5535_SPIFLASH_init
0003d9d4                _EZDSP5535_SPIFLASH_status
0003da18                _EZDSP5535_SPIFLASH_erase
0003db1c                _EZDSP5535_SPIFLASH_read
0003dbcc                _EZDSP5535_SPIFLASH_write
0003dd34                _MEM_init
0003dd38                _MEM_enableRetentionMode
0003dd7c                _MEM_disableRetentionMode
0003ddc0                _MEM_enablePartialRetentionMode
0003df08                _MEM_disablePartialRetentionMode
0003e02c                _MEM_setmSDRAMClock
0003e068                _MEM_getmSDRAMClock
0003e07c                _vStartDynamicPriorityTasks
0003e380                _xAreDynamicPriorityTasksStillRunning
0003e3c0                _vStartSemaphoreTasks
0003e67c                _xAreSemaphoreTasksStillRunning
0003e6cc                _GPT_open
0003e790                _GPT_reset
0003e80c                _GPT_close
0003e884                _GPT_start
0003e8b4                _GPT_stop
0003e8e0                _GPT_getCnt
0003e91c                _GPT_config
0003e9c3                _AIC3254_init
0003ece0                _PLL_init
0003ed18                _PLL_config
0003ee3c                _PLL_enable
0003eea4                _PLL_bypass
0003eef4                _PLL_reset
0003ef60                _i2s0_read_CR
0003ef66                _i2s0_write_CR
0003ef6c                _i2s0_read_SRGR
0003ef72                _i2s0_write_SRGR
0003ef78                _i2s0_read_TXL_LSW
0003ef7e                _i2s0_write_TXL_LSW
0003ef84                _i2s0_read_TXL_MSW
0003ef8a                _i2s0_write_TXL_MSW
0003ef90                _i2s0_read_TXR_LSW
0003ef96                _i2s0_write_TXR_LSW
0003ef9c                _i2s0_read_TXR_MSW
0003efa2                _i2s0_write_TXR_MSW
0003efa8                _i2s0_read_INTR
0003efae                _i2s0_read_INT_MASK
0003efb4                _i2s0_write_INT_MASK
0003efba                _i2s0_read_RXL_LSW
0003efc0                _i2s0_write_RXL_LSW
0003efc6                _i2s0_read_RXL_MSW
0003efcc                _i2s0_write_RXL_MSW
0003efd2                _i2s0_read_RXR_LSW
0003efd8                _i2s0_write_RXR_LSW
0003efde                _i2s0_read_RXR_MSW
0003efe4                _i2s0_write_RXR_MSW
0003efea                _i2s1_read_CR
0003eff0                _i2s1_write_CR
0003eff6                _i2s1_read_SRGR
0003effc                _i2s1_write_SRGR
0003f002                _i2s1_read_TXL_LSW
0003f008                _i2s1_write_TXL_LSW
0003f00e                _i2s1_read_TXL_MSW
0003f014                _i2s1_write_TXL_MSW
0003f01a                _i2s1_read_TXR_LSW
0003f020                _i2s1_write_TXR_LSW
0003f026                _i2s1_read_TXR_MSW
0003f02c                _i2s1_write_TXR_MSW
0003f032                _i2s1_read_INTR
0003f038                _i2s1_read_INT_MASK
0003f03e                _i2s1_write_INT_MASK
0003f044                _i2s1_read_RXL_LSW
0003f04a                _i2s1_write_RXL_LSW
0003f050                _i2s1_read_RXL_MSW
0003f056                _i2s1_write_RXL_MSW
0003f05c                _i2s1_read_RXR_LSW
0003f062                _i2s1_write_RXR_LSW
0003f068                _i2s1_read_RXR_MSW
0003f06e                _i2s1_write_RXR_MSW
0003f074                _i2s2_read_CR
0003f07a                _i2s2_write_CR
0003f080                _i2s2_read_SRGR
0003f086                _i2s2_write_SRGR
0003f08c                _i2s2_read_TXL_LSW
0003f092                _i2s2_write_TXL_LSW
0003f098                _i2s2_read_TXL_MSW
0003f09e                _i2s2_write_TXL_MSW
0003f0a4                _i2s2_read_TXR_LSW
0003f0aa                _i2s2_write_TXR_LSW
0003f0b0                _i2s2_read_TXR_MSW
0003f0b6                _i2s2_write_TXR_MSW
0003f0bc                _i2s2_read_INTR
0003f0c2                _i2s2_read_INT_MASK
0003f0c8                _i2s2_write_INT_MASK
0003f0ce                _i2s2_read_RXL_LSW
0003f0d4                _i2s2_write_RXL_LSW
0003f0da                _i2s2_read_RXL_MSW
0003f0e0                _i2s2_write_RXL_MSW
0003f0e6                _i2s2_read_RXR_LSW
0003f0ec                _i2s2_write_RXR_LSW
0003f0f2                _i2s2_read_RXR_MSW
0003f0f8                _i2s2_write_RXR_MSW
0003f0fe                _i2s3_read_CR
0003f104                _i2s3_write_CR
0003f10a                _i2s3_read_SRGR
0003f110                _i2s3_write_SRGR
0003f116                _i2s3_read_TXL_LSW
0003f11c                _i2s3_write_TXL_LSW
0003f122                _i2s3_read_TXL_MSW
0003f128                _i2s3_write_TXL_MSW
0003f12e                _i2s3_read_TXR_LSW
0003f134                _i2s3_write_TXR_LSW
0003f13a                _i2s3_read_TXR_MSW
0003f140                _i2s3_write_TXR_MSW
0003f146                _i2s3_read_INTR
0003f14c                _i2s3_read_INT_MASK
0003f152                _i2s3_write_INT_MASK
0003f158                _i2s3_read_RXL_LSW
0003f15e                _i2s3_write_RXL_LSW
0003f164                _i2s3_read_RXL_MSW
0003f16a                _i2s3_write_RXL_MSW
0003f170                _i2s3_read_RXR_LSW
0003f176                _i2s3_write_RXR_LSW
0003f17c                _i2s3_read_RXR_MSW
0003f182                _i2s3_write_RXR_MSW
0003f188                _enable_i2s0
0003f196                _enable_i2s1
0003f1a4                _enable_i2s2
0003f1b2                _enable_i2s3
0003f1c0                _disable_i2s0
0003f1ce                _disable_i2s1
0003f1dc                _disable_i2s2
0003f1ea                _disable_i2s3
0003f1f8                _vStartHookCoRoutines
0003f270                _vApplicationTickHook
0003f480                _xAreHookCoRoutinesStillRunning
0003f5b0                __cleanup
0003f60a                _freopen
0003f6d3                _fopen
0003f710                _WDTIM_open
0003f788                _WDTIM_start
0003f7d0                _WDTIM_stop
0003f818                _WDTIM_getCnt
0003f848                _WDTIM_close
0003f88c                _WDTIM_service
0003f8c0                _WDTIM_config
0003f92c                _WDTIM_getConfig
0003f976                __remull
0003f9c4                __remlli
0003f9f3                __mpylli
0003faab                __divull
0003fb9f                __divlli
0003fbd4                __addd
0003fe30                _vStartPolledQueueTasks
0003ffc8                _xArePollingQueuesStillRunning
0003fff2                _remove
            00020000    ___cinit__
            00020000    cinit
            000202d4    __CIOBUF_
0004ce00                _Reset
0004cf00                _RST
0004cf00                _VECSTART
ffffffff                .bss
ffffffff                .data
ffffffff                .text
ffffffff                ___binit__
ffffffff                ___bss__
ffffffff                ___c_args__
ffffffff                ___data__
ffffffff                ___edata__
ffffffff                ___end__
ffffffff                ___etext__
ffffffff                ___pinit__
ffffffff                ___text__
ffffffff                binit
ffffffff                edata
ffffffff                end
ffffffff                etext
ffffffff                pinit

[848 symbols]
