******************************************************************************
              TMS320C55x Linker PC v4.4.1                      
******************************************************************************
>> Linked Thu Aug 18 17:14:23 2016

OUTPUT FILE NAME:   <spiflash_writer.out>
ENTRY POINT SYMBOL: "_c_int00"  address: 00044a0e


MEMORY CONFIGURATION

         name            origin    length      used     unused   attr    fill
                        (bytes)   (bytes)    (bytes)   (bytes)
----------------------  --------  ---------  --------  --------  ----  --------
PAGE 0:
  MMR                   00000000   000000c0  00000000  000000c0  RWIX
  DARAM0                000000c0   0000ff40  00005d18  0000a228  RWIX
  SARAM0                00010000   00010000  00000000  00010000  RWIX
  SARAM1                00020000   00020000  0001ffff  00000001  RWIX
  SARAM2                00040000   0000fe00  00004b2e  0000b2d2  RWIX
  VECS                  0004fe00   00000200  00000100  00000100  RWIX
  PDROM                 00ff8000   00008000  00000000  00008000  R IX

PAGE 2:
  IOPORT                00000000   00020000  00000000  00020000  RWI 


SECTION ALLOCATION MAP
(Addresses surrounded by []'s are displayed for convenience only!)

output                                                          attributes/
section   page  orgn(bytes) orgn(words) len(bytes) len(words)   input sections
--------  ----  ----------- ----------- ---------- ----------   --------------
.pinit       0   [ 00040000 ]  00020000          *   00000000   UNINITIALIZED

.stack       0   [ 000000c0 ]  00000060          *   00001000   UNINITIALIZED
                 [ 000000c0 ]  00000060          *   00001000   --HOLE--

.data        0   [ 000000c0 ]  00000060          *   00000000   UNINITIALIZED

.sysstack 
*            0   [ 000020c0 ]  00001060          *   00000800   UNINITIALIZED
                 [ 000020c0 ]  00001060          *   00000800   --HOLE--

.bss.1       0   [ 000030c0 ]  00001860          *   00000380   UNINITIALIZED
                 [ 000030c0 ]  00001860          *   00000119   rts55x.lib : defs.obj (.bss)
                 [ 000032f2 ]  00001979          *   00000001   main.obj (.bss)
                 [ 000032f4 ]  0000197a          *   00000112   ezdsp5535bsl.lib : ezdsp5535_spiflash.obj (.bss)
                 [ 00003518 ]  00001a8c          *   000000d0   rts55x.lib : trgdrv.obj (.bss)
                 [ 000036b8 ]  00001b5c          *   00000071              : lowlev.obj (.bss)
                 [ 0000379a ]  00001bcd          *   00000001              : errno.obj (.bss)
                 [ 0000379c ]  00001bce          *   00000006              : memory.obj (.bss)
                 [ 000037a8 ]  00001bd4          *   00000004              : _lock.obj (.bss)
                 [ 000037b0 ]  00001bd8          *   00000004              : exit.obj (.bss)
                 [ 000037b8 ]  00001bdc          *   00000003   csl_spi.obj (.bss)
                 [ 000037be ]  00001bdf          *   00000001   rts55x.lib : fopen.obj (.bss)

.sysmem      0   [ 000037c0 ]  00001be0          *   00001000   UNINITIALIZED
                 [ 000037c0 ]  00001be0          *   00001000   --HOLE--

.const.1     0   [ 000057c0 ]  00002be0          *   00000101   
                 [ 000057c0 ]  00002be0          *   00000101   rts55x.lib : ctype.obj (.const:__ctypes_)

.const.2     0   [ 000059c4 ]  00002ce2          *   000000ef   
                 [ 000059c4 ]  00002ce2          *   000000ef   spiflash_writer.obj (.const:.string)

.const.3     0   [ 00005ba4 ]  00002dd2          *   00000083   
                 [ 00005ba4 ]  00002dd2          *   00000083   main.obj (.const:.string)

.const.4     0   [ 00005cac ]  00002e56          *   00000095   
                 [ 00005cac ]  00002e56          *   00000024   rts55x.lib : _printfi.obj (.const:.string)
                 [ 00005cf4 ]  00002e7a          *   00000014              : strtod.obj (.const:_digits)
                 [ 00005d1c ]  00002e8e          *   00000014              : strtold.obj (.const:_digits)
                 [ 00005d44 ]  00002ea2          *   0000000c              : strtod.obj (.const:_powerof10)
                 [ 00005d5c ]  00002eae          *   0000000c              : strtold.obj (.const:_powerof10)
                 [ 00005d74 ]  00002eba          *   0000000c              : _printfi.obj (.const)
                 [ 00005d8c ]  00002ec6          *   00000008              : divd.obj (.const:_initial_approx$1)
                 [ 00005d9c ]  00002ece          *   00000008              : strtod.obj (.const)
                 [ 00005dac ]  00002ed6          *   00000008              : strtold.obj (.const)
                 [ 00005dbc ]  00002ede          *   00000007              : _scanfi.obj (.const:_flit$1)
                 [ 00005dca ]  00002ee5          *   00000006              : _scanfi.obj (.const:_barr$2)

.const.5     0   [ 00005dd8 ]  00002eec          *   00000004   
                 [ 00005dd8 ]  00002eec          *   00000002   rts55x.lib : fputs.obj (.const:.string)
                 [ 00005ddc ]  00002eee          *   00000002              : fltlid.obj (.const)

.bss.2       0   [ 00020000 ]  00010000          *   0000ec60   UNINITIALIZED
                 [ 00020000 ]  00010000          *   0000ec60   spiflash_writer.obj (.bss)

.text.1      0     0003d8c0  [ 0001ec60 ] 0000273f          *   
                   0003d8c0  [ 0001ec60 ] 000015a4          *   rts55x.lib : _printfi.obj (.text)
                   0003ee64  [ 0001f732 ] 00000edb          *              : _scanfi.obj (.text)
                   0003fd3f  [ 0001fe9f+] 000002bd          *              : strtod.obj (.text)
                   0003fffc  [ 0001fffe ] 00000002          *              : vectors.obj (.text)
                   0003fffe  [ 0001ffff ] 00000001          *   --HOLE-- [fill = 20]

.cio         0   [ 00040000 ]  00020000          *   00000120   UNINITIALIZED
                 [ 00040000 ]  00020000          *   00000120   rts55x.lib : trgmsg.obj (.cio)

.cinit       0   [ 00040240 ]  00020120          *   0000007c   
                 [ 00040240 ]  00020120          *   0000002d   rts55x.lib : lowlev.obj (.cinit)
                 [ 0004029a ]  0002014d          *   0000002a              : defs.obj (.cinit)
                 [ 000402ee ]  00020177          *   0000000a              : _lock.obj (.cinit)
                 [ 00040302 ]  00020181          *   0000000a              : exit.obj (.cinit)
                 [ 00040316 ]  0002018b          *   00000004   main.obj (.cinit)
                 [ 0004031e ]  0002018f          *   00000004   rts55x.lib : errno.obj (.cinit)
                 [ 00040326 ]  00020193          *   00000004              : fopen.obj (.cinit)
                 [ 0004032e ]  00020197          *   00000004              : memory.obj (.cinit)
                 [ 00040336 ]  0002019b          *   00000001   --HOLE-- [fill = 0]

.text.2      0     00040338  [ 0002019c ] 000047f6          *   
                   00040338  [ 0002019c ] 000005b4          *   csl_spi.obj (.text)
                   000408ec  [ 00020476 ] 00000543          *   rts55x.lib : lowlev.obj (.text)
                   00040e2f  [ 00020717+] 00000528          *              : trgdrv.obj (.text)
                   00041357  [ 000209ab+] 000004b5          *              : memory.obj (.text)
                   0004180c  [ 00020c06 ] 000003cc          *              : divd.obj (.text)
                   00041bd8  [ 00020dec ] 000003be          *   ezdsp5535bsl.lib : ezdsp5535_spiflash.obj (.text)
                   00041f96  [ 00020fcb ] 00000301          *   rts55x.lib : strtoll.obj (.text)
                   00042297  [ 0002114b+] 0000029f          *              : strtold.obj (.text)
                   00042536  [ 0002129b ] 0000027f          *              : fopen.obj (.text)
                   000427b5  [ 000213da+] 0000025e          *              : llmpy.obj (.text)
                   00042a13  [ 00021509+] 0000025a          *              : addd.obj (.text)
                   00042c6d  [ 00021636+] 0000024b          *              : strtoull.obj (.text)
                   00042eb8  [ 0002175c ] 00000242          *   spiflash_writer.obj (.text)
                   000430fa  [ 0002187d ] 00000208          *   rts55x.lib : strtol.obj (.text)
                   00043302  [ 00021981 ] 000001ea          *              : cmpd.obj (.text)
                   000434ec  [ 00021a76 ] 000001d1          *              : strtoul.obj (.text)
                   000436bd  [ 00021b5e+] 00000163          *              : fputs.obj (.text)
                   00043820  [ 00021c10 ] 00000161          *              : fscanf.obj (.text)
                   00043981  [ 00021cc0+] 0000014c          *              : mpyd.obj (.text)
                   00043acd  [ 00021d66+] 0000010f          *              : fread.obj (.text)
                   00043bdc  [ 00021dee ] 000000e6          *              : setvbuf.obj (.text)
                   00043cc2  [ 00021e61 ] 000000dd          *              : _io_perm.obj (.text)
                   00043d9f  [ 00021ecf+] 000000c2          *              : fflush.obj (.text)
                   00043e61  [ 00021f30+] 000000ba          *              : trgmsg.obj (.text:CIO_breakpoint)
                   00043f1b  [ 00021f8d+] 000000ae          *              : _bufread.obj (.text)
                   00043fc9  [ 00021fe4+] 000000a6          *              : fputc.obj (.text)
                   0004406f  [ 00022037+] 000000a1          *              : divul.obj (.text)
                   00044110  [ 00022088 ] 0000009b          *              : fgetc.obj (.text)
                   000441ab  [ 000220d5+] 0000009a          *              : ungetc.obj (.text)
                   00044245  [ 00022122+] 0000007d          *              : ltoa.obj (.text)
                   000442c2  [ 00022161 ] 0000007b          *              : fclose.obj (.text)
                   0004433d  [ 0002219e+] 00000076          *              : frcmpyd.obj (.text)
                   000443b3  [ 000221d9+] 00000074          *   main.obj (.text)
                   00044427  [ 00022213+] 00000073          *   rts55x.lib : frcmpyd_div.obj (.text)
                   0004449a  [ 0002224d ] 00000072          *              : remul.obj (.text)
                   0004450c  [ 00022286 ] 00000070          *              : ftell.obj (.text)
                   0004457c  [ 000222be ] 0000006f          *              : fixdli.obj (.text)
                   000445eb  [ 000222f5+] 0000006d          *              : trgmsg.obj (.text)
                   00044658  [ 0002232c ] 0000006b          *              : fseek.obj (.text)
                   000446c3  [ 00022361+] 00000067          *              : fltlid.obj (.text)
                   0004472a  [ 00022395 ] 0000005c          *              : atoi.obj (.text)
                   00044786  [ 000223c3 ] 00000054          *   ezdsp5535bsl.lib : ezdsp5535.obj (.text)
                   000447da  [ 000223ed ] 00000050          *   rts55x.lib : printf.obj (.text)
                   0004482a  [ 00022415 ] 0000004d          *              : autoinit.obj (.text)
                   00044877  [ 0002243b+] 0000004b          *              : args_main.obj (.text)
                   000448c2  [ 00022461 ] 0000004b          *              : remli.obj (.text)
                   0004490d  [ 00022486+] 00000048          *              : divli.obj (.text)
                   00044955  [ 000224aa+] 0000003f          *              : memcpy.obj (.text)
                   00044994  [ 000224ca ] 0000003e          *              : exit.obj (.text)
                   000449d2  [ 000224e9 ] 0000003c          *              : idiv.obj (.text)
                   00044a0e  [ 00022507 ] 00000034          *              : boot.obj (.text)
                   00044a42  [ 00022521 ] 0000002a          *              : fixdi.obj (.text)
                   00044a6c  [ 00022536 ] 0000002a          *              : udiv.obj (.text)
                   00044a96  [ 0002254b ] 00000023          *              : memccpy.obj (.text)
                   00044ab9  [ 0002255c+] 0000001a          *              : isinf.obj (.text)
                   00044ad3  [ 00022569+] 00000014          *              : subd.obj (.text)
                   00044ae7  [ 00022573+] 00000013          *              : lmpy.obj (.text)
                   00044afa  [ 0002257d ] 00000012          *              : _lock.obj (.text)
                   00044b0c  [ 00022586 ] 00000010          *              : negd.obj (.text)
                   00044b1c  [ 0002258e ] 0000000a          *              : remove.obj (.text)
                   00044b26  [ 00022593 ] 00000007          *              : exit.obj (.text:CIO_breakpoint)
                   00044b2d  [ 00022596 ] 00000001          *   --HOLE-- [fill = 20]

vectors      0     0004fe00  [ 00027f00 ] 00000100          *   
                   0004fe00  [ 00027f00 ] 00000100          *   rts55x.lib : vectors.obj (vectors)


GLOBAL SYMBOLS: SORTED ALPHABETICALLY BY Name 

abs. value/
byte addr   word addr   name
---------   ---------   ----
00000002                $TI_capability$C5500$CallingConvention
00000002                $TI_capability$C5500$MemoryModel
00000001                $TI_capability_requires_rev3
ffffffff                .bss
ffffffff                .data
ffffffff                .text
00044b27                C$$EXIT
00043f16                C$$IO$$
000449d2                I$$DIV
00044ae7                I$$LMPY
000449f1                I$$MOD
00044a6c                I$$UDIV
00044a81                I$$UMOD
00041c7b                _EZDSP5535_SPIFLASH_erase
00041bd8                _EZDSP5535_SPIFLASH_init
00041d7f                _EZDSP5535_SPIFLASH_read
00041c39                _EZDSP5535_SPIFLASH_status
00041e30                _EZDSP5535_SPIFLASH_write
000447cc                _EZDSP5535_init
00044786                _EZDSP5535_wait
000447ba                _EZDSP5535_waitusec
000412f9                _HOSTclock
0004128e                _HOSTclose
000411d9                _HOSTlseek
0004113a                _HOSTopen
000410ad                _HOSTread
00040fff                _HOSTrename
00040fa1                _HOSTtime
00040f37                _HOSTunlink
00040eaa                _HOSTwrite
0004fe00                _Reset
000403cd                _SPI_close
000403f9                _SPI_config
00040879                _SPI_dataTransaction
0004067f                _SPI_deInit
00040338                _SPI_init
00040399                _SPI_open
000406ab                _SPI_read
0004078d                _SPI_write
000443b3                _StopTest
            00001979    _TestFail
            00020000    __CIOBUF_
            00001060    __STACK_END
00002000                __STACK_SIZE
00002000                __SYSMEM_SIZE
00001000                __SYSSTACK_SIZE
00000001                __TI_args_main
ffffffff                ___binit__
ffffffff                ___bss__
ffffffff                ___c_args__
            00020120    ___cinit__
ffffffff                ___data__
ffffffff                ___edata__
ffffffff                ___end__
ffffffff                ___etext__
00044ab9                ___isinf
ffffffff                ___pinit__
ffffffff                ___text__
00042a13                __addd
00044877                __args_main
00043f1b                __buff_read
00042657                __cleanup
            00001bd8    __cleanup_ptr
00043494                __cmpd
            00002be0    __ctypes_
0004180c                __divd
000449d2                __divi
0004490d                __divli
000429de                __divlli
00044a6c                __divu
0004406f                __divul
000428ea                __divull
00043d9f                __doflush
            00001bda    __dtors_ptr
00043460                __eqld
00044a42                __fixdi
0004457c                __fixdli
000446c3                __fltlid
0004433d                __frcmpyd
00044427                __frcmpyd_div
            00001978    __ft_end
            00001860    __ftable
00043416                __geqd
000433cb                __gtrd
0004337e                __leqd
            00001bd4    __lock
00043336                __lssd
00043981                __mpyd
00044ae7                __mpyli
00042832                __mpylli
00044b0c                __negd
00043302                __neqd
00044b0a                __nop
0003ec22                __printfi
00043d42                __rd_ok
00044b02                __register_lock
00044afa                __register_unlock
000449f1                __remi
000448c2                __remli
00042803                __remlli
00044a81                __remu
0004449a                __remul
000427b5                __remull
0003f837                __scanfi
            00000060    __stack
00044ad3                __subd
            00001be0    __sys_memory
            00001060    __sysstack
            000018d8    __tmpnams
            00001bd6    __unlock
00043cc2                __wrt_ok
00044b26                _abort
00040d3f                _add_device
0004472a                _atoi
0004482a                _auto_init
            00010000    _bootImage
00044a0e                _c_int00
000417e6                _calloc
000417de                _chkheap
00040ccc                _close
            00001bcd    _errno
00044994                _exit
000442c2                _fclose
00043e08                _fflush
00044110                _fgetc
            0001eb60    _fileName
00040cc3                _find_registered_device
0004277a                _fopen
00043fc9                _fputc
000436bd                _fputs
00043acd                _fread
00041357                _free
00041788                _free_memory
000426b1                _freopen
0004385c                _fscanf
00044658                _fseek
0004450c                _ftell
00044110                _getc
0004419c                _getchar
00040e2f                _getenv
            00001a8a    _hSpi
00040c5d                _lseek
00044245                _ltoa
000443b5                _main
00041488                _malloc
0004172e                _max_free
00044a96                _memccpy
00044955                _memcpy
00041423                _minit
00040b9e                _open
000447da                _printf
00043fc9                _putc
00044060                _putchar
000437f2                _puts
00040af0                _read
000445eb                _readmsg
0004157d                _realloc
00044b1c                _remove
00040aba                _remove_device
00040a61                _rename
00043820                _scanf
00043bdc                _setvbuf
00042eb8                _spiflash_writer
0003fd3f                _strtod
000430fa                _strtol
00042297                _strtold
00041f96                _strtoll
000434ec                _strtoul
00042c6d                _strtoull
000441ab                _ungetc
00040a2e                _unlink
000408ec                _write
00043e61                _writemsg
ffffffff                binit
            00020120    cinit
ffffffff                edata
ffffffff                end
ffffffff                etext
ffffffff                pinit


GLOBAL SYMBOLS: SORTED BY Symbol Address 

abs. value/
byte addr   word addr   name
---------   ---------   ----
00000001                $TI_capability_requires_rev3
00000001                __TI_args_main
00000002                $TI_capability$C5500$CallingConvention
00000002                $TI_capability$C5500$MemoryModel
            00000060    __stack
00001000                __SYSSTACK_SIZE
00002000                __STACK_SIZE
00002000                __SYSMEM_SIZE
            00001060    __STACK_END
            00001060    __sysstack
            00001860    __ftable
            000018d8    __tmpnams
            00001978    __ft_end
            00001979    _TestFail
            00001a8a    _hSpi
            00001bcd    _errno
            00001bd4    __lock
            00001bd6    __unlock
            00001bd8    __cleanup_ptr
            00001bda    __dtors_ptr
            00001be0    __sys_memory
            00002be0    __ctypes_
            00010000    _bootImage
            0001eb60    _fileName
0003ec22                __printfi
0003f837                __scanfi
0003fd3f                _strtod
            00020000    __CIOBUF_
            00020120    ___cinit__
            00020120    cinit
00040338                _SPI_init
00040399                _SPI_open
000403cd                _SPI_close
000403f9                _SPI_config
0004067f                _SPI_deInit
000406ab                _SPI_read
0004078d                _SPI_write
00040879                _SPI_dataTransaction
000408ec                _write
00040a2e                _unlink
00040a61                _rename
00040aba                _remove_device
00040af0                _read
00040b9e                _open
00040c5d                _lseek
00040cc3                _find_registered_device
00040ccc                _close
00040d3f                _add_device
00040e2f                _getenv
00040eaa                _HOSTwrite
00040f37                _HOSTunlink
00040fa1                _HOSTtime
00040fff                _HOSTrename
000410ad                _HOSTread
0004113a                _HOSTopen
000411d9                _HOSTlseek
0004128e                _HOSTclose
000412f9                _HOSTclock
00041357                _free
00041423                _minit
00041488                _malloc
0004157d                _realloc
0004172e                _max_free
00041788                _free_memory
000417de                _chkheap
000417e6                _calloc
0004180c                __divd
00041bd8                _EZDSP5535_SPIFLASH_init
00041c39                _EZDSP5535_SPIFLASH_status
00041c7b                _EZDSP5535_SPIFLASH_erase
00041d7f                _EZDSP5535_SPIFLASH_read
00041e30                _EZDSP5535_SPIFLASH_write
00041f96                _strtoll
00042297                _strtold
00042657                __cleanup
000426b1                _freopen
0004277a                _fopen
000427b5                __remull
00042803                __remlli
00042832                __mpylli
000428ea                __divull
000429de                __divlli
00042a13                __addd
00042c6d                _strtoull
00042eb8                _spiflash_writer
000430fa                _strtol
00043302                __neqd
00043336                __lssd
0004337e                __leqd
000433cb                __gtrd
00043416                __geqd
00043460                __eqld
00043494                __cmpd
000434ec                _strtoul
000436bd                _fputs
000437f2                _puts
00043820                _scanf
0004385c                _fscanf
00043981                __mpyd
00043acd                _fread
00043bdc                _setvbuf
00043cc2                __wrt_ok
00043d42                __rd_ok
00043d9f                __doflush
00043e08                _fflush
00043e61                _writemsg
00043f16                C$$IO$$
00043f1b                __buff_read
00043fc9                _fputc
00043fc9                _putc
00044060                _putchar
0004406f                __divul
00044110                _fgetc
00044110                _getc
0004419c                _getchar
000441ab                _ungetc
00044245                _ltoa
000442c2                _fclose
0004433d                __frcmpyd
000443b3                _StopTest
000443b5                _main
00044427                __frcmpyd_div
0004449a                __remul
0004450c                _ftell
0004457c                __fixdli
000445eb                _readmsg
00044658                _fseek
000446c3                __fltlid
0004472a                _atoi
00044786                _EZDSP5535_wait
000447ba                _EZDSP5535_waitusec
000447cc                _EZDSP5535_init
000447da                _printf
0004482a                _auto_init
00044877                __args_main
000448c2                __remli
0004490d                __divli
00044955                _memcpy
00044994                _exit
000449d2                I$$DIV
000449d2                __divi
000449f1                I$$MOD
000449f1                __remi
00044a0e                _c_int00
00044a42                __fixdi
00044a6c                I$$UDIV
00044a6c                __divu
00044a81                I$$UMOD
00044a81                __remu
00044a96                _memccpy
00044ab9                ___isinf
00044ad3                __subd
00044ae7                I$$LMPY
00044ae7                __mpyli
00044afa                __register_unlock
00044b02                __register_lock
00044b0a                __nop
00044b0c                __negd
00044b1c                _remove
00044b26                _abort
00044b27                C$$EXIT
0004fe00                _Reset
ffffffff                .bss
ffffffff                .data
ffffffff                .text
ffffffff                ___binit__
ffffffff                ___bss__
ffffffff                ___c_args__
ffffffff                ___data__
ffffffff                ___edata__
ffffffff                ___end__
ffffffff                ___etext__
ffffffff                ___pinit__
ffffffff                ___text__
ffffffff                binit
ffffffff                edata
ffffffff                end
ffffffff                etext
ffffffff                pinit

[179 symbols]
