******************************************************************************
              TMS320C55x Linker PC v4.3.8                      
******************************************************************************
>> Linked Fri Aug 05 13:59:07 2011

OUTPUT FILE NAME:   <spiflash.out>
ENTRY POINT SYMBOL: "_c_int00"  address: 00024ae1


MEMORY CONFIGURATION

         name            origin    length      used     unused   attr    fill
                        (bytes)   (bytes)    (bytes)   (bytes)
----------------------  --------  ---------  --------  --------  ----  --------
PAGE 0:
  MMR                   00000000   000000c0  00000000  000000c0  RWIX
  DARAM0                000000c0   0000ff40  00005efc  0000a044  RWIX
  SARAM0                00010000   00010000  00000000  00010000  RWIX
  SARAM1                00020000   00020000  00004c05  0001b3fb  RWIX
  SARAM2                00040000   0000fe00  00000330  0000fad0  RWIX
  VECS                  0004fe00   00000200  00000100  00000100  RWIX
  PDROM                 00ff8000   00008000  00000000  00008000  R IX

PAGE 2:
  IOPORT                00000000   00020000  00000000  00020000  RWI 


SECTION ALLOCATION MAP
(Addresses surrounded by []'s are displayed for convenience only!)

output                                                          attributes/
section   page  orgn(bytes) orgn(words) len(bytes) len(words)   input sections
--------  ----  ----------- ----------- ---------- ----------   --------------
.pinit       0   [ 00040000 ]  00020000          *   00000000   UNINITIALIZED

.stack       0   [ 000000c0 ]  00000060          *   00001000   UNINITIALIZED
                 [ 000000c0 ]  00000060          *   00001000   --HOLE--

.data        0   [ 000000c0 ]  00000060          *   00000000   UNINITIALIZED

.sysstack 
*            0   [ 000020c0 ]  00001060          *   00000800   UNINITIALIZED
                 [ 000020c0 ]  00001060          *   00000800   --HOLE--

.sysmem      0   [ 000030c0 ]  00001860          *   00001000   UNINITIALIZED
                 [ 000030c0 ]  00001860          *   00001000   --HOLE--

.bss         0   [ 000050c0 ]  00002860          *   0000057f   UNINITIALIZED
                 [ 000050c0 ]  00002860          *   00000200   spiflash_test.obj (.bss)
                 [ 000054c0 ]  00002a60          *   00000119   rts55x.lib : defs.obj (.bss)
                 [ 000056f2 ]  00002b79          *   00000001   main.obj (.bss)
                 [ 000056f4 ]  00002b7a          *   00000112   ezdsp5535bsl.lib : ezdsp5535_spiflash.obj (.bss)
                 [ 00005918 ]  00002c8c          *   000000d0   rts55x.lib : trgdrv.obj (.bss)
                 [ 00005ab8 ]  00002d5c          *   00000071              : lowlev.obj (.bss)
                 [ 00005b9a ]  00002dcd          *   00000001              : fopen.obj (.bss)
                 [ 00005b9c ]  00002dce          *   00000006              : memory.obj (.bss)
                 [ 00005ba8 ]  00002dd4          *   00000004              : _lock.obj (.bss)
                 [ 00005bb0 ]  00002dd8          *   00000004              : exit.obj (.bss)
                 [ 00005bb8 ]  00002ddc          *   00000003   cslVC5505.lib : csl_spi.obj (.bss)

.const.1     0   [ 00005bc0 ]  00002de0          *   00000101   
                 [ 00005bc0 ]  00002de0          *   00000101   rts55x.lib : ctype.obj (.const:__ctypes_)

.const.2     0   [ 00005dc4 ]  00002ee2          *   00000063   
                 [ 00005dc4 ]  00002ee2          *   00000063   main.obj (.const:.string)

.const.3     0   [ 00005e8c ]  00002f46          *   0000005d   
                 [ 00005e8c ]  00002f46          *   0000005d   spiflash_test.obj (.const:.string)

.const.4     0   [ 00005f48 ]  00002fa4          *   0000003e   
                 [ 00005f48 ]  00002fa4          *   00000024   rts55x.lib : _printfi.obj (.const:.string)
                 [ 00005f90 ]  00002fc8          *   0000000c              : _printfi.obj (.const)
                 [ 00005fa8 ]  00002fd4          *   00000008              : divd.obj (.const:_initial_approx$1)
                 [ 00005fb8 ]  00002fdc          *   00000002              : fputs.obj (.const:.string)
                 [ 00005fbc ]  00002fde          *   00000002              : divd.obj (.const)
                 [ 00005fc0 ]  00002fe0          *   00000002              : fltlid.obj (.const)

.text        0     00020000  [ 00010000 ] 00004c05          *   
                   00020000  [ 00010000 ] 00001598          *   rts55x.lib : _printfi.obj (.text)
                   00021598  [ 00010acc ] 000005cc          *   cslVC5505.lib : csl_spi.obj (.text)
                   00021b64  [ 00010db2 ] 00000543          *   rts55x.lib : lowlev.obj (.text)
                   000220a7  [ 00011053+] 00000528          *              : trgdrv.obj (.text)
                   000225cf  [ 000112e7+] 000004b5          *              : memory.obj (.text)
                   00022a84  [ 00011542 ] 000003be          *   ezdsp5535bsl.lib : ezdsp5535_spiflash.obj (.text)
                   00022e42  [ 00011721 ] 0000036c          *   rts55x.lib : divd.obj (.text)
                   000231ae  [ 000118d7 ] 0000027f          *              : fopen.obj (.text)
                   0002342d  [ 00011a16+] 0000025e          *              : llmpy.obj (.text)
                   0002368b  [ 00011b45+] 00000259          *              : addd.obj (.text)
                   000238e4  [ 00011c72 ] 000001ea          *              : cmpd.obj (.text)
                   00023ace  [ 00011d67 ] 0000018b          *   spiflash_test.obj (.text)
                   00023c59  [ 00011e2c+] 00000163          *   rts55x.lib : fputs.obj (.text)
                   00023dbc  [ 00011ede ] 0000014c          *              : mpyd.obj (.text)
                   00023f08  [ 00011f84 ] 000000e6          *              : setvbuf.obj (.text)
                   00023fee  [ 00011ff7 ] 000000dd          *              : _io_perm.obj (.text)
                   000240cb  [ 00012065+] 000000c8          *              : frcmpyd_div.obj (.text)
                   00024193  [ 000120c9+] 000000c2          *              : fflush.obj (.text)
                   00024255  [ 0001212a+] 000000ba          *              : trgmsg.obj (.text:CIO_breakpoint)
                   0002430f  [ 00012187+] 000000a6          *              : fputc.obj (.text)
                   000243b5  [ 000121da+] 000000a1          *              : divul.obj (.text)
                   00024456  [ 0001222b ] 0000007d          *              : ltoa.obj (.text)
                   000244d3  [ 00012269+] 0000007b          *              : fclose.obj (.text)
                   0002454e  [ 000122a7 ] 00000076          *              : frcmpyd.obj (.text)
                   000245c4  [ 000122e2 ] 00000072          *              : remul.obj (.text)
                   00024636  [ 0001231b ] 0000006f          *              : fixdli.obj (.text)
                   000246a5  [ 00012352+] 0000006d          *              : trgmsg.obj (.text)
                   00024712  [ 00012389 ] 0000006b          *              : fseek.obj (.text)
                   0002477d  [ 000123be+] 00000067          *              : fltlid.obj (.text)
                   000247e4  [ 000123f2 ] 0000005c          *              : atoi.obj (.text)
                   00024840  [ 00012420 ] 00000055          *   main.obj (.text)
                   00024895  [ 0001244a+] 00000054          *   ezdsp5535bsl.lib : ezdsp5535.obj (.text)
                   000248e9  [ 00012474+] 00000050          *   rts55x.lib : printf.obj (.text)
                   00024939  [ 0001249c+] 0000004d          *              : autoinit.obj (.text)
                   00024986  [ 000124c3 ] 0000004b          *              : args_main.obj (.text)
                   000249d1  [ 000124e8+] 0000004b          *              : remli.obj (.text)
                   00024a1c  [ 0001250e ] 00000048          *              : divli.obj (.text)
                   00024a64  [ 00012532 ] 0000003f          *              : memcpy.obj (.text)
                   00024aa3  [ 00012551+] 0000003e          *              : exit.obj (.text)
                   00024ae1  [ 00012570+] 00000034          *              : boot.obj (.text)
                   00024b15  [ 0001258a+] 0000002a          *              : fixdi.obj (.text)
                   00024b3f  [ 0001259f+] 0000002a          *              : udiv.obj (.text)
                   00024b69  [ 000125b4+] 00000023          *              : memccpy.obj (.text)
                   00024b8c  [ 000125c6 ] 0000001c          *              : isinf.obj (.text)
                   00024ba8  [ 000125d4 ] 00000014          *              : subd.obj (.text)
                   00024bbc  [ 000125de ] 00000013          *              : lmpy.obj (.text)
                   00024bcf  [ 000125e7+] 00000012          *              : _lock.obj (.text)
                   00024be1  [ 000125f0+] 00000010          *              : negd.obj (.text)
                   00024bf1  [ 000125f8+] 0000000a          *              : remove.obj (.text)
                   00024bfb  [ 000125fd+] 00000007          *              : exit.obj (.text:CIO_breakpoint)
                   00024c02  [ 00012601 ] 00000002          *              : vectors.obj (.text)
                   00024c04  [ 00012602 ] 00000001          *   --HOLE-- [fill = 20]

.cio         0   [ 00040000 ]  00020000          *   00000120   UNINITIALIZED
                 [ 00040000 ]  00020000          *   00000120   rts55x.lib : trgmsg.obj (.cio)

.cinit       0   [ 00040240 ]  00020120          *   00000078   
                 [ 00040240 ]  00020120          *   0000002d   rts55x.lib : lowlev.obj (.cinit)
                 [ 0004029a ]  0002014d          *   0000002a              : defs.obj (.cinit)
                 [ 000402ee ]  00020177          *   0000000a              : _lock.obj (.cinit)
                 [ 00040302 ]  00020181          *   0000000a              : exit.obj (.cinit)
                 [ 00040316 ]  0002018b          *   00000004   main.obj (.cinit)
                 [ 0004031e ]  0002018f          *   00000004   rts55x.lib : fopen.obj (.cinit)
                 [ 00040326 ]  00020193          *   00000004              : memory.obj (.cinit)
                 [ 0004032e ]  00020197          *   00000001   --HOLE-- [fill = 0]

vectors      0     0004fe00  [ 00027f00 ] 00000100          *   
                   0004fe00  [ 00027f00 ] 00000100          *   rts55x.lib : vectors.obj (vectors)


GLOBAL SYMBOLS: SORTED ALPHABETICALLY BY Name 

abs. value/
byte addr   word addr   name
---------   ---------   ----
00000002                $TI_capability$C5500$CallingConvention
00000002                $TI_capability$C5500$MemoryModel
00000001                $TI_capability_requires_rev3
ffffffff                .bss
ffffffff                .data
ffffffff                .text
00024bfc                C$$EXIT
0002430a                C$$IO$$
00024bbc                I$$LMPY
00024b3f                I$$UDIV
00024b54                I$$UMOD
00022b27                _EZDSP5535_SPIFLASH_erase
00022a84                _EZDSP5535_SPIFLASH_init
00022c2b                _EZDSP5535_SPIFLASH_read
00022ae5                _EZDSP5535_SPIFLASH_status
00022cdc                _EZDSP5535_SPIFLASH_write
000248db                _EZDSP5535_init
00024895                _EZDSP5535_wait
000248c9                _EZDSP5535_waitusec
00022571                _HOSTclock
00022506                _HOSTclose
00022451                _HOSTlseek
000223b2                _HOSTopen
00022325                _HOSTread
00022277                _HOSTrename
00022219                _HOSTtime
000221af                _HOSTunlink
00022122                _HOSTwrite
0004fe00                _Reset
0002162d                _SPI_close
00021659                _SPI_config
00021af1                _SPI_dataTransaction
000218df                _SPI_deInit
00021598                _SPI_init
000215f9                _SPI_open
0002190b                _SPI_read
000219f9                _SPI_write
00024840                _StopTest
            00002b79    _TestFail
            00020000    __CIOBUF_
            00001060    __STACK_END
00002000                __STACK_SIZE
00002000                __SYSMEM_SIZE
00001000                __SYSSTACK_SIZE
ffffffff                ___binit__
ffffffff                ___bss__
ffffffff                ___c_args__
            00020120    ___cinit__
ffffffff                ___data__
ffffffff                ___edata__
ffffffff                ___end__
ffffffff                ___etext__
00024b8c                ___isinf
ffffffff                ___pinit__
ffffffff                ___text__
0002368b                __addd
00024986                __args_main
000232cf                __cleanup
            00002dd8    __cleanup_ptr
00023a76                __cmpd
            00002de0    __ctypes_
00022e64                __divd
00024a1c                __divli
00023656                __divlli
00024b3f                __divu
000243b5                __divul
00023562                __divull
00024193                __doflush
            00002dda    __dtors_ptr
00023a42                __eqld
00024b15                __fixdi
00024636                __fixdli
0002477d                __fltlid
0002454e                __frcmpyd
000240cb                __frcmpyd_div
            00002b78    __ft_end
            00002a60    __ftable
000239f8                __geqd
000239ad                __gtrd
00023960                __leqd
            00002dd4    __lock
00023918                __lssd
00023dbc                __mpyd
00024bbc                __mpyli
000234aa                __mpylli
00024be1                __negd
000238e4                __neqd
00024bdf                __nop
00021356                __printfi
0002406e                __rd_ok
00024bd7                __register_lock
00024bcf                __register_unlock
000249d1                __remli
0002347b                __remlli
00024b54                __remu
000245c4                __remul
0002342d                __remull
            00000060    __stack
00024ba8                __subd
            00001860    __sys_memory
            00001060    __sysstack
            00002ad8    __tmpnams
            00002dd6    __unlock
00023fee                __wrt_ok
00024bfb                _abort
00021fb7                _add_device
000247e4                _atoi
00024939                _auto_init
00024ae1                _c_int00
00022a5e                _calloc
00022a56                _chkheap
00021f44                _close
00024aa3                _exit
000244d3                _fclose
000241fc                _fflush
00021f3b                _find_registered_device
000233f2                _fopen
0002430f                _fputc
00023c59                _fputs
000225cf                _free
00022a00                _free_memory
00023329                _freopen
00024712                _fseek
000220a7                _getenv
            00002c8a    _hSpi
00021ed5                _lseek
00024456                _ltoa
00024842                _main
00022700                _malloc
000229a6                _max_free
00024b69                _memccpy
00024a64                _memcpy
0002269b                _minit
00021e16                _open
000248e9                _printf
0002430f                _putc
000243a6                _putchar
00023d8e                _puts
00021d68                _read
000246a5                _readmsg
000227f5                _realloc
00024bf1                _remove
00021d32                _remove_device
00021cd9                _rename
00023f08                _setvbuf
00023ace                _spiflash_test
00021ca6                _unlink
00021b64                _write
00024255                _writemsg
ffffffff                binit
            00020120    cinit
ffffffff                edata
ffffffff                end
ffffffff                etext
ffffffff                pinit


GLOBAL SYMBOLS: SORTED BY Symbol Address 

abs. value/
byte addr   word addr   name
---------   ---------   ----
00000001                $TI_capability_requires_rev3
00000002                $TI_capability$C5500$CallingConvention
00000002                $TI_capability$C5500$MemoryModel
            00000060    __stack
00001000                __SYSSTACK_SIZE
00002000                __STACK_SIZE
00002000                __SYSMEM_SIZE
            00001060    __STACK_END
            00001060    __sysstack
            00001860    __sys_memory
            00002a60    __ftable
            00002ad8    __tmpnams
            00002b78    __ft_end
            00002b79    _TestFail
            00002c8a    _hSpi
            00002dd4    __lock
            00002dd6    __unlock
            00002dd8    __cleanup_ptr
            00002dda    __dtors_ptr
            00002de0    __ctypes_
00021356                __printfi
00021598                _SPI_init
000215f9                _SPI_open
0002162d                _SPI_close
00021659                _SPI_config
000218df                _SPI_deInit
0002190b                _SPI_read
000219f9                _SPI_write
00021af1                _SPI_dataTransaction
00021b64                _write
00021ca6                _unlink
00021cd9                _rename
00021d32                _remove_device
00021d68                _read
00021e16                _open
00021ed5                _lseek
00021f3b                _find_registered_device
00021f44                _close
00021fb7                _add_device
000220a7                _getenv
00022122                _HOSTwrite
000221af                _HOSTunlink
00022219                _HOSTtime
00022277                _HOSTrename
00022325                _HOSTread
000223b2                _HOSTopen
00022451                _HOSTlseek
00022506                _HOSTclose
00022571                _HOSTclock
000225cf                _free
0002269b                _minit
00022700                _malloc
000227f5                _realloc
000229a6                _max_free
00022a00                _free_memory
00022a56                _chkheap
00022a5e                _calloc
00022a84                _EZDSP5535_SPIFLASH_init
00022ae5                _EZDSP5535_SPIFLASH_status
00022b27                _EZDSP5535_SPIFLASH_erase
00022c2b                _EZDSP5535_SPIFLASH_read
00022cdc                _EZDSP5535_SPIFLASH_write
00022e64                __divd
000232cf                __cleanup
00023329                _freopen
000233f2                _fopen
0002342d                __remull
0002347b                __remlli
000234aa                __mpylli
00023562                __divull
00023656                __divlli
0002368b                __addd
000238e4                __neqd
00023918                __lssd
00023960                __leqd
000239ad                __gtrd
000239f8                __geqd
00023a42                __eqld
00023a76                __cmpd
00023ace                _spiflash_test
00023c59                _fputs
00023d8e                _puts
00023dbc                __mpyd
00023f08                _setvbuf
00023fee                __wrt_ok
0002406e                __rd_ok
000240cb                __frcmpyd_div
00024193                __doflush
000241fc                _fflush
00024255                _writemsg
0002430a                C$$IO$$
0002430f                _fputc
0002430f                _putc
000243a6                _putchar
000243b5                __divul
00024456                _ltoa
000244d3                _fclose
0002454e                __frcmpyd
000245c4                __remul
00024636                __fixdli
000246a5                _readmsg
00024712                _fseek
0002477d                __fltlid
000247e4                _atoi
00024840                _StopTest
00024842                _main
00024895                _EZDSP5535_wait
000248c9                _EZDSP5535_waitusec
000248db                _EZDSP5535_init
000248e9                _printf
00024939                _auto_init
00024986                __args_main
000249d1                __remli
00024a1c                __divli
00024a64                _memcpy
00024aa3                _exit
00024ae1                _c_int00
00024b15                __fixdi
00024b3f                I$$UDIV
00024b3f                __divu
00024b54                I$$UMOD
00024b54                __remu
00024b69                _memccpy
00024b8c                ___isinf
00024ba8                __subd
00024bbc                I$$LMPY
00024bbc                __mpyli
00024bcf                __register_unlock
00024bd7                __register_lock
00024bdf                __nop
00024be1                __negd
00024bf1                _remove
00024bfb                _abort
00024bfc                C$$EXIT
            00020000    __CIOBUF_
            00020120    ___cinit__
            00020120    cinit
0004fe00                _Reset
ffffffff                .bss
ffffffff                .data
ffffffff                .text
ffffffff                ___binit__
ffffffff                ___bss__
ffffffff                ___c_args__
ffffffff                ___data__
ffffffff                ___edata__
ffffffff                ___end__
ffffffff                ___etext__
ffffffff                ___pinit__
ffffffff                ___text__
ffffffff                binit
ffffffff                edata
ffffffff                end
ffffffff                etext
ffffffff                pinit

[155 symbols]
