******************************************************************************
              TMS320C55x Linker PC v4.4.1                      
******************************************************************************
>> Linked Fri Sep 07 01:41:58 2018

OUTPUT FILE NAME:   <test.out>
ENTRY POINT SYMBOL: "_c_int00"  address: 0004330a


MEMORY CONFIGURATION

         name            origin    length      used     unused   attr    fill
                        (bytes)   (bytes)    (bytes)   (bytes)
----------------------  --------  ---------  --------  --------  ----  --------
PAGE 0:
  MMR                   00000000   000000c0  00000000  000000c0  RWIX
  DARAM0                000000c0   0000ff40  0000acdc  00005264  RWIX
  SARAM0                00010000   00010000  00000000  00010000  RWIX
  SARAM1                00020000   00020000  0001ffee  00000012  RWIX
  SARAM2                00040000   0000dffa  0000344e  0000abac  RWIX
  VECS                  0004fe00   00000200  00000200  00000000  RWIX
  PDROM                 00ff8000   00008000  00000000  00008000  R IX

PAGE 2:
  IOPORT                00000000   00020000  00000000  00020000  RWI 


SECTION ALLOCATION MAP
(Addresses surrounded by []'s are displayed for convenience only!)

output                                                          attributes/
section   page  orgn(bytes) orgn(words) len(bytes) len(words)   input sections
--------  ----  ----------- ----------- ---------- ----------   --------------
.pinit       0   [ 00040000 ]  00020000          *   00000000   UNINITIALIZED

.stack       0   [ 000000c0 ]  00000060          *   00001000   UNINITIALIZED
                 [ 000000c0 ]  00000060          *   00001000   --HOLE--

.data        0   [ 000000c0 ]  00000060          *   00000000   UNINITIALIZED

.sysstack 
*            0   [ 000020c0 ]  00001060          *   00000800   UNINITIALIZED
                 [ 000020c0 ]  00001060          *   00000800   --HOLE--

.bss.1       0   [ 000030c0 ]  00001860          *   00002603   UNINITIALIZED
                 [ 000030c0 ]  00001860          *   00001389   heap_1.obj (.bss)
                 [ 000057d2 ]  00002be9          *   00000003   csl_spi.obj (.bss)
                 [ 000057d8 ]  00002bec          *   0000050d   csl_mmcsd_ataIf.obj (.bss)
                 [ 000061f2 ]  000030f9          *   00000400   mem_test.obj (.bss)
                 [ 000069f2 ]  000034f9          *   00000200   spiflash_test.obj (.bss)
                 [ 00006df2 ]  000036f9          *   00000001   flash.obj (.bss)
                 [ 00006df4 ]  000036fa          *   000001be   csl_usb.obj (.bss)
                 [ 00007170 ]  000038b8          *   00000124   dma.obj (.bss)
                 [ 000073b8 ]  000039dc          *   00000119   rts55x.lib : defs.obj (.bss)
                 [ 000075ea ]  00003af5          *   00000001   integer.obj (.bss)
                 [ 000075ec ]  00003af6          *   00000112   ezdsp5535_spiflash.obj (.bss)
                 [ 00007810 ]  00003c08          *   000000d0   rts55x.lib : trgdrv.obj (.bss)
                 [ 000079b0 ]  00003cd8          *   00000095   ezdsp5535_sdcard.obj (.bss)
                 [ 00007ada ]  00003d6d          *   00000001   rts55x.lib : fopen.obj (.bss)
                 [ 00007adc ]  00003d6e          *   00000084   csl_intc.obj (.bss)
                 [ 00007be4 ]  00003df2          *   00000071   rts55x.lib : lowlev.obj (.bss)

.bss.2       0   [ 00007cc8 ]  00003e64          *   00000165   UNINITIALIZED
                 [ 00007cc8 ]  00003e64          *   0000006f   tasks.obj (.bss)
                 [ 00007da6 ]  00003ed3          *   00000061   i2s.obj (.bss)
                 [ 00007e68 ]  00003f34          *   0000003c   croutine.obj (.bss)
                 [ 00007ee0 ]  00003f70          *   0000002a   csl_i2s.obj (.bss)
                 [ 00007f34 ]  00003f9a          *   00000018   port.obj (.bss)
                 [ 00007f64 ]  00003fb2          *   00000017   crhook.obj (.bss)

.bss.3       0   [ 00007f94 ]  00003fca          *   0000007d   UNINITIALIZED
                 [ 00007f94 ]  00003fca          *   00000016   ezdsp5535_uart.obj (.bss)
                 [ 00007fc0 ]  00003fe0          *   00000014   rtc.obj (.bss)
                 [ 00007fe8 ]  00003ff4          *   00000012   csl_i2c.obj (.bss)
                 [ 0000800c ]  00004006          *   00000012   dynamic.obj (.bss)
                 [ 00008030 ]  00004018          *   00000010   flop.obj (.bss)
                 [ 00008050 ]  00004028          *   0000000c   QPeek.obj (.bss)
                 [ 00008068 ]  00004034          *   0000000a   blocktim.obj (.bss)
                 [ 0000807c ]  0000403e          *   00000009   semtest.obj (.bss)

.bss.4       0   [ 00008090 ]  00004048          *   0000002f   UNINITIALIZED
                 [ 00008090 ]  00004048          *   00000008   ezdsp5535_sar.obj (.bss)
                 [ 000080a0 ]  00004050          *   00000006   death.obj (.bss)
                 [ 000080ac ]  00004056          *   00000006   main.obj (.bss)
                 [ 000080b8 ]  0000405c          *   00000006   rts55x.lib : memory.obj (.bss)
                 [ 000080c4 ]  00004062          *   00000004   PollQ.obj (.bss)
                 [ 000080cc ]  00004066          *   00000004   ezdsp5535_gpio.obj (.bss)
                 [ 000080d4 ]  0000406a          *   00000004   rts55x.lib : _lock.obj (.bss)
                 [ 000080dc ]  0000406e          *   00000004              : exit.obj (.bss)
                 [ 000080e4 ]  00004072          *   00000003   timer.obj (.bss)
                 [ 000080ea ]  00004075          *   00000002   ParTest.obj (.bss)

.bss.5       0   [ 000080f0 ]  00004078          *   00000002   UNINITIALIZED
                 [ 000080f0 ]  00004078          *   00000002   ezdsp5535_i2s.obj (.bss)

.sysmem      0   [ 000080f4 ]  0000407a          *   00001000   UNINITIALIZED
                 [ 000080f4 ]  0000407a          *   00001000   --HOLE--

.const.1     0   [ 0000a0f4 ]  0000507a          *   000004c9   
                 [ 0000a0f4 ]  0000507a          *   00000346   ezdsp5535_sdcard.obj (.const:.string)
                 [ 0000a780 ]  000053c0          *   00000101   rts55x.lib : ctype.obj (.const:__ctypes_)
                 [ 0000a982 ]  000054c1          *   00000001   death.obj (.const)
                 [ 0000a984 ]  000054c2          *   00000081   csl_cdc.obj (.const:.string)

.const.2     0   [ 0000aa88 ]  00005544          *   0000005d   
                 [ 0000aa88 ]  00005544          *   0000005d   spiflash_test.obj (.const:.string)

.const.3     0   [ 0000ab44 ]  000055a2          *   000000b7   
                 [ 0000ab44 ]  000055a2          *   00000030   flop.obj (.const:.string)
                 [ 0000aba4 ]  000055d2          *   00000028   dynamic.obj (.const:.string)
                 [ 0000abf4 ]  000055fa          *   00000024   rts55x.lib : _printfi.obj (.const:.string)
                 [ 0000ac3c ]  0000561e          *   00000020   semtest.obj (.const:.string)
                 [ 0000ac7c ]  0000563e          *   0000001b   QPeek.obj (.const:.string)

.const.4     0   [ 0000acb4 ]  0000565a          *   0000004b   
                 [ 0000acb4 ]  0000565a          *   00000018   death.obj (.const:.string)
                 [ 0000ace4 ]  00005672          *   00000014   flop.obj (.const)
                 [ 0000ad0c ]  00005686          *   00000010   PollQ.obj (.const:.string)
                 [ 0000ad2c ]  00005696          *   0000000f   blocktim.obj (.const:.string)

.const.5     0   [ 0000ad4c ]  000056a6          *   00000021   
                 [ 0000ad4c ]  000056a6          *   0000000c   rts55x.lib : _printfi.obj (.const)
                 [ 0000ad64 ]  000056b2          *   00000008   integer.obj (.const:.string)
                 [ 0000ad74 ]  000056ba          *   00000008   rts55x.lib : divd.obj (.const:_initial_approx$1)
                 [ 0000ad84 ]  000056c2          *   00000005   flash.obj (.const:.string)

.const.6     0   [ 0000ad90 ]  000056c8          *   00000009   
                 [ 0000ad90 ]  000056c8          *   00000005   tasks.obj (.const:.string)
                 [ 0000ad9a ]  000056cd          *   00000004   main.obj (.const:_$P$T0$2)

.const.7     0   [ 0000ada4 ]  000056d2          *   00000006   
                 [ 0000ada4 ]  000056d2          *   00000002   rts55x.lib : fputs.obj (.const:.string)
                 [ 0000ada8 ]  000056d4          *   00000002              : fltlid.obj (.const)
                 [ 0000adac ]  000056d6          *   00000002              : fltuld.obj (.const)

.text.1      0     00020000  [ 00010000 ] 00011e44          *   
                   00020000  [ 00010000 ] 0000444f          *   csl_mmcsd.obj (.text)
                   0002444f  [ 00012227 ] 00000001          *   --HOLE-- [fill = 20]
                   00024450  [ 00012228 ] 00002b4f          *   csl_msc.obj (.text)
                   00026f9f  [ 000137cf ] 00000001          *   --HOLE-- [fill = 20]
                   00026fa0  [ 000137d0 ] 00002a24          *   csl_sdio.obj (.text)
                   000299c4  [ 00014ce2 ] 000021d5          *   csl_usb.obj (.text)
                   0002bb99  [ 00015dcc+] 00000002          *   rts55x.lib : vectors.obj (.text)
                   0002bb9b  [ 00015dcd ] 00000001          *   --HOLE-- [fill = 20]
                   0002bb9c  [ 00015dce ] 000018ac          *   csl_dma.obj (.text)
                   0002d448  [ 00016a24 ] 000015a4          *   rts55x.lib : _printfi.obj (.text)
                   0002e9ec  [ 000174f6 ] 000011eb          *   csl_nand.obj (.text)
                   0002fbd7  [ 00017deb ] 00000001          *   --HOLE-- [fill = 20]
                   0002fbd8  [ 00017dec ] 00001164          *   tasks.obj (.text)
                   00030d3c  [ 0001869e ] 00001106          *   csl_uart.obj (.text)
                   00031e42  [ 00018f21 ] 00000002          *   --HOLE-- [fill = 20]

.text.2      0     00031e44  [ 00018f22 ] 00000dc2          *   
                   00031e44  [ 00018f22 ] 00000dc1          *   csl_dat.obj (.text)
                   00032c05  [ 00019602 ] 00000001          *   --HOLE-- [fill = 20]

.text.3      0     00032c08  [ 00019604 ] 000019da          *   
                   00032c08  [ 00019604 ] 00000d74          *   csl_audioClass.obj (.text)
                   0003397c  [ 00019cbe ] 00000c65          *   csl_cdc.obj (.text)
                   000345e1  [ 0001a2f0 ] 00000001          *   --HOLE-- [fill = 20]

.text.4      0     000345e4  [ 0001a2f2 ] 0000178c          *   
                   000345e4  [ 0001a2f2 ] 00000c4c          *   csl_i2c.obj (.text)
                   00035230  [ 0001a918 ] 00000b3e          *   csl_mmcsd_ataIf.obj (.text)
                   00035d6e  [ 0001aeb7 ] 00000002          *   --HOLE-- [fill = 20]

.text.5      0     00035d70  [ 0001aeb8 ] 000037e6          *   
                   00035d70  [ 0001aeb8 ] 00000b2b          *   csl_sar.obj (.text)
                   0003689b  [ 0001b44d ] 00000001          *   --HOLE-- [fill = 20]
                   0003689c  [ 0001b44e ] 000009e3          *   csl_i2s.obj (.text)
                   0003727f  [ 0001b93f ] 00000001          *   --HOLE-- [fill = 20]
                   00037280  [ 0001b940 ] 000009cb          *   queue.obj (.text)
                   00037c4b  [ 0001be25 ] 00000001          *   --HOLE-- [fill = 20]
                   00037c4c  [ 0001be26 ] 000008b4          *   csl_rtc.obj (.text)
                   00038500  [ 0001c280 ] 00000838          *   csl_lcdc.obj (.text)
                   00038d38  [ 0001c69c ] 0000081d          *   oled_test.obj (.text)
                   00039555  [ 0001caaa ] 00000001          *   --HOLE-- [fill = 20]

.text.6      0     00039558  [ 0001caac ] 00001198          *   
                   00039558  [ 0001caac ] 00000697          *   csl_gpio.obj (.text)
                   00039bef  [ 0001cdf7 ] 00000001          *   --HOLE-- [fill = 20]
                   00039bf0  [ 0001cdf8 ] 000005bb          *   csl_spi.obj (.text)
                   0003a1ab  [ 0001d0d5+] 00000543          *   rts55x.lib : lowlev.obj (.text)
                   0003a6ee  [ 0001d377 ] 00000002          *   --HOLE-- [fill = 20]

.text.7      0     0003a6f0  [ 0001d378 ] 00000f48          *   
                   0003a6f0  [ 0001d378 ] 00000538          *   csl_intc.obj (.text)
                   0003ac28  [ 0001d614 ] 00000528          *   rts55x.lib : trgdrv.obj (.text)
                   0003b150  [ 0001d8a8 ] 000004e6          *   flop.obj (.text)
                   0003b636  [ 0001db1b ] 00000002          *   --HOLE-- [fill = 20]

.text.8      0     0003b638  [ 0001db1c ] 00000e68          *   
                   0003b638  [ 0001db1c ] 000004db          *   blocktim.obj (.text)
                   0003bb13  [ 0001dd89 ] 00000001          *   --HOLE-- [fill = 20]
                   0003bb14  [ 0001dd8a ] 000004d5          *   ezdsp5535_sdcard.obj (.text)
                   0003bfe9  [ 0001dff4+] 000004b5          *   rts55x.lib : memory.obj (.text)
                   0003c49e  [ 0001e24f ] 00000002          *   --HOLE-- [fill = 20]

.text.9      0     0003c4a0  [ 0001e250 ] 00000448          *   
                   0003c4a0  [ 0001e250 ] 00000446          *   QPeek.obj (.text)
                   0003c8e6  [ 0001e473 ] 00000002          *   --HOLE-- [fill = 20]

.text.10     0     0003c8e8  [ 0001e474 ] 00000826          *   
                   0003c8e8  [ 0001e474 ] 0000042f          *   croutine.obj (.text)
                   0003cd17  [ 0001e68b ] 00000001          *   --HOLE-- [fill = 20]
                   0003cd18  [ 0001e68c ] 000003f5          *   main.obj (.text)
                   0003d10d  [ 0001e886 ] 00000001          *   --HOLE-- [fill = 20]

.text.11     0     0003d110  [ 0001e888 ] 000007a6          *   
                   0003d110  [ 0001e888 ] 000003d9          *   portASM.obj (.text)
                   0003d4e9  [ 0001ea74+] 000003cc          *   rts55x.lib : divd.obj (.text)
                   0003d8b5  [ 0001ec5a ] 00000001          *   --HOLE-- [fill = 20]

.text.12     0     0003d8b8  [ 0001ec5c ] 000003c4          *   
                   0003d8b8  [ 0001ec5c ] 000003c2          *   ezdsp5535_spiflash.obj (.text)
                   0003dc7a  [ 0001ee3d ] 00000002          *   --HOLE-- [fill = 20]

.text.13     0     0003dc7c  [ 0001ee3e ] 00000346          *   
                   0003dc7c  [ 0001ee3e ] 00000345          *   csl_mem.obj (.text)
                   0003dfc1  [ 0001efe0 ] 00000001          *   --HOLE-- [fill = 20]

.text.14     0     0003dfc4  [ 0001efe2 ] 00000c38          *   
                   0003dfc4  [ 0001efe2 ] 00000343          *   dynamic.obj (.text)
                   0003e307  [ 0001f183 ] 00000001          *   --HOLE-- [fill = 20]
                   0003e308  [ 0001f184 ] 0000030c          *   semtest.obj (.text)
                   0003e614  [ 0001f30a ] 000002f7          *   csl_gpt.obj (.text)
                   0003e90b  [ 0001f485+] 000002ef          *   aic_test_i2c.obj (.text)
                   0003ebfa  [ 0001f5fd ] 00000002          *   --HOLE-- [fill = 20]

.text.15     0     0003ebfc  [ 0001f5fe ] 00000a5c          *   
                   0003ebfc  [ 0001f5fe ] 000002ac          *   csl_pll.obj (.text)
                   0003eea8  [ 0001f754 ] 00000298          *   i2s_register.obj (.text)
                   0003f140  [ 0001f8a0 ] 00000297          *   crhook.obj (.text)
                   0003f3d7  [ 0001f9eb+] 0000027f          *   rts55x.lib : fopen.obj (.text)
                   0003f656  [ 0001fb2b ] 00000002          *   --HOLE-- [fill = 20]

.text.16     0     0003f658  [ 0001fb2c ] 00000720          *   
                   0003f658  [ 0001fb2c ] 00000266          *   csl_wdt.obj (.text)
                   0003f8be  [ 0001fc5f ] 0000025e          *   rts55x.lib : llmpy.obj (.text)
                   0003fb1c  [ 0001fd8e ] 0000025a          *              : addd.obj (.text)
                   0003fd76  [ 0001febb ] 00000002          *   --HOLE-- [fill = 20]

.text.17     0     0003fd78  [ 0001febc ] 00000282          *   
                   0003fd78  [ 0001febc ] 0000024b          *   timer.obj (.text:retain)
                   0003ffc3  [ 0001ffe1+] 00000036          *   rts55x.lib : strncpy.obj (.text)
                   0003fff9  [ 0001fffc ] 00000001          *   --HOLE-- [fill = 20]

.cinit       0   [ 00040000 ]  00020000          *   000002c5   
                 [ 00040000 ]  00020000          *   000000dc   dma.obj (.cinit)
                 [ 000401b8 ]  000200dc          *   00000054   port.obj (.cinit)
                 [ 00040260 ]  00020130          *   00000036   tasks.obj (.cinit)
                 [ 000402cc ]  00020166          *   0000002d   rts55x.lib : lowlev.obj (.cinit)
                 [ 00040326 ]  00020193          *   0000002a              : defs.obj (.cinit)
                 [ 0004037a ]  000201bd          *   0000001a   dynamic.obj (.cinit)
                 [ 000403ae ]  000201d7          *   00000015   croutine.obj (.cinit)
                 [ 000403d8 ]  000201ec          *   00000015   csl_mmcsd_ataIf.obj (.cinit)
                 [ 00040402 ]  00020201          *   00000014   blocktim.obj (.cinit)
                 [ 0004042a ]  00020215          *   00000011   main.obj (.cinit)
                 [ 0004044c ]  00020226          *   0000000e   QPeek.obj (.cinit)
                 [ 00040468 ]  00020234          *   0000000c   crhook.obj (.cinit)
                 [ 00040480 ]  00020240          *   0000000c   death.obj (.cinit)
                 [ 00040498 ]  0002024c          *   0000000c   ezdsp5535_sar.obj (.cinit)
                 [ 000404b0 ]  00020258          *   0000000c   semtest.obj (.cinit)
                 [ 000404c8 ]  00020264          *   0000000c   timer.obj (.cinit)
                 [ 000404e0 ]  00020270          *   0000000a   rts55x.lib : _lock.obj (.cinit)
                 [ 000404f4 ]  0002027a          *   0000000a              : exit.obj (.cinit)
                 [ 00040508 ]  00020284          *   00000008   ParTest.obj (.cinit)
                 [ 00040518 ]  0002028c          *   00000008   PollQ.obj (.cinit)
                 [ 00040528 ]  00020294          *   00000008   csl_i2s.obj (.cinit)
                 [ 00040538 ]  0002029c          *   00000008   flop.obj (.cinit)
                 [ 00040548 ]  000202a4          *   00000008   rtc.obj (.cinit)
                 [ 00040558 ]  000202ac          *   00000004   flash.obj (.cinit)
                 [ 00040560 ]  000202b0          *   00000004   heap_1.obj (.cinit)
                 [ 00040568 ]  000202b4          *   00000004   i2s.obj (.cinit)
                 [ 00040570 ]  000202b8          *   00000004   integer.obj (.cinit)
                 [ 00040578 ]  000202bc          *   00000004   rts55x.lib : fopen.obj (.cinit)
                 [ 00040580 ]  000202c0          *   00000004              : memory.obj (.cinit)
                 [ 00040588 ]  000202c4          *   00000001   --HOLE-- [fill = 0]

.cio         0   [ 00040590 ]  000202c8          *   00000120   UNINITIALIZED
                 [ 00040590 ]  000202c8          *   00000120   rts55x.lib : trgmsg.obj (.cio)

.switch      0   [ 000407d0 ]  000203e8          *   000000e0   
                 [ 000407d0 ]  000203e8          *   00000022   csl_sdio.obj (.switch:_SDIO_eventDisable)
                 [ 00040814 ]  0002040a          *   00000022   csl_sdio.obj (.switch:_SDIO_eventEnable)
                 [ 00040858 ]  0002042c          *   00000020   csl_dma.obj (.switch:_DMA_config)
                 [ 00040898 ]  0002044c          *   00000020   csl_dma.obj (.switch:_DMA_getConfig)
                 [ 000408d8 ]  0002046c          *   00000020   csl_dma.obj (.switch:_DMA_reset)
                 [ 00040918 ]  0002048c          *   00000018   csl_usb.obj (.switch:_USB_coreEventProcessEp0)
                 [ 00040948 ]  000204a4          *   00000014   rtc.obj (.switch:_NtoC)
                 [ 00040970 ]  000204b8          *   00000010   csl_msc.obj (.switch:_MSC_Bulk)

.text.18     0     00040990  [ 000204c8 ] 00000220          *   
                   00040990  [ 000204c8 ] 0000021e          *   dma.obj (.text)
                   00040bae  [ 000205d7 ] 00000002          *   --HOLE-- [fill = 20]

.text.19     0     00040bb0  [ 000205d8 ] 000003e2          *   
                   00040bb0  [ 000205d8 ] 000001f7          *   ezdsp5535_led.obj (.text)
                   00040da7  [ 000206d3+] 000001ea          *   rts55x.lib : cmpd.obj (.text)
                   00040f91  [ 000207c8 ] 00000001          *   --HOLE-- [fill = 20]

.text.20     0     00040f94  [ 000207ca ] 000001c4          *   
                   00040f94  [ 000207ca ] 000001c2          *   PollQ.obj (.text)
                   00041156  [ 000208ab ] 00000002          *   --HOLE-- [fill = 20]

.text.21     0     00041158  [ 000208ac ] 00000368          *   
                   00041158  [ 000208ac ] 000001c0          *   port.obj (.text)
                   00041318  [ 0002098c ] 000001a6          *   death.obj (.text)
                   000414be  [ 00020a5f ] 00000002          *   --HOLE-- [fill = 20]

.text.22     0     000414c0  [ 00020a60 ] 00000332          *   
                   000414c0  [ 00020a60 ] 0000019b          *   list.obj (.text)
                   0004165b  [ 00020b2d ] 00000001          *   --HOLE-- [fill = 20]
                   0004165c  [ 00020b2e ] 00000195          *   ezdsp5535_lcd.obj (.text)
                   000417f1  [ 00020bf8 ] 00000001          *   --HOLE-- [fill = 20]

.text.23     0     000417f4  [ 00020bfa ] 000006cc          *   
                   000417f4  [ 00020bfa ] 0000018b          *   spiflash_test.obj (.text)
                   0004197f  [ 00020cbf ] 00000001          *   --HOLE-- [fill = 20]
                   00041980  [ 00020cc0 ] 0000017c          *   ezdsp5535_sar.obj (.text)
                   00041afc  [ 00020d7e ] 00000163          *   rts55x.lib : fputs.obj (.text)
                   00041c5f  [ 00020e2f+] 0000014c          *              : mpyd.obj (.text)
                   00041dab  [ 00020ed5 ] 00000001          *   --HOLE-- [fill = 20]
                   00041dac  [ 00020ed6 ] 00000112          *   ezdsp5535_i2s.obj (.text)
                   00041ebe  [ 00020f5f ] 00000002          *   --HOLE-- [fill = 20]

.text.24     0     00041ec0  [ 00020f60 ] 00000766          *   
                   00041ec0  [ 00020f60 ] 00000110          *   integer.obj (.text)
                   00041fd0  [ 00020fe8 ] 000000fc          *   rtc.obj (.text)
                   000420cc  [ 00021066 ] 000000e6          *   rts55x.lib : setvbuf.obj (.text)
                   000421b2  [ 000210d9 ] 000000dd          *              : _io_perm.obj (.text)
                   0004228f  [ 00021147 ] 00000001          *   --HOLE-- [fill = 20]
                   00042290  [ 00021148 ] 000000c3          *   flash.obj (.text)
                   00042353  [ 000211a9+] 000000c2          *   rts55x.lib : fflush.obj (.text)
                   00042415  [ 0002120a+] 000000ba          *              : trgmsg.obj (.text:CIO_breakpoint)
                   000424cf  [ 00021267 ] 00000001          *   --HOLE-- [fill = 20]
                   000424d0  [ 00021268 ] 000000af          *   mem_test.obj (.text)
                   0004257f  [ 000212bf+] 000000a6          *   rts55x.lib : fputc.obj (.text)
                   00042625  [ 00021312 ] 00000001          *   --HOLE-- [fill = 20]

.text.25     0     00042628  [ 00021314 ] 00000398          *   
                   00042628  [ 00021314 ] 000000a2          *   ezdsp5535_uart.obj (.text)
                   000426ca  [ 00021365 ] 000000a1          *   rts55x.lib : divul.obj (.text)
                   0004276b  [ 000213b5 ] 00000001          *   --HOLE-- [fill = 20]
                   0004276c  [ 000213b6 ] 0000009f          *   ParTest.obj (.text)
                   0004280b  [ 00021405 ] 00000001          *   --HOLE-- [fill = 20]
                   0004280c  [ 00021406 ] 00000094          *   ezdsp5535_i2c.obj (.text)
                   000428a0  [ 00021450 ] 00000092          *   heap_1.obj (.text)
                   00042932  [ 00021499 ] 0000008c          *   csl_irqplug.obj (.text)
                   000429be  [ 000214df ] 00000002          *   --HOLE-- [fill = 20]

.text.26     0     000429c0  [ 000214e0 ] 000005f4          *   
                   000429c0  [ 000214e0 ] 0000008c          *   i2s.obj (.text)
                   00042a4c  [ 00021526 ] 0000008a          *   ezdsp5535_gpio.obj (.text)
                   00042ad6  [ 0002156b ] 0000007f          *   vectors.obj (.text)
                   00042b55  [ 000215aa+] 0000007d          *   rts55x.lib : ltoa.obj (.text)
                   00042bd2  [ 000215e9 ] 0000007b          *              : fclose.obj (.text)
                   00042c4d  [ 00021626+] 00000076          *              : frcmpyd.obj (.text)
                   00042cc3  [ 00021661+] 00000073          *              : frcmpyd_div.obj (.text)
                   00042d36  [ 0002169b ] 00000072          *              : remul.obj (.text)
                   00042da8  [ 000216d4 ] 0000006f          *              : fixdli.obj (.text)
                   00042e17  [ 0002170b+] 0000006d          *              : trgmsg.obj (.text)
                   00042e84  [ 00021742 ] 0000006b          *              : fseek.obj (.text)
                   00042eef  [ 00021777+] 00000067          *              : fltlid.obj (.text)
                   00042f56  [ 000217ab ] 0000005c          *              : atoi.obj (.text)
                   00042fb2  [ 000217d9 ] 00000002          *   --HOLE-- [fill = 20]

.text.27     0     00042fb4  [ 000217da ] 00000160          *   
                   00042fb4  [ 000217da ] 0000005c          *   timer.obj (.text)
                   00043010  [ 00021808 ] 0000005b          *   rts55x.lib : fltuld.obj (.text)
                   0004306b  [ 00021835 ] 00000001          *   --HOLE-- [fill = 20]
                   0004306c  [ 00021836 ] 00000056          *   ezdsp5535.obj (.text)
                   000430c2  [ 00021861 ] 00000050          *   rts55x.lib : printf.obj (.text)
                   00043112  [ 00021889 ] 00000002          *   --HOLE-- [fill = 20]

.text.28     0     00043114  [ 0002188a ] 00000346          *   
                   00043114  [ 0002188a ] 0000004e          *   rtc.obj (.text:retain)
                   00043162  [ 000218b1 ] 0000004d          *   rts55x.lib : autoinit.obj (.text)
                   000431af  [ 000218d7+] 0000004b          *              : args_main.obj (.text)
                   000431fa  [ 000218fd ] 0000004b          *              : remli.obj (.text)
                   00043245  [ 00021922+] 00000048          *              : divli.obj (.text)
                   0004328d  [ 00021946+] 0000003f          *              : memcpy.obj (.text)
                   000432cc  [ 00021966 ] 0000003e          *              : exit.obj (.text)
                   0004330a  [ 00021985 ] 00000034          *              : boot.obj (.text)
                   0004333e  [ 0002199f ] 0000002a          *              : fixdi.obj (.text)
                   00043368  [ 000219b4 ] 0000002a          *              : udiv.obj (.text)
                   00043392  [ 000219c9 ] 00000023          *              : memccpy.obj (.text)
                   000433b5  [ 000219da+] 0000001a          *              : isinf.obj (.text)
                   000433cf  [ 000219e7+] 00000014          *              : subd.obj (.text)
                   000433e3  [ 000219f1+] 00000013          *              : lmpy.obj (.text)
                   000433f6  [ 000219fb ] 00000012          *              : _lock.obj (.text)
                   00043408  [ 00021a04 ] 00000011          *              : memset.obj (.text)
                   00043419  [ 00021a0c+] 00000011          *              : strlen.obj (.text)
                   0004342a  [ 00021a15 ] 00000010          *              : negd.obj (.text)
                   0004343a  [ 00021a1d ] 0000000e          *              : fltud.obj (.text)
                   00043448  [ 00021a24 ] 0000000a          *              : remove.obj (.text)
                   00043452  [ 00021a29 ] 00000007          *              : exit.obj (.text:CIO_breakpoint)
                   00043459  [ 00021a2c ] 00000001          *   --HOLE-- [fill = 20]

vectors      0     0004fe00  [ 00027f00 ] 00000200          *   
                   0004fe00  [ 00027f00 ] 00000100          *   rts55x.lib : vectors.obj (vectors)
                   0004ff00  [ 00027f80 ] 00000100          *   vectors.obj (vectors)


GLOBAL SYMBOLS: SORTED ALPHABETICALLY BY Name 

abs. value/
byte addr   word addr   name
---------   ---------   ----
00000002                $TI_capability$C5500$CallingConvention
00000002                $TI_capability$C5500$MemoryModel
00000001                $TI_capability_requires_rev3
ffffffff                .bss
ffffffff                .data
ffffffff                .text
00043453                C$$EXIT
000424ca                C$$IO$$
000433e3                I$$LMPY
00043368                I$$UDIV
0004337d                I$$UMOD
00032ecc                _AC_Close
00032f08                _AC_Ctrl
0003319c                _AC_GetactivityFlagStatus
000331b8                _AC_GetsuspendFlagStatus
00033100                _AC_Iso
00032c84                _AC_Open
000331d0                _AC_initDescriptors
00033734                _AC_reqGetCurrent
00033480                _AC_reqGetDescriptor
0003383c                _AC_reqGetMaximum
000337f8                _AC_reqGetMinimum
00033880                _AC_reqGetResolution
00033658                _AC_reqSetCurrent
000338c4                _AC_reqSetInterface
0003e90b                _AIC3254_init
            000030f8    _ATA_No_Swap
0003cfd4                _BlinkLED
            00003f33    _Buf_Address
            00003fe9    _Buf_day
            00003fe6    _Buf_hour
            00003fe3    _Buf_min
            00003fec    _Buf_month
            00003fe0    _Buf_sec
            00003fef    _Buf_year
00033c08                _CDC_Close
00033c44                _CDC_GetactivityFlagStatus
00033c5c                _CDC_GetsuspendFlagStatus
00033a10                _CDC_Open
00033a34                _CDC_OpenFullspeed
00034070                _CDC_bulkInHandler
00033f70                _CDC_bulkOutHandler
00033c74                _CDC_eventHandler
00034360                _CDC_getData
000343f0                _CDC_putData
0003cf58                _ConfigPort
            00003ff3    _Conunt_RTC
00031f1c                _DAT_close
000320b0                _DAT_copy
000325ac                _DAT_fill
00031e44                _DAT_open
00032abc                _DAT_wait
            00003fa6    _DBSTAT_HIGH
            00003fa3    _DBSTAT_LOW
            000039d8    _DMA_Count
            000039db    _DMA_Done
0002bcc0                _DMA_close
0002bce0                _DMA_config
0002c8b4                _DMA_getConfig
0002d39c                _DMA_getLastTransferType
0002bb9c                _DMA_init
0002bbd4                _DMA_open
0002d038                _DMA_reset
0002ce24                _DMA_start
0002cf34                _DMA_stop
0002d324                _DMA_swapWords
000426b0                _EVM5515_UART_getChar
00042698                _EVM5515_UART_putChar
00042ab8                _EZDSP5535_GPIO_getInput
00042a4c                _EZDSP5535_GPIO_init
00042a78                _EZDSP5535_GPIO_setDirection
00042a9c                _EZDSP5535_GPIO_setOutput
0004280c                _EZDSP5535_I2C_init
00042878                _EZDSP5535_I2C_read
00042844                _EZDSP5535_I2C_reset
00042850                _EZDSP5535_I2C_write
00041eac                _EZDSP5535_I2S_close
00041dac                _EZDSP5535_I2S_init
00041e08                _EZDSP5535_I2S_readLeft
00041e6c                _EZDSP5535_I2S_readRight
00041e3c                _EZDSP5535_I2S_writeLeft
00041e90                _EZDSP5535_I2S_writeRight
00040be8                _EZDSP5535_LED_getall
00040bb0                _EZDSP5535_LED_init
00040ce4                _EZDSP5535_LED_off
00040cac                _EZDSP5535_LED_on
00040c3c                _EZDSP5535_LED_setall
00040d18                _EZDSP5535_LED_toggle
000416d0                _EZDSP5535_OSD9616_init
00041684                _EZDSP5535_OSD9616_multiSend
000417b4                _EZDSP5535_OSD9616_printLetter
0004165c                _EZDSP5535_OSD9616_send
00041a48                _EZDSP5535_SAR_getKey
00041980                _EZDSP5535_SAR_init
0003bf24                _EZDSP5535_SDCARD_close
0003bb14                _EZDSP5535_SDCARD_init
0003bebc                _EZDSP5535_SDCARD_read
0003bef0                _EZDSP5535_SDCARD_write
0003d960                _EZDSP5535_SPIFLASH_erase
0003d8b8                _EZDSP5535_SPIFLASH_init
0003da64                _EZDSP5535_SPIFLASH_read
0003d91c                _EZDSP5535_SPIFLASH_status
0003db14                _EZDSP5535_SPIFLASH_write
00042628                _EZDSP5535_UART_open
00040d78                _EZDSP5535_XF_get
00040d6c                _EZDSP5535_XF_off
00040d60                _EZDSP5535_XF_on
00040d88                _EZDSP5535_XF_toggle
000430b4                _EZDSP5535_init
0004306c                _EZDSP5535_wait
000430a0                _EZDSP5535_waitusec
            000039d9    _Error_Count_L
            000039da    _Error_Count_R
            00003ff2    _Flag_RTC
00039a4c                _GPIO_clearInt
0003959c                _GPIO_close
000395c0                _GPIO_config
000397f8                _GPIO_configBit
00039940                _GPIO_disableInt
000399c0                _GPIO_enableInt
00039648                _GPIO_getConfig
00039558                _GPIO_open
000396d0                _GPIO_read
00039b60                _GPIO_reset
00039ad8                _GPIO_statusBit
00039754                _GPIO_write
0003e754                _GPT_close
0003e864                _GPT_config
0003e828                _GPT_getCnt
0003e614                _GPT_open
0003e6d8                _GPT_reset
0003e7cc                _GPT_start
0003e7fc                _GPT_stop
0003d00c                _GenerateAudioTone
            00004066    _GpioObj
0003b0f2                _HOSTclock
0003b087                _HOSTclose
0003afd2                _HOSTlseek
0003af33                _HOSTopen
0003aea6                _HOSTread
0003adf8                _HOSTrename
0003ad9a                _HOSTtime
0003ad30                _HOSTunlink
0003aca3                _HOSTwrite
00034690                _I2C_config
00035064                _I2C_eventDisable
00034f30                _I2C_eventEnable
000347f8                _I2C_getConfig
00035214                _I2C_getEventId
000345e4                _I2C_init
00034d10                _I2C_read
00035184                _I2C_setCallback
000348d0                _I2C_setup
00034acc                _I2C_write
            00003ed3    _I2S_RCV_L
            00003f03    _I2S_RCV_R
00036cc8                _I2S_close
0003689c                _I2S_open
00036d74                _I2S_read
00037188                _I2S_reset
000369e0                _I2S_setup
00037234                _I2S_transEnable
00037030                _I2S_write
0003a778                _IRQ_clear
0003a7e4                _IRQ_clearAll
0003a7f4                _IRQ_config
0003a904                _IRQ_disable
0003a984                _IRQ_disableAll
0003a994                _IRQ_enable
0003aa90                _IRQ_getArg
0003a87c                _IRQ_getConfig
0003abdc                _IRQ_globalDisable
0003abf8                _IRQ_globalEnable
0003ac14                _IRQ_globalRestore
0003a6f0                _IRQ_init
0003ab08                _IRQ_map
00042932                _IRQ_plug
0003aa20                _IRQ_restore
0003aad4                _IRQ_setArg
0003ab34                _IRQ_setVecs
0003ab68                _IRQ_test
0003cef0                _InitSystem
00038d18                _LCD_close
000389c8                _LCD_configDMA
00038500                _LCD_init
00038528                _LCD_open
0003856c                _LCD_setup
0003de50                _MEM_disablePartialRetentionMode
0003dcc4                _MEM_disableRetentionMode
0003dd08                _MEM_enablePartialRetentionMode
0003dc80                _MEM_enableRetentionMode
0003dfb0                _MEM_getmSDRAMClock
0003dc7c                _MEM_init
0003df74                _MEM_setmSDRAMClock
00035cf8                _MMC_busyStatusCheck
0002438c                _MMC_checkReadDmaDone
00020368                _MMC_clearResponse
00020248                _MMC_close
00035ce0                _MMC_commandReadyStatusCheck
00020aa0                _MMC_config
00035cec                _MMC_dataReadyStatusCheck
00020df0                _MMC_deselectCard
000208b8                _MMC_drrdy
00020900                _MMC_dxrdy
000206e0                _MMC_eventDisable
000204e4                _MMC_eventEnable
00035d14                _MMC_file_system_format
00035d3c                _MMC_flushFat
00021a8c                _MMC_getCardCsd
00024164                _MMC_getCardStatus
00020b3c                _MMC_getConfig
00020330                _MMC_getNumberOfCards
00035d04                _MMC_getSerialID
00020988                _MMC_getStatus
00035d34                _MMC_get_date
00035d38                _MMC_get_mod_date
00035d30                _MMC_get_mod_time
00035d2c                _MMC_get_time
00020488                _MMC_ierDisable
00020444                _MMC_ierEnable
00020000                _MMC_init
00035230                _MMC_initState
000204bc                _MMC_intEnable
00035654                _MMC_issueReadCommand
00020038                _MMC_open
000225bc                _MMC_read
00035a4c                _MMC_readNSectors
000358f4                _MMC_readNextNWords
00035810                _MMC_readNextWord
00035880                _MMC_readNextWord1
00035374                _MMC_readWriteControl
00035bfc                _MMC_read_CID
00035c68                _MMC_read_CSD
00035d20                _MMC_reset
00020948                _MMC_saveStatus
00020ec0                _MMC_selectCard
000216c8                _MMC_sendAllCID
00020bdc                _MMC_sendCmd
00020c90                _MMC_sendGoIdle
00021450                _MMC_sendOpCond
00023e2c                _MMC_setBlockLength
000202f0                _MMC_setCallBack
000202bc                _MMC_setCardPtr
00020288                _MMC_setCardType
00023c74                _MMC_setDataTransferCallback
00023cc4                _MMC_setDmaChanConfig
00023c14                _MMC_setDmaHandle
00023da4                _MMC_setEndianMode
000214f4                _MMC_setRca
00023ec4                _MMC_setWriteBlkEraseCnt
000209ec                _MMC_setupNative
00020d18                _MMC_stop
00022fd8                _MMC_write
00035b24                _MMC_writeNSectors
00035964                _MMC_writeSector
00035cd4                _MMC_writeSectorFlush
000253c4                _MSC_Bulk
00024fa0                _MSC_Close
000251cc                _MSC_Ctrl
00025c58                _MSC_ExecuteRead
0002604c                _MSC_ExecuteWrite
000254c0                _MSC_GetLunLockedStatus
000254f0                _MSC_GetactivityFlagStatus
0002550c                _MSC_GetsuspendFlagStatus
00026824                _MSC_HandlePreventAllowMediaRemoval
000269c8                _MSC_HandleReadCapacity
000259b4                _MSC_HandleStateWaitForCBW
00026600                _MSC_HandleTestUnitReady
00024c30                _MSC_Open
00024c54                _MSC_OpenFullspeed
00024fdc                _MSC_SetLunAttr
00026f24                _MSC_handleDataDirMisMatch
00026e50                _MSC_reqBotMscReset
00026c18                _MSC_reqGetDescriptor
00026ebc                _MSC_sendCswWithPhaseError
0002f1b0                _NAND_checkCommandStatus
0002f384                _NAND_disableHwECC
0002f25c                _NAND_enableHwECC
0002ef9c                _NAND_getBankInfo
0002fa90                _NAND_getIntrNum
0002f970                _NAND_hasCacheProg
0002f9a0                _NAND_hasCopyBack
0002f910                _NAND_hasRandomRead
0002f940                _NAND_hasRandomWrite
0002e9ec                _NAND_init
0002fb78                _NAND_intrClear
0002fa30                _NAND_intrDisable
0002f9d0                _NAND_intrEnable
0002fab0                _NAND_intrReadAT
0002faf0                _NAND_intrReadLT
0002fb34                _NAND_intrReadWR
0002f09c                _NAND_isStatusWriteProtected
0002f46c                _NAND_readECC
0002f620                _NAND_readNBytes
0002f184                _NAND_sendCommand
0002f218                _NAND_setAddress
0002f060                _NAND_setLatchEnableOffset
0002ea80                _NAND_setup
0002f734                _NAND_writeNBytes
0003edec                _PLL_bypass
0003ec60                _PLL_config
0003ed84                _PLL_enable
0003ec28                _PLL_init
0003ee3c                _PLL_reset
0004ff00                _RST
00043114                _RTC_Isr
000383e4                _RTC_bcdToDec
00037d14                _RTC_config
000383a4                _RTC_decToBcd
0003829c                _RTC_eventDisable
000381b0                _RTC_eventEnable
00037e00                _RTC_getConfig
00037fe8                _RTC_getDate
00038350                _RTC_getEventId
00037f2c                _RTC_getTime
00037cd8                _RTC_reset
00038028                _RTC_setAlarm
00038424                _RTC_setCallback
000384b4                _RTC_setCompensation
00037f78                _RTC_setDate
000380fc                _RTC_setPeriodicInterval
00037eb0                _RTC_setTime
00037ce8                _RTC_start
00037d0c                _RTC_stop
            00003978    _RcvL_Sine
            000039a8    _RcvR_Sine
0004fe00                _Reset
00036304                _SAR_A2DMeasParamSet
00036780                _SAR_GPODirSet
00035e70                _SAR_chanClose
00035ef4                _SAR_chanConfig
000361f4                _SAR_chanCycSet
00035df0                _SAR_chanInit
00035e0c                _SAR_chanOpen
00035fe0                _SAR_chanSetup
00035dd0                _SAR_deInit
00035f6c                _SAR_getConfig
0003685c                _SAR_getStatus
00035d70                _SAR_init
000362c0                _SAR_readData
00036244                _SAR_startConversion
00036278                _SAR_stopConversion
00027f38                _SDIO_clearResponse
000270ac                _SDIO_close
000270d4                _SDIO_config
00027b4c                _SDIO_deselectCard
000271ac                _SDIO_detectCard
00028310                _SDIO_eventDisable
000280e8                _SDIO_eventEnable
00027a84                _SDIO_getRca
00027da4                _SDIO_getResponse
0002807c                _SDIO_getSdioStatus
00028014                _SDIO_getStatus
00026fa0                _SDIO_init
00027518                _SDIO_initCard
00026fe0                _SDIO_open
00029028                _SDIO_readBlocks
000287a4                _SDIO_readBytes
00028578                _SDIO_readSingleByte
00028540                _SDIO_readWaitDisable
00028508                _SDIO_readWaitEnable
0002799c                _SDIO_resetCard
00027c0c                _SDIO_selectCard
00027cd0                _SDIO_sendCommand
0002993c                _SDIO_setClock
000298bc                _SDIO_setEndianMode
00029468                _SDIO_writeBlocks
00028be8                _SDIO_writeBytes
000286a4                _SDIO_writeSingleByte
00024260                _SD_configurePullup
00021ee0                _SD_getCardCsd
000218a0                _SD_sendAllCID
000215cc                _SD_sendRca
00023ff4                _SD_setBusWidth
00039c88                _SPI_close
00039cb4                _SPI_config
0003a138                _SPI_dataTransaction
00039f3c                _SPI_deInit
00039bf0                _SPI_init
00039c54                _SPI_open
00039f68                _SPI_read
0003a04c                _SPI_write
            00003fa8    _STATUS0_HIGH
            00003fa7    _STATUS0_LOW
            00003faa    _STATUS1_HIGH
            00003fa9    _STATUS1_LOW
            00003fac    _STATUS2_HIGH
            00003fab    _STATUS2_LOW
0003cf68                _SYS_GlobalIntDisable
0003cf60                _SYS_GlobalIntEnable
            0000404c    _SarHandle
            00004048    _SarObj
00043000                _StartTimer0
00043008                _StartTimer02
00042fdc                _Timer02Init
0003fea0                _Timer02_isr
00042fb4                _Timer0Init
            00004074    _Timer0_Int_CTR
0003fd78                _Timer_isr
0003132c                _UART_config
0003166c                _UART_eventDisable
000315d4                _UART_eventEnable
000319ac                _UART_fgetc
00031ad4                _UART_fgets
00031a4c                _UART_fputc
00031c04                _UART_fputs
00031d1c                _UART_getConfig
00031cf4                _UART_getEventId
00030dc8                _UART_init
000316fc                _UART_read
00031540                _UART_reset
00031588                _UART_resetOff
00031ddc                _UART_setCallback
00030e84                _UART_setup
00031434                _UART_setupBaudRate
00031828                _UART_write
0002b16c                _USB_abortAllTransaction
0002b00c                _USB_abortTransaction
0002aa68                _USB_bytesRemaining
0002ac70                _USB_clearEndptStall
0002b1c0                _USB_connectDev
0002b6e0                _USB_coreEventProcessEp0
0002b1f4                _USB_disconnectDev
0002aedc                _USB_epNumToHandle
0002b55c                _USB_findFifoSize
0002b504                _USB_getDataCountReadFromFifo
0002ae58                _USB_getEndptStall
0002a694                _USB_getEvents
0002b304                _USB_getFrameNo
0002b4b0                _USB_getMaxPower
0002b254                _USB_getRemoteWakeupStat
0002a77c                _USB_getSetupPacket
00029c58                _USB_init
0002a2ac                _USB_initEndptObj
0002b3d0                _USB_initPLL
0002a9e0                _USB_isTransactionDone
0002b26c                _USB_issueRemoteWakeup
0002a70c                _USB_peekEvents
0002a824                _USB_postTransaction
0002a07c                _USB_resetDev
0002b364                _USB_selfwakeup
0002b2bc                _USB_setDevAddr
0002b4d0                _USB_setFullSpeedMode
0002b454                _USB_setParams
0002b224                _USB_setRemoteWakeup
0002aafc                _USB_stallEndpt
0002b320                _USB_suspendDevice
0004ff00                _VECSTART
0003f790                _WDTIM_close
0003f808                _WDTIM_config
0003f760                _WDTIM_getCnt
0003f874                _WDTIM_getConfig
0003f658                _WDTIM_open
0003f7d4                _WDTIM_service
0003f6d0                _WDTIM_start
0003f718                _WDTIM_stop
            000038b8    _XmitL_Sine_1K
            000038e8    _XmitL_Sine_2K
            00003918    _XmitR_Sine_1K
            00003948    _XmitR_Sine_2K
            000202c8    __CIOBUF_
            00001060    __STACK_END
00002000                __STACK_SIZE
00002000                __SYSMEM_SIZE
00001000                __SYSSTACK_SIZE
00000001                __TI_args_main
ffffffff                ___binit__
ffffffff                ___bss__
ffffffff                ___c_args__
            00020000    ___cinit__
ffffffff                ___data__
ffffffff                ___edata__
ffffffff                ___end__
ffffffff                ___etext__
000433b5                ___isinf
ffffffff                ___pinit__
ffffffff                ___text__
0003fb1c                __addd
000431af                __args_main
0003f4f8                __cleanup
            0000406e    __cleanup_ptr
00040f39                __cmpd
            000053c0    __ctypes_
0003d4e9                __divd
00043245                __divli
0003fae7                __divlli
00043368                __divu
000426ca                __divul
0003f9f3                __divull
00042353                __doflush
            00004070    __dtors_ptr
00040f05                __eqld
0004333e                __fixdi
00042da8                __fixdli
00042eef                __fltlid
0004343a                __fltud
00043010                __fltuld
00042c4d                __frcmpyd
00042cc3                __frcmpyd_div
            00003af4    __ft_end
            000039dc    __ftable
00040ebb                __geqd
00040e70                __gtrd
00040e23                __leqd
            0000406a    __lock
00040ddb                __lssd
00041c5f                __mpyd
000433e3                __mpyli
0003f93b                __mpylli
0004342a                __negd
00040da7                __neqd
00043406                __nop
0002e7aa                __printfi
00042232                __rd_ok
000433fe                __register_lock
000433f6                __register_unlock
000431fa                __remli
0003f90c                __remlli
0004337d                __remu
00042d36                __remul
0003f8be                __remull
            00000060    __stack
000433cf                __subd
            0000407a    __sys_memory
            00001060    __sysstack
            00003a54    __tmpnams
            0000406c    __unlock
000421b2                __wrt_ok
00043452                _abort
0003a5fe                _add_device
00042f56                _atoi
00043162                _auto_init
0004330a                _c_int00
            000030f0    _cached_phySector0
            000030f2    _cached_phySector1
            000030f4    _cached_phySector2
            000030f6    _cached_phySector3
0003c478                _calloc
            00003d6a    _cardAddr
0003c470                _chkheap
0003a58b                _close
00042098                _convert_number_to_string
0003f108                _disable_i2s0
0003f116                _disable_i2s1
0003f124                _disable_i2s2
0003f132                _disable_i2s3
00040ba0                _enable_dma_int
0003f0d0                _enable_i2s0
0003f0de                _enable_i2s1
0003f0ec                _enable_i2s2
0003f0fa                _enable_i2s3
00041fd0                _enable_rtc_second_int
000432cc                _exit
            00004057    _f1KToneOn
            00004058    _f2KToneOn
            00004056    _fSineWave
            00004072    _fTimer
            00004073    _fTimer02
00042bd2                _fclose
000423bc                _fflush
0003a582                _find_registered_device
0003f61b                _fopen
0004257f                _fputc
00041afc                _fputs
0003bfe9                _free
0003c41a                _free_memory
0003f552                _freopen
            00003f98    _fsError
00042e84                _fseek
            000037d2    _gBulkInTransfer
            000037e0    _gBulkOutTransfer
            000037c4    _gCtrlTransfer
            00003818    _gEpStatus
            00003ff4    _gI2cObj
            0000380a    _gIntInTransfer
            000037ee    _gIsoInTransfer
            000037fc    _gIsoOutTransfer
            00002cee    _gNextPhySector
            00002bec    _gReadBuf
            000036fc    _gUsbContext
            000038a8    _gUsbEpHandle
            00002cec    _gWordCount
            00002cf0    _gWriteBuf
0003ac28                _getenv
            00004068    _hGpio
            00004078    _hI2s
            00003c06    _hSpi
            00003fde    _hUart
            00004004    _i2cHandle
0003eea8                _i2s0_read_CR
0003eef0                _i2s0_read_INTR
0003eef6                _i2s0_read_INT_MASK
0003ef02                _i2s0_read_RXL_LSW
0003ef0e                _i2s0_read_RXL_MSW
0003ef1a                _i2s0_read_RXR_LSW
0003ef26                _i2s0_read_RXR_MSW
0003eeb4                _i2s0_read_SRGR
0003eec0                _i2s0_read_TXL_LSW
0003eecc                _i2s0_read_TXL_MSW
0003eed8                _i2s0_read_TXR_LSW
0003eee4                _i2s0_read_TXR_MSW
0003eeae                _i2s0_write_CR
0003eefc                _i2s0_write_INT_MASK
0003ef08                _i2s0_write_RXL_LSW
0003ef14                _i2s0_write_RXL_MSW
0003ef20                _i2s0_write_RXR_LSW
0003ef2c                _i2s0_write_RXR_MSW
0003eeba                _i2s0_write_SRGR
0003eec6                _i2s0_write_TXL_LSW
0003eed2                _i2s0_write_TXL_MSW
0003eede                _i2s0_write_TXR_LSW
0003eeea                _i2s0_write_TXR_MSW
0003ef32                _i2s1_read_CR
0003ef7a                _i2s1_read_INTR
0003ef80                _i2s1_read_INT_MASK
0003ef8c                _i2s1_read_RXL_LSW
0003ef98                _i2s1_read_RXL_MSW
0003efa4                _i2s1_read_RXR_LSW
0003efb0                _i2s1_read_RXR_MSW
0003ef3e                _i2s1_read_SRGR
0003ef4a                _i2s1_read_TXL_LSW
0003ef56                _i2s1_read_TXL_MSW
0003ef62                _i2s1_read_TXR_LSW
0003ef6e                _i2s1_read_TXR_MSW
0003ef38                _i2s1_write_CR
0003ef86                _i2s1_write_INT_MASK
0003ef92                _i2s1_write_RXL_LSW
0003ef9e                _i2s1_write_RXL_MSW
0003efaa                _i2s1_write_RXR_LSW
0003efb6                _i2s1_write_RXR_MSW
0003ef44                _i2s1_write_SRGR
0003ef50                _i2s1_write_TXL_LSW
0003ef5c                _i2s1_write_TXL_MSW
0003ef68                _i2s1_write_TXR_LSW
0003ef74                _i2s1_write_TXR_MSW
0003efbc                _i2s2_read_CR
0003f004                _i2s2_read_INTR
0003f00a                _i2s2_read_INT_MASK
0003f016                _i2s2_read_RXL_LSW
0003f022                _i2s2_read_RXL_MSW
0003f02e                _i2s2_read_RXR_LSW
0003f03a                _i2s2_read_RXR_MSW
0003efc8                _i2s2_read_SRGR
0003efd4                _i2s2_read_TXL_LSW
0003efe0                _i2s2_read_TXL_MSW
0003efec                _i2s2_read_TXR_LSW
0003eff8                _i2s2_read_TXR_MSW
0003efc2                _i2s2_write_CR
0003f010                _i2s2_write_INT_MASK
0003f01c                _i2s2_write_RXL_LSW
0003f028                _i2s2_write_RXL_MSW
0003f034                _i2s2_write_RXR_LSW
0003f040                _i2s2_write_RXR_MSW
0003efce                _i2s2_write_SRGR
0003efda                _i2s2_write_TXL_LSW
0003efe6                _i2s2_write_TXL_MSW
0003eff2                _i2s2_write_TXR_LSW
0003effe                _i2s2_write_TXR_MSW
0003f046                _i2s3_read_CR
0003f08e                _i2s3_read_INTR
0003f094                _i2s3_read_INT_MASK
0003f0a0                _i2s3_read_RXL_LSW
0003f0ac                _i2s3_read_RXL_MSW
0003f0b8                _i2s3_read_RXR_LSW
0003f0c4                _i2s3_read_RXR_MSW
0003f052                _i2s3_read_SRGR
0003f05e                _i2s3_read_TXL_LSW
0003f06a                _i2s3_read_TXL_MSW
0003f076                _i2s3_read_TXR_LSW
0003f082                _i2s3_read_TXR_MSW
0003f04c                _i2s3_write_CR
0003f09a                _i2s3_write_INT_MASK
0003f0a6                _i2s3_write_RXL_LSW
0003f0b2                _i2s3_write_RXL_MSW
0003f0be                _i2s3_write_RXR_LSW
0003f0ca                _i2s3_write_RXR_MSW
0003f058                _i2s3_write_SRGR
0003f064                _i2s3_write_TXL_LSW
0003f070                _i2s3_write_TXL_MSW
0003f07c                _i2s3_write_TXR_LSW
0003f088                _i2s3_write_TXR_MSW
            0000404e    _keyCnt1
            0000404f    _keyCnt2
0003a51c                _lseek
00042b55                _ltoa
0003cd18                _main
0003c11a                _malloc
0003c3c0                _max_free
            000030f9    _mem
000424d0                _mem_test
00043392                _memccpy
0004328d                _memcpy
00043408                _memset
0003c0b5                _minit
            00003d1a    _mmcCardObj
            00003d6c    _mmcStatus
            00003d18    _mmcsdHandle
            00002ced    _nbuf_cached
00038d38                _oled_test
0003a45d                _open
            00003f99    _ouError
            00003cd8    _pMmcsdContObj
            00003f9a    _portFLAGS_INT_ENABLED
            00003f9b    _portFLAGS_INT_ENABLED_POPPED
            0000404b    _preKey
000430c2                _printf
00041304                _prvSetupTimerInterrupt
0004257f                _putc
00042616                _putchar
00041c31                _puts
000428a0                _pvPortMalloc
            00003f6a    _pxCurrentCoRoutine
            00003e68    _pxCurrentTCB
00041158                _pxPortInitialiseStack
0003a3af                _read
00042e17                _readmsg
0003c20f                _realloc
00043448                _remove
0003a379                _remove_device
0003a320                _rename
00041fdc                _reset_RTC
            00003fa2    _save_xar6
            00003fa0    _save_xar7
            00003f9c    _save_xsp
            00003f9e    _save_xssp
            00003d48    _sdCardCsdObj
            00003d38    _sdCardIdObj
00040a5c                _set_dma0_ch0_i2s0_Lout
000409a8                _set_dma0_ch0_stop
00040b34                _set_dma0_ch1_i2s0_Rout
000409d8                _set_dma0_ch1_stop
000409f0                _set_dma1_ch0_i2s2_Lout
00040990                _set_dma1_ch0_stop
00040ac8                _set_dma1_ch1_i2s2_Rout
000409c0                _set_dma1_ch1_stop
000429f4                _set_i2s0_master
00042a28                _set_i2s0_slave
000429c0                _set_i2s2_master
000420cc                _setvbuf
000417f4                _spiflash_test
            00003e66    _stackStruct
00043419                _strlen
0003ffc3                _strncpy
            000036fb    _sysCtrlRegs
0003d098                _systemInit
            00003fae    _tOne
            00003fb0    _tThree
            00003faf    _tTwo
            00003fad    _tZero
            00003fa4    _tickIRQctr
            00003fca    _uartObj
0003a2ed                _unlink
            00003fb1    _usCriticalNesting
            000036fa    _usbRegisters
0003772c                _uxQueueMessagesWaiting
00037768                _uxQueueMessagesWaitingFromISR
00030548                _uxTaskGetNumberOfTasks
00030ce8                _uxTaskGetStackHighWaterMark
0002ff6c                _uxTaskPriorityGet
0003cebc                _vApplicationIdleHook
0003f1b8                _vApplicationTickHook
0003c9c4                _vCoRoutineAddToDelayedList
0003cbb4                _vCoRoutineSchedule
0003b638                _vCreateBlockTimeTasks
00041318                _vCreateSuicidalTasks
000414c0                _vListInitialise
000414fc                _vListInitialiseItem
0004156c                _vListInsert
00041510                _vListInsertEnd
00041600                _vListRemove
0004276c                _vParTestInitialise
00042770                _vParTestSetLED
00042784                _vParTestToggleLED
00041300                _vPortEndScheduler
00042910                _vPortFree
0004291c                _vPortInitialiseBlocks
0003d381                _vPortYield
0003777c                _vQueueDelete
0003dfc4                _vStartDynamicPriorityTasks
0003f140                _vStartHookCoRoutines
00041ec0                _vStartIntegerMathTasks
00042290                _vStartLEDFlashTasks
0003b150                _vStartMathTasks
00040f94                _vStartPolledQueueTasks
0003c4a0                _vStartQueuePeekTasks
0003e308                _vStartSemaphoreTasks
00030628                _vTaskCleanUpResources
0002fef4                _vTaskDelay
0002fe34                _vTaskDelayUntil
0002fd88                _vTaskDelete
000303dc                _vTaskEndScheduler
00030550                _vTaskIncrementTick
00030a6c                _vTaskMissedYield
0003087c                _vTaskPlaceOnEventList
0002ffb4                _vTaskPrioritySet
000301d4                _vTaskResume
000309ac                _vTaskSetTimeOutState
00030320                _vTaskStartScheduler
000300d0                _vTaskSuspend
000303f0                _vTaskSuspendAll
000307ec                _vTaskSwitchContext
0003d20d                _vTickISR
            00003e64    _wall_clk_ctr
0003a1ab                _write
00042415                _writemsg
0003bac4                _xAreBlockTimeTestTasksStillRunning
0003e2c8                _xAreDynamicPriorityTasksStillRunning
0003f3c8                _xAreHookCoRoutinesStillRunning
00041fa0                _xAreIntegerMathsTaskStillRunning
0003b5e0                _xAreMathsTaskStillRunning
0004112c                _xArePollingQueuesStillRunning
0003c8b0                _xAreQueuePeekTasksStillRunning
0003e5c4                _xAreSemaphoreTasksStillRunning
0003c8e8                _xCoRoutineCreate
0003ccbc                _xCoRoutineRemoveFromEventList
            00004052    _xCreatedTask
            0000402e    _xHighPriorityTask
            00004030    _xHighestPriorityTask
00041464                _xIsCreateTaskStillRunning
            0000402c    _xMediumPriorityTask
00042924                _xPortGetFreeHeapSize
0003d110                _xPortStartScheduler
00037ac0                _xQueueCRReceive
00037bbc                _xQueueCRReceiveFromISR
00037a40                _xQueueCRSend
00037b74                _xQueueCRSendFromISR
00037280                _xQueueCreate
00037520                _xQueueGenericReceive
0003734c                _xQueueGenericSend
000374b8                _xQueueGenericSendFromISR
000379b8                _xQueueIsQueueEmptyFromISR
00037a1c                _xQueueIsQueueFullFromISR
000376c4                _xQueueReceiveFromISR
            00004010    _xSuspendedTestQueue
000309cc                _xTaskCheckForTimeOut
0002fbd8                _xTaskGenericCreate
00030510                _xTaskGetTickCount
00030164                _xTaskIsTaskSuspended
00030908                _xTaskRemoveFromEventList
000303fc                _xTaskResumeAll
00030288                _xTaskResumeFromISR
ffffffff                binit
            00020000    cinit
ffffffff                edata
ffffffff                end
ffffffff                etext
ffffffff                pinit
00042ad6                reset_isr


GLOBAL SYMBOLS: SORTED BY Symbol Address 

abs. value/
byte addr   word addr   name
---------   ---------   ----
00000001                $TI_capability_requires_rev3
00000001                __TI_args_main
00000002                $TI_capability$C5500$CallingConvention
00000002                $TI_capability$C5500$MemoryModel
            00000060    __stack
00001000                __SYSSTACK_SIZE
00002000                __STACK_SIZE
00002000                __SYSMEM_SIZE
            00001060    __STACK_END
            00001060    __sysstack
            00002bec    _gReadBuf
            00002cec    _gWordCount
            00002ced    _nbuf_cached
            00002cee    _gNextPhySector
            00002cf0    _gWriteBuf
            000030f0    _cached_phySector0
            000030f2    _cached_phySector1
            000030f4    _cached_phySector2
            000030f6    _cached_phySector3
            000030f8    _ATA_No_Swap
            000030f9    _mem
            000036fa    _usbRegisters
            000036fb    _sysCtrlRegs
            000036fc    _gUsbContext
            000037c4    _gCtrlTransfer
            000037d2    _gBulkInTransfer
            000037e0    _gBulkOutTransfer
            000037ee    _gIsoInTransfer
            000037fc    _gIsoOutTransfer
            0000380a    _gIntInTransfer
            00003818    _gEpStatus
            000038a8    _gUsbEpHandle
            000038b8    _XmitL_Sine_1K
            000038e8    _XmitL_Sine_2K
            00003918    _XmitR_Sine_1K
            00003948    _XmitR_Sine_2K
            00003978    _RcvL_Sine
            000039a8    _RcvR_Sine
            000039d8    _DMA_Count
            000039d9    _Error_Count_L
            000039da    _Error_Count_R
            000039db    _DMA_Done
            000039dc    __ftable
            00003a54    __tmpnams
            00003af4    __ft_end
            00003c06    _hSpi
            00003cd8    _pMmcsdContObj
            00003d18    _mmcsdHandle
            00003d1a    _mmcCardObj
            00003d38    _sdCardIdObj
            00003d48    _sdCardCsdObj
            00003d6a    _cardAddr
            00003d6c    _mmcStatus
            00003e64    _wall_clk_ctr
            00003e66    _stackStruct
            00003e68    _pxCurrentTCB
            00003ed3    _I2S_RCV_L
            00003f03    _I2S_RCV_R
            00003f33    _Buf_Address
            00003f6a    _pxCurrentCoRoutine
            00003f98    _fsError
            00003f99    _ouError
            00003f9a    _portFLAGS_INT_ENABLED
            00003f9b    _portFLAGS_INT_ENABLED_POPPED
            00003f9c    _save_xsp
            00003f9e    _save_xssp
            00003fa0    _save_xar7
            00003fa2    _save_xar6
            00003fa3    _DBSTAT_LOW
            00003fa4    _tickIRQctr
            00003fa6    _DBSTAT_HIGH
            00003fa7    _STATUS0_LOW
            00003fa8    _STATUS0_HIGH
            00003fa9    _STATUS1_LOW
            00003faa    _STATUS1_HIGH
            00003fab    _STATUS2_LOW
            00003fac    _STATUS2_HIGH
            00003fad    _tZero
            00003fae    _tOne
            00003faf    _tTwo
            00003fb0    _tThree
            00003fb1    _usCriticalNesting
            00003fca    _uartObj
            00003fde    _hUart
            00003fe0    _Buf_sec
            00003fe3    _Buf_min
            00003fe6    _Buf_hour
            00003fe9    _Buf_day
            00003fec    _Buf_month
            00003fef    _Buf_year
            00003ff2    _Flag_RTC
            00003ff3    _Conunt_RTC
            00003ff4    _gI2cObj
            00004004    _i2cHandle
            00004010    _xSuspendedTestQueue
            0000402c    _xMediumPriorityTask
            0000402e    _xHighPriorityTask
            00004030    _xHighestPriorityTask
            00004048    _SarObj
            0000404b    _preKey
            0000404c    _SarHandle
            0000404e    _keyCnt1
            0000404f    _keyCnt2
            00004052    _xCreatedTask
            00004056    _fSineWave
            00004057    _f1KToneOn
            00004058    _f2KToneOn
            00004066    _GpioObj
            00004068    _hGpio
            0000406a    __lock
            0000406c    __unlock
            0000406e    __cleanup_ptr
            00004070    __dtors_ptr
            00004072    _fTimer
            00004073    _fTimer02
            00004074    _Timer0_Int_CTR
            00004078    _hI2s
            0000407a    __sys_memory
            000053c0    __ctypes_
00020000                _MMC_init
00020038                _MMC_open
00020248                _MMC_close
00020288                _MMC_setCardType
000202bc                _MMC_setCardPtr
000202f0                _MMC_setCallBack
00020330                _MMC_getNumberOfCards
00020368                _MMC_clearResponse
00020444                _MMC_ierEnable
00020488                _MMC_ierDisable
000204bc                _MMC_intEnable
000204e4                _MMC_eventEnable
000206e0                _MMC_eventDisable
000208b8                _MMC_drrdy
00020900                _MMC_dxrdy
00020948                _MMC_saveStatus
00020988                _MMC_getStatus
000209ec                _MMC_setupNative
00020aa0                _MMC_config
00020b3c                _MMC_getConfig
00020bdc                _MMC_sendCmd
00020c90                _MMC_sendGoIdle
00020d18                _MMC_stop
00020df0                _MMC_deselectCard
00020ec0                _MMC_selectCard
00021450                _MMC_sendOpCond
000214f4                _MMC_setRca
000215cc                _SD_sendRca
000216c8                _MMC_sendAllCID
000218a0                _SD_sendAllCID
00021a8c                _MMC_getCardCsd
00021ee0                _SD_getCardCsd
000225bc                _MMC_read
00022fd8                _MMC_write
00023c14                _MMC_setDmaHandle
00023c74                _MMC_setDataTransferCallback
00023cc4                _MMC_setDmaChanConfig
00023da4                _MMC_setEndianMode
00023e2c                _MMC_setBlockLength
00023ec4                _MMC_setWriteBlkEraseCnt
00023ff4                _SD_setBusWidth
00024164                _MMC_getCardStatus
00024260                _SD_configurePullup
0002438c                _MMC_checkReadDmaDone
00024c30                _MSC_Open
00024c54                _MSC_OpenFullspeed
00024fa0                _MSC_Close
00024fdc                _MSC_SetLunAttr
000251cc                _MSC_Ctrl
000253c4                _MSC_Bulk
000254c0                _MSC_GetLunLockedStatus
000254f0                _MSC_GetactivityFlagStatus
0002550c                _MSC_GetsuspendFlagStatus
000259b4                _MSC_HandleStateWaitForCBW
00025c58                _MSC_ExecuteRead
0002604c                _MSC_ExecuteWrite
00026600                _MSC_HandleTestUnitReady
00026824                _MSC_HandlePreventAllowMediaRemoval
000269c8                _MSC_HandleReadCapacity
00026c18                _MSC_reqGetDescriptor
00026e50                _MSC_reqBotMscReset
00026ebc                _MSC_sendCswWithPhaseError
00026f24                _MSC_handleDataDirMisMatch
00026fa0                _SDIO_init
00026fe0                _SDIO_open
000270ac                _SDIO_close
000270d4                _SDIO_config
000271ac                _SDIO_detectCard
00027518                _SDIO_initCard
0002799c                _SDIO_resetCard
00027a84                _SDIO_getRca
00027b4c                _SDIO_deselectCard
00027c0c                _SDIO_selectCard
00027cd0                _SDIO_sendCommand
00027da4                _SDIO_getResponse
00027f38                _SDIO_clearResponse
00028014                _SDIO_getStatus
0002807c                _SDIO_getSdioStatus
000280e8                _SDIO_eventEnable
00028310                _SDIO_eventDisable
00028508                _SDIO_readWaitEnable
00028540                _SDIO_readWaitDisable
00028578                _SDIO_readSingleByte
000286a4                _SDIO_writeSingleByte
000287a4                _SDIO_readBytes
00028be8                _SDIO_writeBytes
00029028                _SDIO_readBlocks
00029468                _SDIO_writeBlocks
000298bc                _SDIO_setEndianMode
0002993c                _SDIO_setClock
00029c58                _USB_init
0002a07c                _USB_resetDev
0002a2ac                _USB_initEndptObj
0002a694                _USB_getEvents
0002a70c                _USB_peekEvents
0002a77c                _USB_getSetupPacket
0002a824                _USB_postTransaction
0002a9e0                _USB_isTransactionDone
0002aa68                _USB_bytesRemaining
0002aafc                _USB_stallEndpt
0002ac70                _USB_clearEndptStall
0002ae58                _USB_getEndptStall
0002aedc                _USB_epNumToHandle
0002b00c                _USB_abortTransaction
0002b16c                _USB_abortAllTransaction
0002b1c0                _USB_connectDev
0002b1f4                _USB_disconnectDev
0002b224                _USB_setRemoteWakeup
0002b254                _USB_getRemoteWakeupStat
0002b26c                _USB_issueRemoteWakeup
0002b2bc                _USB_setDevAddr
0002b304                _USB_getFrameNo
0002b320                _USB_suspendDevice
0002b364                _USB_selfwakeup
0002b3d0                _USB_initPLL
0002b454                _USB_setParams
0002b4b0                _USB_getMaxPower
0002b4d0                _USB_setFullSpeedMode
0002b504                _USB_getDataCountReadFromFifo
0002b55c                _USB_findFifoSize
0002b6e0                _USB_coreEventProcessEp0
0002bb9c                _DMA_init
0002bbd4                _DMA_open
0002bcc0                _DMA_close
0002bce0                _DMA_config
0002c8b4                _DMA_getConfig
0002ce24                _DMA_start
0002cf34                _DMA_stop
0002d038                _DMA_reset
0002d324                _DMA_swapWords
0002d39c                _DMA_getLastTransferType
0002e7aa                __printfi
0002e9ec                _NAND_init
0002ea80                _NAND_setup
0002ef9c                _NAND_getBankInfo
0002f060                _NAND_setLatchEnableOffset
0002f09c                _NAND_isStatusWriteProtected
0002f184                _NAND_sendCommand
0002f1b0                _NAND_checkCommandStatus
0002f218                _NAND_setAddress
0002f25c                _NAND_enableHwECC
0002f384                _NAND_disableHwECC
0002f46c                _NAND_readECC
0002f620                _NAND_readNBytes
0002f734                _NAND_writeNBytes
0002f910                _NAND_hasRandomRead
0002f940                _NAND_hasRandomWrite
0002f970                _NAND_hasCacheProg
0002f9a0                _NAND_hasCopyBack
0002f9d0                _NAND_intrEnable
0002fa30                _NAND_intrDisable
0002fa90                _NAND_getIntrNum
0002fab0                _NAND_intrReadAT
0002faf0                _NAND_intrReadLT
0002fb34                _NAND_intrReadWR
0002fb78                _NAND_intrClear
0002fbd8                _xTaskGenericCreate
0002fd88                _vTaskDelete
0002fe34                _vTaskDelayUntil
0002fef4                _vTaskDelay
0002ff6c                _uxTaskPriorityGet
0002ffb4                _vTaskPrioritySet
000300d0                _vTaskSuspend
00030164                _xTaskIsTaskSuspended
000301d4                _vTaskResume
00030288                _xTaskResumeFromISR
00030320                _vTaskStartScheduler
000303dc                _vTaskEndScheduler
000303f0                _vTaskSuspendAll
000303fc                _xTaskResumeAll
00030510                _xTaskGetTickCount
00030548                _uxTaskGetNumberOfTasks
00030550                _vTaskIncrementTick
00030628                _vTaskCleanUpResources
000307ec                _vTaskSwitchContext
0003087c                _vTaskPlaceOnEventList
00030908                _xTaskRemoveFromEventList
000309ac                _vTaskSetTimeOutState
000309cc                _xTaskCheckForTimeOut
00030a6c                _vTaskMissedYield
00030ce8                _uxTaskGetStackHighWaterMark
00030dc8                _UART_init
00030e84                _UART_setup
0003132c                _UART_config
00031434                _UART_setupBaudRate
00031540                _UART_reset
00031588                _UART_resetOff
000315d4                _UART_eventEnable
0003166c                _UART_eventDisable
000316fc                _UART_read
00031828                _UART_write
000319ac                _UART_fgetc
00031a4c                _UART_fputc
00031ad4                _UART_fgets
00031c04                _UART_fputs
00031cf4                _UART_getEventId
00031d1c                _UART_getConfig
00031ddc                _UART_setCallback
00031e44                _DAT_open
00031f1c                _DAT_close
000320b0                _DAT_copy
000325ac                _DAT_fill
00032abc                _DAT_wait
00032c84                _AC_Open
00032ecc                _AC_Close
00032f08                _AC_Ctrl
00033100                _AC_Iso
0003319c                _AC_GetactivityFlagStatus
000331b8                _AC_GetsuspendFlagStatus
000331d0                _AC_initDescriptors
00033480                _AC_reqGetDescriptor
00033658                _AC_reqSetCurrent
00033734                _AC_reqGetCurrent
000337f8                _AC_reqGetMinimum
0003383c                _AC_reqGetMaximum
00033880                _AC_reqGetResolution
000338c4                _AC_reqSetInterface
00033a10                _CDC_Open
00033a34                _CDC_OpenFullspeed
00033c08                _CDC_Close
00033c44                _CDC_GetactivityFlagStatus
00033c5c                _CDC_GetsuspendFlagStatus
00033c74                _CDC_eventHandler
00033f70                _CDC_bulkOutHandler
00034070                _CDC_bulkInHandler
00034360                _CDC_getData
000343f0                _CDC_putData
000345e4                _I2C_init
00034690                _I2C_config
000347f8                _I2C_getConfig
000348d0                _I2C_setup
00034acc                _I2C_write
00034d10                _I2C_read
00034f30                _I2C_eventEnable
00035064                _I2C_eventDisable
00035184                _I2C_setCallback
00035214                _I2C_getEventId
00035230                _MMC_initState
00035374                _MMC_readWriteControl
00035654                _MMC_issueReadCommand
00035810                _MMC_readNextWord
00035880                _MMC_readNextWord1
000358f4                _MMC_readNextNWords
00035964                _MMC_writeSector
00035a4c                _MMC_readNSectors
00035b24                _MMC_writeNSectors
00035bfc                _MMC_read_CID
00035c68                _MMC_read_CSD
00035cd4                _MMC_writeSectorFlush
00035ce0                _MMC_commandReadyStatusCheck
00035cec                _MMC_dataReadyStatusCheck
00035cf8                _MMC_busyStatusCheck
00035d04                _MMC_getSerialID
00035d14                _MMC_file_system_format
00035d20                _MMC_reset
00035d2c                _MMC_get_time
00035d30                _MMC_get_mod_time
00035d34                _MMC_get_date
00035d38                _MMC_get_mod_date
00035d3c                _MMC_flushFat
00035d70                _SAR_init
00035dd0                _SAR_deInit
00035df0                _SAR_chanInit
00035e0c                _SAR_chanOpen
00035e70                _SAR_chanClose
00035ef4                _SAR_chanConfig
00035f6c                _SAR_getConfig
00035fe0                _SAR_chanSetup
000361f4                _SAR_chanCycSet
00036244                _SAR_startConversion
00036278                _SAR_stopConversion
000362c0                _SAR_readData
00036304                _SAR_A2DMeasParamSet
00036780                _SAR_GPODirSet
0003685c                _SAR_getStatus
0003689c                _I2S_open
000369e0                _I2S_setup
00036cc8                _I2S_close
00036d74                _I2S_read
00037030                _I2S_write
00037188                _I2S_reset
00037234                _I2S_transEnable
00037280                _xQueueCreate
0003734c                _xQueueGenericSend
000374b8                _xQueueGenericSendFromISR
00037520                _xQueueGenericReceive
000376c4                _xQueueReceiveFromISR
0003772c                _uxQueueMessagesWaiting
00037768                _uxQueueMessagesWaitingFromISR
0003777c                _vQueueDelete
000379b8                _xQueueIsQueueEmptyFromISR
00037a1c                _xQueueIsQueueFullFromISR
00037a40                _xQueueCRSend
00037ac0                _xQueueCRReceive
00037b74                _xQueueCRSendFromISR
00037bbc                _xQueueCRReceiveFromISR
00037cd8                _RTC_reset
00037ce8                _RTC_start
00037d0c                _RTC_stop
00037d14                _RTC_config
00037e00                _RTC_getConfig
00037eb0                _RTC_setTime
00037f2c                _RTC_getTime
00037f78                _RTC_setDate
00037fe8                _RTC_getDate
00038028                _RTC_setAlarm
000380fc                _RTC_setPeriodicInterval
000381b0                _RTC_eventEnable
0003829c                _RTC_eventDisable
00038350                _RTC_getEventId
000383a4                _RTC_decToBcd
000383e4                _RTC_bcdToDec
00038424                _RTC_setCallback
000384b4                _RTC_setCompensation
00038500                _LCD_init
00038528                _LCD_open
0003856c                _LCD_setup
000389c8                _LCD_configDMA
00038d18                _LCD_close
00038d38                _oled_test
00039558                _GPIO_open
0003959c                _GPIO_close
000395c0                _GPIO_config
00039648                _GPIO_getConfig
000396d0                _GPIO_read
00039754                _GPIO_write
000397f8                _GPIO_configBit
00039940                _GPIO_disableInt
000399c0                _GPIO_enableInt
00039a4c                _GPIO_clearInt
00039ad8                _GPIO_statusBit
00039b60                _GPIO_reset
00039bf0                _SPI_init
00039c54                _SPI_open
00039c88                _SPI_close
00039cb4                _SPI_config
00039f3c                _SPI_deInit
00039f68                _SPI_read
0003a04c                _SPI_write
0003a138                _SPI_dataTransaction
0003a1ab                _write
0003a2ed                _unlink
0003a320                _rename
0003a379                _remove_device
0003a3af                _read
0003a45d                _open
0003a51c                _lseek
0003a582                _find_registered_device
0003a58b                _close
0003a5fe                _add_device
0003a6f0                _IRQ_init
0003a778                _IRQ_clear
0003a7e4                _IRQ_clearAll
0003a7f4                _IRQ_config
0003a87c                _IRQ_getConfig
0003a904                _IRQ_disable
0003a984                _IRQ_disableAll
0003a994                _IRQ_enable
0003aa20                _IRQ_restore
0003aa90                _IRQ_getArg
0003aad4                _IRQ_setArg
0003ab08                _IRQ_map
0003ab34                _IRQ_setVecs
0003ab68                _IRQ_test
0003abdc                _IRQ_globalDisable
0003abf8                _IRQ_globalEnable
0003ac14                _IRQ_globalRestore
0003ac28                _getenv
0003aca3                _HOSTwrite
0003ad30                _HOSTunlink
0003ad9a                _HOSTtime
0003adf8                _HOSTrename
0003aea6                _HOSTread
0003af33                _HOSTopen
0003afd2                _HOSTlseek
0003b087                _HOSTclose
0003b0f2                _HOSTclock
0003b150                _vStartMathTasks
0003b5e0                _xAreMathsTaskStillRunning
0003b638                _vCreateBlockTimeTasks
0003bac4                _xAreBlockTimeTestTasksStillRunning
0003bb14                _EZDSP5535_SDCARD_init
0003bebc                _EZDSP5535_SDCARD_read
0003bef0                _EZDSP5535_SDCARD_write
0003bf24                _EZDSP5535_SDCARD_close
0003bfe9                _free
0003c0b5                _minit
0003c11a                _malloc
0003c20f                _realloc
0003c3c0                _max_free
0003c41a                _free_memory
0003c470                _chkheap
0003c478                _calloc
0003c4a0                _vStartQueuePeekTasks
0003c8b0                _xAreQueuePeekTasksStillRunning
0003c8e8                _xCoRoutineCreate
0003c9c4                _vCoRoutineAddToDelayedList
0003cbb4                _vCoRoutineSchedule
0003ccbc                _xCoRoutineRemoveFromEventList
0003cd18                _main
0003cebc                _vApplicationIdleHook
0003cef0                _InitSystem
0003cf58                _ConfigPort
0003cf60                _SYS_GlobalIntEnable
0003cf68                _SYS_GlobalIntDisable
0003cfd4                _BlinkLED
0003d00c                _GenerateAudioTone
0003d098                _systemInit
0003d110                _xPortStartScheduler
0003d20d                _vTickISR
0003d381                _vPortYield
0003d4e9                __divd
0003d8b8                _EZDSP5535_SPIFLASH_init
0003d91c                _EZDSP5535_SPIFLASH_status
0003d960                _EZDSP5535_SPIFLASH_erase
0003da64                _EZDSP5535_SPIFLASH_read
0003db14                _EZDSP5535_SPIFLASH_write
0003dc7c                _MEM_init
0003dc80                _MEM_enableRetentionMode
0003dcc4                _MEM_disableRetentionMode
0003dd08                _MEM_enablePartialRetentionMode
0003de50                _MEM_disablePartialRetentionMode
0003df74                _MEM_setmSDRAMClock
0003dfb0                _MEM_getmSDRAMClock
0003dfc4                _vStartDynamicPriorityTasks
0003e2c8                _xAreDynamicPriorityTasksStillRunning
0003e308                _vStartSemaphoreTasks
0003e5c4                _xAreSemaphoreTasksStillRunning
0003e614                _GPT_open
0003e6d8                _GPT_reset
0003e754                _GPT_close
0003e7cc                _GPT_start
0003e7fc                _GPT_stop
0003e828                _GPT_getCnt
0003e864                _GPT_config
0003e90b                _AIC3254_init
0003ec28                _PLL_init
0003ec60                _PLL_config
0003ed84                _PLL_enable
0003edec                _PLL_bypass
0003ee3c                _PLL_reset
0003eea8                _i2s0_read_CR
0003eeae                _i2s0_write_CR
0003eeb4                _i2s0_read_SRGR
0003eeba                _i2s0_write_SRGR
0003eec0                _i2s0_read_TXL_LSW
0003eec6                _i2s0_write_TXL_LSW
0003eecc                _i2s0_read_TXL_MSW
0003eed2                _i2s0_write_TXL_MSW
0003eed8                _i2s0_read_TXR_LSW
0003eede                _i2s0_write_TXR_LSW
0003eee4                _i2s0_read_TXR_MSW
0003eeea                _i2s0_write_TXR_MSW
0003eef0                _i2s0_read_INTR
0003eef6                _i2s0_read_INT_MASK
0003eefc                _i2s0_write_INT_MASK
0003ef02                _i2s0_read_RXL_LSW
0003ef08                _i2s0_write_RXL_LSW
0003ef0e                _i2s0_read_RXL_MSW
0003ef14                _i2s0_write_RXL_MSW
0003ef1a                _i2s0_read_RXR_LSW
0003ef20                _i2s0_write_RXR_LSW
0003ef26                _i2s0_read_RXR_MSW
0003ef2c                _i2s0_write_RXR_MSW
0003ef32                _i2s1_read_CR
0003ef38                _i2s1_write_CR
0003ef3e                _i2s1_read_SRGR
0003ef44                _i2s1_write_SRGR
0003ef4a                _i2s1_read_TXL_LSW
0003ef50                _i2s1_write_TXL_LSW
0003ef56                _i2s1_read_TXL_MSW
0003ef5c                _i2s1_write_TXL_MSW
0003ef62                _i2s1_read_TXR_LSW
0003ef68                _i2s1_write_TXR_LSW
0003ef6e                _i2s1_read_TXR_MSW
0003ef74                _i2s1_write_TXR_MSW
0003ef7a                _i2s1_read_INTR
0003ef80                _i2s1_read_INT_MASK
0003ef86                _i2s1_write_INT_MASK
0003ef8c                _i2s1_read_RXL_LSW
0003ef92                _i2s1_write_RXL_LSW
0003ef98                _i2s1_read_RXL_MSW
0003ef9e                _i2s1_write_RXL_MSW
0003efa4                _i2s1_read_RXR_LSW
0003efaa                _i2s1_write_RXR_LSW
0003efb0                _i2s1_read_RXR_MSW
0003efb6                _i2s1_write_RXR_MSW
0003efbc                _i2s2_read_CR
0003efc2                _i2s2_write_CR
0003efc8                _i2s2_read_SRGR
0003efce                _i2s2_write_SRGR
0003efd4                _i2s2_read_TXL_LSW
0003efda                _i2s2_write_TXL_LSW
0003efe0                _i2s2_read_TXL_MSW
0003efe6                _i2s2_write_TXL_MSW
0003efec                _i2s2_read_TXR_LSW
0003eff2                _i2s2_write_TXR_LSW
0003eff8                _i2s2_read_TXR_MSW
0003effe                _i2s2_write_TXR_MSW
0003f004                _i2s2_read_INTR
0003f00a                _i2s2_read_INT_MASK
0003f010                _i2s2_write_INT_MASK
0003f016                _i2s2_read_RXL_LSW
0003f01c                _i2s2_write_RXL_LSW
0003f022                _i2s2_read_RXL_MSW
0003f028                _i2s2_write_RXL_MSW
0003f02e                _i2s2_read_RXR_LSW
0003f034                _i2s2_write_RXR_LSW
0003f03a                _i2s2_read_RXR_MSW
0003f040                _i2s2_write_RXR_MSW
0003f046                _i2s3_read_CR
0003f04c                _i2s3_write_CR
0003f052                _i2s3_read_SRGR
0003f058                _i2s3_write_SRGR
0003f05e                _i2s3_read_TXL_LSW
0003f064                _i2s3_write_TXL_LSW
0003f06a                _i2s3_read_TXL_MSW
0003f070                _i2s3_write_TXL_MSW
0003f076                _i2s3_read_TXR_LSW
0003f07c                _i2s3_write_TXR_LSW
0003f082                _i2s3_read_TXR_MSW
0003f088                _i2s3_write_TXR_MSW
0003f08e                _i2s3_read_INTR
0003f094                _i2s3_read_INT_MASK
0003f09a                _i2s3_write_INT_MASK
0003f0a0                _i2s3_read_RXL_LSW
0003f0a6                _i2s3_write_RXL_LSW
0003f0ac                _i2s3_read_RXL_MSW
0003f0b2                _i2s3_write_RXL_MSW
0003f0b8                _i2s3_read_RXR_LSW
0003f0be                _i2s3_write_RXR_LSW
0003f0c4                _i2s3_read_RXR_MSW
0003f0ca                _i2s3_write_RXR_MSW
0003f0d0                _enable_i2s0
0003f0de                _enable_i2s1
0003f0ec                _enable_i2s2
0003f0fa                _enable_i2s3
0003f108                _disable_i2s0
0003f116                _disable_i2s1
0003f124                _disable_i2s2
0003f132                _disable_i2s3
0003f140                _vStartHookCoRoutines
0003f1b8                _vApplicationTickHook
0003f3c8                _xAreHookCoRoutinesStillRunning
0003f4f8                __cleanup
0003f552                _freopen
0003f61b                _fopen
0003f658                _WDTIM_open
0003f6d0                _WDTIM_start
0003f718                _WDTIM_stop
0003f760                _WDTIM_getCnt
0003f790                _WDTIM_close
0003f7d4                _WDTIM_service
0003f808                _WDTIM_config
0003f874                _WDTIM_getConfig
0003f8be                __remull
0003f90c                __remlli
0003f93b                __mpylli
0003f9f3                __divull
0003fae7                __divlli
0003fb1c                __addd
0003fd78                _Timer_isr
0003fea0                _Timer02_isr
0003ffc3                _strncpy
            00020000    ___cinit__
            00020000    cinit
            000202c8    __CIOBUF_
00040990                _set_dma1_ch0_stop
000409a8                _set_dma0_ch0_stop
000409c0                _set_dma1_ch1_stop
000409d8                _set_dma0_ch1_stop
000409f0                _set_dma1_ch0_i2s2_Lout
00040a5c                _set_dma0_ch0_i2s0_Lout
00040ac8                _set_dma1_ch1_i2s2_Rout
00040b34                _set_dma0_ch1_i2s0_Rout
00040ba0                _enable_dma_int
00040bb0                _EZDSP5535_LED_init
00040be8                _EZDSP5535_LED_getall
00040c3c                _EZDSP5535_LED_setall
00040cac                _EZDSP5535_LED_on
00040ce4                _EZDSP5535_LED_off
00040d18                _EZDSP5535_LED_toggle
00040d60                _EZDSP5535_XF_on
00040d6c                _EZDSP5535_XF_off
00040d78                _EZDSP5535_XF_get
00040d88                _EZDSP5535_XF_toggle
00040da7                __neqd
00040ddb                __lssd
00040e23                __leqd
00040e70                __gtrd
00040ebb                __geqd
00040f05                __eqld
00040f39                __cmpd
00040f94                _vStartPolledQueueTasks
0004112c                _xArePollingQueuesStillRunning
00041158                _pxPortInitialiseStack
00041300                _vPortEndScheduler
00041304                _prvSetupTimerInterrupt
00041318                _vCreateSuicidalTasks
00041464                _xIsCreateTaskStillRunning
000414c0                _vListInitialise
000414fc                _vListInitialiseItem
00041510                _vListInsertEnd
0004156c                _vListInsert
00041600                _vListRemove
0004165c                _EZDSP5535_OSD9616_send
00041684                _EZDSP5535_OSD9616_multiSend
000416d0                _EZDSP5535_OSD9616_init
000417b4                _EZDSP5535_OSD9616_printLetter
000417f4                _spiflash_test
00041980                _EZDSP5535_SAR_init
00041a48                _EZDSP5535_SAR_getKey
00041afc                _fputs
00041c31                _puts
00041c5f                __mpyd
00041dac                _EZDSP5535_I2S_init
00041e08                _EZDSP5535_I2S_readLeft
00041e3c                _EZDSP5535_I2S_writeLeft
00041e6c                _EZDSP5535_I2S_readRight
00041e90                _EZDSP5535_I2S_writeRight
00041eac                _EZDSP5535_I2S_close
00041ec0                _vStartIntegerMathTasks
00041fa0                _xAreIntegerMathsTaskStillRunning
00041fd0                _enable_rtc_second_int
00041fdc                _reset_RTC
00042098                _convert_number_to_string
000420cc                _setvbuf
000421b2                __wrt_ok
00042232                __rd_ok
00042290                _vStartLEDFlashTasks
00042353                __doflush
000423bc                _fflush
00042415                _writemsg
000424ca                C$$IO$$
000424d0                _mem_test
0004257f                _fputc
0004257f                _putc
00042616                _putchar
00042628                _EZDSP5535_UART_open
00042698                _EVM5515_UART_putChar
000426b0                _EVM5515_UART_getChar
000426ca                __divul
0004276c                _vParTestInitialise
00042770                _vParTestSetLED
00042784                _vParTestToggleLED
0004280c                _EZDSP5535_I2C_init
00042844                _EZDSP5535_I2C_reset
00042850                _EZDSP5535_I2C_write
00042878                _EZDSP5535_I2C_read
000428a0                _pvPortMalloc
00042910                _vPortFree
0004291c                _vPortInitialiseBlocks
00042924                _xPortGetFreeHeapSize
00042932                _IRQ_plug
000429c0                _set_i2s2_master
000429f4                _set_i2s0_master
00042a28                _set_i2s0_slave
00042a4c                _EZDSP5535_GPIO_init
00042a78                _EZDSP5535_GPIO_setDirection
00042a9c                _EZDSP5535_GPIO_setOutput
00042ab8                _EZDSP5535_GPIO_getInput
00042ad6                reset_isr
00042b55                _ltoa
00042bd2                _fclose
00042c4d                __frcmpyd
00042cc3                __frcmpyd_div
00042d36                __remul
00042da8                __fixdli
00042e17                _readmsg
00042e84                _fseek
00042eef                __fltlid
00042f56                _atoi
00042fb4                _Timer0Init
00042fdc                _Timer02Init
00043000                _StartTimer0
00043008                _StartTimer02
00043010                __fltuld
0004306c                _EZDSP5535_wait
000430a0                _EZDSP5535_waitusec
000430b4                _EZDSP5535_init
000430c2                _printf
00043114                _RTC_Isr
00043162                _auto_init
000431af                __args_main
000431fa                __remli
00043245                __divli
0004328d                _memcpy
000432cc                _exit
0004330a                _c_int00
0004333e                __fixdi
00043368                I$$UDIV
00043368                __divu
0004337d                I$$UMOD
0004337d                __remu
00043392                _memccpy
000433b5                ___isinf
000433cf                __subd
000433e3                I$$LMPY
000433e3                __mpyli
000433f6                __register_unlock
000433fe                __register_lock
00043406                __nop
00043408                _memset
00043419                _strlen
0004342a                __negd
0004343a                __fltud
00043448                _remove
00043452                _abort
00043453                C$$EXIT
0004fe00                _Reset
0004ff00                _RST
0004ff00                _VECSTART
ffffffff                .bss
ffffffff                .data
ffffffff                .text
ffffffff                ___binit__
ffffffff                ___bss__
ffffffff                ___c_args__
ffffffff                ___data__
ffffffff                ___edata__
ffffffff                ___end__
ffffffff                ___etext__
ffffffff                ___pinit__
ffffffff                ___text__
ffffffff                binit
ffffffff                edata
ffffffff                end
ffffffff                etext
ffffffff                pinit

[848 symbols]
