<?xml version="1.0"?>
<link_info>
   <banner>TMS320C55x Linker PC v4.4.1</banner>
   <copyright>Copyright (c) 1996-2012 Texas Instruments Incorporated</copyright>
   <link_time>0x5b9239d6</link_time>
   <output_file>test.out</output_file>
   <entry_point>
      <name>_c_int00</name>
      <address>0x4330a</address>
   </entry_point>
   <input_file_list>
      <input_file id="fl-2">
         <path>.\</path>
         <kind>object</kind>
         <file>aic_test_i2c.obj</file>
         <name>aic_test_i2c.obj</name>
      </input_file>
      <input_file id="fl-3">
         <path>.\</path>
         <kind>object</kind>
         <file>dma.obj</file>
         <name>dma.obj</name>
      </input_file>
      <input_file id="fl-4">
         <path>.\</path>
         <kind>object</kind>
         <file>i2s.obj</file>
         <name>i2s.obj</name>
      </input_file>
      <input_file id="fl-5">
         <path>.\</path>
         <kind>object</kind>
         <file>i2s_register.obj</file>
         <name>i2s_register.obj</name>
      </input_file>
      <input_file id="fl-6">
         <path>.\</path>
         <kind>object</kind>
         <file>rtc.obj</file>
         <name>rtc.obj</name>
      </input_file>
      <input_file id="fl-7">
         <path>.\</path>
         <kind>object</kind>
         <file>timer.obj</file>
         <name>timer.obj</name>
      </input_file>
      <input_file id="fl-8">
         <path>.\FreeRTOS\Demo\Common\Minimal\</path>
         <kind>object</kind>
         <file>PollQ.obj</file>
         <name>PollQ.obj</name>
      </input_file>
      <input_file id="fl-9">
         <path>.\FreeRTOS\Demo\Common\Minimal\</path>
         <kind>object</kind>
         <file>QPeek.obj</file>
         <name>QPeek.obj</name>
      </input_file>
      <input_file id="fl-a">
         <path>.\FreeRTOS\Demo\Common\Minimal\</path>
         <kind>object</kind>
         <file>blocktim.obj</file>
         <name>blocktim.obj</name>
      </input_file>
      <input_file id="fl-b">
         <path>.\FreeRTOS\Demo\Common\Minimal\</path>
         <kind>object</kind>
         <file>crhook.obj</file>
         <name>crhook.obj</name>
      </input_file>
      <input_file id="fl-c">
         <path>.\FreeRTOS\Demo\Common\Minimal\</path>
         <kind>object</kind>
         <file>death.obj</file>
         <name>death.obj</name>
      </input_file>
      <input_file id="fl-d">
         <path>.\FreeRTOS\Demo\Common\Minimal\</path>
         <kind>object</kind>
         <file>dynamic.obj</file>
         <name>dynamic.obj</name>
      </input_file>
      <input_file id="fl-e">
         <path>.\FreeRTOS\Demo\Common\Minimal\</path>
         <kind>object</kind>
         <file>flash.obj</file>
         <name>flash.obj</name>
      </input_file>
      <input_file id="fl-f">
         <path>.\FreeRTOS\Demo\Common\Minimal\</path>
         <kind>object</kind>
         <file>flop.obj</file>
         <name>flop.obj</name>
      </input_file>
      <input_file id="fl-10">
         <path>.\FreeRTOS\Demo\Common\Minimal\</path>
         <kind>object</kind>
         <file>integer.obj</file>
         <name>integer.obj</name>
      </input_file>
      <input_file id="fl-11">
         <path>.\FreeRTOS\Demo\Common\Minimal\</path>
         <kind>object</kind>
         <file>semtest.obj</file>
         <name>semtest.obj</name>
      </input_file>
      <input_file id="fl-12">
         <path>.\FreeRTOS\Demo\c5515_CCS\ParTest\</path>
         <kind>object</kind>
         <file>ParTest.obj</file>
         <name>ParTest.obj</name>
      </input_file>
      <input_file id="fl-13">
         <path>.\FreeRTOS\Demo\c5515_CCS\</path>
         <kind>object</kind>
         <file>main.obj</file>
         <name>main.obj</name>
      </input_file>
      <input_file id="fl-14">
         <path>.\FreeRTOS\Source\</path>
         <kind>object</kind>
         <file>croutine.obj</file>
         <name>croutine.obj</name>
      </input_file>
      <input_file id="fl-15">
         <path>.\FreeRTOS\Source\</path>
         <kind>object</kind>
         <file>list.obj</file>
         <name>list.obj</name>
      </input_file>
      <input_file id="fl-16">
         <path>.\FreeRTOS\Source\</path>
         <kind>object</kind>
         <file>queue.obj</file>
         <name>queue.obj</name>
      </input_file>
      <input_file id="fl-17">
         <path>.\FreeRTOS\Source\</path>
         <kind>object</kind>
         <file>tasks.obj</file>
         <name>tasks.obj</name>
      </input_file>
      <input_file id="fl-18">
         <path>.\FreeRTOS\Source\portable\CCS\c55x\</path>
         <kind>object</kind>
         <file>port.obj</file>
         <name>port.obj</name>
      </input_file>
      <input_file id="fl-19">
         <path>.\FreeRTOS\Source\portable\CCS\c55x\</path>
         <kind>object</kind>
         <file>portASM.obj</file>
         <name>portASM.obj</name>
      </input_file>
      <input_file id="fl-1a">
         <path>.\FreeRTOS\Source\portable\MemMang\</path>
         <kind>object</kind>
         <file>heap_1.obj</file>
         <name>heap_1.obj</name>
      </input_file>
      <input_file id="fl-1b">
         <path>.\c5535_bsl_revc\ezdsp5535_v1\boot_post_SDcard\boot_post\</path>
         <kind>object</kind>
         <file>mem_test.obj</file>
         <name>mem_test.obj</name>
      </input_file>
      <input_file id="fl-1c">
         <path>.\c5535_bsl_revc\ezdsp5535_v1\boot_post_SDcard\boot_post\</path>
         <kind>object</kind>
         <file>oled_test.obj</file>
         <name>oled_test.obj</name>
      </input_file>
      <input_file id="fl-1d">
         <path>.\c5535_bsl_revc\ezdsp5535_v1\boot_post_SDcard\boot_post\</path>
         <kind>object</kind>
         <file>spiflash_test.obj</file>
         <name>spiflash_test.obj</name>
      </input_file>
      <input_file id="fl-1e">
         <path>.\c5535_bsl_revc\ezdsp5535_v1\c55xx_csl\src\</path>
         <kind>object</kind>
         <file>csl_audioClass.obj</file>
         <name>csl_audioClass.obj</name>
      </input_file>
      <input_file id="fl-1f">
         <path>.\c5535_bsl_revc\ezdsp5535_v1\c55xx_csl\src\</path>
         <kind>object</kind>
         <file>csl_cdc.obj</file>
         <name>csl_cdc.obj</name>
      </input_file>
      <input_file id="fl-20">
         <path>.\c5535_bsl_revc\ezdsp5535_v1\c55xx_csl\src\</path>
         <kind>object</kind>
         <file>csl_dat.obj</file>
         <name>csl_dat.obj</name>
      </input_file>
      <input_file id="fl-21">
         <path>.\c5535_bsl_revc\ezdsp5535_v1\c55xx_csl\src\</path>
         <kind>object</kind>
         <file>csl_dma.obj</file>
         <name>csl_dma.obj</name>
      </input_file>
      <input_file id="fl-22">
         <path>.\c5535_bsl_revc\ezdsp5535_v1\c55xx_csl\src\</path>
         <kind>object</kind>
         <file>csl_gpio.obj</file>
         <name>csl_gpio.obj</name>
      </input_file>
      <input_file id="fl-23">
         <path>.\c5535_bsl_revc\ezdsp5535_v1\c55xx_csl\src\</path>
         <kind>object</kind>
         <file>csl_gpt.obj</file>
         <name>csl_gpt.obj</name>
      </input_file>
      <input_file id="fl-24">
         <path>.\c5535_bsl_revc\ezdsp5535_v1\c55xx_csl\src\</path>
         <kind>object</kind>
         <file>csl_i2c.obj</file>
         <name>csl_i2c.obj</name>
      </input_file>
      <input_file id="fl-25">
         <path>.\c5535_bsl_revc\ezdsp5535_v1\c55xx_csl\src\</path>
         <kind>object</kind>
         <file>csl_i2s.obj</file>
         <name>csl_i2s.obj</name>
      </input_file>
      <input_file id="fl-26">
         <path>.\c5535_bsl_revc\ezdsp5535_v1\c55xx_csl\src\</path>
         <kind>object</kind>
         <file>csl_intc.obj</file>
         <name>csl_intc.obj</name>
      </input_file>
      <input_file id="fl-27">
         <path>.\c5535_bsl_revc\ezdsp5535_v1\c55xx_csl\src\</path>
         <kind>object</kind>
         <file>csl_irqplug.obj</file>
         <name>csl_irqplug.obj</name>
      </input_file>
      <input_file id="fl-28">
         <path>.\c5535_bsl_revc\ezdsp5535_v1\c55xx_csl\src\</path>
         <kind>object</kind>
         <file>csl_lcdc.obj</file>
         <name>csl_lcdc.obj</name>
      </input_file>
      <input_file id="fl-29">
         <path>.\c5535_bsl_revc\ezdsp5535_v1\c55xx_csl\src\</path>
         <kind>object</kind>
         <file>csl_mem.obj</file>
         <name>csl_mem.obj</name>
      </input_file>
      <input_file id="fl-2a">
         <path>.\c5535_bsl_revc\ezdsp5535_v1\c55xx_csl\src\</path>
         <kind>object</kind>
         <file>csl_mmcsd.obj</file>
         <name>csl_mmcsd.obj</name>
      </input_file>
      <input_file id="fl-2b">
         <path>.\c5535_bsl_revc\ezdsp5535_v1\c55xx_csl\src\</path>
         <kind>object</kind>
         <file>csl_mmcsd_ataIf.obj</file>
         <name>csl_mmcsd_ataIf.obj</name>
      </input_file>
      <input_file id="fl-2c">
         <path>.\c5535_bsl_revc\ezdsp5535_v1\c55xx_csl\src\</path>
         <kind>object</kind>
         <file>csl_msc.obj</file>
         <name>csl_msc.obj</name>
      </input_file>
      <input_file id="fl-2d">
         <path>.\c5535_bsl_revc\ezdsp5535_v1\c55xx_csl\src\</path>
         <kind>object</kind>
         <file>csl_nand.obj</file>
         <name>csl_nand.obj</name>
      </input_file>
      <input_file id="fl-2e">
         <path>.\c5535_bsl_revc\ezdsp5535_v1\c55xx_csl\src\</path>
         <kind>object</kind>
         <file>csl_pll.obj</file>
         <name>csl_pll.obj</name>
      </input_file>
      <input_file id="fl-2f">
         <path>.\c5535_bsl_revc\ezdsp5535_v1\c55xx_csl\src\</path>
         <kind>object</kind>
         <file>csl_rtc.obj</file>
         <name>csl_rtc.obj</name>
      </input_file>
      <input_file id="fl-30">
         <path>.\c5535_bsl_revc\ezdsp5535_v1\c55xx_csl\src\</path>
         <kind>object</kind>
         <file>csl_sar.obj</file>
         <name>csl_sar.obj</name>
      </input_file>
      <input_file id="fl-31">
         <path>.\c5535_bsl_revc\ezdsp5535_v1\c55xx_csl\src\</path>
         <kind>object</kind>
         <file>csl_sdio.obj</file>
         <name>csl_sdio.obj</name>
      </input_file>
      <input_file id="fl-32">
         <path>.\c5535_bsl_revc\ezdsp5535_v1\c55xx_csl\src\</path>
         <kind>object</kind>
         <file>csl_spi.obj</file>
         <name>csl_spi.obj</name>
      </input_file>
      <input_file id="fl-33">
         <path>.\c5535_bsl_revc\ezdsp5535_v1\c55xx_csl\src\</path>
         <kind>object</kind>
         <file>csl_uart.obj</file>
         <name>csl_uart.obj</name>
      </input_file>
      <input_file id="fl-34">
         <path>.\c5535_bsl_revc\ezdsp5535_v1\c55xx_csl\src\</path>
         <kind>object</kind>
         <file>csl_usb.obj</file>
         <name>csl_usb.obj</name>
      </input_file>
      <input_file id="fl-35">
         <path>.\c5535_bsl_revc\ezdsp5535_v1\c55xx_csl\src\</path>
         <kind>object</kind>
         <file>csl_wdt.obj</file>
         <name>csl_wdt.obj</name>
      </input_file>
      <input_file id="fl-36">
         <path>.\c5535_bsl_revc\ezdsp5535_v1\c55xx_csl\src\</path>
         <kind>object</kind>
         <file>vectors.obj</file>
         <name>vectors.obj</name>
      </input_file>
      <input_file id="fl-37">
         <path>.\c5535_bsl_revc\ezdsp5535_v1\lib\bsl\</path>
         <kind>object</kind>
         <file>ezdsp5535.obj</file>
         <name>ezdsp5535.obj</name>
      </input_file>
      <input_file id="fl-38">
         <path>.\c5535_bsl_revc\ezdsp5535_v1\lib\bsl\</path>
         <kind>object</kind>
         <file>ezdsp5535_gpio.obj</file>
         <name>ezdsp5535_gpio.obj</name>
      </input_file>
      <input_file id="fl-39">
         <path>.\c5535_bsl_revc\ezdsp5535_v1\lib\bsl\</path>
         <kind>object</kind>
         <file>ezdsp5535_i2c.obj</file>
         <name>ezdsp5535_i2c.obj</name>
      </input_file>
      <input_file id="fl-3a">
         <path>.\c5535_bsl_revc\ezdsp5535_v1\lib\bsl\</path>
         <kind>object</kind>
         <file>ezdsp5535_i2s.obj</file>
         <name>ezdsp5535_i2s.obj</name>
      </input_file>
      <input_file id="fl-3b">
         <path>.\c5535_bsl_revc\ezdsp5535_v1\lib\bsl\</path>
         <kind>object</kind>
         <file>ezdsp5535_lcd.obj</file>
         <name>ezdsp5535_lcd.obj</name>
      </input_file>
      <input_file id="fl-3c">
         <path>.\c5535_bsl_revc\ezdsp5535_v1\lib\bsl\</path>
         <kind>object</kind>
         <file>ezdsp5535_led.obj</file>
         <name>ezdsp5535_led.obj</name>
      </input_file>
      <input_file id="fl-3d">
         <path>.\c5535_bsl_revc\ezdsp5535_v1\lib\bsl\</path>
         <kind>object</kind>
         <file>ezdsp5535_sar.obj</file>
         <name>ezdsp5535_sar.obj</name>
      </input_file>
      <input_file id="fl-3e">
         <path>.\c5535_bsl_revc\ezdsp5535_v1\lib\bsl\</path>
         <kind>object</kind>
         <file>ezdsp5535_sdcard.obj</file>
         <name>ezdsp5535_sdcard.obj</name>
      </input_file>
      <input_file id="fl-3f">
         <path>.\c5535_bsl_revc\ezdsp5535_v1\lib\bsl\</path>
         <kind>object</kind>
         <file>ezdsp5535_spiflash.obj</file>
         <name>ezdsp5535_spiflash.obj</name>
      </input_file>
      <input_file id="fl-40">
         <path>.\c5535_bsl_revc\ezdsp5535_v1\lib\bsl\</path>
         <kind>object</kind>
         <file>ezdsp5535_uart.obj</file>
         <name>ezdsp5535_uart.obj</name>
      </input_file>
      <input_file id="fl-58">
         <path>F:\TI_CCS_7P4\ccsv7\tools\compiler\c5500_4.4.1\lib\</path>
         <kind>archive</kind>
         <file>rts55x.lib</file>
         <name>addd.obj</name>
      </input_file>
      <input_file id="fl-59">
         <path>F:\TI_CCS_7P4\ccsv7\tools\compiler\c5500_4.4.1\lib\</path>
         <kind>archive</kind>
         <file>rts55x.lib</file>
         <name>boot.obj</name>
      </input_file>
      <input_file id="fl-5a">
         <path>F:\TI_CCS_7P4\ccsv7\tools\compiler\c5500_4.4.1\lib\</path>
         <kind>archive</kind>
         <file>rts55x.lib</file>
         <name>cmpd.obj</name>
      </input_file>
      <input_file id="fl-5b">
         <path>F:\TI_CCS_7P4\ccsv7\tools\compiler\c5500_4.4.1\lib\</path>
         <kind>archive</kind>
         <file>rts55x.lib</file>
         <name>divd.obj</name>
      </input_file>
      <input_file id="fl-5c">
         <path>F:\TI_CCS_7P4\ccsv7\tools\compiler\c5500_4.4.1\lib\</path>
         <kind>archive</kind>
         <file>rts55x.lib</file>
         <name>divli.obj</name>
      </input_file>
      <input_file id="fl-5d">
         <path>F:\TI_CCS_7P4\ccsv7\tools\compiler\c5500_4.4.1\lib\</path>
         <kind>archive</kind>
         <file>rts55x.lib</file>
         <name>divul.obj</name>
      </input_file>
      <input_file id="fl-5e">
         <path>F:\TI_CCS_7P4\ccsv7\tools\compiler\c5500_4.4.1\lib\</path>
         <kind>archive</kind>
         <file>rts55x.lib</file>
         <name>exit.obj</name>
      </input_file>
      <input_file id="fl-5f">
         <path>F:\TI_CCS_7P4\ccsv7\tools\compiler\c5500_4.4.1\lib\</path>
         <kind>archive</kind>
         <file>rts55x.lib</file>
         <name>fltud.obj</name>
      </input_file>
      <input_file id="fl-60">
         <path>F:\TI_CCS_7P4\ccsv7\tools\compiler\c5500_4.4.1\lib\</path>
         <kind>archive</kind>
         <file>rts55x.lib</file>
         <name>fltuld.obj</name>
      </input_file>
      <input_file id="fl-61">
         <path>F:\TI_CCS_7P4\ccsv7\tools\compiler\c5500_4.4.1\lib\</path>
         <kind>archive</kind>
         <file>rts55x.lib</file>
         <name>frcmpyd_div.obj</name>
      </input_file>
      <input_file id="fl-62">
         <path>F:\TI_CCS_7P4\ccsv7\tools\compiler\c5500_4.4.1\lib\</path>
         <kind>archive</kind>
         <file>rts55x.lib</file>
         <name>lmpy.obj</name>
      </input_file>
      <input_file id="fl-63">
         <path>F:\TI_CCS_7P4\ccsv7\tools\compiler\c5500_4.4.1\lib\</path>
         <kind>archive</kind>
         <file>rts55x.lib</file>
         <name>memcpy.obj</name>
      </input_file>
      <input_file id="fl-64">
         <path>F:\TI_CCS_7P4\ccsv7\tools\compiler\c5500_4.4.1\lib\</path>
         <kind>archive</kind>
         <file>rts55x.lib</file>
         <name>memset.obj</name>
      </input_file>
      <input_file id="fl-65">
         <path>F:\TI_CCS_7P4\ccsv7\tools\compiler\c5500_4.4.1\lib\</path>
         <kind>archive</kind>
         <file>rts55x.lib</file>
         <name>mpyd.obj</name>
      </input_file>
      <input_file id="fl-66">
         <path>F:\TI_CCS_7P4\ccsv7\tools\compiler\c5500_4.4.1\lib\</path>
         <kind>archive</kind>
         <file>rts55x.lib</file>
         <name>printf.obj</name>
      </input_file>
      <input_file id="fl-67">
         <path>F:\TI_CCS_7P4\ccsv7\tools\compiler\c5500_4.4.1\lib\</path>
         <kind>archive</kind>
         <file>rts55x.lib</file>
         <name>remul.obj</name>
      </input_file>
      <input_file id="fl-68">
         <path>F:\TI_CCS_7P4\ccsv7\tools\compiler\c5500_4.4.1\lib\</path>
         <kind>archive</kind>
         <file>rts55x.lib</file>
         <name>strlen.obj</name>
      </input_file>
      <input_file id="fl-69">
         <path>F:\TI_CCS_7P4\ccsv7\tools\compiler\c5500_4.4.1\lib\</path>
         <kind>archive</kind>
         <file>rts55x.lib</file>
         <name>strncpy.obj</name>
      </input_file>
      <input_file id="fl-6a">
         <path>F:\TI_CCS_7P4\ccsv7\tools\compiler\c5500_4.4.1\lib\</path>
         <kind>archive</kind>
         <file>rts55x.lib</file>
         <name>subd.obj</name>
      </input_file>
      <input_file id="fl-6b">
         <path>F:\TI_CCS_7P4\ccsv7\tools\compiler\c5500_4.4.1\lib\</path>
         <kind>archive</kind>
         <file>rts55x.lib</file>
         <name>udiv.obj</name>
      </input_file>
      <input_file id="fl-6c">
         <path>F:\TI_CCS_7P4\ccsv7\tools\compiler\c5500_4.4.1\lib\</path>
         <kind>archive</kind>
         <file>rts55x.lib</file>
         <name>vectors.obj</name>
      </input_file>
      <input_file id="fl-6d">
         <path>F:\TI_CCS_7P4\ccsv7\tools\compiler\c5500_4.4.1\lib\</path>
         <kind>archive</kind>
         <file>rts55x.lib</file>
         <name>_lock.obj</name>
      </input_file>
      <input_file id="fl-6e">
         <path>F:\TI_CCS_7P4\ccsv7\tools\compiler\c5500_4.4.1\lib\</path>
         <kind>archive</kind>
         <file>rts55x.lib</file>
         <name>_printfi.obj</name>
      </input_file>
      <input_file id="fl-6f">
         <path>F:\TI_CCS_7P4\ccsv7\tools\compiler\c5500_4.4.1\lib\</path>
         <kind>archive</kind>
         <file>rts55x.lib</file>
         <name>args_main.obj</name>
      </input_file>
      <input_file id="fl-70">
         <path>F:\TI_CCS_7P4\ccsv7\tools\compiler\c5500_4.4.1\lib\</path>
         <kind>archive</kind>
         <file>rts55x.lib</file>
         <name>atoi.obj</name>
      </input_file>
      <input_file id="fl-71">
         <path>F:\TI_CCS_7P4\ccsv7\tools\compiler\c5500_4.4.1\lib\</path>
         <kind>archive</kind>
         <file>rts55x.lib</file>
         <name>autoinit.obj</name>
      </input_file>
      <input_file id="fl-72">
         <path>F:\TI_CCS_7P4\ccsv7\tools\compiler\c5500_4.4.1\lib\</path>
         <kind>archive</kind>
         <file>rts55x.lib</file>
         <name>ctype.obj</name>
      </input_file>
      <input_file id="fl-73">
         <path>F:\TI_CCS_7P4\ccsv7\tools\compiler\c5500_4.4.1\lib\</path>
         <kind>archive</kind>
         <file>rts55x.lib</file>
         <name>defs.obj</name>
      </input_file>
      <input_file id="fl-74">
         <path>F:\TI_CCS_7P4\ccsv7\tools\compiler\c5500_4.4.1\lib\</path>
         <kind>archive</kind>
         <file>rts55x.lib</file>
         <name>fixdi.obj</name>
      </input_file>
      <input_file id="fl-75">
         <path>F:\TI_CCS_7P4\ccsv7\tools\compiler\c5500_4.4.1\lib\</path>
         <kind>archive</kind>
         <file>rts55x.lib</file>
         <name>fixdli.obj</name>
      </input_file>
      <input_file id="fl-76">
         <path>F:\TI_CCS_7P4\ccsv7\tools\compiler\c5500_4.4.1\lib\</path>
         <kind>archive</kind>
         <file>rts55x.lib</file>
         <name>fltlid.obj</name>
      </input_file>
      <input_file id="fl-77">
         <path>F:\TI_CCS_7P4\ccsv7\tools\compiler\c5500_4.4.1\lib\</path>
         <kind>archive</kind>
         <file>rts55x.lib</file>
         <name>fputc.obj</name>
      </input_file>
      <input_file id="fl-78">
         <path>F:\TI_CCS_7P4\ccsv7\tools\compiler\c5500_4.4.1\lib\</path>
         <kind>archive</kind>
         <file>rts55x.lib</file>
         <name>fputs.obj</name>
      </input_file>
      <input_file id="fl-79">
         <path>F:\TI_CCS_7P4\ccsv7\tools\compiler\c5500_4.4.1\lib\</path>
         <kind>archive</kind>
         <file>rts55x.lib</file>
         <name>frcmpyd.obj</name>
      </input_file>
      <input_file id="fl-7a">
         <path>F:\TI_CCS_7P4\ccsv7\tools\compiler\c5500_4.4.1\lib\</path>
         <kind>archive</kind>
         <file>rts55x.lib</file>
         <name>isinf.obj</name>
      </input_file>
      <input_file id="fl-7b">
         <path>F:\TI_CCS_7P4\ccsv7\tools\compiler\c5500_4.4.1\lib\</path>
         <kind>archive</kind>
         <file>rts55x.lib</file>
         <name>llmpy.obj</name>
      </input_file>
      <input_file id="fl-7c">
         <path>F:\TI_CCS_7P4\ccsv7\tools\compiler\c5500_4.4.1\lib\</path>
         <kind>archive</kind>
         <file>rts55x.lib</file>
         <name>lowlev.obj</name>
      </input_file>
      <input_file id="fl-7d">
         <path>F:\TI_CCS_7P4\ccsv7\tools\compiler\c5500_4.4.1\lib\</path>
         <kind>archive</kind>
         <file>rts55x.lib</file>
         <name>ltoa.obj</name>
      </input_file>
      <input_file id="fl-7e">
         <path>F:\TI_CCS_7P4\ccsv7\tools\compiler\c5500_4.4.1\lib\</path>
         <kind>archive</kind>
         <file>rts55x.lib</file>
         <name>memccpy.obj</name>
      </input_file>
      <input_file id="fl-7f">
         <path>F:\TI_CCS_7P4\ccsv7\tools\compiler\c5500_4.4.1\lib\</path>
         <kind>archive</kind>
         <file>rts55x.lib</file>
         <name>negd.obj</name>
      </input_file>
      <input_file id="fl-80">
         <path>F:\TI_CCS_7P4\ccsv7\tools\compiler\c5500_4.4.1\lib\</path>
         <kind>archive</kind>
         <file>rts55x.lib</file>
         <name>remli.obj</name>
      </input_file>
      <input_file id="fl-81">
         <path>F:\TI_CCS_7P4\ccsv7\tools\compiler\c5500_4.4.1\lib\</path>
         <kind>archive</kind>
         <file>rts55x.lib</file>
         <name>trgdrv.obj</name>
      </input_file>
      <input_file id="fl-82">
         <path>F:\TI_CCS_7P4\ccsv7\tools\compiler\c5500_4.4.1\lib\</path>
         <kind>archive</kind>
         <file>rts55x.lib</file>
         <name>trgmsg.obj</name>
      </input_file>
      <input_file id="fl-83">
         <path>F:\TI_CCS_7P4\ccsv7\tools\compiler\c5500_4.4.1\lib\</path>
         <kind>archive</kind>
         <file>rts55x.lib</file>
         <name>_io_perm.obj</name>
      </input_file>
      <input_file id="fl-84">
         <path>F:\TI_CCS_7P4\ccsv7\tools\compiler\c5500_4.4.1\lib\</path>
         <kind>archive</kind>
         <file>rts55x.lib</file>
         <name>fflush.obj</name>
      </input_file>
      <input_file id="fl-85">
         <path>F:\TI_CCS_7P4\ccsv7\tools\compiler\c5500_4.4.1\lib\</path>
         <kind>archive</kind>
         <file>rts55x.lib</file>
         <name>fseek.obj</name>
      </input_file>
      <input_file id="fl-86">
         <path>F:\TI_CCS_7P4\ccsv7\tools\compiler\c5500_4.4.1\lib\</path>
         <kind>archive</kind>
         <file>rts55x.lib</file>
         <name>setvbuf.obj</name>
      </input_file>
      <input_file id="fl-87">
         <path>F:\TI_CCS_7P4\ccsv7\tools\compiler\c5500_4.4.1\lib\</path>
         <kind>archive</kind>
         <file>rts55x.lib</file>
         <name>fopen.obj</name>
      </input_file>
      <input_file id="fl-88">
         <path>F:\TI_CCS_7P4\ccsv7\tools\compiler\c5500_4.4.1\lib\</path>
         <kind>archive</kind>
         <file>rts55x.lib</file>
         <name>memory.obj</name>
      </input_file>
      <input_file id="fl-89">
         <path>F:\TI_CCS_7P4\ccsv7\tools\compiler\c5500_4.4.1\lib\</path>
         <kind>archive</kind>
         <file>rts55x.lib</file>
         <name>fclose.obj</name>
      </input_file>
      <input_file id="fl-8a">
         <path>F:\TI_CCS_7P4\ccsv7\tools\compiler\c5500_4.4.1\lib\</path>
         <kind>archive</kind>
         <file>rts55x.lib</file>
         <name>remove.obj</name>
      </input_file>
   </input_file_list>
   <object_component_list>
      <object_component id="oc-114">
         <name>.text</name>
         <load_address>0x20000</load_address>
         <run_address>0x20000</run_address>
         <size>0x444f</size>
         <input_file_ref idref="fl-2a"/>
      </object_component>
      <object_component id="oc-120">
         <name>.text</name>
         <load_address>0x24450</load_address>
         <run_address>0x24450</run_address>
         <size>0x2b4f</size>
         <input_file_ref idref="fl-2c"/>
      </object_component>
      <object_component id="oc-139">
         <name>.text</name>
         <load_address>0x26fa0</load_address>
         <run_address>0x26fa0</run_address>
         <size>0x2a24</size>
         <input_file_ref idref="fl-31"/>
      </object_component>
      <object_component id="oc-149">
         <name>.text</name>
         <load_address>0x299c4</load_address>
         <run_address>0x299c4</run_address>
         <size>0x21d5</size>
         <input_file_ref idref="fl-34"/>
      </object_component>
      <object_component id="oc-1e7">
         <name>.text</name>
         <load_address>0x2bb99</load_address>
         <run_address>0x2bb99</run_address>
         <size>0x2</size>
         <input_file_ref idref="fl-6c"/>
      </object_component>
      <object_component id="oc-e4">
         <name>.text</name>
         <load_address>0x2bb9c</load_address>
         <run_address>0x2bb9c</run_address>
         <size>0x18ac</size>
         <input_file_ref idref="fl-21"/>
      </object_component>
      <object_component id="oc-1f1">
         <name>.text</name>
         <load_address>0x2d448</load_address>
         <run_address>0x2d448</run_address>
         <size>0x15a4</size>
         <input_file_ref idref="fl-6e"/>
      </object_component>
      <object_component id="oc-125">
         <name>.text</name>
         <load_address>0x2e9ec</load_address>
         <run_address>0x2e9ec</run_address>
         <size>0x11eb</size>
         <input_file_ref idref="fl-2d"/>
      </object_component>
      <object_component id="oc-a8">
         <name>.text</name>
         <load_address>0x2fbd8</load_address>
         <run_address>0x2fbd8</run_address>
         <size>0x1164</size>
         <input_file_ref idref="fl-17"/>
      </object_component>
      <object_component id="oc-144">
         <name>.text</name>
         <load_address>0x30d3c</load_address>
         <run_address>0x30d3c</run_address>
         <size>0x1106</size>
         <input_file_ref idref="fl-33"/>
      </object_component>
      <object_component id="oc-df">
         <name>.text</name>
         <load_address>0x31e44</load_address>
         <run_address>0x31e44</run_address>
         <size>0xdc1</size>
         <input_file_ref idref="fl-20"/>
      </object_component>
      <object_component id="oc-d4">
         <name>.text</name>
         <load_address>0x32c08</load_address>
         <run_address>0x32c08</run_address>
         <size>0xd74</size>
         <input_file_ref idref="fl-1e"/>
      </object_component>
      <object_component id="oc-d9">
         <name>.text</name>
         <load_address>0x3397c</load_address>
         <run_address>0x3397c</run_address>
         <size>0xc65</size>
         <input_file_ref idref="fl-1f"/>
      </object_component>
      <object_component id="oc-f3">
         <name>.text</name>
         <load_address>0x345e4</load_address>
         <run_address>0x345e4</run_address>
         <size>0xc4c</size>
         <input_file_ref idref="fl-24"/>
      </object_component>
      <object_component id="oc-119">
         <name>.text</name>
         <load_address>0x35230</load_address>
         <run_address>0x35230</run_address>
         <size>0xb3e</size>
         <input_file_ref idref="fl-2b"/>
      </object_component>
      <object_component id="oc-134">
         <name>.text</name>
         <load_address>0x35d70</load_address>
         <run_address>0x35d70</run_address>
         <size>0xb2b</size>
         <input_file_ref idref="fl-30"/>
      </object_component>
      <object_component id="oc-f9">
         <name>.text</name>
         <load_address>0x3689c</load_address>
         <run_address>0x3689c</run_address>
         <size>0x9e3</size>
         <input_file_ref idref="fl-25"/>
      </object_component>
      <object_component id="oc-a3">
         <name>.text</name>
         <load_address>0x37280</load_address>
         <run_address>0x37280</run_address>
         <size>0x9cb</size>
         <input_file_ref idref="fl-16"/>
      </object_component>
      <object_component id="oc-12f">
         <name>.text</name>
         <load_address>0x37c4c</load_address>
         <run_address>0x37c4c</run_address>
         <size>0x8b4</size>
         <input_file_ref idref="fl-2f"/>
      </object_component>
      <object_component id="oc-10a">
         <name>.text</name>
         <load_address>0x38500</load_address>
         <run_address>0x38500</run_address>
         <size>0x838</size>
         <input_file_ref idref="fl-28"/>
      </object_component>
      <object_component id="oc-c8">
         <name>.text</name>
         <load_address>0x38d38</load_address>
         <run_address>0x38d38</run_address>
         <size>0x81d</size>
         <input_file_ref idref="fl-1c"/>
      </object_component>
      <object_component id="oc-e9">
         <name>.text</name>
         <load_address>0x39558</load_address>
         <run_address>0x39558</run_address>
         <size>0x697</size>
         <input_file_ref idref="fl-22"/>
      </object_component>
      <object_component id="oc-13e">
         <name>.text</name>
         <load_address>0x39bf0</load_address>
         <run_address>0x39bf0</run_address>
         <size>0x5bb</size>
         <input_file_ref idref="fl-32"/>
      </object_component>
      <object_component id="oc-22b">
         <name>.text</name>
         <load_address>0x3a1ab</load_address>
         <run_address>0x3a1ab</run_address>
         <size>0x543</size>
         <input_file_ref idref="fl-7c"/>
      </object_component>
      <object_component id="oc-100">
         <name>.text</name>
         <load_address>0x3a6f0</load_address>
         <run_address>0x3a6f0</run_address>
         <size>0x538</size>
         <input_file_ref idref="fl-26"/>
      </object_component>
      <object_component id="oc-241">
         <name>.text</name>
         <load_address>0x3ac28</load_address>
         <run_address>0x3ac28</run_address>
         <size>0x528</size>
         <input_file_ref idref="fl-81"/>
      </object_component>
      <object_component id="oc-70">
         <name>.text</name>
         <load_address>0x3b150</load_address>
         <run_address>0x3b150</run_address>
         <size>0x4e6</size>
         <input_file_ref idref="fl-f"/>
      </object_component>
      <object_component id="oc-48">
         <name>.text</name>
         <load_address>0x3b638</load_address>
         <run_address>0x3b638</run_address>
         <size>0x4db</size>
         <input_file_ref idref="fl-a"/>
      </object_component>
      <object_component id="oc-180">
         <name>.text</name>
         <load_address>0x3bb14</load_address>
         <run_address>0x3bb14</run_address>
         <size>0x4d5</size>
         <input_file_ref idref="fl-3e"/>
      </object_component>
      <object_component id="oc-262">
         <name>.text</name>
         <load_address>0x3bfe9</load_address>
         <run_address>0x3bfe9</run_address>
         <size>0x4b5</size>
         <input_file_ref idref="fl-88"/>
      </object_component>
      <object_component id="oc-40">
         <name>.text</name>
         <load_address>0x3c4a0</load_address>
         <run_address>0x3c4a0</run_address>
         <size>0x446</size>
         <input_file_ref idref="fl-9"/>
      </object_component>
      <object_component id="oc-97">
         <name>.text</name>
         <load_address>0x3c8e8</load_address>
         <run_address>0x3c8e8</run_address>
         <size>0x42f</size>
         <input_file_ref idref="fl-14"/>
      </object_component>
      <object_component id="oc-90">
         <name>.text</name>
         <load_address>0x3cd18</load_address>
         <run_address>0x3cd18</run_address>
         <size>0x3f5</size>
         <input_file_ref idref="fl-13"/>
      </object_component>
      <object_component id="oc-b7">
         <name>.text</name>
         <load_address>0x3d110</load_address>
         <run_address>0x3d110</run_address>
         <size>0x3d9</size>
         <input_file_ref idref="fl-19"/>
      </object_component>
      <object_component id="oc-19f">
         <name>.text</name>
         <load_address>0x3d4e9</load_address>
         <run_address>0x3d4e9</run_address>
         <size>0x3cc</size>
         <input_file_ref idref="fl-5b"/>
      </object_component>
      <object_component id="oc-187">
         <name>.text</name>
         <load_address>0x3d8b8</load_address>
         <run_address>0x3d8b8</run_address>
         <size>0x3c2</size>
         <input_file_ref idref="fl-3f"/>
      </object_component>
      <object_component id="oc-10f">
         <name>.text</name>
         <load_address>0x3dc7c</load_address>
         <run_address>0x3dc7c</run_address>
         <size>0x345</size>
         <input_file_ref idref="fl-29"/>
      </object_component>
      <object_component id="oc-60">
         <name>.text</name>
         <load_address>0x3dfc4</load_address>
         <run_address>0x3dfc4</run_address>
         <size>0x343</size>
         <input_file_ref idref="fl-d"/>
      </object_component>
      <object_component id="oc-81">
         <name>.text</name>
         <load_address>0x3e308</load_address>
         <run_address>0x3e308</run_address>
         <size>0x30c</size>
         <input_file_ref idref="fl-11"/>
      </object_component>
      <object_component id="oc-ee">
         <name>.text</name>
         <load_address>0x3e614</load_address>
         <run_address>0x3e614</run_address>
         <size>0x2f7</size>
         <input_file_ref idref="fl-23"/>
      </object_component>
      <object_component id="oc-12">
         <name>.text</name>
         <load_address>0x3e90b</load_address>
         <run_address>0x3e90b</run_address>
         <size>0x2ef</size>
         <input_file_ref idref="fl-2"/>
      </object_component>
      <object_component id="oc-12a">
         <name>.text</name>
         <load_address>0x3ebfc</load_address>
         <run_address>0x3ebfc</run_address>
         <size>0x2ac</size>
         <input_file_ref idref="fl-2e"/>
      </object_component>
      <object_component id="oc-24">
         <name>.text</name>
         <load_address>0x3eea8</load_address>
         <run_address>0x3eea8</run_address>
         <size>0x298</size>
         <input_file_ref idref="fl-5"/>
      </object_component>
      <object_component id="oc-50">
         <name>.text</name>
         <load_address>0x3f140</load_address>
         <run_address>0x3f140</run_address>
         <size>0x297</size>
         <input_file_ref idref="fl-b"/>
      </object_component>
      <object_component id="oc-25c">
         <name>.text</name>
         <load_address>0x3f3d7</load_address>
         <run_address>0x3f3d7</run_address>
         <size>0x27f</size>
         <input_file_ref idref="fl-87"/>
      </object_component>
      <object_component id="oc-14f">
         <name>.text</name>
         <load_address>0x3f658</load_address>
         <run_address>0x3f658</run_address>
         <size>0x266</size>
         <input_file_ref idref="fl-35"/>
      </object_component>
      <object_component id="oc-227">
         <name>.text</name>
         <load_address>0x3f8be</load_address>
         <run_address>0x3f8be</run_address>
         <size>0x25e</size>
         <input_file_ref idref="fl-7b"/>
      </object_component>
      <object_component id="oc-193">
         <name>.text</name>
         <load_address>0x3fb1c</load_address>
         <run_address>0x3fb1c</run_address>
         <size>0x25a</size>
         <input_file_ref idref="fl-58"/>
      </object_component>
      <object_component id="oc-34">
         <name>.text:retain</name>
         <load_address>0x3fd78</load_address>
         <run_address>0x3fd78</run_address>
         <size>0x24b</size>
         <input_file_ref idref="fl-7"/>
      </object_component>
      <object_component id="oc-1db">
         <name>.text</name>
         <load_address>0x3ffc3</load_address>
         <run_address>0x3ffc3</run_address>
         <size>0x36</size>
         <input_file_ref idref="fl-69"/>
      </object_component>
      <object_component id="oc-16">
         <name>.text</name>
         <load_address>0x40990</load_address>
         <run_address>0x40990</run_address>
         <size>0x21e</size>
         <input_file_ref idref="fl-3"/>
      </object_component>
      <object_component id="oc-174">
         <name>.text</name>
         <load_address>0x40bb0</load_address>
         <run_address>0x40bb0</run_address>
         <size>0x1f7</size>
         <input_file_ref idref="fl-3c"/>
      </object_component>
      <object_component id="oc-19b">
         <name>.text</name>
         <load_address>0x40da7</load_address>
         <run_address>0x40da7</run_address>
         <size>0x1ea</size>
         <input_file_ref idref="fl-5a"/>
      </object_component>
      <object_component id="oc-38">
         <name>.text</name>
         <load_address>0x40f94</load_address>
         <run_address>0x40f94</run_address>
         <size>0x1c2</size>
         <input_file_ref idref="fl-8"/>
      </object_component>
      <object_component id="oc-b0">
         <name>.text</name>
         <load_address>0x41158</load_address>
         <run_address>0x41158</run_address>
         <size>0x1c0</size>
         <input_file_ref idref="fl-18"/>
      </object_component>
      <object_component id="oc-57">
         <name>.text</name>
         <load_address>0x41318</load_address>
         <run_address>0x41318</run_address>
         <size>0x1a6</size>
         <input_file_ref idref="fl-c"/>
      </object_component>
      <object_component id="oc-9e">
         <name>.text</name>
         <load_address>0x414c0</load_address>
         <run_address>0x414c0</run_address>
         <size>0x19b</size>
         <input_file_ref idref="fl-15"/>
      </object_component>
      <object_component id="oc-16f">
         <name>.text</name>
         <load_address>0x4165c</load_address>
         <run_address>0x4165c</run_address>
         <size>0x195</size>
         <input_file_ref idref="fl-3b"/>
      </object_component>
      <object_component id="oc-cd">
         <name>.text</name>
         <load_address>0x417f4</load_address>
         <run_address>0x417f4</run_address>
         <size>0x18b</size>
         <input_file_ref idref="fl-1d"/>
      </object_component>
      <object_component id="oc-179">
         <name>.text</name>
         <load_address>0x41980</load_address>
         <run_address>0x41980</run_address>
         <size>0x17c</size>
         <input_file_ref idref="fl-3d"/>
      </object_component>
      <object_component id="oc-21a">
         <name>.text</name>
         <load_address>0x41afc</load_address>
         <run_address>0x41afc</run_address>
         <size>0x163</size>
         <input_file_ref idref="fl-78"/>
      </object_component>
      <object_component id="oc-1cb">
         <name>.text</name>
         <load_address>0x41c5f</load_address>
         <run_address>0x41c5f</run_address>
         <size>0x14c</size>
         <input_file_ref idref="fl-65"/>
      </object_component>
      <object_component id="oc-169">
         <name>.text</name>
         <load_address>0x41dac</load_address>
         <run_address>0x41dac</run_address>
         <size>0x112</size>
         <input_file_ref idref="fl-3a"/>
      </object_component>
      <object_component id="oc-79">
         <name>.text</name>
         <load_address>0x41ec0</load_address>
         <run_address>0x41ec0</run_address>
         <size>0x110</size>
         <input_file_ref idref="fl-10"/>
      </object_component>
      <object_component id="oc-28">
         <name>.text</name>
         <load_address>0x41fd0</load_address>
         <run_address>0x41fd0</run_address>
         <size>0xfc</size>
         <input_file_ref idref="fl-6"/>
      </object_component>
      <object_component id="oc-258">
         <name>.text</name>
         <load_address>0x420cc</load_address>
         <run_address>0x420cc</run_address>
         <size>0xe6</size>
         <input_file_ref idref="fl-86"/>
      </object_component>
      <object_component id="oc-24c">
         <name>.text</name>
         <load_address>0x421b2</load_address>
         <run_address>0x421b2</run_address>
         <size>0xdd</size>
         <input_file_ref idref="fl-83"/>
      </object_component>
      <object_component id="oc-68">
         <name>.text</name>
         <load_address>0x42290</load_address>
         <run_address>0x42290</run_address>
         <size>0xc3</size>
         <input_file_ref idref="fl-e"/>
      </object_component>
      <object_component id="oc-250">
         <name>.text</name>
         <load_address>0x42353</load_address>
         <run_address>0x42353</run_address>
         <size>0xc2</size>
         <input_file_ref idref="fl-84"/>
      </object_component>
      <object_component id="oc-249">
         <name>.text:CIO_breakpoint</name>
         <load_address>0x42415</load_address>
         <run_address>0x42415</run_address>
         <size>0xba</size>
         <input_file_ref idref="fl-82"/>
      </object_component>
      <object_component id="oc-c2">
         <name>.text</name>
         <load_address>0x424d0</load_address>
         <run_address>0x424d0</run_address>
         <size>0xaf</size>
         <input_file_ref idref="fl-1b"/>
      </object_component>
      <object_component id="oc-216">
         <name>.text</name>
         <load_address>0x4257f</load_address>
         <run_address>0x4257f</run_address>
         <size>0xa6</size>
         <input_file_ref idref="fl-77"/>
      </object_component>
      <object_component id="oc-18d">
         <name>.text</name>
         <load_address>0x42628</load_address>
         <run_address>0x42628</run_address>
         <size>0xa2</size>
         <input_file_ref idref="fl-40"/>
      </object_component>
      <object_component id="oc-1a7">
         <name>.text</name>
         <load_address>0x426ca</load_address>
         <run_address>0x426ca</run_address>
         <size>0xa1</size>
         <input_file_ref idref="fl-5d"/>
      </object_component>
      <object_component id="oc-89">
         <name>.text</name>
         <load_address>0x4276c</load_address>
         <run_address>0x4276c</run_address>
         <size>0x9f</size>
         <input_file_ref idref="fl-12"/>
      </object_component>
      <object_component id="oc-164">
         <name>.text</name>
         <load_address>0x4280c</load_address>
         <run_address>0x4280c</run_address>
         <size>0x94</size>
         <input_file_ref idref="fl-39"/>
      </object_component>
      <object_component id="oc-bb">
         <name>.text</name>
         <load_address>0x428a0</load_address>
         <run_address>0x428a0</run_address>
         <size>0x92</size>
         <input_file_ref idref="fl-1a"/>
      </object_component>
      <object_component id="oc-106">
         <name>.text</name>
         <load_address>0x42932</load_address>
         <run_address>0x42932</run_address>
         <size>0x8c</size>
         <input_file_ref idref="fl-27"/>
      </object_component>
      <object_component id="oc-1d">
         <name>.text</name>
         <load_address>0x429c0</load_address>
         <run_address>0x429c0</run_address>
         <size>0x8c</size>
         <input_file_ref idref="fl-4"/>
      </object_component>
      <object_component id="oc-15e">
         <name>.text</name>
         <load_address>0x42a4c</load_address>
         <run_address>0x42a4c</run_address>
         <size>0x8a</size>
         <input_file_ref idref="fl-38"/>
      </object_component>
      <object_component id="oc-154">
         <name>.text</name>
         <load_address>0x42ad6</load_address>
         <run_address>0x42ad6</run_address>
         <size>0x7f</size>
         <input_file_ref idref="fl-36"/>
      </object_component>
      <object_component id="oc-231">
         <name>.text</name>
         <load_address>0x42b55</load_address>
         <run_address>0x42b55</run_address>
         <size>0x7d</size>
         <input_file_ref idref="fl-7d"/>
      </object_component>
      <object_component id="oc-269">
         <name>.text</name>
         <load_address>0x42bd2</load_address>
         <run_address>0x42bd2</run_address>
         <size>0x7b</size>
         <input_file_ref idref="fl-89"/>
      </object_component>
      <object_component id="oc-21f">
         <name>.text</name>
         <load_address>0x42c4d</load_address>
         <run_address>0x42c4d</run_address>
         <size>0x76</size>
         <input_file_ref idref="fl-79"/>
      </object_component>
      <object_component id="oc-1bb">
         <name>.text</name>
         <load_address>0x42cc3</load_address>
         <run_address>0x42cc3</run_address>
         <size>0x73</size>
         <input_file_ref idref="fl-61"/>
      </object_component>
      <object_component id="oc-1d3">
         <name>.text</name>
         <load_address>0x42d36</load_address>
         <run_address>0x42d36</run_address>
         <size>0x72</size>
         <input_file_ref idref="fl-67"/>
      </object_component>
      <object_component id="oc-20d">
         <name>.text</name>
         <load_address>0x42da8</load_address>
         <run_address>0x42da8</run_address>
         <size>0x6f</size>
         <input_file_ref idref="fl-75"/>
      </object_component>
      <object_component id="oc-246">
         <name>.text</name>
         <load_address>0x42e17</load_address>
         <run_address>0x42e17</run_address>
         <size>0x6d</size>
         <input_file_ref idref="fl-82"/>
      </object_component>
      <object_component id="oc-254">
         <name>.text</name>
         <load_address>0x42e84</load_address>
         <run_address>0x42e84</run_address>
         <size>0x6b</size>
         <input_file_ref idref="fl-85"/>
      </object_component>
      <object_component id="oc-211">
         <name>.text</name>
         <load_address>0x42eef</load_address>
         <run_address>0x42eef</run_address>
         <size>0x67</size>
         <input_file_ref idref="fl-76"/>
      </object_component>
      <object_component id="oc-1fb">
         <name>.text</name>
         <load_address>0x42f56</load_address>
         <run_address>0x42f56</run_address>
         <size>0x5c</size>
         <input_file_ref idref="fl-70"/>
      </object_component>
      <object_component id="oc-30">
         <name>.text</name>
         <load_address>0x42fb4</load_address>
         <run_address>0x42fb4</run_address>
         <size>0x5c</size>
         <input_file_ref idref="fl-7"/>
      </object_component>
      <object_component id="oc-1b6">
         <name>.text</name>
         <load_address>0x43010</load_address>
         <run_address>0x43010</run_address>
         <size>0x5b</size>
         <input_file_ref idref="fl-60"/>
      </object_component>
      <object_component id="oc-159">
         <name>.text</name>
         <load_address>0x4306c</load_address>
         <run_address>0x4306c</run_address>
         <size>0x56</size>
         <input_file_ref idref="fl-37"/>
      </object_component>
      <object_component id="oc-1cf">
         <name>.text</name>
         <load_address>0x430c2</load_address>
         <run_address>0x430c2</run_address>
         <size>0x50</size>
         <input_file_ref idref="fl-66"/>
      </object_component>
      <object_component id="oc-2c">
         <name>.text:retain</name>
         <load_address>0x43114</load_address>
         <run_address>0x43114</run_address>
         <size>0x4e</size>
         <input_file_ref idref="fl-6"/>
      </object_component>
      <object_component id="oc-1ff">
         <name>.text</name>
         <load_address>0x43162</load_address>
         <run_address>0x43162</run_address>
         <size>0x4d</size>
         <input_file_ref idref="fl-71"/>
      </object_component>
      <object_component id="oc-1f7">
         <name>.text</name>
         <load_address>0x431af</load_address>
         <run_address>0x431af</run_address>
         <size>0x4b</size>
         <input_file_ref idref="fl-6f"/>
      </object_component>
      <object_component id="oc-23d">
         <name>.text</name>
         <load_address>0x431fa</load_address>
         <run_address>0x431fa</run_address>
         <size>0x4b</size>
         <input_file_ref idref="fl-80"/>
      </object_component>
      <object_component id="oc-1a3">
         <name>.text</name>
         <load_address>0x43245</load_address>
         <run_address>0x43245</run_address>
         <size>0x48</size>
         <input_file_ref idref="fl-5c"/>
      </object_component>
      <object_component id="oc-1c3">
         <name>.text</name>
         <load_address>0x4328d</load_address>
         <run_address>0x4328d</run_address>
         <size>0x3f</size>
         <input_file_ref idref="fl-63"/>
      </object_component>
      <object_component id="oc-1ab">
         <name>.text</name>
         <load_address>0x432cc</load_address>
         <run_address>0x432cc</run_address>
         <size>0x3e</size>
         <input_file_ref idref="fl-5e"/>
      </object_component>
      <object_component id="oc-10">
         <name>.text</name>
         <load_address>0x4330a</load_address>
         <run_address>0x4330a</run_address>
         <size>0x34</size>
         <input_file_ref idref="fl-59"/>
      </object_component>
      <object_component id="oc-209">
         <name>.text</name>
         <load_address>0x4333e</load_address>
         <run_address>0x4333e</run_address>
         <size>0x2a</size>
         <input_file_ref idref="fl-74"/>
      </object_component>
      <object_component id="oc-1e3">
         <name>.text</name>
         <load_address>0x43368</load_address>
         <run_address>0x43368</run_address>
         <size>0x2a</size>
         <input_file_ref idref="fl-6b"/>
      </object_component>
      <object_component id="oc-235">
         <name>.text</name>
         <load_address>0x43392</load_address>
         <run_address>0x43392</run_address>
         <size>0x23</size>
         <input_file_ref idref="fl-7e"/>
      </object_component>
      <object_component id="oc-223">
         <name>.text</name>
         <load_address>0x433b5</load_address>
         <run_address>0x433b5</run_address>
         <size>0x1a</size>
         <input_file_ref idref="fl-7a"/>
      </object_component>
      <object_component id="oc-1df">
         <name>.text</name>
         <load_address>0x433cf</load_address>
         <run_address>0x433cf</run_address>
         <size>0x14</size>
         <input_file_ref idref="fl-6a"/>
      </object_component>
      <object_component id="oc-1bf">
         <name>.text</name>
         <load_address>0x433e3</load_address>
         <run_address>0x433e3</run_address>
         <size>0x13</size>
         <input_file_ref idref="fl-62"/>
      </object_component>
      <object_component id="oc-1eb">
         <name>.text</name>
         <load_address>0x433f6</load_address>
         <run_address>0x433f6</run_address>
         <size>0x12</size>
         <input_file_ref idref="fl-6d"/>
      </object_component>
      <object_component id="oc-1c7">
         <name>.text</name>
         <load_address>0x43408</load_address>
         <run_address>0x43408</run_address>
         <size>0x11</size>
         <input_file_ref idref="fl-64"/>
      </object_component>
      <object_component id="oc-1d7">
         <name>.text</name>
         <load_address>0x43419</load_address>
         <run_address>0x43419</run_address>
         <size>0x11</size>
         <input_file_ref idref="fl-68"/>
      </object_component>
      <object_component id="oc-239">
         <name>.text</name>
         <load_address>0x4342a</load_address>
         <run_address>0x4342a</run_address>
         <size>0x10</size>
         <input_file_ref idref="fl-7f"/>
      </object_component>
      <object_component id="oc-1b2">
         <name>.text</name>
         <load_address>0x4343a</load_address>
         <run_address>0x4343a</run_address>
         <size>0xe</size>
         <input_file_ref idref="fl-5f"/>
      </object_component>
      <object_component id="oc-26d">
         <name>.text</name>
         <load_address>0x43448</load_address>
         <run_address>0x43448</run_address>
         <size>0xa</size>
         <input_file_ref idref="fl-8a"/>
      </object_component>
      <object_component id="oc-1af">
         <name>.text:CIO_breakpoint</name>
         <load_address>0x43452</load_address>
         <run_address>0x43452</run_address>
         <size>0x7</size>
         <input_file_ref idref="fl-5e"/>
      </object_component>
      <object_component id="oc-197">
         <name>.stack</name>
         <uninitialized>true</uninitialized>
         <run_address>0xc0</run_address>
         <size>0x0</size>
         <input_file_ref idref="fl-59"/>
      </object_component>
      <object_component id="oc-294">
         <name>.stack</name>
         <uninitialized>true</uninitialized>
         <run_address>0xc0</run_address>
         <size>0x0</size>
      </object_component>
      <object_component id="oc-271">
         <name>.sysstack</name>
         <uninitialized>true</uninitialized>
         <run_address>0x20c0</run_address>
         <size>0x0</size>
         <input_file_ref idref="fl-59"/>
      </object_component>
      <object_component id="oc-296">
         <name>.sysstack</name>
         <uninitialized>true</uninitialized>
         <run_address>0x20c0</run_address>
         <size>0x0</size>
      </object_component>
      <object_component id="oc-bc">
         <name>.bss</name>
         <uninitialized>true</uninitialized>
         <run_address>0x30c0</run_address>
         <size>0x2712</size>
         <input_file_ref idref="fl-1a"/>
      </object_component>
      <object_component id="oc-13f">
         <name>.bss</name>
         <uninitialized>true</uninitialized>
         <run_address>0x57d2</run_address>
         <size>0x6</size>
         <input_file_ref idref="fl-32"/>
      </object_component>
      <object_component id="oc-11a">
         <name>.bss</name>
         <uninitialized>true</uninitialized>
         <run_address>0x57d8</run_address>
         <size>0xa1a</size>
         <input_file_ref idref="fl-2b"/>
      </object_component>
      <object_component id="oc-c3">
         <name>.bss</name>
         <uninitialized>true</uninitialized>
         <run_address>0x61f2</run_address>
         <size>0x800</size>
         <input_file_ref idref="fl-1b"/>
      </object_component>
      <object_component id="oc-ce">
         <name>.bss</name>
         <uninitialized>true</uninitialized>
         <run_address>0x69f2</run_address>
         <size>0x400</size>
         <input_file_ref idref="fl-1d"/>
      </object_component>
      <object_component id="oc-69">
         <name>.bss</name>
         <uninitialized>true</uninitialized>
         <run_address>0x6df2</run_address>
         <size>0x2</size>
         <input_file_ref idref="fl-e"/>
      </object_component>
      <object_component id="oc-14a">
         <name>.bss</name>
         <uninitialized>true</uninitialized>
         <run_address>0x6df4</run_address>
         <size>0x37c</size>
         <input_file_ref idref="fl-34"/>
      </object_component>
      <object_component id="oc-17">
         <name>.bss</name>
         <uninitialized>true</uninitialized>
         <run_address>0x7170</run_address>
         <size>0x248</size>
         <input_file_ref idref="fl-3"/>
      </object_component>
      <object_component id="oc-205">
         <name>.bss</name>
         <uninitialized>true</uninitialized>
         <run_address>0x73b8</run_address>
         <size>0x232</size>
         <input_file_ref idref="fl-73"/>
      </object_component>
      <object_component id="oc-7a">
         <name>.bss</name>
         <uninitialized>true</uninitialized>
         <run_address>0x75ea</run_address>
         <size>0x2</size>
         <input_file_ref idref="fl-10"/>
      </object_component>
      <object_component id="oc-188">
         <name>.bss</name>
         <uninitialized>true</uninitialized>
         <run_address>0x75ec</run_address>
         <size>0x224</size>
         <input_file_ref idref="fl-3f"/>
      </object_component>
      <object_component id="oc-242">
         <name>.bss</name>
         <uninitialized>true</uninitialized>
         <run_address>0x7810</run_address>
         <size>0x1a0</size>
         <input_file_ref idref="fl-81"/>
      </object_component>
      <object_component id="oc-181">
         <name>.bss</name>
         <uninitialized>true</uninitialized>
         <run_address>0x79b0</run_address>
         <size>0x12a</size>
         <input_file_ref idref="fl-3e"/>
      </object_component>
      <object_component id="oc-25d">
         <name>.bss</name>
         <uninitialized>true</uninitialized>
         <run_address>0x7ada</run_address>
         <size>0x2</size>
         <input_file_ref idref="fl-87"/>
      </object_component>
      <object_component id="oc-101">
         <name>.bss</name>
         <uninitialized>true</uninitialized>
         <run_address>0x7adc</run_address>
         <size>0x108</size>
         <input_file_ref idref="fl-26"/>
      </object_component>
      <object_component id="oc-22c">
         <name>.bss</name>
         <uninitialized>true</uninitialized>
         <run_address>0x7be4</run_address>
         <size>0xe2</size>
         <input_file_ref idref="fl-7c"/>
      </object_component>
      <object_component id="oc-a9">
         <name>.bss</name>
         <uninitialized>true</uninitialized>
         <run_address>0x7cc8</run_address>
         <size>0xde</size>
         <input_file_ref idref="fl-17"/>
      </object_component>
      <object_component id="oc-1e">
         <name>.bss</name>
         <uninitialized>true</uninitialized>
         <run_address>0x7da6</run_address>
         <size>0xc2</size>
         <input_file_ref idref="fl-4"/>
      </object_component>
      <object_component id="oc-98">
         <name>.bss</name>
         <uninitialized>true</uninitialized>
         <run_address>0x7e68</run_address>
         <size>0x78</size>
         <input_file_ref idref="fl-14"/>
      </object_component>
      <object_component id="oc-fa">
         <name>.bss</name>
         <uninitialized>true</uninitialized>
         <run_address>0x7ee0</run_address>
         <size>0x54</size>
         <input_file_ref idref="fl-25"/>
      </object_component>
      <object_component id="oc-b1">
         <name>.bss</name>
         <uninitialized>true</uninitialized>
         <run_address>0x7f34</run_address>
         <size>0x30</size>
         <input_file_ref idref="fl-18"/>
      </object_component>
      <object_component id="oc-51">
         <name>.bss</name>
         <uninitialized>true</uninitialized>
         <run_address>0x7f64</run_address>
         <size>0x2e</size>
         <input_file_ref idref="fl-b"/>
      </object_component>
      <object_component id="oc-18e">
         <name>.bss</name>
         <uninitialized>true</uninitialized>
         <run_address>0x7f94</run_address>
         <size>0x2c</size>
         <input_file_ref idref="fl-40"/>
      </object_component>
      <object_component id="oc-29">
         <name>.bss</name>
         <uninitialized>true</uninitialized>
         <run_address>0x7fc0</run_address>
         <size>0x28</size>
         <input_file_ref idref="fl-6"/>
      </object_component>
      <object_component id="oc-f4">
         <name>.bss</name>
         <uninitialized>true</uninitialized>
         <run_address>0x7fe8</run_address>
         <size>0x24</size>
         <input_file_ref idref="fl-24"/>
      </object_component>
      <object_component id="oc-61">
         <name>.bss</name>
         <uninitialized>true</uninitialized>
         <run_address>0x800c</run_address>
         <size>0x24</size>
         <input_file_ref idref="fl-d"/>
      </object_component>
      <object_component id="oc-71">
         <name>.bss</name>
         <uninitialized>true</uninitialized>
         <run_address>0x8030</run_address>
         <size>0x20</size>
         <input_file_ref idref="fl-f"/>
      </object_component>
      <object_component id="oc-41">
         <name>.bss</name>
         <uninitialized>true</uninitialized>
         <run_address>0x8050</run_address>
         <size>0x18</size>
         <input_file_ref idref="fl-9"/>
      </object_component>
      <object_component id="oc-49">
         <name>.bss</name>
         <uninitialized>true</uninitialized>
         <run_address>0x8068</run_address>
         <size>0x14</size>
         <input_file_ref idref="fl-a"/>
      </object_component>
      <object_component id="oc-82">
         <name>.bss</name>
         <uninitialized>true</uninitialized>
         <run_address>0x807c</run_address>
         <size>0x12</size>
         <input_file_ref idref="fl-11"/>
      </object_component>
      <object_component id="oc-17a">
         <name>.bss</name>
         <uninitialized>true</uninitialized>
         <run_address>0x8090</run_address>
         <size>0x10</size>
         <input_file_ref idref="fl-3d"/>
      </object_component>
      <object_component id="oc-58">
         <name>.bss</name>
         <uninitialized>true</uninitialized>
         <run_address>0x80a0</run_address>
         <size>0xc</size>
         <input_file_ref idref="fl-c"/>
      </object_component>
      <object_component id="oc-91">
         <name>.bss</name>
         <uninitialized>true</uninitialized>
         <run_address>0x80ac</run_address>
         <size>0xc</size>
         <input_file_ref idref="fl-13"/>
      </object_component>
      <object_component id="oc-263">
         <name>.bss</name>
         <uninitialized>true</uninitialized>
         <run_address>0x80b8</run_address>
         <size>0xc</size>
         <input_file_ref idref="fl-88"/>
      </object_component>
      <object_component id="oc-39">
         <name>.bss</name>
         <uninitialized>true</uninitialized>
         <run_address>0x80c4</run_address>
         <size>0x8</size>
         <input_file_ref idref="fl-8"/>
      </object_component>
      <object_component id="oc-15f">
         <name>.bss</name>
         <uninitialized>true</uninitialized>
         <run_address>0x80cc</run_address>
         <size>0x8</size>
         <input_file_ref idref="fl-38"/>
      </object_component>
      <object_component id="oc-1ec">
         <name>.bss</name>
         <uninitialized>true</uninitialized>
         <run_address>0x80d4</run_address>
         <size>0x8</size>
         <input_file_ref idref="fl-6d"/>
      </object_component>
      <object_component id="oc-1ac">
         <name>.bss</name>
         <uninitialized>true</uninitialized>
         <run_address>0x80dc</run_address>
         <size>0x8</size>
         <input_file_ref idref="fl-5e"/>
      </object_component>
      <object_component id="oc-31">
         <name>.bss</name>
         <uninitialized>true</uninitialized>
         <run_address>0x80e4</run_address>
         <size>0x6</size>
         <input_file_ref idref="fl-7"/>
      </object_component>
      <object_component id="oc-8a">
         <name>.bss</name>
         <uninitialized>true</uninitialized>
         <run_address>0x80ea</run_address>
         <size>0x4</size>
         <input_file_ref idref="fl-12"/>
      </object_component>
      <object_component id="oc-16a">
         <name>.bss</name>
         <uninitialized>true</uninitialized>
         <run_address>0x80f0</run_address>
         <size>0x4</size>
         <input_file_ref idref="fl-3a"/>
      </object_component>
      <object_component id="oc-183">
         <name>.const:.string</name>
         <load_address>0xa0f4</load_address>
         <run_address>0xa0f4</run_address>
         <size>0x68c</size>
         <input_file_ref idref="fl-3e"/>
      </object_component>
      <object_component id="oc-27c">
         <name>.const:__ctypes_</name>
         <load_address>0xa780</load_address>
         <run_address>0xa780</run_address>
         <size>0x202</size>
         <input_file_ref idref="fl-72"/>
      </object_component>
      <object_component id="oc-5b">
         <name>.const</name>
         <load_address>0xa982</load_address>
         <run_address>0xa982</run_address>
         <size>0x2</size>
         <input_file_ref idref="fl-c"/>
      </object_component>
      <object_component id="oc-db">
         <name>.const:.string</name>
         <load_address>0xa984</load_address>
         <run_address>0xa984</run_address>
         <size>0x102</size>
         <input_file_ref idref="fl-1f"/>
      </object_component>
      <object_component id="oc-d0">
         <name>.const:.string</name>
         <load_address>0xaa88</load_address>
         <run_address>0xaa88</run_address>
         <size>0xba</size>
         <input_file_ref idref="fl-1d"/>
      </object_component>
      <object_component id="oc-75">
         <name>.const:.string</name>
         <load_address>0xab44</load_address>
         <run_address>0xab44</run_address>
         <size>0x60</size>
         <input_file_ref idref="fl-f"/>
      </object_component>
      <object_component id="oc-64">
         <name>.const:.string</name>
         <load_address>0xaba4</load_address>
         <run_address>0xaba4</run_address>
         <size>0x50</size>
         <input_file_ref idref="fl-d"/>
      </object_component>
      <object_component id="oc-1f4">
         <name>.const:.string</name>
         <load_address>0xabf4</load_address>
         <run_address>0xabf4</run_address>
         <size>0x48</size>
         <input_file_ref idref="fl-6e"/>
      </object_component>
      <object_component id="oc-85">
         <name>.const:.string</name>
         <load_address>0xac3c</load_address>
         <run_address>0xac3c</run_address>
         <size>0x40</size>
         <input_file_ref idref="fl-11"/>
      </object_component>
      <object_component id="oc-44">
         <name>.const:.string</name>
         <load_address>0xac7c</load_address>
         <run_address>0xac7c</run_address>
         <size>0x36</size>
         <input_file_ref idref="fl-9"/>
      </object_component>
      <object_component id="oc-5c">
         <name>.const:.string</name>
         <load_address>0xacb4</load_address>
         <run_address>0xacb4</run_address>
         <size>0x30</size>
         <input_file_ref idref="fl-c"/>
      </object_component>
      <object_component id="oc-74">
         <name>.const</name>
         <load_address>0xace4</load_address>
         <run_address>0xace4</run_address>
         <size>0x28</size>
         <input_file_ref idref="fl-f"/>
      </object_component>
      <object_component id="oc-3c">
         <name>.const:.string</name>
         <load_address>0xad0c</load_address>
         <run_address>0xad0c</run_address>
         <size>0x20</size>
         <input_file_ref idref="fl-8"/>
      </object_component>
      <object_component id="oc-4c">
         <name>.const:.string</name>
         <load_address>0xad2c</load_address>
         <run_address>0xad2c</run_address>
         <size>0x1e</size>
         <input_file_ref idref="fl-a"/>
      </object_component>
      <object_component id="oc-1f3">
         <name>.const</name>
         <load_address>0xad4c</load_address>
         <run_address>0xad4c</run_address>
         <size>0x18</size>
         <input_file_ref idref="fl-6e"/>
      </object_component>
      <object_component id="oc-7d">
         <name>.const:.string</name>
         <load_address>0xad64</load_address>
         <run_address>0xad64</run_address>
         <size>0x10</size>
         <input_file_ref idref="fl-10"/>
      </object_component>
      <object_component id="oc-27b">
         <name>.const:_initial_approx$1</name>
         <load_address>0xad74</load_address>
         <run_address>0xad74</run_address>
         <size>0x10</size>
         <input_file_ref idref="fl-5b"/>
      </object_component>
      <object_component id="oc-6c">
         <name>.const:.string</name>
         <load_address>0xad84</load_address>
         <run_address>0xad84</run_address>
         <size>0xa</size>
         <input_file_ref idref="fl-e"/>
      </object_component>
      <object_component id="oc-ac">
         <name>.const:.string</name>
         <load_address>0xad90</load_address>
         <run_address>0xad90</run_address>
         <size>0xa</size>
         <input_file_ref idref="fl-17"/>
      </object_component>
      <object_component id="oc-273">
         <name>.const:_$P$T0$2</name>
         <load_address>0xad9a</load_address>
         <run_address>0xad9a</run_address>
         <size>0x8</size>
         <input_file_ref idref="fl-13"/>
      </object_component>
      <object_component id="oc-21c">
         <name>.const:.string</name>
         <load_address>0xada4</load_address>
         <run_address>0xada4</run_address>
         <size>0x4</size>
         <input_file_ref idref="fl-78"/>
      </object_component>
      <object_component id="oc-213">
         <name>.const</name>
         <load_address>0xada8</load_address>
         <run_address>0xada8</run_address>
         <size>0x4</size>
         <input_file_ref idref="fl-76"/>
      </object_component>
      <object_component id="oc-1b8">
         <name>.const</name>
         <load_address>0xadac</load_address>
         <run_address>0xadac</run_address>
         <size>0x4</size>
         <input_file_ref idref="fl-60"/>
      </object_component>
      <object_component id="oc-266">
         <name>.sysmem</name>
         <uninitialized>true</uninitialized>
         <run_address>0x80f4</run_address>
         <size>0x0</size>
         <input_file_ref idref="fl-88"/>
      </object_component>
      <object_component id="oc-295">
         <name>.sysmem</name>
         <uninitialized>true</uninitialized>
         <run_address>0x80f4</run_address>
         <size>0x0</size>
      </object_component>
      <object_component id="oc-279">
         <name>.switch:_SDIO_eventDisable</name>
         <load_address>0x407d0</load_address>
         <run_address>0x407d0</run_address>
         <size>0x44</size>
         <input_file_ref idref="fl-31"/>
      </object_component>
      <object_component id="oc-278">
         <name>.switch:_SDIO_eventEnable</name>
         <load_address>0x40814</load_address>
         <run_address>0x40814</run_address>
         <size>0x44</size>
         <input_file_ref idref="fl-31"/>
      </object_component>
      <object_component id="oc-274">
         <name>.switch:_DMA_config</name>
         <load_address>0x40858</load_address>
         <run_address>0x40858</run_address>
         <size>0x40</size>
         <input_file_ref idref="fl-21"/>
      </object_component>
      <object_component id="oc-275">
         <name>.switch:_DMA_getConfig</name>
         <load_address>0x40898</load_address>
         <run_address>0x40898</run_address>
         <size>0x40</size>
         <input_file_ref idref="fl-21"/>
      </object_component>
      <object_component id="oc-276">
         <name>.switch:_DMA_reset</name>
         <load_address>0x408d8</load_address>
         <run_address>0x408d8</run_address>
         <size>0x40</size>
         <input_file_ref idref="fl-21"/>
      </object_component>
      <object_component id="oc-27a">
         <name>.switch:_USB_coreEventProcessEp0</name>
         <load_address>0x40918</load_address>
         <run_address>0x40918</run_address>
         <size>0x30</size>
         <input_file_ref idref="fl-34"/>
      </object_component>
      <object_component id="oc-272">
         <name>.switch:_NtoC</name>
         <load_address>0x40948</load_address>
         <run_address>0x40948</run_address>
         <size>0x28</size>
         <input_file_ref idref="fl-6"/>
      </object_component>
      <object_component id="oc-277">
         <name>.switch:_MSC_Bulk</name>
         <load_address>0x40970</load_address>
         <run_address>0x40970</run_address>
         <size>0x20</size>
         <input_file_ref idref="fl-2c"/>
      </object_component>
      <object_component id="oc-19">
         <name>.cinit</name>
         <load_address>0x40000</load_address>
         <run_address>0x40000</run_address>
         <size>0x1b8</size>
         <input_file_ref idref="fl-3"/>
      </object_component>
      <object_component id="oc-b3">
         <name>.cinit</name>
         <load_address>0x401b8</load_address>
         <run_address>0x401b8</run_address>
         <size>0xa8</size>
         <input_file_ref idref="fl-18"/>
      </object_component>
      <object_component id="oc-ab">
         <name>.cinit</name>
         <load_address>0x40260</load_address>
         <run_address>0x40260</run_address>
         <size>0x6c</size>
         <input_file_ref idref="fl-17"/>
      </object_component>
      <object_component id="oc-22e">
         <name>.cinit</name>
         <load_address>0x402cc</load_address>
         <run_address>0x402cc</run_address>
         <size>0x5a</size>
         <input_file_ref idref="fl-7c"/>
      </object_component>
      <object_component id="oc-207">
         <name>.cinit</name>
         <load_address>0x40326</load_address>
         <run_address>0x40326</run_address>
         <size>0x54</size>
         <input_file_ref idref="fl-73"/>
      </object_component>
      <object_component id="oc-63">
         <name>.cinit</name>
         <load_address>0x4037a</load_address>
         <run_address>0x4037a</run_address>
         <size>0x34</size>
         <input_file_ref idref="fl-d"/>
      </object_component>
      <object_component id="oc-9a">
         <name>.cinit</name>
         <load_address>0x403ae</load_address>
         <run_address>0x403ae</run_address>
         <size>0x2a</size>
         <input_file_ref idref="fl-14"/>
      </object_component>
      <object_component id="oc-11c">
         <name>.cinit</name>
         <load_address>0x403d8</load_address>
         <run_address>0x403d8</run_address>
         <size>0x2a</size>
         <input_file_ref idref="fl-2b"/>
      </object_component>
      <object_component id="oc-4b">
         <name>.cinit</name>
         <load_address>0x40402</load_address>
         <run_address>0x40402</run_address>
         <size>0x28</size>
         <input_file_ref idref="fl-a"/>
      </object_component>
      <object_component id="oc-93">
         <name>.cinit</name>
         <load_address>0x4042a</load_address>
         <run_address>0x4042a</run_address>
         <size>0x22</size>
         <input_file_ref idref="fl-13"/>
      </object_component>
      <object_component id="oc-43">
         <name>.cinit</name>
         <load_address>0x4044c</load_address>
         <run_address>0x4044c</run_address>
         <size>0x1c</size>
         <input_file_ref idref="fl-9"/>
      </object_component>
      <object_component id="oc-53">
         <name>.cinit</name>
         <load_address>0x40468</load_address>
         <run_address>0x40468</run_address>
         <size>0x18</size>
         <input_file_ref idref="fl-b"/>
      </object_component>
      <object_component id="oc-5a">
         <name>.cinit</name>
         <load_address>0x40480</load_address>
         <run_address>0x40480</run_address>
         <size>0x18</size>
         <input_file_ref idref="fl-c"/>
      </object_component>
      <object_component id="oc-17c">
         <name>.cinit</name>
         <load_address>0x40498</load_address>
         <run_address>0x40498</run_address>
         <size>0x18</size>
         <input_file_ref idref="fl-3d"/>
      </object_component>
      <object_component id="oc-84">
         <name>.cinit</name>
         <load_address>0x404b0</load_address>
         <run_address>0x404b0</run_address>
         <size>0x18</size>
         <input_file_ref idref="fl-11"/>
      </object_component>
      <object_component id="oc-33">
         <name>.cinit</name>
         <load_address>0x404c8</load_address>
         <run_address>0x404c8</run_address>
         <size>0x18</size>
         <input_file_ref idref="fl-7"/>
      </object_component>
      <object_component id="oc-1ee">
         <name>.cinit</name>
         <load_address>0x404e0</load_address>
         <run_address>0x404e0</run_address>
         <size>0x14</size>
         <input_file_ref idref="fl-6d"/>
      </object_component>
      <object_component id="oc-1ae">
         <name>.cinit</name>
         <load_address>0x404f4</load_address>
         <run_address>0x404f4</run_address>
         <size>0x14</size>
         <input_file_ref idref="fl-5e"/>
      </object_component>
      <object_component id="oc-8c">
         <name>.cinit</name>
         <load_address>0x40508</load_address>
         <run_address>0x40508</run_address>
         <size>0x10</size>
         <input_file_ref idref="fl-12"/>
      </object_component>
      <object_component id="oc-3b">
         <name>.cinit</name>
         <load_address>0x40518</load_address>
         <run_address>0x40518</run_address>
         <size>0x10</size>
         <input_file_ref idref="fl-8"/>
      </object_component>
      <object_component id="oc-fc">
         <name>.cinit</name>
         <load_address>0x40528</load_address>
         <run_address>0x40528</run_address>
         <size>0x10</size>
         <input_file_ref idref="fl-25"/>
      </object_component>
      <object_component id="oc-73">
         <name>.cinit</name>
         <load_address>0x40538</load_address>
         <run_address>0x40538</run_address>
         <size>0x10</size>
         <input_file_ref idref="fl-f"/>
      </object_component>
      <object_component id="oc-2b">
         <name>.cinit</name>
         <load_address>0x40548</load_address>
         <run_address>0x40548</run_address>
         <size>0x10</size>
         <input_file_ref idref="fl-6"/>
      </object_component>
      <object_component id="oc-6b">
         <name>.cinit</name>
         <load_address>0x40558</load_address>
         <run_address>0x40558</run_address>
         <size>0x8</size>
         <input_file_ref idref="fl-e"/>
      </object_component>
      <object_component id="oc-be">
         <name>.cinit</name>
         <load_address>0x40560</load_address>
         <run_address>0x40560</run_address>
         <size>0x8</size>
         <input_file_ref idref="fl-1a"/>
      </object_component>
      <object_component id="oc-20">
         <name>.cinit</name>
         <load_address>0x40568</load_address>
         <run_address>0x40568</run_address>
         <size>0x8</size>
         <input_file_ref idref="fl-4"/>
      </object_component>
      <object_component id="oc-7c">
         <name>.cinit</name>
         <load_address>0x40570</load_address>
         <run_address>0x40570</run_address>
         <size>0x8</size>
         <input_file_ref idref="fl-10"/>
      </object_component>
      <object_component id="oc-25f">
         <name>.cinit</name>
         <load_address>0x40578</load_address>
         <run_address>0x40578</run_address>
         <size>0x8</size>
         <input_file_ref idref="fl-87"/>
      </object_component>
      <object_component id="oc-265">
         <name>.cinit</name>
[...]
         <object_component_ref idref="oc-181"/>
      </symbol>
      <symbol id="sm-1c08">
         <name>_mmcCardObj</name>
         <value>0x7a34</value>
         <object_component_ref idref="oc-181"/>
      </symbol>
      <symbol id="sm-1c09">
         <name>_mmcStatus</name>
         <value>0x7ad8</value>
         <object_component_ref idref="oc-181"/>
      </symbol>
      <symbol id="sm-1c0a">
         <name>_cardAddr</name>
         <value>0x7ad4</value>
         <object_component_ref idref="oc-181"/>
      </symbol>
      <symbol id="sm-1c50">
         <name>_EZDSP5535_SPIFLASH_init</name>
         <value>0x3d8b8</value>
         <object_component_ref idref="oc-187"/>
      </symbol>
      <symbol id="sm-1c51">
         <name>_EZDSP5535_SPIFLASH_write</name>
         <value>0x3db14</value>
         <object_component_ref idref="oc-187"/>
      </symbol>
      <symbol id="sm-1c52">
         <name>_hSpi</name>
         <value>0x780c</value>
         <object_component_ref idref="oc-188"/>
      </symbol>
      <symbol id="sm-1c53">
         <name>_EZDSP5535_SPIFLASH_read</name>
         <value>0x3da64</value>
         <object_component_ref idref="oc-187"/>
      </symbol>
      <symbol id="sm-1c54">
         <name>_EZDSP5535_SPIFLASH_status</name>
         <value>0x3d91c</value>
         <object_component_ref idref="oc-187"/>
      </symbol>
      <symbol id="sm-1c55">
         <name>_EZDSP5535_SPIFLASH_erase</name>
         <value>0x3d960</value>
         <object_component_ref idref="oc-187"/>
      </symbol>
      <symbol id="sm-1c61">
         <name>_uartObj</name>
         <value>0x7f94</value>
         <object_component_ref idref="oc-18e"/>
      </symbol>
      <symbol id="sm-1c62">
         <name>_hUart</name>
         <value>0x7fbc</value>
         <object_component_ref idref="oc-18e"/>
      </symbol>
      <symbol id="sm-1c63">
         <name>_EZDSP5535_UART_open</name>
         <value>0x42628</value>
         <object_component_ref idref="oc-18d"/>
      </symbol>
      <symbol id="sm-1c64">
         <name>_EVM5515_UART_putChar</name>
         <value>0x42698</value>
         <object_component_ref idref="oc-18d"/>
      </symbol>
      <symbol id="sm-1c65">
         <name>_EVM5515_UART_getChar</name>
         <value>0x426b0</value>
         <object_component_ref idref="oc-18d"/>
      </symbol>
      <symbol id="sm-1c6f">
         <name>__addd</name>
         <value>0x3fb1c</value>
         <object_component_ref idref="oc-193"/>
      </symbol>
      <symbol id="sm-1c7b">
         <name>__sysstack</name>
         <value>0x20c0</value>
         <object_component_ref idref="oc-271"/>
      </symbol>
      <symbol id="sm-1c7c">
         <name>_c_int00</name>
         <value>0x4330a</value>
         <object_component_ref idref="oc-10"/>
      </symbol>
      <symbol id="sm-1c7d">
         <name>__stack</name>
         <value>0xc0</value>
         <object_component_ref idref="oc-197"/>
      </symbol>
      <symbol id="sm-1c87">
         <name>__eqld</name>
         <value>0x40f05</value>
         <object_component_ref idref="oc-19b"/>
      </symbol>
      <symbol id="sm-1c88">
         <name>__cmpd</name>
         <value>0x40f39</value>
         <object_component_ref idref="oc-19b"/>
      </symbol>
      <symbol id="sm-1c89">
         <name>__neqd</name>
         <value>0x40da7</value>
         <object_component_ref idref="oc-19b"/>
      </symbol>
      <symbol id="sm-1c8a">
         <name>__gtrd</name>
         <value>0x40e70</value>
         <object_component_ref idref="oc-19b"/>
      </symbol>
      <symbol id="sm-1c8b">
         <name>__geqd</name>
         <value>0x40ebb</value>
         <object_component_ref idref="oc-19b"/>
      </symbol>
      <symbol id="sm-1c8c">
         <name>__leqd</name>
         <value>0x40e23</value>
         <object_component_ref idref="oc-19b"/>
      </symbol>
      <symbol id="sm-1c8d">
         <name>__lssd</name>
         <value>0x40ddb</value>
         <object_component_ref idref="oc-19b"/>
      </symbol>
      <symbol id="sm-1c99">
         <name>__divd</name>
         <value>0x3d4e9</value>
         <object_component_ref idref="oc-19f"/>
      </symbol>
      <symbol id="sm-1ca3">
         <name>__divli</name>
         <value>0x43245</value>
         <object_component_ref idref="oc-1a3"/>
      </symbol>
      <symbol id="sm-1cae">
         <name>__divul</name>
         <value>0x426ca</value>
         <object_component_ref idref="oc-1a7"/>
      </symbol>
      <symbol id="sm-1cbe">
         <name>C$$EXIT</name>
         <value>0x43453</value>
         <object_component_ref idref="oc-1af"/>
      </symbol>
      <symbol id="sm-1cbf">
         <name>_exit</name>
         <value>0x432cc</value>
         <object_component_ref idref="oc-1ab"/>
      </symbol>
      <symbol id="sm-1cc0">
         <name>_abort</name>
         <value>0x43452</value>
         <object_component_ref idref="oc-1af"/>
      </symbol>
      <symbol id="sm-1cc1">
         <name>__cleanup_ptr</name>
         <value>0x80dc</value>
         <object_component_ref idref="oc-1ac"/>
      </symbol>
      <symbol id="sm-1cc2">
         <name>__dtors_ptr</name>
         <value>0x80e0</value>
         <object_component_ref idref="oc-1ac"/>
      </symbol>
      <symbol id="sm-1ccc">
         <name>__fltud</name>
         <value>0x4343a</value>
         <object_component_ref idref="oc-1b2"/>
      </symbol>
      <symbol id="sm-1cd8">
         <name>__fltuld</name>
         <value>0x43010</value>
         <object_component_ref idref="oc-1b6"/>
      </symbol>
      <symbol id="sm-1ce2">
         <name>__frcmpyd_div</name>
         <value>0x42cc3</value>
         <object_component_ref idref="oc-1bb"/>
      </symbol>
      <symbol id="sm-1cea">
         <name>__mpyli</name>
         <value>0x433e3</value>
         <object_component_ref idref="oc-1bf"/>
      </symbol>
      <symbol id="sm-1ceb">
         <name>I$$LMPY</name>
         <value>0x433e3</value>
         <object_component_ref idref="oc-1bf"/>
      </symbol>
      <symbol id="sm-1cf3">
         <name>_memcpy</name>
         <value>0x4328d</value>
         <object_component_ref idref="oc-1c3"/>
      </symbol>
      <symbol id="sm-1cfd">
         <name>_memset</name>
         <value>0x43408</value>
         <object_component_ref idref="oc-1c7"/>
      </symbol>
      <symbol id="sm-1d07">
         <name>__mpyd</name>
         <value>0x41c5f</value>
         <object_component_ref idref="oc-1cb"/>
      </symbol>
      <symbol id="sm-1d11">
         <name>_printf</name>
         <value>0x430c2</value>
         <object_component_ref idref="oc-1cf"/>
      </symbol>
      <symbol id="sm-1d1c">
         <name>__remul</name>
         <value>0x42d36</value>
         <object_component_ref idref="oc-1d3"/>
      </symbol>
      <symbol id="sm-1d26">
         <name>_strlen</name>
         <value>0x43419</value>
         <object_component_ref idref="oc-1d7"/>
      </symbol>
      <symbol id="sm-1d31">
         <name>_strncpy</name>
         <value>0x3ffc3</value>
         <object_component_ref idref="oc-1db"/>
      </symbol>
      <symbol id="sm-1d3b">
         <name>__subd</name>
         <value>0x433cf</value>
         <object_component_ref idref="oc-1df"/>
      </symbol>
      <symbol id="sm-1d43">
         <name>__remu</name>
         <value>0x4337d</value>
         <object_component_ref idref="oc-1e3"/>
      </symbol>
      <symbol id="sm-1d44">
         <name>__divu</name>
         <value>0x43368</value>
         <object_component_ref idref="oc-1e3"/>
      </symbol>
      <symbol id="sm-1d45">
         <name>I$$UMOD</name>
         <value>0x4337d</value>
         <object_component_ref idref="oc-1e3"/>
      </symbol>
      <symbol id="sm-1d46">
         <name>I$$UDIV</name>
         <value>0x43368</value>
         <object_component_ref idref="oc-1e3"/>
      </symbol>
      <symbol id="sm-1d50">
         <name>_Reset</name>
         <value>0x4fe00</value>
         <object_component_ref idref="oc-11"/>
      </symbol>
      <symbol id="sm-1d5e">
         <name>__unlock</name>
         <value>0x80d8</value>
         <object_component_ref idref="oc-1ec"/>
      </symbol>
      <symbol id="sm-1d5f">
         <name>__lock</name>
         <value>0x80d4</value>
         <object_component_ref idref="oc-1ec"/>
      </symbol>
      <symbol id="sm-1d60">
         <name>__register_lock</name>
         <value>0x433fe</value>
         <object_component_ref idref="oc-1eb"/>
      </symbol>
      <symbol id="sm-1d61">
         <name>__nop</name>
         <value>0x43406</value>
         <object_component_ref idref="oc-1eb"/>
      </symbol>
      <symbol id="sm-1d62">
         <name>__register_unlock</name>
         <value>0x433f6</value>
         <object_component_ref idref="oc-1eb"/>
      </symbol>
      <symbol id="sm-1d74">
         <name>__printfi</name>
         <value>0x2e7aa</value>
         <object_component_ref idref="oc-1f1"/>
      </symbol>
      <symbol id="sm-1d7e">
         <name>__args_main</name>
         <value>0x431af</value>
         <object_component_ref idref="oc-1f7"/>
      </symbol>
      <symbol id="sm-1d7f">
         <name>__TI_args_main</name>
         <value>0x1</value>
      </symbol>
      <symbol id="sm-1d89">
         <name>_atoi</name>
         <value>0x42f56</value>
         <object_component_ref idref="oc-1fb"/>
      </symbol>
      <symbol id="sm-1d91">
         <name>_auto_init</name>
         <value>0x43162</value>
         <object_component_ref idref="oc-1ff"/>
      </symbol>
      <symbol id="sm-1d99">
         <name>__ctypes_</name>
         <value>0xa780</value>
         <object_component_ref idref="oc-27c"/>
      </symbol>
      <symbol id="sm-1da3">
         <name>__tmpnams</name>
         <value>0x74a8</value>
         <object_component_ref idref="oc-205"/>
      </symbol>
      <symbol id="sm-1da4">
         <name>__ft_end</name>
         <value>0x75e8</value>
         <object_component_ref idref="oc-205"/>
      </symbol>
      <symbol id="sm-1da5">
         <name>__ftable</name>
         <value>0x73b8</value>
         <object_component_ref idref="oc-205"/>
      </symbol>
      <symbol id="sm-1daf">
         <name>__fixdi</name>
         <value>0x4333e</value>
         <object_component_ref idref="oc-209"/>
      </symbol>
      <symbol id="sm-1db9">
         <name>__fixdli</name>
         <value>0x42da8</value>
         <object_component_ref idref="oc-20d"/>
      </symbol>
      <symbol id="sm-1dc5">
         <name>__fltlid</name>
         <value>0x42eef</value>
         <object_component_ref idref="oc-211"/>
      </symbol>
      <symbol id="sm-1dcf">
         <name>_putchar</name>
         <value>0x42616</value>
         <object_component_ref idref="oc-216"/>
      </symbol>
      <symbol id="sm-1dd0">
         <name>_putc</name>
         <value>0x4257f</value>
         <object_component_ref idref="oc-216"/>
      </symbol>
      <symbol id="sm-1dd1">
         <name>_fputc</name>
         <value>0x4257f</value>
         <object_component_ref idref="oc-216"/>
      </symbol>
      <symbol id="sm-1ddf">
         <name>_puts</name>
         <value>0x41c31</value>
         <object_component_ref idref="oc-21a"/>
      </symbol>
      <symbol id="sm-1de0">
         <name>_fputs</name>
         <value>0x41afc</value>
         <object_component_ref idref="oc-21a"/>
      </symbol>
      <symbol id="sm-1dea">
         <name>__frcmpyd</name>
         <value>0x42c4d</value>
         <object_component_ref idref="oc-21f"/>
      </symbol>
      <symbol id="sm-1df4">
         <name>___isinf</name>
         <value>0x433b5</value>
         <object_component_ref idref="oc-223"/>
      </symbol>
      <symbol id="sm-1dfe">
         <name>__divull</name>
         <value>0x3f9f3</value>
         <object_component_ref idref="oc-227"/>
      </symbol>
      <symbol id="sm-1dff">
         <name>__mpylli</name>
         <value>0x3f93b</value>
         <object_component_ref idref="oc-227"/>
      </symbol>
      <symbol id="sm-1e00">
         <name>__remlli</name>
         <value>0x3f90c</value>
         <object_component_ref idref="oc-227"/>
      </symbol>
      <symbol id="sm-1e01">
         <name>__divlli</name>
         <value>0x3fae7</value>
         <object_component_ref idref="oc-227"/>
      </symbol>
      <symbol id="sm-1e02">
         <name>__remull</name>
         <value>0x3f8be</value>
         <object_component_ref idref="oc-227"/>
      </symbol>
      <symbol id="sm-1e14">
         <name>_add_device</name>
         <value>0x3a5fe</value>
         <object_component_ref idref="oc-22b"/>
      </symbol>
      <symbol id="sm-1e15">
         <name>_rename</name>
         <value>0x3a320</value>
         <object_component_ref idref="oc-22b"/>
      </symbol>
      <symbol id="sm-1e16">
         <name>_read</name>
         <value>0x3a3af</value>
         <object_component_ref idref="oc-22b"/>
      </symbol>
      <symbol id="sm-1e17">
         <name>_unlink</name>
         <value>0x3a2ed</value>
         <object_component_ref idref="oc-22b"/>
      </symbol>
      <symbol id="sm-1e18">
         <name>_remove_device</name>
         <value>0x3a379</value>
         <object_component_ref idref="oc-22b"/>
      </symbol>
      <symbol id="sm-1e19">
         <name>_open</name>
         <value>0x3a45d</value>
         <object_component_ref idref="oc-22b"/>
      </symbol>
      <symbol id="sm-1e1a">
         <name>_find_registered_device</name>
         <value>0x3a582</value>
         <object_component_ref idref="oc-22b"/>
      </symbol>
      <symbol id="sm-1e1b">
         <name>_lseek</name>
         <value>0x3a51c</value>
         <object_component_ref idref="oc-22b"/>
      </symbol>
      <symbol id="sm-1e1c">
         <name>_close</name>
         <value>0x3a58b</value>
         <object_component_ref idref="oc-22b"/>
      </symbol>
      <symbol id="sm-1e1d">
         <name>_write</name>
         <value>0x3a1ab</value>
         <object_component_ref idref="oc-22b"/>
      </symbol>
      <symbol id="sm-1e27">
         <name>_ltoa</name>
         <value>0x42b55</value>
         <object_component_ref idref="oc-231"/>
      </symbol>
      <symbol id="sm-1e32">
         <name>_memccpy</name>
         <value>0x43392</value>
         <object_component_ref idref="oc-235"/>
      </symbol>
      <symbol id="sm-1e3c">
         <name>__negd</name>
         <value>0x4342a</value>
         <object_component_ref idref="oc-239"/>
      </symbol>
      <symbol id="sm-1e46">
         <name>__remli</name>
         <value>0x431fa</value>
         <object_component_ref idref="oc-23d"/>
      </symbol>
      <symbol id="sm-1e52">
         <name>_HOSTopen</name>
         <value>0x3af33</value>
         <object_component_ref idref="oc-241"/>
      </symbol>
      <symbol id="sm-1e53">
         <name>_HOSTread</name>
         <value>0x3aea6</value>
         <object_component_ref idref="oc-241"/>
      </symbol>
      <symbol id="sm-1e54">
         <name>_HOSTtime</name>
         <value>0x3ad9a</value>
         <object_component_ref idref="oc-241"/>
      </symbol>
      <symbol id="sm-1e55">
         <name>_getenv</name>
         <value>0x3ac28</value>
         <object_component_ref idref="oc-241"/>
      </symbol>
      <symbol id="sm-1e56">
         <name>_HOSTrename</name>
         <value>0x3adf8</value>
         <object_component_ref idref="oc-241"/>
      </symbol>
      <symbol id="sm-1e57">
         <name>_HOSTclock</name>
         <value>0x3b0f2</value>
         <object_component_ref idref="oc-241"/>
      </symbol>
      <symbol id="sm-1e58">
         <name>_HOSTwrite</name>
         <value>0x3aca3</value>
         <object_component_ref idref="oc-241"/>
      </symbol>
      <symbol id="sm-1e59">
         <name>_HOSTlseek</name>
         <value>0x3afd2</value>
         <object_component_ref idref="oc-241"/>
      </symbol>
      <symbol id="sm-1e5a">
         <name>_HOSTunlink</name>
         <value>0x3ad30</value>
         <object_component_ref idref="oc-241"/>
      </symbol>
      <symbol id="sm-1e5b">
         <name>_HOSTclose</name>
         <value>0x3b087</value>
         <object_component_ref idref="oc-241"/>
      </symbol>
      <symbol id="sm-1e6d">
         <name>C$$IO$$</name>
         <value>0x424ca</value>
         <object_component_ref idref="oc-249"/>
      </symbol>
      <symbol id="sm-1e6e">
         <name>__CIOBUF_</name>
         <value>0x40590</value>
         <object_component_ref idref="oc-248"/>
      </symbol>
      <symbol id="sm-1e6f">
         <name>_readmsg</name>
         <value>0x42e17</value>
         <object_component_ref idref="oc-246"/>
      </symbol>
      <symbol id="sm-1e70">
         <name>_writemsg</name>
         <value>0x42415</value>
         <object_component_ref idref="oc-249"/>
      </symbol>
      <symbol id="sm-1e7a">
         <name>__rd_ok</name>
         <value>0x42232</value>
         <object_component_ref idref="oc-24c"/>
      </symbol>
      <symbol id="sm-1e7b">
         <name>__wrt_ok</name>
         <value>0x421b2</value>
         <object_component_ref idref="oc-24c"/>
      </symbol>
      <symbol id="sm-1e85">
         <name>__doflush</name>
         <value>0x42353</value>
         <object_component_ref idref="oc-250"/>
      </symbol>
      <symbol id="sm-1e86">
         <name>_fflush</name>
         <value>0x423bc</value>
         <object_component_ref idref="oc-250"/>
      </symbol>
      <symbol id="sm-1e90">
         <name>_fseek</name>
         <value>0x42e84</value>
         <object_component_ref idref="oc-254"/>
      </symbol>
      <symbol id="sm-1e9a">
         <name>_setvbuf</name>
         <value>0x420cc</value>
         <object_component_ref idref="oc-258"/>
      </symbol>
      <symbol id="sm-1ea9">
         <name>__cleanup</name>
         <value>0x3f4f8</value>
         <object_component_ref idref="oc-25c"/>
      </symbol>
      <symbol id="sm-1eaa">
         <name>_fopen</name>
         <value>0x3f61b</value>
         <object_component_ref idref="oc-25c"/>
      </symbol>
      <symbol id="sm-1eab">
         <name>_freopen</name>
         <value>0x3f552</value>
         <object_component_ref idref="oc-25c"/>
      </symbol>
      <symbol id="sm-1ebb">
         <name>__sys_memory</name>
         <value>0x80f4</value>
         <object_component_ref idref="oc-266"/>
      </symbol>
      <symbol id="sm-1ebc">
         <name>_chkheap</name>
         <value>0x3c470</value>
         <object_component_ref idref="oc-262"/>
      </symbol>
      <symbol id="sm-1ebd">
         <name>_realloc</name>
         <value>0x3c20f</value>
         <object_component_ref idref="oc-262"/>
      </symbol>
      <symbol id="sm-1ebe">
         <name>_free_memory</name>
         <value>0x3c41a</value>
         <object_component_ref idref="oc-262"/>
      </symbol>
      <symbol id="sm-1ebf">
         <name>_max_free</name>
         <value>0x3c3c0</value>
         <object_component_ref idref="oc-262"/>
      </symbol>
      <symbol id="sm-1ec0">
         <name>_free</name>
         <value>0x3bfe9</value>
         <object_component_ref idref="oc-262"/>
      </symbol>
      <symbol id="sm-1ec1">
         <name>_calloc</name>
         <value>0x3c478</value>
         <object_component_ref idref="oc-262"/>
      </symbol>
      <symbol id="sm-1ec2">
         <name>_malloc</name>
         <value>0x3c11a</value>
         <object_component_ref idref="oc-262"/>
      </symbol>
      <symbol id="sm-1ec3">
         <name>_minit</name>
         <value>0x3c0b5</value>
         <object_component_ref idref="oc-262"/>
      </symbol>
      <symbol id="sm-1ecd">
         <name>_fclose</name>
         <value>0x42bd2</value>
         <object_component_ref idref="oc-269"/>
      </symbol>
      <symbol id="sm-1ed7">
         <name>_remove</name>
         <value>0x43448</value>
         <object_component_ref idref="oc-26d"/>
      </symbol>
   </symbol_table>
</link_info>
