******************************************************************************
              TMS320C55x Linker PC v4.3.8                      
******************************************************************************
>> Linked Fri Aug 05 13:57:13 2011

OUTPUT FILE NAME:   <led.out>
ENTRY POINT SYMBOL: "_c_int00"  address: 0002496e


MEMORY CONFIGURATION

         name            origin    length      used     unused   attr    fill
                        (bytes)   (bytes)    (bytes)   (bytes)
----------------------  --------  ---------  --------  --------  ----  --------
PAGE 0:
  MMR                   00000000   000000c0  00000000  000000c0  RWIX
  DARAM0                000000c0   0000ff40  00005892  0000a6ae  RWIX
  SARAM0                00010000   00010000  00000000  00010000  RWIX
  SARAM1                00020000   00020000  00004a92  0001b56e  RWIX
  SARAM2                00040000   0000fe00  00000330  0000fad0  RWIX
  VECS                  0004fe00   00000200  00000100  00000100  RWIX
  PDROM                 00ff8000   00008000  00000000  00008000  R IX

PAGE 2:
  IOPORT                00000000   00020000  00000000  00020000  RWI 


SECTION ALLOCATION MAP
(Addresses surrounded by []'s are displayed for convenience only!)

output                                                          attributes/
section   page  orgn(bytes) orgn(words) len(bytes) len(words)   input sections
--------  ----  ----------- ----------- ---------- ----------   --------------
.pinit       0   [ 00040000 ]  00020000          *   00000000   UNINITIALIZED

.stack       0   [ 000000c0 ]  00000060          *   00001000   UNINITIALIZED
                 [ 000000c0 ]  00000060          *   00001000   --HOLE--

.data        0   [ 000000c0 ]  00000060          *   00000000   UNINITIALIZED

.sysstack 
*            0   [ 000020c0 ]  00001060          *   00000800   UNINITIALIZED
                 [ 000020c0 ]  00001060          *   00000800   --HOLE--

.sysmem      0   [ 000030c0 ]  00001860          *   00001000   UNINITIALIZED
                 [ 000030c0 ]  00001860          *   00001000   --HOLE--

.bss         0   [ 000050c0 ]  00002860          *   0000026e   UNINITIALIZED
                 [ 000050c0 ]  00002860          *   00000119   rts55x.lib : defs.obj (.bss)
                 [ 000052f2 ]  00002979          *   000000d0              : trgdrv.obj (.bss)
                 [ 00005492 ]  00002a49          *   00000001   main.obj (.bss)
                 [ 00005494 ]  00002a4a          *   00000071   rts55x.lib : lowlev.obj (.bss)
                 [ 00005576 ]  00002abb          *   00000001              : fopen.obj (.bss)
                 [ 00005578 ]  00002abc          *   00000006              : memory.obj (.bss)
                 [ 00005584 ]  00002ac2          *   00000004   ezdsp5535bsl.lib : ezdsp5535_gpio.obj (.bss)
                 [ 0000558c ]  00002ac6          *   00000004   rts55x.lib : _lock.obj (.bss)
                 [ 00005594 ]  00002aca          *   00000004              : exit.obj (.bss)

.const.1     0   [ 0000559c ]  00002ace          *   00000101   
                 [ 0000559c ]  00002ace          *   00000101   rts55x.lib : ctype.obj (.const:__ctypes_)

.const.2     0   [ 000057a0 ]  00002bd0          *   0000005d   
                 [ 000057a0 ]  00002bd0          *   0000005d   main.obj (.const:.string)

.const.3     0   [ 0000585c ]  00002c2e          *   0000003f   
                 [ 0000585c ]  00002c2e          *   0000003f   led_test.obj (.const:.string)

.const.4     0   [ 000058dc ]  00002c6e          *   0000003e   
                 [ 000058dc ]  00002c6e          *   00000024   rts55x.lib : _printfi.obj (.const:.string)
                 [ 00005924 ]  00002c92          *   0000000c              : _printfi.obj (.const)
                 [ 0000593c ]  00002c9e          *   00000008              : divd.obj (.const:_initial_approx$1)
                 [ 0000594c ]  00002ca6          *   00000002              : fputs.obj (.const:.string)
                 [ 00005950 ]  00002ca8          *   00000002              : divd.obj (.const)
                 [ 00005954 ]  00002caa          *   00000002              : fltlid.obj (.const)

.text        0     00020000  [ 00010000 ] 00004a92          *   
                   00020000  [ 00010000 ] 00001598          *   rts55x.lib : _printfi.obj (.text)
                   00021598  [ 00010acc ] 0000068d          *   cslVC5505.lib : csl_gpio.obj (.text)
                   00021c25  [ 00010e12+] 00000543          *   rts55x.lib : lowlev.obj (.text)
                   00022168  [ 000110b4 ] 00000528          *              : trgdrv.obj (.text)
                   00022690  [ 00011348 ] 000004b5          *              : memory.obj (.text)
                   00022b45  [ 000115a2+] 0000036c          *              : divd.obj (.text)
                   00022eb1  [ 00011758+] 0000027f          *              : fopen.obj (.text)
                   00023130  [ 00011898 ] 0000025e          *              : llmpy.obj (.text)
                   0002338e  [ 000119c7 ] 00000259          *              : addd.obj (.text)
                   000235e7  [ 00011af3+] 000001ea          *              : cmpd.obj (.text)
                   000237d1  [ 00011be8+] 000001e7          *   ezdsp5535bsl.lib : ezdsp5535_led.obj (.text)
                   000239b8  [ 00011cdc ] 00000163          *   rts55x.lib : fputs.obj (.text)
                   00023b1b  [ 00011d8d+] 0000014c          *              : mpyd.obj (.text)
                   00023c67  [ 00011e33+] 000000e6          *              : setvbuf.obj (.text)
                   00023d4d  [ 00011ea6+] 000000dd          *              : _io_perm.obj (.text)
                   00023e2a  [ 00011f15 ] 000000c8          *              : frcmpyd_div.obj (.text)
                   00023ef2  [ 00011f79 ] 000000c2          *              : fflush.obj (.text)
                   00023fb4  [ 00011fda ] 000000ba          *              : trgmsg.obj (.text:CIO_breakpoint)
                   0002406e  [ 00012037 ] 000000a7          *   led_test.obj (.text)
                   00024115  [ 0001208a+] 000000a6          *   rts55x.lib : fputc.obj (.text)
                   000241bb  [ 000120dd+] 000000a1          *              : divul.obj (.text)
                   0002425c  [ 0001212e ] 00000087          *   ezdsp5535bsl.lib : ezdsp5535_gpio.obj (.text)
                   000242e3  [ 00012171+] 0000007d          *   rts55x.lib : ltoa.obj (.text)
                   00024360  [ 000121b0 ] 0000007b          *              : fclose.obj (.text)
                   000243db  [ 000121ed+] 00000076          *              : frcmpyd.obj (.text)
                   00024451  [ 00012228+] 00000072          *              : remul.obj (.text)
                   000244c3  [ 00012261+] 0000006f          *              : fixdli.obj (.text)
                   00024532  [ 00012299 ] 0000006d          *              : trgmsg.obj (.text)
                   0002459f  [ 000122cf+] 0000006b          *              : fseek.obj (.text)
                   0002460a  [ 00012305 ] 00000067          *              : fltlid.obj (.text)
                   00024671  [ 00012338+] 0000005c          *              : atoi.obj (.text)
                   000246cd  [ 00012366+] 00000055          *   main.obj (.text)
                   00024722  [ 00012391 ] 00000054          *   ezdsp5535bsl.lib : ezdsp5535.obj (.text)
                   00024776  [ 000123bb ] 00000050          *   rts55x.lib : printf.obj (.text)
                   000247c6  [ 000123e3 ] 0000004d          *              : autoinit.obj (.text)
                   00024813  [ 00012409+] 0000004b          *              : args_main.obj (.text)
                   0002485e  [ 0001242f ] 0000004b          *              : remli.obj (.text)
                   000248a9  [ 00012454+] 00000048          *              : divli.obj (.text)
                   000248f1  [ 00012478+] 0000003f          *              : memcpy.obj (.text)
                   00024930  [ 00012498 ] 0000003e          *              : exit.obj (.text)
                   0002496e  [ 000124b7 ] 00000034          *              : boot.obj (.text)
                   000249a2  [ 000124d1 ] 0000002a          *              : fixdi.obj (.text)
                   000249cc  [ 000124e6 ] 0000002a          *              : udiv.obj (.text)
                   000249f6  [ 000124fb ] 00000023          *              : memccpy.obj (.text)
                   00024a19  [ 0001250c+] 0000001c          *              : isinf.obj (.text)
                   00024a35  [ 0001251a+] 00000014          *              : subd.obj (.text)
                   00024a49  [ 00012524+] 00000013          *              : lmpy.obj (.text)
                   00024a5c  [ 0001252e ] 00000012          *              : _lock.obj (.text)
                   00024a6e  [ 00012537 ] 00000010          *              : negd.obj (.text)
                   00024a7e  [ 0001253f ] 0000000a          *              : remove.obj (.text)
                   00024a88  [ 00012544 ] 00000007          *              : exit.obj (.text:CIO_breakpoint)
                   00024a8f  [ 00012547+] 00000002          *              : vectors.obj (.text)
                   00024a91  [ 00012548 ] 00000001          *   --HOLE-- [fill = 20]

.cio         0   [ 00040000 ]  00020000          *   00000120   UNINITIALIZED
                 [ 00040000 ]  00020000          *   00000120   rts55x.lib : trgmsg.obj (.cio)

.cinit       0   [ 00040240 ]  00020120          *   00000078   
                 [ 00040240 ]  00020120          *   0000002d   rts55x.lib : lowlev.obj (.cinit)
                 [ 0004029a ]  0002014d          *   0000002a              : defs.obj (.cinit)
                 [ 000402ee ]  00020177          *   0000000a              : _lock.obj (.cinit)
                 [ 00040302 ]  00020181          *   0000000a              : exit.obj (.cinit)
                 [ 00040316 ]  0002018b          *   00000004   main.obj (.cinit)
                 [ 0004031e ]  0002018f          *   00000004   rts55x.lib : fopen.obj (.cinit)
                 [ 00040326 ]  00020193          *   00000004              : memory.obj (.cinit)
                 [ 0004032e ]  00020197          *   00000001   --HOLE-- [fill = 0]

vectors      0     0004fe00  [ 00027f00 ] 00000100          *   
                   0004fe00  [ 00027f00 ] 00000100          *   rts55x.lib : vectors.obj (vectors)


GLOBAL SYMBOLS: SORTED ALPHABETICALLY BY Name 

abs. value/
byte addr   word addr   name
---------   ---------   ----
00000002                $TI_capability$C5500$CallingConvention
00000002                $TI_capability$C5500$MemoryModel
00000001                $TI_capability_requires_rev3
ffffffff                .bss
ffffffff                .data
ffffffff                .text
00024a89                C$$EXIT
00024069                C$$IO$$
00024a49                I$$LMPY
000249cc                I$$UDIV
000249e1                I$$UMOD
000242c5                _EZDSP5535_GPIO_getInput
0002425c                _EZDSP5535_GPIO_init
00024287                _EZDSP5535_GPIO_setDirection
000242ab                _EZDSP5535_GPIO_setOutput
00023807                _EZDSP5535_LED_getall
000237d1                _EZDSP5535_LED_init
000238fc                _EZDSP5535_LED_off
000238c7                _EZDSP5535_LED_on
00023859                _EZDSP5535_LED_setall
0002392f                _EZDSP5535_LED_toggle
0002398a                _EZDSP5535_XF_get
0002397f                _EZDSP5535_XF_off
00023974                _EZDSP5535_XF_on
00023999                _EZDSP5535_XF_toggle
00024768                _EZDSP5535_init
00024722                _EZDSP5535_wait
00024756                _EZDSP5535_waitusec
00021a83                _GPIO_clearInt
000215dc                _GPIO_close
00021600                _GPIO_config
00021833                _GPIO_configBit
0002197b                _GPIO_disableInt
000219f9                _GPIO_enableInt
00021685                _GPIO_getConfig
00021598                _GPIO_open
0002170d                _GPIO_read
00021b96                _GPIO_reset
00021b0f                _GPIO_statusBit
00021790                _GPIO_write
            00002ac2    _GpioObj
00022632                _HOSTclock
000225c7                _HOSTclose
00022512                _HOSTlseek
00022473                _HOSTopen
000223e6                _HOSTread
00022338                _HOSTrename
000222da                _HOSTtime
00022270                _HOSTunlink
000221e3                _HOSTwrite
0004fe00                _Reset
000246cd                _StopTest
            00002a49    _TestFail
            00020000    __CIOBUF_
            00001060    __STACK_END
00002000                __STACK_SIZE
00002000                __SYSMEM_SIZE
00001000                __SYSSTACK_SIZE
ffffffff                ___binit__
ffffffff                ___bss__
ffffffff                ___c_args__
            00020120    ___cinit__
ffffffff                ___data__
ffffffff                ___edata__
ffffffff                ___end__
ffffffff                ___etext__
00024a19                ___isinf
ffffffff                ___pinit__
ffffffff                ___text__
0002338e                __addd
00024813                __args_main
00022fd2                __cleanup
            00002aca    __cleanup_ptr
00023779                __cmpd
            00002ace    __ctypes_
00022b67                __divd
000248a9                __divli
00023359                __divlli
000249cc                __divu
000241bb                __divul
00023265                __divull
00023ef2                __doflush
            00002acc    __dtors_ptr
00023745                __eqld
000249a2                __fixdi
000244c3                __fixdli
0002460a                __fltlid
000243db                __frcmpyd
00023e2a                __frcmpyd_div
            00002978    __ft_end
            00002860    __ftable
000236fb                __geqd
000236b0                __gtrd
00023663                __leqd
            00002ac6    __lock
0002361b                __lssd
00023b1b                __mpyd
00024a49                __mpyli
000231ad                __mpylli
00024a6e                __negd
000235e7                __neqd
00024a6c                __nop
00021356                __printfi
00023dcd                __rd_ok
00024a64                __register_lock
00024a5c                __register_unlock
0002485e                __remli
0002317e                __remlli
000249e1                __remu
00024451                __remul
00023130                __remull
            00000060    __stack
00024a35                __subd
            00001860    __sys_memory
            00001060    __sysstack
            000028d8    __tmpnams
            00002ac8    __unlock
00023d4d                __wrt_ok
00024a88                _abort
00022078                _add_device
00024671                _atoi
000247c6                _auto_init
0002496e                _c_int00
00022b1f                _calloc
00022b17                _chkheap
00022005                _close
00024930                _exit
00024360                _fclose
00023f5b                _fflush
00021ffc                _find_registered_device
000230f5                _fopen
00024115                _fputc
000239b8                _fputs
00022690                _free
00022ac1                _free_memory
0002302c                _freopen
0002459f                _fseek
00022168                _getenv
            00002ac4    _hGpio
0002406e                _led_test
00021f96                _lseek
000242e3                _ltoa
000246cf                _main
000227c1                _malloc
00022a67                _max_free
000249f6                _memccpy
000248f1                _memcpy
0002275c                _minit
00021ed7                _open
00024776                _printf
00024115                _putc
000241ac                _putchar
00023aed                _puts
00021e29                _read
00024532                _readmsg
000228b6                _realloc
00024a7e                _remove
00021df3                _remove_device
00021d9a                _rename
00023c67                _setvbuf
00021d67                _unlink
00021c25                _write
00023fb4                _writemsg
ffffffff                binit
            00020120    cinit
ffffffff                edata
ffffffff                end
ffffffff                etext
ffffffff                pinit


GLOBAL SYMBOLS: SORTED BY Symbol Address 

abs. value/
byte addr   word addr   name
---------   ---------   ----
00000001                $TI_capability_requires_rev3
00000002                $TI_capability$C5500$CallingConvention
00000002                $TI_capability$C5500$MemoryModel
            00000060    __stack
00001000                __SYSSTACK_SIZE
00002000                __STACK_SIZE
00002000                __SYSMEM_SIZE
            00001060    __STACK_END
            00001060    __sysstack
            00001860    __sys_memory
            00002860    __ftable
            000028d8    __tmpnams
            00002978    __ft_end
            00002a49    _TestFail
            00002ac2    _GpioObj
            00002ac4    _hGpio
            00002ac6    __lock
            00002ac8    __unlock
            00002aca    __cleanup_ptr
            00002acc    __dtors_ptr
            00002ace    __ctypes_
00021356                __printfi
00021598                _GPIO_open
000215dc                _GPIO_close
00021600                _GPIO_config
00021685                _GPIO_getConfig
0002170d                _GPIO_read
00021790                _GPIO_write
00021833                _GPIO_configBit
0002197b                _GPIO_disableInt
000219f9                _GPIO_enableInt
00021a83                _GPIO_clearInt
00021b0f                _GPIO_statusBit
00021b96                _GPIO_reset
00021c25                _write
00021d67                _unlink
00021d9a                _rename
00021df3                _remove_device
00021e29                _read
00021ed7                _open
00021f96                _lseek
00021ffc                _find_registered_device
00022005                _close
00022078                _add_device
00022168                _getenv
000221e3                _HOSTwrite
00022270                _HOSTunlink
000222da                _HOSTtime
00022338                _HOSTrename
000223e6                _HOSTread
00022473                _HOSTopen
00022512                _HOSTlseek
000225c7                _HOSTclose
00022632                _HOSTclock
00022690                _free
0002275c                _minit
000227c1                _malloc
000228b6                _realloc
00022a67                _max_free
00022ac1                _free_memory
00022b17                _chkheap
00022b1f                _calloc
00022b67                __divd
00022fd2                __cleanup
0002302c                _freopen
000230f5                _fopen
00023130                __remull
0002317e                __remlli
000231ad                __mpylli
00023265                __divull
00023359                __divlli
0002338e                __addd
000235e7                __neqd
0002361b                __lssd
00023663                __leqd
000236b0                __gtrd
000236fb                __geqd
00023745                __eqld
00023779                __cmpd
000237d1                _EZDSP5535_LED_init
00023807                _EZDSP5535_LED_getall
00023859                _EZDSP5535_LED_setall
000238c7                _EZDSP5535_LED_on
000238fc                _EZDSP5535_LED_off
0002392f                _EZDSP5535_LED_toggle
00023974                _EZDSP5535_XF_on
0002397f                _EZDSP5535_XF_off
0002398a                _EZDSP5535_XF_get
00023999                _EZDSP5535_XF_toggle
000239b8                _fputs
00023aed                _puts
00023b1b                __mpyd
00023c67                _setvbuf
00023d4d                __wrt_ok
00023dcd                __rd_ok
00023e2a                __frcmpyd_div
00023ef2                __doflush
00023f5b                _fflush
00023fb4                _writemsg
00024069                C$$IO$$
0002406e                _led_test
00024115                _fputc
00024115                _putc
000241ac                _putchar
000241bb                __divul
0002425c                _EZDSP5535_GPIO_init
00024287                _EZDSP5535_GPIO_setDirection
000242ab                _EZDSP5535_GPIO_setOutput
000242c5                _EZDSP5535_GPIO_getInput
000242e3                _ltoa
00024360                _fclose
000243db                __frcmpyd
00024451                __remul
000244c3                __fixdli
00024532                _readmsg
0002459f                _fseek
0002460a                __fltlid
00024671                _atoi
000246cd                _StopTest
000246cf                _main
00024722                _EZDSP5535_wait
00024756                _EZDSP5535_waitusec
00024768                _EZDSP5535_init
00024776                _printf
000247c6                _auto_init
00024813                __args_main
0002485e                __remli
000248a9                __divli
000248f1                _memcpy
00024930                _exit
0002496e                _c_int00
000249a2                __fixdi
000249cc                I$$UDIV
000249cc                __divu
000249e1                I$$UMOD
000249e1                __remu
000249f6                _memccpy
00024a19                ___isinf
00024a35                __subd
00024a49                I$$LMPY
00024a49                __mpyli
00024a5c                __register_unlock
00024a64                __register_lock
00024a6c                __nop
00024a6e                __negd
00024a7e                _remove
00024a88                _abort
00024a89                C$$EXIT
            00020000    __CIOBUF_
            00020120    ___cinit__
            00020120    cinit
0004fe00                _Reset
ffffffff                .bss
ffffffff                .data
ffffffff                .text
ffffffff                ___binit__
ffffffff                ___bss__
ffffffff                ___c_args__
ffffffff                ___data__
ffffffff                ___edata__
ffffffff                ___end__
ffffffff                ___etext__
ffffffff                ___pinit__
ffffffff                ___text__
ffffffff                binit
ffffffff                edata
ffffffff                end
ffffffff                etext
ffffffff                pinit

[169 symbols]
